<!DOCTYPE HTML PUBLIC "-//W3C//DTD HTML 4.01 Transitional//EN" "http://www.w3.org/TR/html4/loose.dtd">
<!--NewPage-->
<HTML>
<HEAD>
<!-- Generated by javadoc (build 1.5.0_01) on Sun Jul 03 07:12:38 ICT 2005 -->
<TITLE>
Uses of Class com.golden.gamedev.object.Background (GTGE API v0.2.3)
</TITLE>


<LINK REL ="stylesheet" TYPE="text/css" HREF="../../../../../stylesheet.css" TITLE="Style">

<SCRIPT type="text/javascript">
function windowTitle()
{
    parent.document.title="Uses of Class com.golden.gamedev.object.Background (GTGE API v0.2.3)";
}
</SCRIPT>
<NOSCRIPT>
</NOSCRIPT>

</HEAD>

<BODY BGCOLOR="white" onload="windowTitle();">


<!-- ========= START OF TOP NAVBAR ======= -->
<A NAME="navbar_top"><!-- --></A>
<A HREF="#skip-navbar_top" title="Skip navigation links"></A>
<TABLE BORDER="0" WIDTH="100%" CELLPADDING="1" CELLSPACING="0" SUMMARY="">
<TR>
<TD COLSPAN=2 BGCOLOR="#EEEEFF" CLASS="NavBarCell1">
<A NAME="navbar_top_firstrow"><!-- --></A>
<TABLE BORDER="0" CELLPADDING="0" CELLSPACING="3" SUMMARY="">
  <TR ALIGN="center" VALIGN="top">
  <TD BGCOLOR="#EEEEFF" CLASS="NavBarCell1">    <A HREF="../../../../../overview-summary.html"><FONT CLASS="NavBarFont1"><B>Overview</B></FONT></A>&nbsp;</TD>
  <TD BGCOLOR="#EEEEFF" CLASS="NavBarCell1">    <A HREF="../package-summary.html"><FONT CLASS="NavBarFont1"><B>Package</B></FONT></A>&nbsp;</TD>
  <TD BGCOLOR="#EEEEFF" CLASS="NavBarCell1">    <A HREF="../../../../../com/golden/gamedev/object/Background.html" title="class in com.golden.gamedev.object"><FONT CLASS="NavBarFont1"><B>Class</B></FONT></A>&nbsp;</TD>
  <TD BGCOLOR="#FFFFFF" CLASS="NavBarCell1Rev"> &nbsp;<FONT CLASS="NavBarFont1Rev"><B>Use</B></FONT>&nbsp;</TD>
  <TD BGCOLOR="#EEEEFF" CLASS="NavBarCell1">    <A HREF="../package-tree.html"><FONT CLASS="NavBarFont1"><B>Tree</B></FONT></A>&nbsp;</TD>
  <TD BGCOLOR="#EEEEFF" CLASS="NavBarCell1">    <A HREF="../../../../../index-all.html"><FONT CLASS="NavBarFont1"><B>Index</B></FONT></A>&nbsp;</TD>
  <TD BGCOLOR="#EEEEFF" CLASS="NavBarCell1">    <A HREF="../../../../../help-doc.html"><FONT CLASS="NavBarFont1"><B>Help</B></FONT></A>&nbsp;</TD>
  </TR>
</TABLE>
</TD>
<TD ALIGN="right" VALIGN="top" ROWSPAN=3><EM>
<b>GTGE API</b></EM>
</TD>
</TR>

<TR>
<TD BGCOLOR="white" CLASS="NavBarCell2"><FONT SIZE="-2">
&nbsp;PREV&nbsp;
&nbsp;NEXT</FONT></TD>
<TD BGCOLOR="white" CLASS="NavBarCell2"><FONT SIZE="-2">
  <A HREF="../../../../../index.html?com/golden/gamedev/object/\class-useBackground.html" target="_top"><B>FRAMES</B></A>  &nbsp;
&nbsp;<A HREF="Background.html" target="_top"><B>NO FRAMES</B></A>  &nbsp;
&nbsp;<SCRIPT type="text/javascript">
  <!--
  if(window==top) {
    document.writeln('<A HREF="../../../../../allclasses-noframe.html"><B>All Classes</B></A>');
  }
  //-->
</SCRIPT>
<NOSCRIPT>
  <A HREF="../../../../../allclasses-noframe.html"><B>All Classes</B></A>
</NOSCRIPT>


</FONT></TD>
</TR>
</TABLE>
<A NAME="skip-navbar_top"></A>
<!-- ========= END OF TOP NAVBAR ========= -->

<HR>
<CENTER>
<H2>
<B>Uses of Class<br>com.golden.gamedev.object.Background</B></H2>
</CENTER>

<TABLE BORDER="1" WIDTH="100%" CELLPADDING="3" CELLSPACING="0" SUMMARY="">
<TR BGCOLOR="#CCCCFF" CLASS="TableHeadingColor">
<TH ALIGN="left" COLSPAN="2"><FONT SIZE="+2">
Packages that use <A HREF="../../../../../com/golden/gamedev/object/Background.html" title="class in com.golden.gamedev.object">Background</A></FONT></TH>
</TR>
<TR BGCOLOR="white" CLASS="TableRowColor">
<TD><A HREF="#com.golden.gamedev.object"><B>com.golden.gamedev.object</B></A></TD>
<TD>This package is the heart of the game, containing objects visible in the game, such as sprite class, background class, etc.&nbsp;</TD>
</TR>
<TR BGCOLOR="white" CLASS="TableRowColor">
<TD><A HREF="#com.golden.gamedev.object.background"><B>com.golden.gamedev.object.background</B></A></TD>
<TD>Background implementation.&nbsp;</TD>
</TR>
<TR BGCOLOR="white" CLASS="TableRowColor">
<TD><A HREF="#com.golden.gamedev.object.background.abstraction"><B>com.golden.gamedev.object.background.abstraction</B></A></TD>
<TD>Advanced background abstraction, this package gives a flexible way to create advanced background specific to your game.&nbsp;</TD>
</TR>
<TR BGCOLOR="white" CLASS="TableRowColor">
<TD><A HREF="#com.golden.gamedev.object.collision"><B>com.golden.gamedev.object.collision</B></A></TD>
<TD>Collision implementation.&nbsp;</TD>
</TR>
</TABLE>
&nbsp;
<P>
<A NAME="com.golden.gamedev.object"><!-- --></A>
<TABLE BORDER="1" WIDTH="100%" CELLPADDING="3" CELLSPACING="0" SUMMARY="">
<TR BGCOLOR="#CCCCFF" CLASS="TableHeadingColor">
<TH ALIGN="left" COLSPAN="2"><FONT SIZE="+2">
Uses of <A HREF="../../../../../com/golden/gamedev/object/Background.html" title="class in com.golden.gamedev.object">Background</A> in <A HREF="../../../../../com/golden/gamedev/object/package-summary.html">com.golden.gamedev.object</A></FONT></TH>
</TR>
</TABLE>
&nbsp;
<P>

<TABLE BORDER="1" WIDTH="100%" CELLPADDING="3" CELLSPACING="0" SUMMARY="">
<TR BGCOLOR="#CCCCFF" CLASS="TableSubHeadingColor">
<TH ALIGN="left" COLSPAN="2">Methods in <A HREF="../../../../../com/golden/gamedev/object/package-summary.html">com.golden.gamedev.object</A> that return <A HREF="../../../../../com/golden/gamedev/object/Background.html" title="class in com.golden.gamedev.object">Background</A></FONT></TH>
</TR>
<TR BGCOLOR="white" CLASS="TableRowColor">
<TD ALIGN="right" VALIGN="top" WIDTH="1%"><FONT SIZE="-1">
<CODE>&nbsp;<A HREF="../../../../../com/golden/gamedev/object/Background.html" title="class in com.golden.gamedev.object">Background</A></CODE></FONT></TD>
<TD><CODE><B>Sprite.</B><B><A HREF="../../../../../com/golden/gamedev/object/Sprite.html#getBackground()">getBackground</A></B>()</CODE>

<BR>
&nbsp;&nbsp;&nbsp;&nbsp;&nbsp;&nbsp;&nbsp;&nbsp;&nbsp;&nbsp;Returns the background where this sprite lived.</TD>
</TR>
<TR BGCOLOR="white" CLASS="TableRowColor">
<TD ALIGN="right" VALIGN="top" WIDTH="1%"><FONT SIZE="-1">
<CODE>&nbsp;<A HREF="../../../../../com/golden/gamedev/object/Background.html" title="class in com.golden.gamedev.object">Background</A></CODE></FONT></TD>
<TD><CODE><B>PlayField.</B><B><A HREF="../../../../../com/golden/gamedev/object/PlayField.html#getBackground()">getBackground</A></B>()</CODE>

<BR>
&nbsp;&nbsp;&nbsp;&nbsp;&nbsp;&nbsp;&nbsp;&nbsp;&nbsp;&nbsp;Returns background associated with this playfield.</TD>
</TR>
<TR BGCOLOR="white" CLASS="TableRowColor">
<TD ALIGN="right" VALIGN="top" WIDTH="1%"><FONT SIZE="-1">
<CODE>&nbsp;<A HREF="../../../../../com/golden/gamedev/object/Background.html" title="class in com.golden.gamedev.object">Background</A></CODE></FONT></TD>
<TD><CODE><B>SpriteGroup.</B><B><A HREF="../../../../../com/golden/gamedev/object/SpriteGroup.html#getBackground()">getBackground</A></B>()</CODE>

<BR>
&nbsp;&nbsp;&nbsp;&nbsp;&nbsp;&nbsp;&nbsp;&nbsp;&nbsp;&nbsp;Returns the background of this group.</TD>
</TR>
<TR BGCOLOR="white" CLASS="TableRowColor">
<TD ALIGN="right" VALIGN="top" WIDTH="1%"><FONT SIZE="-1">
<CODE>static&nbsp;<A HREF="../../../../../com/golden/gamedev/object/Background.html" title="class in com.golden.gamedev.object">Background</A></CODE></FONT></TD>
<TD><CODE><B>Background.</B><B><A HREF="../../../../../com/golden/gamedev/object/Background.html#getDefaultBackground()">getDefaultBackground</A></B>()</CODE>

<BR>
&nbsp;&nbsp;&nbsp;&nbsp;&nbsp;&nbsp;&nbsp;&nbsp;&nbsp;&nbsp;Returns the default background used by every newly created sprite.</TD>
</TR>
</TABLE>
&nbsp;
<P>

<TABLE BORDER="1" WIDTH="100%" CELLPADDING="3" CELLSPACING="0" SUMMARY="">
<TR BGCOLOR="#CCCCFF" CLASS="TableSubHeadingColor">
<TH ALIGN="left" COLSPAN="2">Methods in <A HREF="../../../../../com/golden/gamedev/object/package-summary.html">com.golden.gamedev.object</A> with parameters of type <A HREF="../../../../../com/golden/gamedev/object/Background.html" title="class in com.golden.gamedev.object">Background</A></FONT></TH>
</TR>
<TR BGCOLOR="white" CLASS="TableRowColor">
<TD ALIGN="right" VALIGN="top" WIDTH="1%"><FONT SIZE="-1">
<CODE>&nbsp;void</CODE></FONT></TD>
<TD><CODE><B>AdvanceSpriteGroup.</B><B><A HREF="../../../../../com/golden/gamedev/object/AdvanceSpriteGroup.html#setBackground(com.golden.gamedev.object.Background)">setBackground</A></B>(<A HREF="../../../../../com/golden/gamedev/object/Background.html" title="class in com.golden.gamedev.object">Background</A>&nbsp;backgr)</CODE>

<BR>
&nbsp;&nbsp;&nbsp;&nbsp;&nbsp;&nbsp;&nbsp;&nbsp;&nbsp;&nbsp;&nbsp;</TD>
</TR>
<TR BGCOLOR="white" CLASS="TableRowColor">
<TD ALIGN="right" VALIGN="top" WIDTH="1%"><FONT SIZE="-1">
<CODE>&nbsp;void</CODE></FONT></TD>
<TD><CODE><B>Sprite.</B><B><A HREF="../../../../../com/golden/gamedev/object/Sprite.html#setBackground(com.golden.gamedev.object.Background)">setBackground</A></B>(<A HREF="../../../../../com/golden/gamedev/object/Background.html" title="class in com.golden.gamedev.object">Background</A>&nbsp;backgr)</CODE>

<BR>
&nbsp;&nbsp;&nbsp;&nbsp;&nbsp;&nbsp;&nbsp;&nbsp;&nbsp;&nbsp;Associates specified background with this sprite.</TD>
</TR>
<TR BGCOLOR="white" CLASS="TableRowColor">
<TD ALIGN="right" VALIGN="top" WIDTH="1%"><FONT SIZE="-1">
<CODE>&nbsp;void</CODE></FONT></TD>
<TD><CODE><B>PlayField.</B><B><A HREF="../../../../../com/golden/gamedev/object/PlayField.html#setBackground(com.golden.gamedev.object.Background)">setBackground</A></B>(<A HREF="../../../../../com/golden/gamedev/object/Background.html" title="class in com.golden.gamedev.object">Background</A>&nbsp;backgr)</CODE>

<BR>
&nbsp;&nbsp;&nbsp;&nbsp;&nbsp;&nbsp;&nbsp;&nbsp;&nbsp;&nbsp;Associates specified background to this playfield.</TD>
</TR>
<TR BGCOLOR="white" CLASS="TableRowColor">
<TD ALIGN="right" VALIGN="top" WIDTH="1%"><FONT SIZE="-1">
<CODE>&nbsp;void</CODE></FONT></TD>
<TD><CODE><B>SpriteGroup.</B><B><A HREF="../../../../../com/golden/gamedev/object/SpriteGroup.html#setBackground(com.golden.gamedev.object.Background)">setBackground</A></B>(<A HREF="../../../../../com/golden/gamedev/object/Background.html" title="class in com.golden.gamedev.object">Background</A>&nbsp;backgr)</CODE>

<BR>
&nbsp;&nbsp;&nbsp;&nbsp;&nbsp;&nbsp;&nbsp;&nbsp;&nbsp;&nbsp;Associates specified background with this sprite group, the background
 will be used by all sprites in this group.</TD>
</TR>
</TABLE>
&nbsp;
<P>

<TABLE BORDER="1" WIDTH="100%" CELLPADDING="3" CELLSPACING="0" SUMMARY="">
<TR BGCOLOR="#CCCCFF" CLASS="TableSubHeadingColor">
<TH ALIGN="left" COLSPAN="2">Constructors in <A HREF="../../../../../com/golden/gamedev/object/package-summary.html">com.golden.gamedev.object</A> with parameters of type <A HREF="../../../../../com/golden/gamedev/object/Background.html" title="class in com.golden.gamedev.object">Background</A></FONT></TH>
</TR>
<TR BGCOLOR="white" CLASS="TableRowColor">
<TD><CODE><B><A HREF="../../../../../com/golden/gamedev/object/PlayField.html#PlayField(com.golden.gamedev.object.Background)">PlayField</A></B>(<A HREF="../../../../../com/golden/gamedev/object/Background.html" title="class in com.golden.gamedev.object">Background</A>&nbsp;background)</CODE>

<BR>
&nbsp;&nbsp;&nbsp;&nbsp;&nbsp;&nbsp;&nbsp;&nbsp;&nbsp;&nbsp;Constructs new <code>PlayField</code> with specified background.</TD>
</TR>
</TABLE>
&nbsp;
<P>
<A NAME="com.golden.gamedev.object.background"><!-- --></A>
<TABLE BORDER="1" WIDTH="100%" CELLPADDING="3" CELLSPACING="0" SUMMARY="">
<TR BGCOLOR="#CCCCFF" CLASS="TableHeadingColor">
<TH ALIGN="left" COLSPAN="2"><FONT SIZE="+2">
Uses of <A HREF="../../../../../com/golden/gamedev/object/Background.html" title="class in com.golden.gamedev.object">Background</A> in <A HREF="../../../../../com/golden/gamedev/object/background/package-summary.html">com.golden.gamedev.object.background</A></FONT></TH>
</TR>
</TABLE>
&nbsp;
<P>

<TABLE BORDER="1" WIDTH="100%" CELLPADDING="3" CELLSPACING="0" SUMMARY="">
<TR BGCOLOR="#CCCCFF" CLASS="TableSubHeadingColor">
<TH ALIGN="left" COLSPAN="2">Subclasses of <A HREF="../../../../../com/golden/gamedev/object/Background.html" title="class in com.golden.gamedev.object">Background</A> in <A HREF="../../../../../com/golden/gamedev/object/background/package-summary.html">com.golden.gamedev.object.background</A></FONT></TH>
</TR>
<TR BGCOLOR="white" CLASS="TableRowColor">
<TD ALIGN="right" VALIGN="top" WIDTH="1%"><FONT SIZE="-1">
<CODE>&nbsp;class</CODE></FONT></TD>
<TD><CODE><B><A HREF="../../../../../com/golden/gamedev/object/background/ColorBackground.html" title="class in com.golden.gamedev.object.background">ColorBackground</A></B></CODE>

<BR>
&nbsp;&nbsp;&nbsp;&nbsp;&nbsp;&nbsp;&nbsp;&nbsp;&nbsp;&nbsp;The very basic background type that only fill the background view port with a
 single color.</TD>
</TR>
<TR BGCOLOR="white" CLASS="TableRowColor">
<TD ALIGN="right" VALIGN="top" WIDTH="1%"><FONT SIZE="-1">
<CODE>&nbsp;class</CODE></FONT></TD>
<TD><CODE><B><A HREF="../../../../../com/golden/gamedev/object/background/ImageBackground.html" title="class in com.golden.gamedev.object.background">ImageBackground</A></B></CODE>

<BR>
&nbsp;&nbsp;&nbsp;&nbsp;&nbsp;&nbsp;&nbsp;&nbsp;&nbsp;&nbsp;Background that use a single image as the background.</TD>
</TR>
<TR BGCOLOR="white" CLASS="TableRowColor">
<TD ALIGN="right" VALIGN="top" WIDTH="1%"><FONT SIZE="-1">
<CODE>&nbsp;class</CODE></FONT></TD>
<TD><CODE><B><A HREF="../../../../../com/golden/gamedev/object/background/IsometricBackground.html" title="class in com.golden.gamedev.object.background">IsometricBackground</A></B></CODE>

<BR>
&nbsp;&nbsp;&nbsp;&nbsp;&nbsp;&nbsp;&nbsp;&nbsp;&nbsp;&nbsp;The basic isometric background, creates a one layer isometric background.</TD>
</TR>
<TR BGCOLOR="white" CLASS="TableRowColor">
<TD ALIGN="right" VALIGN="top" WIDTH="1%"><FONT SIZE="-1">
<CODE>&nbsp;class</CODE></FONT></TD>
<TD><CODE><B><A HREF="../../../../../com/golden/gamedev/object/background/ParallaxBackground.html" title="class in com.golden.gamedev.object.background">ParallaxBackground</A></B></CODE>

<BR>
&nbsp;&nbsp;&nbsp;&nbsp;&nbsp;&nbsp;&nbsp;&nbsp;&nbsp;&nbsp;<code>ParallaxBackground</code> class is a background composed by several
 backgrounds.</TD>
</TR>
<TR BGCOLOR="white" CLASS="TableRowColor">
<TD ALIGN="right" VALIGN="top" WIDTH="1%"><FONT SIZE="-1">
<CODE>&nbsp;class</CODE></FONT></TD>
<TD><CODE><B><A HREF="../../../../../com/golden/gamedev/object/background/TileBackground.html" title="class in com.golden.gamedev.object.background">TileBackground</A></B></CODE>

<BR>
&nbsp;&nbsp;&nbsp;&nbsp;&nbsp;&nbsp;&nbsp;&nbsp;&nbsp;&nbsp;The basic tiling background, creates a one layer background tile.</TD>
</TR>
</TABLE>
&nbsp;
<P>

<TABLE BORDER="1" WIDTH="100%" CELLPADDING="3" CELLSPACING="0" SUMMARY="">
<TR BGCOLOR="#CCCCFF" CLASS="TableSubHeadingColor">
<TH ALIGN="left" COLSPAN="2">Methods in <A HREF="../../../../../com/golden/gamedev/object/background/package-summary.html">com.golden.gamedev.object.background</A> that return <A HREF="../../../../../com/golden/gamedev/object/Background.html" title="class in com.golden.gamedev.object">Background</A></FONT></TH>
</TR>
<TR BGCOLOR="white" CLASS="TableRowColor">
<TD ALIGN="right" VALIGN="top" WIDTH="1%"><FONT SIZE="-1">
<CODE>&nbsp;<A HREF="../../../../../com/golden/gamedev/object/Background.html" title="class in com.golden.gamedev.object">Background</A>[]</CODE></FONT></TD>
<TD><CODE><B>ParallaxBackground.</B><B><A HREF="../../../../../com/golden/gamedev/object/background/ParallaxBackground.html#getParallaxBackground()">getParallaxBackground</A></B>()</CODE>

<BR>
&nbsp;&nbsp;&nbsp;&nbsp;&nbsp;&nbsp;&nbsp;&nbsp;&nbsp;&nbsp;Returns the stacked parallax backgrounds.</TD>
</TR>
</TABLE>
&nbsp;
<P>

<TABLE BORDER="1" WIDTH="100%" CELLPADDING="3" CELLSPACING="0" SUMMARY="">
<TR BGCOLOR="#CCCCFF" CLASS="TableSubHeadingColor">
<TH ALIGN="left" COLSPAN="2">Methods in <A HREF="../../../../../com/golden/gamedev/object/background/package-summary.html">com.golden.gamedev.object.background</A> with parameters of type <A HREF="../../../../../com/golden/gamedev/object/Background.html" title="class in com.golden.gamedev.object">Background</A></FONT></TH>
</TR>
<TR BGCOLOR="white" CLASS="TableRowColor">
<TD ALIGN="right" VALIGN="top" WIDTH="1%"><FONT SIZE="-1">
<CODE>&nbsp;void</CODE></FONT></TD>
<TD><CODE><B>ParallaxBackground.</B><B><A HREF="../../../../../com/golden/gamedev/object/background/ParallaxBackground.html#setParallaxBackground(com.golden.gamedev.object.Background[])">setParallaxBackground</A></B>(<A HREF="../../../../../com/golden/gamedev/object/Background.html" title="class in com.golden.gamedev.object">Background</A>[]&nbsp;stack)</CODE>

<BR>
&nbsp;&nbsp;&nbsp;&nbsp;&nbsp;&nbsp;&nbsp;&nbsp;&nbsp;&nbsp;Sets parallax background stacked backgrounds.</TD>
</TR>
</TABLE>
&nbsp;
<P>

<TABLE BORDER="1" WIDTH="100%" CELLPADDING="3" CELLSPACING="0" SUMMARY="">
<TR BGCOLOR="#CCCCFF" CLASS="TableSubHeadingColor">
<TH ALIGN="left" COLSPAN="2">Constructors in <A HREF="../../../../../com/golden/gamedev/object/background/package-summary.html">com.golden.gamedev.object.background</A> with parameters of type <A HREF="../../../../../com/golden/gamedev/object/Background.html" title="class in com.golden.gamedev.object">Background</A></FONT></TH>
</TR>
<TR BGCOLOR="white" CLASS="TableRowColor">
<TD><CODE><B><A HREF="../../../../../com/golden/gamedev/object/background/ParallaxBackground.html#ParallaxBackground(com.golden.gamedev.object.Background[])">ParallaxBackground</A></B>(<A HREF="../../../../../com/golden/gamedev/object/Background.html" title="class in com.golden.gamedev.object">Background</A>[]&nbsp;stack)</CODE>

<BR>
&nbsp;&nbsp;&nbsp;&nbsp;&nbsp;&nbsp;&nbsp;&nbsp;&nbsp;&nbsp;Creates new <code>ParallaxBackground</code>.</TD>
</TR>
</TABLE>
&nbsp;
<P>
<A NAME="com.golden.gamedev.object.background.abstraction"><!-- --></A>
<TABLE BORDER="1" WIDTH="100%" CELLPADDING="3" CELLSPACING="0" SUMMARY="">
<TR BGCOLOR="#CCCCFF" CLASS="TableHeadingColor">
<TH ALIGN="left" COLSPAN="2"><FONT SIZE="+2">
Uses of <A HREF="../../../../../com/golden/gamedev/object/Background.html" title="class in com.golden.gamedev.object">Background</A> in <A HREF="../../../../../com/golden/gamedev/object/background/abstraction/package-summary.html">com.golden.gamedev.object.background.abstraction</A></FONT></TH>
</TR>
</TABLE>
&nbsp;
<P>

<TABLE BORDER="1" WIDTH="100%" CELLPADDING="3" CELLSPACING="0" SUMMARY="">
<TR BGCOLOR="#CCCCFF" CLASS="TableSubHeadingColor">
<TH ALIGN="left" COLSPAN="2">Subclasses of <A HREF="../../../../../com/golden/gamedev/object/Background.html" title="class in com.golden.gamedev.object">Background</A> in <A HREF="../../../../../com/golden/gamedev/object/background/abstraction/package-summary.html">com.golden.gamedev.object.background.abstraction</A></FONT></TH>
</TR>
<TR BGCOLOR="white" CLASS="TableRowColor">
<TD ALIGN="right" VALIGN="top" WIDTH="1%"><FONT SIZE="-1">
<CODE>&nbsp;class</CODE></FONT></TD>
<TD><CODE><B><A HREF="../../../../../com/golden/gamedev/object/background/abstraction/AbstractIsometricBackground.html" title="class in com.golden.gamedev.object.background.abstraction">AbstractIsometricBackground</A></B></CODE>

<BR>
&nbsp;&nbsp;&nbsp;&nbsp;&nbsp;&nbsp;&nbsp;&nbsp;&nbsp;&nbsp;The base abstract class to create isometric background, the subclass need to
 perform the background tile rendering.</TD>
</TR>
<TR BGCOLOR="white" CLASS="TableRowColor">
<TD ALIGN="right" VALIGN="top" WIDTH="1%"><FONT SIZE="-1">
<CODE>&nbsp;class</CODE></FONT></TD>
<TD><CODE><B><A HREF="../../../../../com/golden/gamedev/object/background/abstraction/AbstractTileBackground.html" title="class in com.golden.gamedev.object.background.abstraction">AbstractTileBackground</A></B></CODE>

<BR>
&nbsp;&nbsp;&nbsp;&nbsp;&nbsp;&nbsp;&nbsp;&nbsp;&nbsp;&nbsp;The base abstract class to create tiling background, the subclass need to
 perform the background tile rendering.</TD>
</TR>
</TABLE>
&nbsp;
<P>
<A NAME="com.golden.gamedev.object.collision"><!-- --></A>
<TABLE BORDER="1" WIDTH="100%" CELLPADDING="3" CELLSPACING="0" SUMMARY="">
<TR BGCOLOR="#CCCCFF" CLASS="TableHeadingColor">
<TH ALIGN="left" COLSPAN="2"><FONT SIZE="+2">
Uses of <A HREF="../../../../../com/golden/gamedev/object/Background.html" title="class in com.golden.gamedev.object">Background</A> in <A HREF="../../../../../com/golden/gamedev/object/collision/package-summary.html">com.golden.gamedev.object.collision</A></FONT></TH>
</TR>
</TABLE>
&nbsp;
<P>

<TABLE BORDER="1" WIDTH="100%" CELLPADDING="3" CELLSPACING="0" SUMMARY="">
<TR BGCOLOR="#CCCCFF" CLASS="TableSubHeadingColor">
<TH ALIGN="left" COLSPAN="2">Constructors in <A HREF="../../../../../com/golden/gamedev/object/collision/package-summary.html">com.golden.gamedev.object.collision</A> with parameters of type <A HREF="../../../../../com/golden/gamedev/object/Background.html" title="class in com.golden.gamedev.object">Background</A></FONT></TH>
</TR>
<TR BGCOLOR="white" CLASS="TableRowColor">
<TD><CODE><B><A HREF="../../../../../com/golden/gamedev/object/collision/CollisionBounds.html#CollisionBounds(com.golden.gamedev.object.Background)">CollisionBounds</A></B>(<A HREF="../../../../../com/golden/gamedev/object/Background.html" title="class in com.golden.gamedev.object">Background</A>&nbsp;backgr)</CODE>

<BR>
&nbsp;&nbsp;&nbsp;&nbsp;&nbsp;&nbsp;&nbsp;&nbsp;&nbsp;&nbsp;Creates new <code>CollisionBounds</code> with specified background
 as the boundary.</TD>
</TR>
</TABLE>
&nbsp;
<P>
<HR>


<!-- ======= START OF BOTTOM NAVBAR ====== -->
<A NAME="navbar_bottom"><!-- --></A>
<A HREF="#skip-navbar_bottom" title="Skip navigation links"></A>
<TABLE BORDER="0" WIDTH="100%" CELLPADDING="1" CELLSPACING="0" SUMMARY="">
<TR>
<TD COLSPAN=2 BGCOLOR="#EEEEFF" CLASS="NavBarCell1">
<A NAME="navbar_bottom_firstrow"><!-- --></A>
<TABLE BORDER="0" CELLPADDING="0" CELLSPACING="3" SUMMARY="">
  <TR ALIGN="center" VALIGN="top">
  <TD BGCOLOR="#EEEEFF" CLASS="NavBarCell1">    <A HREF="../../../../../overview-summary.html"><FONT CLASS="NavBarFont1"><B>Overview</B></FONT></A>&nbsp;</TD>
  <TD BGCOLOR="#EEEEFF" CLASS="NavBarCell1">    <A HREF="../package-summary.html"><FONT CLASS="NavBarFont1"><B>Package</B></FONT></A>&nbsp;</TD>
  <TD BGCOLOR="#EEEEFF" CLASS="NavBarCell1">    <A HREF="../../../../../com/golden/gamedev/object/Background.html" title="class in com.golden.gamedev.object"><FONT CLASS="NavBarFont1"><B>Class</B></FONT></A>&nbsp;</TD>
  <TD BGCOLOR="#FFFFFF" CLASS="NavBarCell1Rev"> &nbsp;<FONT CLASS="NavBarFont1Rev"><B>Use</B></FONT>&nbsp;</TD>
  <TD BGCOLOR="#EEEEFF" CLASS="NavBarCell1">    <A HREF="../package-tree.html"><FONT CLASS="NavBarFont1"><B>Tree</B></FONT></A>&nbsp;</TD>
  <TD BGCOLOR="#EEEEFF" CLASS="NavBarCell1">    <A HREF="../../../../../index-all.html"><FONT CLASS="NavBarFont1"><B>Index</B></FONT></A>&nbsp;</TD>
  <TD BGCOLOR="#EEEEFF" CLASS="NavBarCell1">    <A HREF="../../../../../help-doc.html"><FONT CLASS="NavBarFont1"><B>Help</B></FONT></A>&nbsp;</TD>
  </TR>
</TABLE>
</TD>
<TD ALIGN="right" VALIGN="top" ROWSPAN=3><EM>
<b>GTGE API</b></EM>
</TD>
</TR>

<TR>
<TD BGCOLOR="white" CLASS="NavBarCell2"><FONT SIZE="-2">
&nbsp;PREV&nbsp;
&nbsp;NEXT</FONT></TD>
<TD BGCOLOR="white" CLASS="NavBarCell2"><FONT SIZE="-2">
  <A HREF="../../../../../index.html?com/golden/gamedev/object/\class-useBackground.html" target="_top"><B>FRAMES</B></A>  &nbsp;
&nbsp;<A HREF="Background.html" target="_top"><B>NO FRAMES</B></A>  &nbsp;
&nbsp;<SCRIPT type="text/javascript">
  <!--
  if(window==top) {
    document.writeln('<A HREF="../../../../../allclasses-noframe.html"><B>All Classes</B></A>');
  }
  //-->
</SCRIPT>
<NOSCRIPT>
  <A HREF="../../../../../allclasses-noframe.html"><B>All Classes</B></A>
</NOSCRIPT>


</FONT></TD>
</TR>
</TABLE>
<A NAME="skip-navbar_bottom"></A>
<!-- ======== END OF BOTTOM NAVBAR ======= -->

<HR>
<i>Copyright &copy; 2003-2005 Golden T Studios. All rights reserved. Use is subject to <a href=http://creativecommons.org/licenses/by/2.0/>license terms<a/>.<br><a target=_blank href=http://www.goldenstudios.or.id/>GoldenStudios.or.id</a></i>
</BODY>
</HTML>
