<!DOCTYPE HTML PUBLIC "-//W3C//DTD HTML 4.01 Transitional//EN" "http://www.w3.org/TR/html4/loose.dtd">
<!--NewPage-->
<HTML>
<HEAD>
<!-- Generated by javadoc (build 1.5.0_01) on Sun Jul 03 07:12:31 ICT 2005 -->
<TITLE>
ColorBackground (GTGE API v0.2.3)
</TITLE>

<META NAME="keywords" CONTENT="com.golden.gamedev.object.background.ColorBackground class">

<LINK REL ="stylesheet" TYPE="text/css" HREF="../../../../../stylesheet.css" TITLE="Style">

<SCRIPT type="text/javascript">
function windowTitle()
{
    parent.document.title="ColorBackground (GTGE API v0.2.3)";
}
</SCRIPT>
<NOSCRIPT>
</NOSCRIPT>

</HEAD>

<BODY BGCOLOR="white" onload="windowTitle();">


<!-- ========= START OF TOP NAVBAR ======= -->
<A NAME="navbar_top"><!-- --></A>
<A HREF="#skip-navbar_top" title="Skip navigation links"></A>
<TABLE BORDER="0" WIDTH="100%" CELLPADDING="1" CELLSPACING="0" SUMMARY="">
<TR>
<TD COLSPAN=2 BGCOLOR="#EEEEFF" CLASS="NavBarCell1">
<A NAME="navbar_top_firstrow"><!-- --></A>
<TABLE BORDER="0" CELLPADDING="0" CELLSPACING="3" SUMMARY="">
  <TR ALIGN="center" VALIGN="top">
  <TD BGCOLOR="#EEEEFF" CLASS="NavBarCell1">    <A HREF="../../../../../overview-summary.html"><FONT CLASS="NavBarFont1"><B>Overview</B></FONT></A>&nbsp;</TD>
  <TD BGCOLOR="#EEEEFF" CLASS="NavBarCell1">    <A HREF="package-summary.html"><FONT CLASS="NavBarFont1"><B>Package</B></FONT></A>&nbsp;</TD>
  <TD BGCOLOR="#FFFFFF" CLASS="NavBarCell1Rev"> &nbsp;<FONT CLASS="NavBarFont1Rev"><B>Class</B></FONT>&nbsp;</TD>
  <TD BGCOLOR="#EEEEFF" CLASS="NavBarCell1">    <A HREF="class-use/ColorBackground.html"><FONT CLASS="NavBarFont1"><B>Use</B></FONT></A>&nbsp;</TD>
  <TD BGCOLOR="#EEEEFF" CLASS="NavBarCell1">    <A HREF="package-tree.html"><FONT CLASS="NavBarFont1"><B>Tree</B></FONT></A>&nbsp;</TD>
  <TD BGCOLOR="#EEEEFF" CLASS="NavBarCell1">    <A HREF="../../../../../index-all.html"><FONT CLASS="NavBarFont1"><B>Index</B></FONT></A>&nbsp;</TD>
  <TD BGCOLOR="#EEEEFF" CLASS="NavBarCell1">    <A HREF="../../../../../help-doc.html"><FONT CLASS="NavBarFont1"><B>Help</B></FONT></A>&nbsp;</TD>
  </TR>
</TABLE>
</TD>
<TD ALIGN="right" VALIGN="top" ROWSPAN=3><EM>
<b>GTGE API</b></EM>
</TD>
</TR>

<TR>
<TD BGCOLOR="white" CLASS="NavBarCell2"><FONT SIZE="-2">
&nbsp;PREV CLASS&nbsp;
&nbsp;<A HREF="../../../../../com/golden/gamedev/object/background/ImageBackground.html" title="class in com.golden.gamedev.object.background"><B>NEXT CLASS</B></A></FONT></TD>
<TD BGCOLOR="white" CLASS="NavBarCell2"><FONT SIZE="-2">
  <A HREF="../../../../../index.html?com/golden/gamedev/object/background/ColorBackground.html" target="_top"><B>FRAMES</B></A>  &nbsp;
&nbsp;<A HREF="ColorBackground.html" target="_top"><B>NO FRAMES</B></A>  &nbsp;
&nbsp;<SCRIPT type="text/javascript">
  <!--
  if(window==top) {
    document.writeln('<A HREF="../../../../../allclasses-noframe.html"><B>All Classes</B></A>');
  }
  //-->
</SCRIPT>
<NOSCRIPT>
  <A HREF="../../../../../allclasses-noframe.html"><B>All Classes</B></A>
</NOSCRIPT>


</FONT></TD>
</TR>
<TR>
<TD VALIGN="top" CLASS="NavBarCell3"><FONT SIZE="-2">
  SUMMARY:&nbsp;NESTED&nbsp;|&nbsp;<A HREF="#fields_inherited_from_class_com.golden.gamedev.object.Background">FIELD</A>&nbsp;|&nbsp;<A HREF="#constructor_summary">CONSTR</A>&nbsp;|&nbsp;<A HREF="#method_summary">METHOD</A></FONT></TD>
<TD VALIGN="top" CLASS="NavBarCell3"><FONT SIZE="-2">
DETAIL:&nbsp;FIELD&nbsp;|&nbsp;<A HREF="#constructor_detail">CONSTR</A>&nbsp;|&nbsp;<A HREF="#method_detail">METHOD</A></FONT></TD>
</TR>
</TABLE>
<A NAME="skip-navbar_top"></A>
<!-- ========= END OF TOP NAVBAR ========= -->

<HR>
<!-- ======== START OF CLASS DATA ======== -->
<H2>
<FONT SIZE="-1">
com.golden.gamedev.object.background</FONT>
<BR>
Class ColorBackground</H2>
<PRE>
<A HREF="http://java.sun.com/j2se/1.4/docs/api/java/lang/Object.html" title="class or interface in java.lang">java.lang.Object</A>
  <IMG SRC="../../../../../resources/inherit.gif" ALT="extended by "><A HREF="../../../../../com/golden/gamedev/object/Background.html" title="class in com.golden.gamedev.object">com.golden.gamedev.object.Background</A>
      <IMG SRC="../../../../../resources/inherit.gif" ALT="extended by "><B>com.golden.gamedev.object.background.ColorBackground</B>
</PRE>
<DL>
<DT><B>All Implemented Interfaces:</B> <DD><A HREF="http://java.sun.com/j2se/1.4/docs/api/java/io/Serializable.html" title="class or interface in java.io">Serializable</A></DD>
</DL>
<HR>
<DL>
<DT><PRE>public class <B>ColorBackground</B><DT>extends <A HREF="../../../../../com/golden/gamedev/object/Background.html" title="class in com.golden.gamedev.object">Background</A></DL>
</PRE>

<P>
The very basic background type that only fill the background view port with a
 single color. <p>

 This type of background use a fixed memory size. Memory used by small size
 color background (e.g: 1 x 1) with an extremely large size color background
 (e.g: 100,000,000 x 100,000,000) is equal.
<P>

<P>
<DL>
<DT><B>See Also:</B><DD><A HREF="../../../../../serialized-form.html#com.golden.gamedev.object.background.ColorBackground">Serialized Form</A></DL>
<HR>

<P>
<!-- =========== FIELD SUMMARY =========== -->

<A NAME="field_summary"><!-- --></A>
<TABLE BORDER="1" WIDTH="100%" CELLPADDING="3" CELLSPACING="0" SUMMARY="">
<TR BGCOLOR="#CCCCFF" CLASS="TableHeadingColor">
<TH ALIGN="left" COLSPAN="2"><FONT SIZE="+2">
<B>Field Summary</B></FONT></TH>
</TR>
</TABLE>
&nbsp;<A NAME="fields_inherited_from_class_com.golden.gamedev.object.Background"><!-- --></A>
<TABLE BORDER="1" WIDTH="100%" CELLPADDING="3" CELLSPACING="0" SUMMARY="">
<TR BGCOLOR="#EEEEFF" CLASS="TableSubHeadingColor">
<TH ALIGN="left"><B>Fields inherited from class com.golden.gamedev.object.<A HREF="../../../../../com/golden/gamedev/object/Background.html" title="class in com.golden.gamedev.object">Background</A></B></TH>
</TR>
<TR BGCOLOR="white" CLASS="TableRowColor">
<TD><CODE><A HREF="../../../../../com/golden/gamedev/object/Background.html#screen">screen</A>, <A HREF="../../../../../com/golden/gamedev/object/Background.html#x">x</A>, <A HREF="../../../../../com/golden/gamedev/object/Background.html#y">y</A></CODE></TD>
</TR>
</TABLE>
&nbsp;
<!-- ======== CONSTRUCTOR SUMMARY ======== -->

<A NAME="constructor_summary"><!-- --></A>
<TABLE BORDER="1" WIDTH="100%" CELLPADDING="3" CELLSPACING="0" SUMMARY="">
<TR BGCOLOR="#CCCCFF" CLASS="TableHeadingColor">
<TH ALIGN="left" COLSPAN="2"><FONT SIZE="+2">
<B>Constructor Summary</B></FONT></TH>
</TR>
<TR BGCOLOR="white" CLASS="TableRowColor">
<TD><CODE><B><A HREF="../../../../../com/golden/gamedev/object/background/ColorBackground.html#ColorBackground(java.awt.Color)">ColorBackground</A></B>(<A HREF="http://java.sun.com/j2se/1.4/docs/api/java/awt/Color.html" title="class or interface in java.awt">Color</A>&nbsp;bgColor)</CODE>

<BR>
&nbsp;&nbsp;&nbsp;&nbsp;&nbsp;&nbsp;&nbsp;&nbsp;&nbsp;&nbsp;Creates new <code>ColorBackground</code> as large as screen dimension.</TD>
</TR>
<TR BGCOLOR="white" CLASS="TableRowColor">
<TD><CODE><B><A HREF="../../../../../com/golden/gamedev/object/background/ColorBackground.html#ColorBackground(java.awt.Color, int, int)">ColorBackground</A></B>(<A HREF="http://java.sun.com/j2se/1.4/docs/api/java/awt/Color.html" title="class or interface in java.awt">Color</A>&nbsp;bgColor,
                int&nbsp;w,
                int&nbsp;h)</CODE>

<BR>
&nbsp;&nbsp;&nbsp;&nbsp;&nbsp;&nbsp;&nbsp;&nbsp;&nbsp;&nbsp;Creates new <code>ColorBackground</code> with specified size.</TD>
</TR>
</TABLE>
&nbsp;
<!-- ========== METHOD SUMMARY =========== -->

<A NAME="method_summary"><!-- --></A>
<TABLE BORDER="1" WIDTH="100%" CELLPADDING="3" CELLSPACING="0" SUMMARY="">
<TR BGCOLOR="#CCCCFF" CLASS="TableHeadingColor">
<TH ALIGN="left" COLSPAN="2"><FONT SIZE="+2">
<B>Method Summary</B></FONT></TH>
</TR>
<TR BGCOLOR="white" CLASS="TableRowColor">
<TD ALIGN="right" VALIGN="top" WIDTH="1%"><FONT SIZE="-1">
<CODE>&nbsp;<A HREF="http://java.sun.com/j2se/1.4/docs/api/java/awt/Color.html" title="class or interface in java.awt">Color</A></CODE></FONT></TD>
<TD><CODE><B><A HREF="../../../../../com/golden/gamedev/object/background/ColorBackground.html#getColor()">getColor</A></B>()</CODE>

<BR>
&nbsp;&nbsp;&nbsp;&nbsp;&nbsp;&nbsp;&nbsp;&nbsp;&nbsp;&nbsp;Returns this background color.</TD>
</TR>
<TR BGCOLOR="white" CLASS="TableRowColor">
<TD ALIGN="right" VALIGN="top" WIDTH="1%"><FONT SIZE="-1">
<CODE>&nbsp;void</CODE></FONT></TD>
<TD><CODE><B><A HREF="../../../../../com/golden/gamedev/object/background/ColorBackground.html#render(java.awt.Graphics2D, int, int, int, int, int, int)">render</A></B>(<A HREF="http://java.sun.com/j2se/1.4/docs/api/java/awt/Graphics2D.html" title="class or interface in java.awt">Graphics2D</A>&nbsp;g,
       int&nbsp;xbg,
       int&nbsp;ybg,
       int&nbsp;x,
       int&nbsp;y,
       int&nbsp;w,
       int&nbsp;h)</CODE>

<BR>
&nbsp;&nbsp;&nbsp;&nbsp;&nbsp;&nbsp;&nbsp;&nbsp;&nbsp;&nbsp;Renders background from specified position and clipping area to specified
 graphics context.</TD>
</TR>
<TR BGCOLOR="white" CLASS="TableRowColor">
<TD ALIGN="right" VALIGN="top" WIDTH="1%"><FONT SIZE="-1">
<CODE>&nbsp;void</CODE></FONT></TD>
<TD><CODE><B><A HREF="../../../../../com/golden/gamedev/object/background/ColorBackground.html#setColor(java.awt.Color)">setColor</A></B>(<A HREF="http://java.sun.com/j2se/1.4/docs/api/java/awt/Color.html" title="class or interface in java.awt">Color</A>&nbsp;bgColor)</CODE>

<BR>
&nbsp;&nbsp;&nbsp;&nbsp;&nbsp;&nbsp;&nbsp;&nbsp;&nbsp;&nbsp;Sets the background color.</TD>
</TR>
</TABLE>
&nbsp;<A NAME="methods_inherited_from_class_com.golden.gamedev.object.Background"><!-- --></A>
<TABLE BORDER="1" WIDTH="100%" CELLPADDING="3" CELLSPACING="0" SUMMARY="">
<TR BGCOLOR="#EEEEFF" CLASS="TableSubHeadingColor">
<TH ALIGN="left"><B>Methods inherited from class com.golden.gamedev.object.<A HREF="../../../../../com/golden/gamedev/object/Background.html" title="class in com.golden.gamedev.object">Background</A></B></TH>
</TR>
<TR BGCOLOR="white" CLASS="TableRowColor">
<TD><CODE><A HREF="../../../../../com/golden/gamedev/object/Background.html#getClip()">getClip</A>, <A HREF="../../../../../com/golden/gamedev/object/Background.html#getDefaultBackground()">getDefaultBackground</A>, <A HREF="../../../../../com/golden/gamedev/object/Background.html#getHeight()">getHeight</A>, <A HREF="../../../../../com/golden/gamedev/object/Background.html#getWidth()">getWidth</A>, <A HREF="../../../../../com/golden/gamedev/object/Background.html#getX()">getX</A>, <A HREF="../../../../../com/golden/gamedev/object/Background.html#getY()">getY</A>, <A HREF="../../../../../com/golden/gamedev/object/Background.html#move(double, double)">move</A>, <A HREF="../../../../../com/golden/gamedev/object/Background.html#render(java.awt.Graphics2D)">render</A>, <A HREF="../../../../../com/golden/gamedev/object/Background.html#setClip(int, int, int, int)">setClip</A>, <A HREF="../../../../../com/golden/gamedev/object/Background.html#setClip(java.awt.Rectangle)">setClip</A>, <A HREF="../../../../../com/golden/gamedev/object/Background.html#setLocation(double, double)">setLocation</A>, <A HREF="../../../../../com/golden/gamedev/object/Background.html#setSize(int, int)">setSize</A>, <A HREF="../../../../../com/golden/gamedev/object/Background.html#setToCenter(int, int, int, int)">setToCenter</A>, <A HREF="../../../../../com/golden/gamedev/object/Background.html#setToCenter(com.golden.gamedev.object.Sprite)">setToCenter</A>, <A HREF="../../../../../com/golden/gamedev/object/Background.html#update(long)">update</A></CODE></TD>
</TR>
</TABLE>
&nbsp;<A NAME="methods_inherited_from_class_java.lang.Object"><!-- --></A>
<TABLE BORDER="1" WIDTH="100%" CELLPADDING="3" CELLSPACING="0" SUMMARY="">
<TR BGCOLOR="#EEEEFF" CLASS="TableSubHeadingColor">
<TH ALIGN="left"><B>Methods inherited from class java.lang.<A HREF="http://java.sun.com/j2se/1.4/docs/api/java/lang/Object.html" title="class or interface in java.lang">Object</A></B></TH>
</TR>
<TR BGCOLOR="white" CLASS="TableRowColor">
<TD><CODE><A HREF="http://java.sun.com/j2se/1.4/docs/api/java/lang/Object.html#clone()" title="class or interface in java.lang">clone</A>, <A HREF="http://java.sun.com/j2se/1.4/docs/api/java/lang/Object.html#equals(java.lang.Object)" title="class or interface in java.lang">equals</A>, <A HREF="http://java.sun.com/j2se/1.4/docs/api/java/lang/Object.html#finalize()" title="class or interface in java.lang">finalize</A>, <A HREF="http://java.sun.com/j2se/1.4/docs/api/java/lang/Object.html#getClass()" title="class or interface in java.lang">getClass</A>, <A HREF="http://java.sun.com/j2se/1.4/docs/api/java/lang/Object.html#hashCode()" title="class or interface in java.lang">hashCode</A>, <A HREF="http://java.sun.com/j2se/1.4/docs/api/java/lang/Object.html#notify()" title="class or interface in java.lang">notify</A>, <A HREF="http://java.sun.com/j2se/1.4/docs/api/java/lang/Object.html#notifyAll()" title="class or interface in java.lang">notifyAll</A>, <A HREF="http://java.sun.com/j2se/1.4/docs/api/java/lang/Object.html#toString()" title="class or interface in java.lang">toString</A>, <A HREF="http://java.sun.com/j2se/1.4/docs/api/java/lang/Object.html#wait()" title="class or interface in java.lang">wait</A>, <A HREF="http://java.sun.com/j2se/1.4/docs/api/java/lang/Object.html#wait(long)" title="class or interface in java.lang">wait</A>, <A HREF="http://java.sun.com/j2se/1.4/docs/api/java/lang/Object.html#wait(long, int)" title="class or interface in java.lang">wait</A></CODE></TD>
</TR>
</TABLE>
&nbsp;
<P>

<!-- ========= CONSTRUCTOR DETAIL ======== -->

<A NAME="constructor_detail"><!-- --></A>
<TABLE BORDER="1" WIDTH="100%" CELLPADDING="3" CELLSPACING="0" SUMMARY="">
<TR BGCOLOR="#CCCCFF" CLASS="TableHeadingColor">
<TH ALIGN="left" COLSPAN="1"><FONT SIZE="+2">
<B>Constructor Detail</B></FONT></TH>
</TR>
</TABLE>

<A NAME="ColorBackground(java.awt.Color, int, int)"><!-- --></A><H3>
ColorBackground</H3>
<PRE>
public <B>ColorBackground</B>(<A HREF="http://java.sun.com/j2se/1.4/docs/api/java/awt/Color.html" title="class or interface in java.awt">Color</A>&nbsp;bgColor,
                       int&nbsp;w,
                       int&nbsp;h)</PRE>
<DL>
<DD>Creates new <code>ColorBackground</code> with specified size.
<P>
</DL>
<HR>

<A NAME="ColorBackground(java.awt.Color)"><!-- --></A><H3>
ColorBackground</H3>
<PRE>
public <B>ColorBackground</B>(<A HREF="http://java.sun.com/j2se/1.4/docs/api/java/awt/Color.html" title="class or interface in java.awt">Color</A>&nbsp;bgColor)</PRE>
<DL>
<DD>Creates new <code>ColorBackground</code> as large as screen dimension.
<P>
</DL>

<!-- ============ METHOD DETAIL ========== -->

<A NAME="method_detail"><!-- --></A>
<TABLE BORDER="1" WIDTH="100%" CELLPADDING="3" CELLSPACING="0" SUMMARY="">
<TR BGCOLOR="#CCCCFF" CLASS="TableHeadingColor">
<TH ALIGN="left" COLSPAN="1"><FONT SIZE="+2">
<B>Method Detail</B></FONT></TH>
</TR>
</TABLE>

<A NAME="getColor()"><!-- --></A><H3>
getColor</H3>
<PRE>
public <A HREF="http://java.sun.com/j2se/1.4/docs/api/java/awt/Color.html" title="class or interface in java.awt">Color</A> <B>getColor</B>()</PRE>
<DL>
<DD>Returns this background color.
<P>
<DD><DL>
</DL>
</DD>
</DL>
<HR>

<A NAME="setColor(java.awt.Color)"><!-- --></A><H3>
setColor</H3>
<PRE>
public void <B>setColor</B>(<A HREF="http://java.sun.com/j2se/1.4/docs/api/java/awt/Color.html" title="class or interface in java.awt">Color</A>&nbsp;bgColor)</PRE>
<DL>
<DD>Sets the background color.
<P>
<DD><DL>
</DL>
</DD>
</DL>
<HR>

<A NAME="render(java.awt.Graphics2D, int, int, int, int, int, int)"><!-- --></A><H3>
render</H3>
<PRE>
public void <B>render</B>(<A HREF="http://java.sun.com/j2se/1.4/docs/api/java/awt/Graphics2D.html" title="class or interface in java.awt">Graphics2D</A>&nbsp;g,
                   int&nbsp;xbg,
                   int&nbsp;ybg,
                   int&nbsp;x,
                   int&nbsp;y,
                   int&nbsp;w,
                   int&nbsp;h)</PRE>
<DL>
<DD><B>Description copied from class: <CODE><A HREF="../../../../../com/golden/gamedev/object/Background.html#render(java.awt.Graphics2D, int, int, int, int, int, int)">Background</A></CODE></B></DD>
<DD>Renders background from specified position and clipping area to specified
 graphics context. <p>

 This method to simplify background subclass rendering, the subclass only
 need to render the background from specified x, y coordinate with
 specified clipping area. <p>

 For example: <br>
 <pre>
    Background backgr;
    Graphics2D g;

    backgr.render(g, 100, 100,
                  5, 10, 100, 200);
 </pre>
 Means the background must render itself from background coordinate
 100, 100 to specified graphics context, starting from 5, 10 screen pixel
 as large as 100 x 200 dimension.
<P>
<DD><DL>
<DT><B>Overrides:</B><DD><CODE><A HREF="../../../../../com/golden/gamedev/object/Background.html#render(java.awt.Graphics2D, int, int, int, int, int, int)">render</A></CODE> in class <CODE><A HREF="../../../../../com/golden/gamedev/object/Background.html" title="class in com.golden.gamedev.object">Background</A></CODE></DL>
</DD>
<DD><DL>
<DT><B>Parameters:</B><DD><CODE>g</CODE> - graphics context<DD><CODE>xbg</CODE> - background x-coordinate<DD><CODE>ybg</CODE> - background y-coordinate<DD><CODE>x</CODE> - screen start x clipping<DD><CODE>y</CODE> - screen start y clipping<DD><CODE>w</CODE> - clipping width<DD><CODE>h</CODE> - clipping height</DL>
</DD>
</DL>
<!-- ========= END OF CLASS DATA ========= -->
<HR>


<!-- ======= START OF BOTTOM NAVBAR ====== -->
<A NAME="navbar_bottom"><!-- --></A>
<A HREF="#skip-navbar_bottom" title="Skip navigation links"></A>
<TABLE BORDER="0" WIDTH="100%" CELLPADDING="1" CELLSPACING="0" SUMMARY="">
<TR>
<TD COLSPAN=2 BGCOLOR="#EEEEFF" CLASS="NavBarCell1">
<A NAME="navbar_bottom_firstrow"><!-- --></A>
<TABLE BORDER="0" CELLPADDING="0" CELLSPACING="3" SUMMARY="">
  <TR ALIGN="center" VALIGN="top">
  <TD BGCOLOR="#EEEEFF" CLASS="NavBarCell1">    <A HREF="../../../../../overview-summary.html"><FONT CLASS="NavBarFont1"><B>Overview</B></FONT></A>&nbsp;</TD>
  <TD BGCOLOR="#EEEEFF" CLASS="NavBarCell1">    <A HREF="package-summary.html"><FONT CLASS="NavBarFont1"><B>Package</B></FONT></A>&nbsp;</TD>
  <TD BGCOLOR="#FFFFFF" CLASS="NavBarCell1Rev"> &nbsp;<FONT CLASS="NavBarFont1Rev"><B>Class</B></FONT>&nbsp;</TD>
  <TD BGCOLOR="#EEEEFF" CLASS="NavBarCell1">    <A HREF="class-use/ColorBackground.html"><FONT CLASS="NavBarFont1"><B>Use</B></FONT></A>&nbsp;</TD>
  <TD BGCOLOR="#EEEEFF" CLASS="NavBarCell1">    <A HREF="package-tree.html"><FONT CLASS="NavBarFont1"><B>Tree</B></FONT></A>&nbsp;</TD>
  <TD BGCOLOR="#EEEEFF" CLASS="NavBarCell1">    <A HREF="../../../../../index-all.html"><FONT CLASS="NavBarFont1"><B>Index</B></FONT></A>&nbsp;</TD>
  <TD BGCOLOR="#EEEEFF" CLASS="NavBarCell1">    <A HREF="../../../../../help-doc.html"><FONT CLASS="NavBarFont1"><B>Help</B></FONT></A>&nbsp;</TD>
  </TR>
</TABLE>
</TD>
<TD ALIGN="right" VALIGN="top" ROWSPAN=3><EM>
<b>GTGE API</b></EM>
</TD>
</TR>

<TR>
<TD BGCOLOR="white" CLASS="NavBarCell2"><FONT SIZE="-2">
&nbsp;PREV CLASS&nbsp;
&nbsp;<A HREF="../../../../../com/golden/gamedev/object/background/ImageBackground.html" title="class in com.golden.gamedev.object.background"><B>NEXT CLASS</B></A></FONT></TD>
<TD BGCOLOR="white" CLASS="NavBarCell2"><FONT SIZE="-2">
  <A HREF="../../../../../index.html?com/golden/gamedev/object/background/ColorBackground.html" target="_top"><B>FRAMES</B></A>  &nbsp;
&nbsp;<A HREF="ColorBackground.html" target="_top"><B>NO FRAMES</B></A>  &nbsp;
&nbsp;<SCRIPT type="text/javascript">
  <!--
  if(window==top) {
    document.writeln('<A HREF="../../../../../allclasses-noframe.html"><B>All Classes</B></A>');
  }
  //-->
</SCRIPT>
<NOSCRIPT>
  <A HREF="../../../../../allclasses-noframe.html"><B>All Classes</B></A>
</NOSCRIPT>


</FONT></TD>
</TR>
<TR>
<TD VALIGN="top" CLASS="NavBarCell3"><FONT SIZE="-2">
  SUMMARY:&nbsp;NESTED&nbsp;|&nbsp;<A HREF="#fields_inherited_from_class_com.golden.gamedev.object.Background">FIELD</A>&nbsp;|&nbsp;<A HREF="#constructor_summary">CONSTR</A>&nbsp;|&nbsp;<A HREF="#method_summary">METHOD</A></FONT></TD>
<TD VALIGN="top" CLASS="NavBarCell3"><FONT SIZE="-2">
DETAIL:&nbsp;FIELD&nbsp;|&nbsp;<A HREF="#constructor_detail">CONSTR</A>&nbsp;|&nbsp;<A HREF="#method_detail">METHOD</A></FONT></TD>
</TR>
</TABLE>
<A NAME="skip-navbar_bottom"></A>
<!-- ======== END OF BOTTOM NAVBAR ======= -->

<HR>
<i>Copyright &copy; 2003-2005 Golden T Studios. All rights reserved. Use is subject to <a href=http://creativecommons.org/licenses/by/2.0/>license terms<a/>.<br><a target=_blank href=http://www.goldenstudios.or.id/>GoldenStudios.or.id</a></i>
</BODY>
</HTML>
