<!DOCTYPE HTML PUBLIC "-//W3C//DTD HTML 4.01 Transitional//EN" "http://www.w3.org/TR/html4/loose.dtd">
<!--NewPage-->
<HTML>
<HEAD>
<!-- Generated by javadoc (build 1.5.0_01) on Sun Jul 03 07:12:31 ICT 2005 -->
<TITLE>
IsometricBackground (GTGE API v0.2.3)
</TITLE>

<META NAME="keywords" CONTENT="com.golden.gamedev.object.background.IsometricBackground class">

<LINK REL ="stylesheet" TYPE="text/css" HREF="../../../../../stylesheet.css" TITLE="Style">

<SCRIPT type="text/javascript">
function windowTitle()
{
    parent.document.title="IsometricBackground (GTGE API v0.2.3)";
}
</SCRIPT>
<NOSCRIPT>
</NOSCRIPT>

</HEAD>

<BODY BGCOLOR="white" onload="windowTitle();">


<!-- ========= START OF TOP NAVBAR ======= -->
<A NAME="navbar_top"><!-- --></A>
<A HREF="#skip-navbar_top" title="Skip navigation links"></A>
<TABLE BORDER="0" WIDTH="100%" CELLPADDING="1" CELLSPACING="0" SUMMARY="">
<TR>
<TD COLSPAN=2 BGCOLOR="#EEEEFF" CLASS="NavBarCell1">
<A NAME="navbar_top_firstrow"><!-- --></A>
<TABLE BORDER="0" CELLPADDING="0" CELLSPACING="3" SUMMARY="">
  <TR ALIGN="center" VALIGN="top">
  <TD BGCOLOR="#EEEEFF" CLASS="NavBarCell1">    <A HREF="../../../../../overview-summary.html"><FONT CLASS="NavBarFont1"><B>Overview</B></FONT></A>&nbsp;</TD>
  <TD BGCOLOR="#EEEEFF" CLASS="NavBarCell1">    <A HREF="package-summary.html"><FONT CLASS="NavBarFont1"><B>Package</B></FONT></A>&nbsp;</TD>
  <TD BGCOLOR="#FFFFFF" CLASS="NavBarCell1Rev"> &nbsp;<FONT CLASS="NavBarFont1Rev"><B>Class</B></FONT>&nbsp;</TD>
  <TD BGCOLOR="#EEEEFF" CLASS="NavBarCell1">    <A HREF="class-use/IsometricBackground.html"><FONT CLASS="NavBarFont1"><B>Use</B></FONT></A>&nbsp;</TD>
  <TD BGCOLOR="#EEEEFF" CLASS="NavBarCell1">    <A HREF="package-tree.html"><FONT CLASS="NavBarFont1"><B>Tree</B></FONT></A>&nbsp;</TD>
  <TD BGCOLOR="#EEEEFF" CLASS="NavBarCell1">    <A HREF="../../../../../index-all.html"><FONT CLASS="NavBarFont1"><B>Index</B></FONT></A>&nbsp;</TD>
  <TD BGCOLOR="#EEEEFF" CLASS="NavBarCell1">    <A HREF="../../../../../help-doc.html"><FONT CLASS="NavBarFont1"><B>Help</B></FONT></A>&nbsp;</TD>
  </TR>
</TABLE>
</TD>
<TD ALIGN="right" VALIGN="top" ROWSPAN=3><EM>
<b>GTGE API</b></EM>
</TD>
</TR>

<TR>
<TD BGCOLOR="white" CLASS="NavBarCell2"><FONT SIZE="-2">
&nbsp;<A HREF="../../../../../com/golden/gamedev/object/background/ImageBackground.html" title="class in com.golden.gamedev.object.background"><B>PREV CLASS</B></A>&nbsp;
&nbsp;<A HREF="../../../../../com/golden/gamedev/object/background/ParallaxBackground.html" title="class in com.golden.gamedev.object.background"><B>NEXT CLASS</B></A></FONT></TD>
<TD BGCOLOR="white" CLASS="NavBarCell2"><FONT SIZE="-2">
  <A HREF="../../../../../index.html?com/golden/gamedev/object/background/IsometricBackground.html" target="_top"><B>FRAMES</B></A>  &nbsp;
&nbsp;<A HREF="IsometricBackground.html" target="_top"><B>NO FRAMES</B></A>  &nbsp;
&nbsp;<SCRIPT type="text/javascript">
  <!--
  if(window==top) {
    document.writeln('<A HREF="../../../../../allclasses-noframe.html"><B>All Classes</B></A>');
  }
  //-->
</SCRIPT>
<NOSCRIPT>
  <A HREF="../../../../../allclasses-noframe.html"><B>All Classes</B></A>
</NOSCRIPT>


</FONT></TD>
</TR>
<TR>
<TD VALIGN="top" CLASS="NavBarCell3"><FONT SIZE="-2">
  SUMMARY:&nbsp;NESTED&nbsp;|&nbsp;<A HREF="#fields_inherited_from_class_com.golden.gamedev.object.Background">FIELD</A>&nbsp;|&nbsp;<A HREF="#constructor_summary">CONSTR</A>&nbsp;|&nbsp;<A HREF="#method_summary">METHOD</A></FONT></TD>
<TD VALIGN="top" CLASS="NavBarCell3"><FONT SIZE="-2">
DETAIL:&nbsp;FIELD&nbsp;|&nbsp;<A HREF="#constructor_detail">CONSTR</A>&nbsp;|&nbsp;<A HREF="#method_detail">METHOD</A></FONT></TD>
</TR>
</TABLE>
<A NAME="skip-navbar_top"></A>
<!-- ========= END OF TOP NAVBAR ========= -->

<HR>
<!-- ======== START OF CLASS DATA ======== -->
<H2>
<FONT SIZE="-1">
com.golden.gamedev.object.background</FONT>
<BR>
Class IsometricBackground</H2>
<PRE>
<A HREF="http://java.sun.com/j2se/1.4/docs/api/java/lang/Object.html" title="class or interface in java.lang">java.lang.Object</A>
  <IMG SRC="../../../../../resources/inherit.gif" ALT="extended by "><A HREF="../../../../../com/golden/gamedev/object/Background.html" title="class in com.golden.gamedev.object">com.golden.gamedev.object.Background</A>
      <IMG SRC="../../../../../resources/inherit.gif" ALT="extended by "><A HREF="../../../../../com/golden/gamedev/object/background/abstraction/AbstractIsometricBackground.html" title="class in com.golden.gamedev.object.background.abstraction">com.golden.gamedev.object.background.abstraction.AbstractIsometricBackground</A>
          <IMG SRC="../../../../../resources/inherit.gif" ALT="extended by "><B>com.golden.gamedev.object.background.IsometricBackground</B>
</PRE>
<DL>
<DT><B>All Implemented Interfaces:</B> <DD><A HREF="http://java.sun.com/j2se/1.4/docs/api/java/io/Serializable.html" title="class or interface in java.io">Serializable</A></DD>
</DL>
<HR>
<DL>
<DT><PRE>public class <B>IsometricBackground</B><DT>extends <A HREF="../../../../../com/golden/gamedev/object/background/abstraction/AbstractIsometricBackground.html" title="class in com.golden.gamedev.object.background.abstraction">AbstractIsometricBackground</A></DL>
</PRE>

<P>
The basic isometric background, creates a one layer isometric background. <p>

 <code>IsometricBackground</code> takes up two parameter, the first one is a
 two dimensional array of integer (int[][] tiles) that makes up the background
 tiling, and the second one is the tiling image array
 (BufferedImage[] tileImages). <p>

 This isometric background is the basic subclass of
 <code>AbstractIsometricBackground</code> that overrides <code>renderTile</code>
 method to draw one layer isometric background :
 <pre>
    public void render(Graphics2D g, int tileX, int tileY, int x, int y) {
       // <code>tiles</code> is the two dimensional background tiling
       int tile = tiles[tileX][tileY];

       if (tile >= 0) {
          // <code>tileImages</code> is the tiling images
          g.drawImage(tileImages[tile], x, y, null);
       }
    }
 </pre>
 To create multiple layer, simply subclass <code>AbstractIsometricBackground</code>
 and override the <code>renderTile</code> method to render the tile multiple
 times. <p>

 Isometric background usage example :
 <pre>
    IsometricBackground  background;
    BufferedImage[]      tileImages;
    int[][] tiles = new int[40][30]; // 40 x 30 tiling

    // fill tiles with random value
    for (int i=0;i < tiles.length;i++)
    for (int j=0;j < tiles[0].length;j++)
       tiles[i][j] = getRandom(0, tileImages.length-1);

    // create the background
    background = new IsometricBackground(tileImages, tiles);
 </pre>
<P>

<P>
<DL>
<DT><B>See Also:</B><DD><A HREF="../../../../../com/golden/gamedev/object/background/abstraction/AbstractIsometricBackground.html" title="class in com.golden.gamedev.object.background.abstraction"><CODE>AbstractIsometricBackground</CODE></A>, 
<A HREF="../../../../../serialized-form.html#com.golden.gamedev.object.background.IsometricBackground">Serialized Form</A></DL>
<HR>

<P>
<!-- =========== FIELD SUMMARY =========== -->

<A NAME="field_summary"><!-- --></A>
<TABLE BORDER="1" WIDTH="100%" CELLPADDING="3" CELLSPACING="0" SUMMARY="">
<TR BGCOLOR="#CCCCFF" CLASS="TableHeadingColor">
<TH ALIGN="left" COLSPAN="2"><FONT SIZE="+2">
<B>Field Summary</B></FONT></TH>
</TR>
</TABLE>
&nbsp;<A NAME="fields_inherited_from_class_com.golden.gamedev.object.Background"><!-- --></A>
<TABLE BORDER="1" WIDTH="100%" CELLPADDING="3" CELLSPACING="0" SUMMARY="">
<TR BGCOLOR="#EEEEFF" CLASS="TableSubHeadingColor">
<TH ALIGN="left"><B>Fields inherited from class com.golden.gamedev.object.<A HREF="../../../../../com/golden/gamedev/object/Background.html" title="class in com.golden.gamedev.object">Background</A></B></TH>
</TR>
<TR BGCOLOR="white" CLASS="TableRowColor">
<TD><CODE><A HREF="../../../../../com/golden/gamedev/object/Background.html#screen">screen</A>, <A HREF="../../../../../com/golden/gamedev/object/Background.html#x">x</A>, <A HREF="../../../../../com/golden/gamedev/object/Background.html#y">y</A></CODE></TD>
</TR>
</TABLE>
&nbsp;
<!-- ======== CONSTRUCTOR SUMMARY ======== -->

<A NAME="constructor_summary"><!-- --></A>
<TABLE BORDER="1" WIDTH="100%" CELLPADDING="3" CELLSPACING="0" SUMMARY="">
<TR BGCOLOR="#CCCCFF" CLASS="TableHeadingColor">
<TH ALIGN="left" COLSPAN="2"><FONT SIZE="+2">
<B>Constructor Summary</B></FONT></TH>
</TR>
<TR BGCOLOR="white" CLASS="TableRowColor">
<TD><CODE><B><A HREF="../../../../../com/golden/gamedev/object/background/IsometricBackground.html#IsometricBackground(java.awt.image.BufferedImage[], int[][])">IsometricBackground</A></B>(<A HREF="http://java.sun.com/j2se/1.4/docs/api/java/awt/image/BufferedImage.html" title="class or interface in java.awt.image">BufferedImage</A>[]&nbsp;tileImages,
                    int[][]&nbsp;tiles)</CODE>

<BR>
&nbsp;&nbsp;&nbsp;&nbsp;&nbsp;&nbsp;&nbsp;&nbsp;&nbsp;&nbsp;Creates new <code>IsometricBackground</code> with specified tile images
 and array of tiles.</TD>
</TR>
<TR BGCOLOR="white" CLASS="TableRowColor">
<TD><CODE><B><A HREF="../../../../../com/golden/gamedev/object/background/IsometricBackground.html#IsometricBackground(java.awt.image.BufferedImage[], int[][], int, int)">IsometricBackground</A></B>(<A HREF="http://java.sun.com/j2se/1.4/docs/api/java/awt/image/BufferedImage.html" title="class or interface in java.awt.image">BufferedImage</A>[]&nbsp;tileImages,
                    int[][]&nbsp;tiles,
                    int&nbsp;offsetTileHeight,
                    int&nbsp;startY)</CODE>

<BR>
&nbsp;&nbsp;&nbsp;&nbsp;&nbsp;&nbsp;&nbsp;&nbsp;&nbsp;&nbsp;Creates new <code>IsometricBackground</code> with specified tile images,
 array of tiles, offset of tile height, and starting y coordinate.</TD>
</TR>
<TR BGCOLOR="white" CLASS="TableRowColor">
<TD><CODE><B><A HREF="../../../../../com/golden/gamedev/object/background/IsometricBackground.html#IsometricBackground(java.awt.image.BufferedImage[], int, int)">IsometricBackground</A></B>(<A HREF="http://java.sun.com/j2se/1.4/docs/api/java/awt/image/BufferedImage.html" title="class or interface in java.awt.image">BufferedImage</A>[]&nbsp;tileImages,
                    int&nbsp;horiz,
                    int&nbsp;vert)</CODE>

<BR>
&nbsp;&nbsp;&nbsp;&nbsp;&nbsp;&nbsp;&nbsp;&nbsp;&nbsp;&nbsp;Creates new <code>IsometricBackground</code> with specified tile images
 as big as <code>horiz</code> and </code>vert</code> tiles.</TD>
</TR>
</TABLE>
&nbsp;
<!-- ========== METHOD SUMMARY =========== -->

<A NAME="method_summary"><!-- --></A>
<TABLE BORDER="1" WIDTH="100%" CELLPADDING="3" CELLSPACING="0" SUMMARY="">
<TR BGCOLOR="#CCCCFF" CLASS="TableHeadingColor">
<TH ALIGN="left" COLSPAN="2"><FONT SIZE="+2">
<B>Method Summary</B></FONT></TH>
</TR>
<TR BGCOLOR="white" CLASS="TableRowColor">
<TD ALIGN="right" VALIGN="top" WIDTH="1%"><FONT SIZE="-1">
<CODE>&nbsp;<A HREF="http://java.sun.com/j2se/1.4/docs/api/java/awt/image/BufferedImage.html" title="class or interface in java.awt.image">BufferedImage</A>[]</CODE></FONT></TD>
<TD><CODE><B><A HREF="../../../../../com/golden/gamedev/object/background/IsometricBackground.html#getTileImages()">getTileImages</A></B>()</CODE>

<BR>
&nbsp;&nbsp;&nbsp;&nbsp;&nbsp;&nbsp;&nbsp;&nbsp;&nbsp;&nbsp;Return the isometric background tile images.</TD>
</TR>
<TR BGCOLOR="white" CLASS="TableRowColor">
<TD ALIGN="right" VALIGN="top" WIDTH="1%"><FONT SIZE="-1">
<CODE>&nbsp;int[][]</CODE></FONT></TD>
<TD><CODE><B><A HREF="../../../../../com/golden/gamedev/object/background/IsometricBackground.html#getTiles()">getTiles</A></B>()</CODE>

<BR>
&nbsp;&nbsp;&nbsp;&nbsp;&nbsp;&nbsp;&nbsp;&nbsp;&nbsp;&nbsp;Returns the isometric background tiling.</TD>
</TR>
<TR BGCOLOR="white" CLASS="TableRowColor">
<TD ALIGN="right" VALIGN="top" WIDTH="1%"><FONT SIZE="-1">
<CODE>&nbsp;void</CODE></FONT></TD>
<TD><CODE><B><A HREF="../../../../../com/golden/gamedev/object/background/IsometricBackground.html#renderTile(java.awt.Graphics2D, int, int, int, int)">renderTile</A></B>(<A HREF="http://java.sun.com/j2se/1.4/docs/api/java/awt/Graphics2D.html" title="class or interface in java.awt">Graphics2D</A>&nbsp;g,
           int&nbsp;tileX,
           int&nbsp;tileY,
           int&nbsp;x,
           int&nbsp;y)</CODE>

<BR>
&nbsp;&nbsp;&nbsp;&nbsp;&nbsp;&nbsp;&nbsp;&nbsp;&nbsp;&nbsp;Renders tile at <code>tileX</code>, <code>tileY</code> position to
 specified <code>x</code>, <code>y</code> coordinate.</TD>
</TR>
<TR BGCOLOR="white" CLASS="TableRowColor">
<TD ALIGN="right" VALIGN="top" WIDTH="1%"><FONT SIZE="-1">
<CODE>&nbsp;void</CODE></FONT></TD>
<TD><CODE><B><A HREF="../../../../../com/golden/gamedev/object/background/IsometricBackground.html#setSize(int, int)">setSize</A></B>(int&nbsp;horiz,
        int&nbsp;vert)</CODE>

<BR>
&nbsp;&nbsp;&nbsp;&nbsp;&nbsp;&nbsp;&nbsp;&nbsp;&nbsp;&nbsp;Sets the size of this background.</TD>
</TR>
<TR BGCOLOR="white" CLASS="TableRowColor">
<TD ALIGN="right" VALIGN="top" WIDTH="1%"><FONT SIZE="-1">
<CODE>&nbsp;void</CODE></FONT></TD>
<TD><CODE><B><A HREF="../../../../../com/golden/gamedev/object/background/IsometricBackground.html#setTileImages(java.awt.image.BufferedImage[], int)">setTileImages</A></B>(<A HREF="http://java.sun.com/j2se/1.4/docs/api/java/awt/image/BufferedImage.html" title="class or interface in java.awt.image">BufferedImage</A>[]&nbsp;tileImages,
              int&nbsp;offsetTileHeight)</CODE>

<BR>
&nbsp;&nbsp;&nbsp;&nbsp;&nbsp;&nbsp;&nbsp;&nbsp;&nbsp;&nbsp;Sets the isometric background tile images.</TD>
</TR>
<TR BGCOLOR="white" CLASS="TableRowColor">
<TD ALIGN="right" VALIGN="top" WIDTH="1%"><FONT SIZE="-1">
<CODE>&nbsp;void</CODE></FONT></TD>
<TD><CODE><B><A HREF="../../../../../com/golden/gamedev/object/background/IsometricBackground.html#setTiles(int[][])">setTiles</A></B>(int[][]&nbsp;tiles)</CODE>

<BR>
&nbsp;&nbsp;&nbsp;&nbsp;&nbsp;&nbsp;&nbsp;&nbsp;&nbsp;&nbsp;Sets the isometric background tiling.</TD>
</TR>
</TABLE>
&nbsp;<A NAME="methods_inherited_from_class_com.golden.gamedev.object.background.abstraction.AbstractIsometricBackground"><!-- --></A>
<TABLE BORDER="1" WIDTH="100%" CELLPADDING="3" CELLSPACING="0" SUMMARY="">
<TR BGCOLOR="#EEEEFF" CLASS="TableSubHeadingColor">
<TH ALIGN="left"><B>Methods inherited from class com.golden.gamedev.object.background.abstraction.<A HREF="../../../../../com/golden/gamedev/object/background/abstraction/AbstractIsometricBackground.html" title="class in com.golden.gamedev.object.background.abstraction">AbstractIsometricBackground</A></B></TH>
</TR>
<TR BGCOLOR="white" CLASS="TableRowColor">
<TD><CODE><A HREF="../../../../../com/golden/gamedev/object/background/abstraction/AbstractIsometricBackground.html#getCoordinateAt(int, int)">getCoordinateAt</A>, <A HREF="../../../../../com/golden/gamedev/object/background/abstraction/AbstractIsometricBackground.html#getOffsetTileHeight()">getOffsetTileHeight</A>, <A HREF="../../../../../com/golden/gamedev/object/background/abstraction/AbstractIsometricBackground.html#getStartY()">getStartY</A>, <A HREF="../../../../../com/golden/gamedev/object/background/abstraction/AbstractIsometricBackground.html#getTileAt(double, double)">getTileAt</A>, <A HREF="../../../../../com/golden/gamedev/object/background/abstraction/AbstractIsometricBackground.html#getTileHeight()">getTileHeight</A>, <A HREF="../../../../../com/golden/gamedev/object/background/abstraction/AbstractIsometricBackground.html#getTileWidth()">getTileWidth</A>, <A HREF="../../../../../com/golden/gamedev/object/background/abstraction/AbstractIsometricBackground.html#getTileX()">getTileX</A>, <A HREF="../../../../../com/golden/gamedev/object/background/abstraction/AbstractIsometricBackground.html#getTileY()">getTileY</A>, <A HREF="../../../../../com/golden/gamedev/object/background/abstraction/AbstractIsometricBackground.html#getTotalHorizontalTiles()">getTotalHorizontalTiles</A>, <A HREF="../../../../../com/golden/gamedev/object/background/abstraction/AbstractIsometricBackground.html#getTotalVerticalTiles()">getTotalVerticalTiles</A>, <A HREF="../../../../../com/golden/gamedev/object/background/abstraction/AbstractIsometricBackground.html#render(java.awt.Graphics2D, int, int, int, int, int, int)">render</A>, <A HREF="../../../../../com/golden/gamedev/object/background/abstraction/AbstractIsometricBackground.html#setLocation(double, double)">setLocation</A>, <A HREF="../../../../../com/golden/gamedev/object/background/abstraction/AbstractIsometricBackground.html#setStartY(int)">setStartY</A>, <A HREF="../../../../../com/golden/gamedev/object/background/abstraction/AbstractIsometricBackground.html#setTileLocation(int, int)">setTileLocation</A>, <A HREF="../../../../../com/golden/gamedev/object/background/abstraction/AbstractIsometricBackground.html#setTileSize(int, int, int)">setTileSize</A></CODE></TD>
</TR>
</TABLE>
&nbsp;<A NAME="methods_inherited_from_class_com.golden.gamedev.object.Background"><!-- --></A>
<TABLE BORDER="1" WIDTH="100%" CELLPADDING="3" CELLSPACING="0" SUMMARY="">
<TR BGCOLOR="#EEEEFF" CLASS="TableSubHeadingColor">
<TH ALIGN="left"><B>Methods inherited from class com.golden.gamedev.object.<A HREF="../../../../../com/golden/gamedev/object/Background.html" title="class in com.golden.gamedev.object">Background</A></B></TH>
</TR>
<TR BGCOLOR="white" CLASS="TableRowColor">
<TD><CODE><A HREF="../../../../../com/golden/gamedev/object/Background.html#getClip()">getClip</A>, <A HREF="../../../../../com/golden/gamedev/object/Background.html#getDefaultBackground()">getDefaultBackground</A>, <A HREF="../../../../../com/golden/gamedev/object/Background.html#getHeight()">getHeight</A>, <A HREF="../../../../../com/golden/gamedev/object/Background.html#getWidth()">getWidth</A>, <A HREF="../../../../../com/golden/gamedev/object/Background.html#getX()">getX</A>, <A HREF="../../../../../com/golden/gamedev/object/Background.html#getY()">getY</A>, <A HREF="../../../../../com/golden/gamedev/object/Background.html#move(double, double)">move</A>, <A HREF="../../../../../com/golden/gamedev/object/Background.html#render(java.awt.Graphics2D)">render</A>, <A HREF="../../../../../com/golden/gamedev/object/Background.html#setClip(int, int, int, int)">setClip</A>, <A HREF="../../../../../com/golden/gamedev/object/Background.html#setClip(java.awt.Rectangle)">setClip</A>, <A HREF="../../../../../com/golden/gamedev/object/Background.html#setToCenter(int, int, int, int)">setToCenter</A>, <A HREF="../../../../../com/golden/gamedev/object/Background.html#setToCenter(com.golden.gamedev.object.Sprite)">setToCenter</A>, <A HREF="../../../../../com/golden/gamedev/object/Background.html#update(long)">update</A></CODE></TD>
</TR>
</TABLE>
&nbsp;<A NAME="methods_inherited_from_class_java.lang.Object"><!-- --></A>
<TABLE BORDER="1" WIDTH="100%" CELLPADDING="3" CELLSPACING="0" SUMMARY="">
<TR BGCOLOR="#EEEEFF" CLASS="TableSubHeadingColor">
<TH ALIGN="left"><B>Methods inherited from class java.lang.<A HREF="http://java.sun.com/j2se/1.4/docs/api/java/lang/Object.html" title="class or interface in java.lang">Object</A></B></TH>
</TR>
<TR BGCOLOR="white" CLASS="TableRowColor">
<TD><CODE><A HREF="http://java.sun.com/j2se/1.4/docs/api/java/lang/Object.html#clone()" title="class or interface in java.lang">clone</A>, <A HREF="http://java.sun.com/j2se/1.4/docs/api/java/lang/Object.html#equals(java.lang.Object)" title="class or interface in java.lang">equals</A>, <A HREF="http://java.sun.com/j2se/1.4/docs/api/java/lang/Object.html#finalize()" title="class or interface in java.lang">finalize</A>, <A HREF="http://java.sun.com/j2se/1.4/docs/api/java/lang/Object.html#getClass()" title="class or interface in java.lang">getClass</A>, <A HREF="http://java.sun.com/j2se/1.4/docs/api/java/lang/Object.html#hashCode()" title="class or interface in java.lang">hashCode</A>, <A HREF="http://java.sun.com/j2se/1.4/docs/api/java/lang/Object.html#notify()" title="class or interface in java.lang">notify</A>, <A HREF="http://java.sun.com/j2se/1.4/docs/api/java/lang/Object.html#notifyAll()" title="class or interface in java.lang">notifyAll</A>, <A HREF="http://java.sun.com/j2se/1.4/docs/api/java/lang/Object.html#toString()" title="class or interface in java.lang">toString</A>, <A HREF="http://java.sun.com/j2se/1.4/docs/api/java/lang/Object.html#wait()" title="class or interface in java.lang">wait</A>, <A HREF="http://java.sun.com/j2se/1.4/docs/api/java/lang/Object.html#wait(long)" title="class or interface in java.lang">wait</A>, <A HREF="http://java.sun.com/j2se/1.4/docs/api/java/lang/Object.html#wait(long, int)" title="class or interface in java.lang">wait</A></CODE></TD>
</TR>
</TABLE>
&nbsp;
<P>

<!-- ========= CONSTRUCTOR DETAIL ======== -->

<A NAME="constructor_detail"><!-- --></A>
<TABLE BORDER="1" WIDTH="100%" CELLPADDING="3" CELLSPACING="0" SUMMARY="">
<TR BGCOLOR="#CCCCFF" CLASS="TableHeadingColor">
<TH ALIGN="left" COLSPAN="1"><FONT SIZE="+2">
<B>Constructor Detail</B></FONT></TH>
</TR>
</TABLE>

<A NAME="IsometricBackground(java.awt.image.BufferedImage[], int[][], int, int)"><!-- --></A><H3>
IsometricBackground</H3>
<PRE>
public <B>IsometricBackground</B>(<A HREF="http://java.sun.com/j2se/1.4/docs/api/java/awt/image/BufferedImage.html" title="class or interface in java.awt.image">BufferedImage</A>[]&nbsp;tileImages,
                           int[][]&nbsp;tiles,
                           int&nbsp;offsetTileHeight,
                           int&nbsp;startY)</PRE>
<DL>
<DD>Creates new <code>IsometricBackground</code> with specified tile images,
 array of tiles, offset of tile height, and starting y coordinate. <p>

 The array of tiles that makes up the isometric background tiling,
 tiles[0][0] = 2 means the tileImages[2] will be drawn on tile 0, 0
 coordinate on the map. <p>

 The <code>offsetTileHeight</code> is used to determine the tile image
 base tile height, for example the real height of the tile image is 128
 but the base height of the tile image is 32, therefore set the
 <code>offsetTileHeight</code> to 96 (128-32). <p>

 The <code>startY</code> is where the isometric background y coordinate is
 starting to render, set this <code>startY</code> value greater than zero
 if this background need to be drawn down a bit.
<P>
<DL>
<DT><B>Parameters:</B><DD><CODE>tileImages</CODE> - an array of images for the tile<DD><CODE>tiles</CODE> - a two dimensional array that makes up the background<DD><CODE>offsetTileHeight</CODE> - the tile height offset from the base tile height<DD><CODE>startY</CODE> - starting y coordinate to draw this background</DL>
</DL>
<HR>

<A NAME="IsometricBackground(java.awt.image.BufferedImage[], int[][])"><!-- --></A><H3>
IsometricBackground</H3>
<PRE>
public <B>IsometricBackground</B>(<A HREF="http://java.sun.com/j2se/1.4/docs/api/java/awt/image/BufferedImage.html" title="class or interface in java.awt.image">BufferedImage</A>[]&nbsp;tileImages,
                           int[][]&nbsp;tiles)</PRE>
<DL>
<DD>Creates new <code>IsometricBackground</code> with specified tile images
 and array of tiles. <p>

 The array of tiles that makes up the isometric background tiling,
 tiles[0][0] = 2 means the tileImages[2] will be drawn on tile 0, 0
 coordinate on the map. <p>
<P>
<DL>
<DT><B>Parameters:</B><DD><CODE>tileImages</CODE> - an array of images for the tile<DD><CODE>tiles</CODE> - a two dimensional array that makes up the background</DL>
</DL>
<HR>

<A NAME="IsometricBackground(java.awt.image.BufferedImage[], int, int)"><!-- --></A><H3>
IsometricBackground</H3>
<PRE>
public <B>IsometricBackground</B>(<A HREF="http://java.sun.com/j2se/1.4/docs/api/java/awt/image/BufferedImage.html" title="class or interface in java.awt.image">BufferedImage</A>[]&nbsp;tileImages,
                           int&nbsp;horiz,
                           int&nbsp;vert)</PRE>
<DL>
<DD>Creates new <code>IsometricBackground</code> with specified tile images
 as big as <code>horiz</code> and </code>vert</code> tiles. <p>

 Generates isometric tile background with tile as big as horiz and vert
 (tiles = new int[horiz][vert]) and using the first image of the tile
 images (tileImages[0]) for all the tiles.
<P>
<DL>
<DT><B>Parameters:</B><DD><CODE>tileImages</CODE> - an array of images for the tile<DD><CODE>horiz</CODE> - total horizontal tiles<DD><CODE>vert</CODE> - total vertical tiles</DL>
</DL>

<!-- ============ METHOD DETAIL ========== -->

<A NAME="method_detail"><!-- --></A>
<TABLE BORDER="1" WIDTH="100%" CELLPADDING="3" CELLSPACING="0" SUMMARY="">
<TR BGCOLOR="#CCCCFF" CLASS="TableHeadingColor">
<TH ALIGN="left" COLSPAN="1"><FONT SIZE="+2">
<B>Method Detail</B></FONT></TH>
</TR>
</TABLE>

<A NAME="renderTile(java.awt.Graphics2D, int, int, int, int)"><!-- --></A><H3>
renderTile</H3>
<PRE>
public void <B>renderTile</B>(<A HREF="http://java.sun.com/j2se/1.4/docs/api/java/awt/Graphics2D.html" title="class or interface in java.awt">Graphics2D</A>&nbsp;g,
                       int&nbsp;tileX,
                       int&nbsp;tileY,
                       int&nbsp;x,
                       int&nbsp;y)</PRE>
<DL>
<DD><B>Description copied from class: <CODE><A HREF="../../../../../com/golden/gamedev/object/background/abstraction/AbstractIsometricBackground.html#renderTile(java.awt.Graphics2D, int, int, int, int)">AbstractIsometricBackground</A></CODE></B></DD>
<DD>Renders tile at <code>tileX</code>, <code>tileY</code> position to
 specified <code>x</code>, <code>y</code> coordinate.
<P>
<DD><DL>
<DT><B>Specified by:</B><DD><CODE><A HREF="../../../../../com/golden/gamedev/object/background/abstraction/AbstractIsometricBackground.html#renderTile(java.awt.Graphics2D, int, int, int, int)">renderTile</A></CODE> in class <CODE><A HREF="../../../../../com/golden/gamedev/object/background/abstraction/AbstractIsometricBackground.html" title="class in com.golden.gamedev.object.background.abstraction">AbstractIsometricBackground</A></CODE></DL>
</DD>
<DD><DL>
</DL>
</DD>
</DL>
<HR>

<A NAME="getTileImages()"><!-- --></A><H3>
getTileImages</H3>
<PRE>
public <A HREF="http://java.sun.com/j2se/1.4/docs/api/java/awt/image/BufferedImage.html" title="class or interface in java.awt.image">BufferedImage</A>[] <B>getTileImages</B>()</PRE>
<DL>
<DD>Return the isometric background tile images.
<P>
<DD><DL>
</DL>
</DD>
</DL>
<HR>

<A NAME="setTileImages(java.awt.image.BufferedImage[], int)"><!-- --></A><H3>
setTileImages</H3>
<PRE>
public void <B>setTileImages</B>(<A HREF="http://java.sun.com/j2se/1.4/docs/api/java/awt/image/BufferedImage.html" title="class or interface in java.awt.image">BufferedImage</A>[]&nbsp;tileImages,
                          int&nbsp;offsetTileHeight)</PRE>
<DL>
<DD>Sets the isometric background tile images.
<P>
<DD><DL>
</DL>
</DD>
</DL>
<HR>

<A NAME="getTiles()"><!-- --></A><H3>
getTiles</H3>
<PRE>
public int[][] <B>getTiles</B>()</PRE>
<DL>
<DD>Returns the isometric background tiling.
<P>
<DD><DL>
</DL>
</DD>
</DL>
<HR>

<A NAME="setTiles(int[][])"><!-- --></A><H3>
setTiles</H3>
<PRE>
public void <B>setTiles</B>(int[][]&nbsp;tiles)</PRE>
<DL>
<DD>Sets the isometric background tiling. <p>

 This array of tiles that makes up the background, tiles[0][0] = 2 means
 the tileImages[2] will be drawn on tile 0, 0 coordinate on the map.
<P>
<DD><DL>
<DT><B>See Also:</B><DD><A HREF="../../../../../com/golden/gamedev/object/background/IsometricBackground.html#setTileImages(java.awt.image.BufferedImage[], int)"><CODE>setTileImages(BufferedImage[], int)</CODE></A></DL>
</DD>
</DL>
<HR>

<A NAME="setSize(int, int)"><!-- --></A><H3>
setSize</H3>
<PRE>
public void <B>setSize</B>(int&nbsp;horiz,
                    int&nbsp;vert)</PRE>
<DL>
<DD><B>Description copied from class: <CODE><A HREF="../../../../../com/golden/gamedev/object/Background.html#setSize(int, int)">Background</A></CODE></B></DD>
<DD>Sets the size of this background.
<P>
<DD><DL>
<DT><B>Overrides:</B><DD><CODE><A HREF="../../../../../com/golden/gamedev/object/background/abstraction/AbstractIsometricBackground.html#setSize(int, int)">setSize</A></CODE> in class <CODE><A HREF="../../../../../com/golden/gamedev/object/background/abstraction/AbstractIsometricBackground.html" title="class in com.golden.gamedev.object.background.abstraction">AbstractIsometricBackground</A></CODE></DL>
</DD>
<DD><DL>
</DL>
</DD>
</DL>
<!-- ========= END OF CLASS DATA ========= -->
<HR>


<!-- ======= START OF BOTTOM NAVBAR ====== -->
<A NAME="navbar_bottom"><!-- --></A>
<A HREF="#skip-navbar_bottom" title="Skip navigation links"></A>
<TABLE BORDER="0" WIDTH="100%" CELLPADDING="1" CELLSPACING="0" SUMMARY="">
<TR>
<TD COLSPAN=2 BGCOLOR="#EEEEFF" CLASS="NavBarCell1">
<A NAME="navbar_bottom_firstrow"><!-- --></A>
<TABLE BORDER="0" CELLPADDING="0" CELLSPACING="3" SUMMARY="">
  <TR ALIGN="center" VALIGN="top">
  <TD BGCOLOR="#EEEEFF" CLASS="NavBarCell1">    <A HREF="../../../../../overview-summary.html"><FONT CLASS="NavBarFont1"><B>Overview</B></FONT></A>&nbsp;</TD>
  <TD BGCOLOR="#EEEEFF" CLASS="NavBarCell1">    <A HREF="package-summary.html"><FONT CLASS="NavBarFont1"><B>Package</B></FONT></A>&nbsp;</TD>
  <TD BGCOLOR="#FFFFFF" CLASS="NavBarCell1Rev"> &nbsp;<FONT CLASS="NavBarFont1Rev"><B>Class</B></FONT>&nbsp;</TD>
  <TD BGCOLOR="#EEEEFF" CLASS="NavBarCell1">    <A HREF="class-use/IsometricBackground.html"><FONT CLASS="NavBarFont1"><B>Use</B></FONT></A>&nbsp;</TD>
  <TD BGCOLOR="#EEEEFF" CLASS="NavBarCell1">    <A HREF="package-tree.html"><FONT CLASS="NavBarFont1"><B>Tree</B></FONT></A>&nbsp;</TD>
  <TD BGCOLOR="#EEEEFF" CLASS="NavBarCell1">    <A HREF="../../../../../index-all.html"><FONT CLASS="NavBarFont1"><B>Index</B></FONT></A>&nbsp;</TD>
  <TD BGCOLOR="#EEEEFF" CLASS="NavBarCell1">    <A HREF="../../../../../help-doc.html"><FONT CLASS="NavBarFont1"><B>Help</B></FONT></A>&nbsp;</TD>
  </TR>
</TABLE>
</TD>
<TD ALIGN="right" VALIGN="top" ROWSPAN=3><EM>
<b>GTGE API</b></EM>
</TD>
</TR>

<TR>
<TD BGCOLOR="white" CLASS="NavBarCell2"><FONT SIZE="-2">
&nbsp;<A HREF="../../../../../com/golden/gamedev/object/background/ImageBackground.html" title="class in com.golden.gamedev.object.background"><B>PREV CLASS</B></A>&nbsp;
&nbsp;<A HREF="../../../../../com/golden/gamedev/object/background/ParallaxBackground.html" title="class in com.golden.gamedev.object.background"><B>NEXT CLASS</B></A></FONT></TD>
<TD BGCOLOR="white" CLASS="NavBarCell2"><FONT SIZE="-2">
  <A HREF="../../../../../index.html?com/golden/gamedev/object/background/IsometricBackground.html" target="_top"><B>FRAMES</B></A>  &nbsp;
&nbsp;<A HREF="IsometricBackground.html" target="_top"><B>NO FRAMES</B></A>  &nbsp;
&nbsp;<SCRIPT type="text/javascript">
  <!--
  if(window==top) {
    document.writeln('<A HREF="../../../../../allclasses-noframe.html"><B>All Classes</B></A>');
  }
  //-->
</SCRIPT>
<NOSCRIPT>
  <A HREF="../../../../../allclasses-noframe.html"><B>All Classes</B></A>
</NOSCRIPT>


</FONT></TD>
</TR>
<TR>
<TD VALIGN="top" CLASS="NavBarCell3"><FONT SIZE="-2">
  SUMMARY:&nbsp;NESTED&nbsp;|&nbsp;<A HREF="#fields_inherited_from_class_com.golden.gamedev.object.Background">FIELD</A>&nbsp;|&nbsp;<A HREF="#constructor_summary">CONSTR</A>&nbsp;|&nbsp;<A HREF="#method_summary">METHOD</A></FONT></TD>
<TD VALIGN="top" CLASS="NavBarCell3"><FONT SIZE="-2">
DETAIL:&nbsp;FIELD&nbsp;|&nbsp;<A HREF="#constructor_detail">CONSTR</A>&nbsp;|&nbsp;<A HREF="#method_detail">METHOD</A></FONT></TD>
</TR>
</TABLE>
<A NAME="skip-navbar_bottom"></A>
<!-- ======== END OF BOTTOM NAVBAR ======= -->

<HR>
<i>Copyright &copy; 2003-2005 Golden T Studios. All rights reserved. Use is subject to <a href=http://creativecommons.org/licenses/by/2.0/>license terms<a/>.<br><a target=_blank href=http://www.goldenstudios.or.id/>GoldenStudios.or.id</a></i>
</BODY>
</HTML>
