<!DOCTYPE HTML PUBLIC "-//W3C//DTD HTML 4.01 Transitional//EN" "http://www.w3.org/TR/html4/loose.dtd">
<!--NewPage-->
<HTML>
<HEAD>
<!-- Generated by javadoc (build 1.5.0_01) on Sun Jul 03 07:12:37 ICT 2005 -->
<TITLE>
com.golden.gamedev.object.background (GTGE API v0.2.3)
</TITLE>

<META NAME="keywords" CONTENT="com.golden.gamedev.object.background package">

<LINK REL ="stylesheet" TYPE="text/css" HREF="../../../../../stylesheet.css" TITLE="Style">


</HEAD>

<BODY BGCOLOR="white">
<FONT size="+1" CLASS="FrameTitleFont">
<A HREF="../../../../../com/golden/gamedev/object/background/package-summary.html" target="classFrame">com.golden.gamedev.object.background</A></FONT>
<TABLE BORDER="0" WIDTH="100%" SUMMARY="">
<TR>
<TD NOWRAP><FONT size="+1" CLASS="FrameHeadingFont">
Classes</FONT>&nbsp;
<FONT CLASS="FrameItemFont">
<BR>
<A HREF="ColorBackground.html" title="class in com.golden.gamedev.object.background" target="classFrame">ColorBackground</A>
<BR>
<A HREF="ImageBackground.html" title="class in com.golden.gamedev.object.background" target="classFrame">ImageBackground</A>
<BR>
<A HREF="IsometricBackground.html" title="class in com.golden.gamedev.object.background" target="classFrame">IsometricBackground</A>
<BR>
<A HREF="ParallaxBackground.html" title="class in com.golden.gamedev.object.background" target="classFrame">ParallaxBackground</A>
<BR>
<A HREF="TileBackground.html" title="class in com.golden.gamedev.object.background" target="classFrame">TileBackground</A></FONT></TD>
</TR>
</TABLE>


</BODY>
</HTML>
