<!DOCTYPE HTML PUBLIC "-//W3C//DTD HTML 4.01 Transitional//EN" "http://www.w3.org/TR/html4/loose.dtd">
<!--NewPage-->
<HTML>
<HEAD>
<!-- Generated by javadoc (build 1.5.0_01) on Sun Jul 03 07:12:32 ICT 2005 -->
<TITLE>
CollisionGroup (GTGE API v0.2.3)
</TITLE>

<META NAME="keywords" CONTENT="com.golden.gamedev.object.collision.CollisionGroup class">

<LINK REL ="stylesheet" TYPE="text/css" HREF="../../../../../stylesheet.css" TITLE="Style">

<SCRIPT type="text/javascript">
function windowTitle()
{
    parent.document.title="CollisionGroup (GTGE API v0.2.3)";
}
</SCRIPT>
<NOSCRIPT>
</NOSCRIPT>

</HEAD>

<BODY BGCOLOR="white" onload="windowTitle();">


<!-- ========= START OF TOP NAVBAR ======= -->
<A NAME="navbar_top"><!-- --></A>
<A HREF="#skip-navbar_top" title="Skip navigation links"></A>
<TABLE BORDER="0" WIDTH="100%" CELLPADDING="1" CELLSPACING="0" SUMMARY="">
<TR>
<TD COLSPAN=2 BGCOLOR="#EEEEFF" CLASS="NavBarCell1">
<A NAME="navbar_top_firstrow"><!-- --></A>
<TABLE BORDER="0" CELLPADDING="0" CELLSPACING="3" SUMMARY="">
  <TR ALIGN="center" VALIGN="top">
  <TD BGCOLOR="#EEEEFF" CLASS="NavBarCell1">    <A HREF="../../../../../overview-summary.html"><FONT CLASS="NavBarFont1"><B>Overview</B></FONT></A>&nbsp;</TD>
  <TD BGCOLOR="#EEEEFF" CLASS="NavBarCell1">    <A HREF="package-summary.html"><FONT CLASS="NavBarFont1"><B>Package</B></FONT></A>&nbsp;</TD>
  <TD BGCOLOR="#FFFFFF" CLASS="NavBarCell1Rev"> &nbsp;<FONT CLASS="NavBarFont1Rev"><B>Class</B></FONT>&nbsp;</TD>
  <TD BGCOLOR="#EEEEFF" CLASS="NavBarCell1">    <A HREF="class-use/CollisionGroup.html"><FONT CLASS="NavBarFont1"><B>Use</B></FONT></A>&nbsp;</TD>
  <TD BGCOLOR="#EEEEFF" CLASS="NavBarCell1">    <A HREF="package-tree.html"><FONT CLASS="NavBarFont1"><B>Tree</B></FONT></A>&nbsp;</TD>
  <TD BGCOLOR="#EEEEFF" CLASS="NavBarCell1">    <A HREF="../../../../../index-all.html"><FONT CLASS="NavBarFont1"><B>Index</B></FONT></A>&nbsp;</TD>
  <TD BGCOLOR="#EEEEFF" CLASS="NavBarCell1">    <A HREF="../../../../../help-doc.html"><FONT CLASS="NavBarFont1"><B>Help</B></FONT></A>&nbsp;</TD>
  </TR>
</TABLE>
</TD>
<TD ALIGN="right" VALIGN="top" ROWSPAN=3><EM>
<b>GTGE API</b></EM>
</TD>
</TR>

<TR>
<TD BGCOLOR="white" CLASS="NavBarCell2"><FONT SIZE="-2">
&nbsp;<A HREF="../../../../../com/golden/gamedev/object/collision/CollisionBounds.html" title="class in com.golden.gamedev.object.collision"><B>PREV CLASS</B></A>&nbsp;
&nbsp;<A HREF="../../../../../com/golden/gamedev/object/collision/CollisionRect.html" title="class in com.golden.gamedev.object.collision"><B>NEXT CLASS</B></A></FONT></TD>
<TD BGCOLOR="white" CLASS="NavBarCell2"><FONT SIZE="-2">
  <A HREF="../../../../../index.html?com/golden/gamedev/object/collision/CollisionGroup.html" target="_top"><B>FRAMES</B></A>  &nbsp;
&nbsp;<A HREF="CollisionGroup.html" target="_top"><B>NO FRAMES</B></A>  &nbsp;
&nbsp;<SCRIPT type="text/javascript">
  <!--
  if(window==top) {
    document.writeln('<A HREF="../../../../../allclasses-noframe.html"><B>All Classes</B></A>');
  }
  //-->
</SCRIPT>
<NOSCRIPT>
  <A HREF="../../../../../allclasses-noframe.html"><B>All Classes</B></A>
</NOSCRIPT>


</FONT></TD>
</TR>
<TR>
<TD VALIGN="top" CLASS="NavBarCell3"><FONT SIZE="-2">
  SUMMARY:&nbsp;NESTED&nbsp;|&nbsp;<A HREF="#field_summary">FIELD</A>&nbsp;|&nbsp;<A HREF="#constructor_summary">CONSTR</A>&nbsp;|&nbsp;<A HREF="#method_summary">METHOD</A></FONT></TD>
<TD VALIGN="top" CLASS="NavBarCell3"><FONT SIZE="-2">
DETAIL:&nbsp;<A HREF="#field_detail">FIELD</A>&nbsp;|&nbsp;<A HREF="#constructor_detail">CONSTR</A>&nbsp;|&nbsp;<A HREF="#method_detail">METHOD</A></FONT></TD>
</TR>
</TABLE>
<A NAME="skip-navbar_top"></A>
<!-- ========= END OF TOP NAVBAR ========= -->

<HR>
<!-- ======== START OF CLASS DATA ======== -->
<H2>
<FONT SIZE="-1">
com.golden.gamedev.object.collision</FONT>
<BR>
Class CollisionGroup</H2>
<PRE>
<A HREF="http://java.sun.com/j2se/1.4/docs/api/java/lang/Object.html" title="class or interface in java.lang">java.lang.Object</A>
  <IMG SRC="../../../../../resources/inherit.gif" ALT="extended by "><A HREF="../../../../../com/golden/gamedev/object/CollisionManager.html" title="class in com.golden.gamedev.object">com.golden.gamedev.object.CollisionManager</A>
      <IMG SRC="../../../../../resources/inherit.gif" ALT="extended by "><A HREF="../../../../../com/golden/gamedev/object/collision/BasicCollisionGroup.html" title="class in com.golden.gamedev.object.collision">com.golden.gamedev.object.collision.BasicCollisionGroup</A>
          <IMG SRC="../../../../../resources/inherit.gif" ALT="extended by "><B>com.golden.gamedev.object.collision.CollisionGroup</B>
</PRE>
<DL>
<DT><B>Direct Known Subclasses:</B> <DD><A HREF="../../../../../com/golden/gamedev/object/collision/PreciseCollisionGroup.html" title="class in com.golden.gamedev.object.collision">PreciseCollisionGroup</A></DD>
</DL>
<HR>
<DL>
<DT><PRE>public abstract class <B>CollisionGroup</B><DT>extends <A HREF="../../../../../com/golden/gamedev/object/collision/BasicCollisionGroup.html" title="class in com.golden.gamedev.object.collision">BasicCollisionGroup</A></DL>
</PRE>

<P>
Basic collision check, with calculation of some collision events,
 such as collision side, and sprite return position. <p>

 Suitable for collision that only need to know the side of the collision,
 but not need precise sprite return position. <p>

 For example collision between projectile and enemy in platform game,
 the implementation need collision side to determine to which side
 the enemy should fall. <p>

 To get more precise sprite position after collision use
 <A HREF="../../../../../com/golden/gamedev/object/collision/PreciseCollisionGroup.html" title="class in com.golden.gamedev.object.collision"><CODE>PreciseCollisionGroup</CODE></A> instead.
<P>

<P>
<DL>
<DT><B>See Also:</B><DD><A HREF="../../../../../com/golden/gamedev/object/PlayField.html#addCollisionGroup(com.golden.gamedev.object.SpriteGroup, com.golden.gamedev.object.SpriteGroup, com.golden.gamedev.object.CollisionManager)"><CODE>PlayField.addCollisionGroup(SpriteGroup, SpriteGroup, CollisionManager)</CODE></A></DL>
<HR>

<P>
<!-- =========== FIELD SUMMARY =========== -->

<A NAME="field_summary"><!-- --></A>
<TABLE BORDER="1" WIDTH="100%" CELLPADDING="3" CELLSPACING="0" SUMMARY="">
<TR BGCOLOR="#CCCCFF" CLASS="TableHeadingColor">
<TH ALIGN="left" COLSPAN="2"><FONT SIZE="+2">
<B>Field Summary</B></FONT></TH>
</TR>
<TR BGCOLOR="white" CLASS="TableRowColor">
<TD ALIGN="right" VALIGN="top" WIDTH="1%"><FONT SIZE="-1">
<CODE>static&nbsp;int</CODE></FONT></TD>
<TD><CODE><B><A HREF="../../../../../com/golden/gamedev/object/collision/CollisionGroup.html#BOTTOM_TOP_COLLISION">BOTTOM_TOP_COLLISION</A></B></CODE>

<BR>
&nbsp;&nbsp;&nbsp;&nbsp;&nbsp;&nbsp;&nbsp;&nbsp;&nbsp;&nbsp;Indicates the collision side of the collided sprites is
 the bottom of first sprite againts the top of other sprite.</TD>
</TR>
<TR BGCOLOR="white" CLASS="TableRowColor">
<TD ALIGN="right" VALIGN="top" WIDTH="1%"><FONT SIZE="-1">
<CODE>protected &nbsp;int</CODE></FONT></TD>
<TD><CODE><B><A HREF="../../../../../com/golden/gamedev/object/collision/CollisionGroup.html#collisionSide">collisionSide</A></B></CODE>

<BR>
&nbsp;&nbsp;&nbsp;&nbsp;&nbsp;&nbsp;&nbsp;&nbsp;&nbsp;&nbsp;The collision side of current collision.</TD>
</TR>
<TR BGCOLOR="white" CLASS="TableRowColor">
<TD ALIGN="right" VALIGN="top" WIDTH="1%"><FONT SIZE="-1">
<CODE>protected &nbsp;double</CODE></FONT></TD>
<TD><CODE><B><A HREF="../../../../../com/golden/gamedev/object/collision/CollisionGroup.html#collisionX1">collisionX1</A></B></CODE>

<BR>
&nbsp;&nbsp;&nbsp;&nbsp;&nbsp;&nbsp;&nbsp;&nbsp;&nbsp;&nbsp;The <code>x</code> return coordinate of sprite in group 1 in current collision.</TD>
</TR>
<TR BGCOLOR="white" CLASS="TableRowColor">
<TD ALIGN="right" VALIGN="top" WIDTH="1%"><FONT SIZE="-1">
<CODE>protected &nbsp;double</CODE></FONT></TD>
<TD><CODE><B><A HREF="../../../../../com/golden/gamedev/object/collision/CollisionGroup.html#collisionX2">collisionX2</A></B></CODE>

<BR>
&nbsp;&nbsp;&nbsp;&nbsp;&nbsp;&nbsp;&nbsp;&nbsp;&nbsp;&nbsp;The <code>x</code> return coordinate of sprite in group 2 in current collision.</TD>
</TR>
<TR BGCOLOR="white" CLASS="TableRowColor">
<TD ALIGN="right" VALIGN="top" WIDTH="1%"><FONT SIZE="-1">
<CODE>protected &nbsp;double</CODE></FONT></TD>
<TD><CODE><B><A HREF="../../../../../com/golden/gamedev/object/collision/CollisionGroup.html#collisionY1">collisionY1</A></B></CODE>

<BR>
&nbsp;&nbsp;&nbsp;&nbsp;&nbsp;&nbsp;&nbsp;&nbsp;&nbsp;&nbsp;The <code>y</code> return coordinate of sprite in group 1 in current collision.</TD>
</TR>
<TR BGCOLOR="white" CLASS="TableRowColor">
<TD ALIGN="right" VALIGN="top" WIDTH="1%"><FONT SIZE="-1">
<CODE>protected &nbsp;double</CODE></FONT></TD>
<TD><CODE><B><A HREF="../../../../../com/golden/gamedev/object/collision/CollisionGroup.html#collisionY2">collisionY2</A></B></CODE>

<BR>
&nbsp;&nbsp;&nbsp;&nbsp;&nbsp;&nbsp;&nbsp;&nbsp;&nbsp;&nbsp;The <code>y</code> return coordinate of sprite in group 2 in current collision.</TD>
</TR>
<TR BGCOLOR="white" CLASS="TableRowColor">
<TD ALIGN="right" VALIGN="top" WIDTH="1%"><FONT SIZE="-1">
<CODE>static&nbsp;int</CODE></FONT></TD>
<TD><CODE><B><A HREF="../../../../../com/golden/gamedev/object/collision/CollisionGroup.html#LEFT_RIGHT_COLLISION">LEFT_RIGHT_COLLISION</A></B></CODE>

<BR>
&nbsp;&nbsp;&nbsp;&nbsp;&nbsp;&nbsp;&nbsp;&nbsp;&nbsp;&nbsp;Indicates the collision side of the collided sprites is
 the left of first sprite againts the right of other sprite.</TD>
</TR>
<TR BGCOLOR="white" CLASS="TableRowColor">
<TD ALIGN="right" VALIGN="top" WIDTH="1%"><FONT SIZE="-1">
<CODE>static&nbsp;int</CODE></FONT></TD>
<TD><CODE><B><A HREF="../../../../../com/golden/gamedev/object/collision/CollisionGroup.html#RIGHT_LEFT_COLLISION">RIGHT_LEFT_COLLISION</A></B></CODE>

<BR>
&nbsp;&nbsp;&nbsp;&nbsp;&nbsp;&nbsp;&nbsp;&nbsp;&nbsp;&nbsp;Indicates the collision side of the collided sprites is
 the right of first sprite againts the left of other sprite.</TD>
</TR>
<TR BGCOLOR="white" CLASS="TableRowColor">
<TD ALIGN="right" VALIGN="top" WIDTH="1%"><FONT SIZE="-1">
<CODE>protected &nbsp;<A HREF="../../../../../com/golden/gamedev/object/Sprite.html" title="class in com.golden.gamedev.object">Sprite</A></CODE></FONT></TD>
<TD><CODE><B><A HREF="../../../../../com/golden/gamedev/object/collision/CollisionGroup.html#sprite1">sprite1</A></B></CODE>

<BR>
&nbsp;&nbsp;&nbsp;&nbsp;&nbsp;&nbsp;&nbsp;&nbsp;&nbsp;&nbsp;The sprite from group 1 in current collision.</TD>
</TR>
<TR BGCOLOR="white" CLASS="TableRowColor">
<TD ALIGN="right" VALIGN="top" WIDTH="1%"><FONT SIZE="-1">
<CODE>protected &nbsp;<A HREF="../../../../../com/golden/gamedev/object/Sprite.html" title="class in com.golden.gamedev.object">Sprite</A></CODE></FONT></TD>
<TD><CODE><B><A HREF="../../../../../com/golden/gamedev/object/collision/CollisionGroup.html#sprite2">sprite2</A></B></CODE>

<BR>
&nbsp;&nbsp;&nbsp;&nbsp;&nbsp;&nbsp;&nbsp;&nbsp;&nbsp;&nbsp;The sprite from group 2 in current collision.</TD>
</TR>
<TR BGCOLOR="white" CLASS="TableRowColor">
<TD ALIGN="right" VALIGN="top" WIDTH="1%"><FONT SIZE="-1">
<CODE>static&nbsp;int</CODE></FONT></TD>
<TD><CODE><B><A HREF="../../../../../com/golden/gamedev/object/collision/CollisionGroup.html#TOP_BOTTOM_COLLISION">TOP_BOTTOM_COLLISION</A></B></CODE>

<BR>
&nbsp;&nbsp;&nbsp;&nbsp;&nbsp;&nbsp;&nbsp;&nbsp;&nbsp;&nbsp;Indicates the collision side of the collided sprites is
 the top of first sprite againts the bottom of other sprite.</TD>
</TR>
</TABLE>
&nbsp;<A NAME="fields_inherited_from_class_com.golden.gamedev.object.collision.BasicCollisionGroup"><!-- --></A>
<TABLE BORDER="1" WIDTH="100%" CELLPADDING="3" CELLSPACING="0" SUMMARY="">
<TR BGCOLOR="#EEEEFF" CLASS="TableSubHeadingColor">
<TH ALIGN="left"><B>Fields inherited from class com.golden.gamedev.object.collision.<A HREF="../../../../../com/golden/gamedev/object/collision/BasicCollisionGroup.html" title="class in com.golden.gamedev.object.collision">BasicCollisionGroup</A></B></TH>
</TR>
<TR BGCOLOR="white" CLASS="TableRowColor">
<TD><CODE><A HREF="../../../../../com/golden/gamedev/object/collision/BasicCollisionGroup.html#pixelPerfectCollision">pixelPerfectCollision</A>, <A HREF="../../../../../com/golden/gamedev/object/collision/BasicCollisionGroup.html#rect1">rect1</A>, <A HREF="../../../../../com/golden/gamedev/object/collision/BasicCollisionGroup.html#rect2">rect2</A></CODE></TD>
</TR>
</TABLE>
&nbsp;
<!-- ======== CONSTRUCTOR SUMMARY ======== -->

<A NAME="constructor_summary"><!-- --></A>
<TABLE BORDER="1" WIDTH="100%" CELLPADDING="3" CELLSPACING="0" SUMMARY="">
<TR BGCOLOR="#CCCCFF" CLASS="TableHeadingColor">
<TH ALIGN="left" COLSPAN="2"><FONT SIZE="+2">
<B>Constructor Summary</B></FONT></TH>
</TR>
<TR BGCOLOR="white" CLASS="TableRowColor">
<TD><CODE><B><A HREF="../../../../../com/golden/gamedev/object/collision/CollisionGroup.html#CollisionGroup()">CollisionGroup</A></B>()</CODE>

<BR>
&nbsp;&nbsp;&nbsp;&nbsp;&nbsp;&nbsp;&nbsp;&nbsp;&nbsp;&nbsp;Creates new <code>CollisionGroup</code>.</TD>
</TR>
</TABLE>
&nbsp;
<!-- ========== METHOD SUMMARY =========== -->

<A NAME="method_summary"><!-- --></A>
<TABLE BORDER="1" WIDTH="100%" CELLPADDING="3" CELLSPACING="0" SUMMARY="">
<TR BGCOLOR="#CCCCFF" CLASS="TableHeadingColor">
<TH ALIGN="left" COLSPAN="2"><FONT SIZE="+2">
<B>Method Summary</B></FONT></TH>
</TR>
<TR BGCOLOR="white" CLASS="TableRowColor">
<TD ALIGN="right" VALIGN="top" WIDTH="1%"><FONT SIZE="-1">
<CODE>&nbsp;int</CODE></FONT></TD>
<TD><CODE><B><A HREF="../../../../../com/golden/gamedev/object/collision/CollisionGroup.html#getCollisionSide()">getCollisionSide</A></B>()</CODE>

<BR>
&nbsp;&nbsp;&nbsp;&nbsp;&nbsp;&nbsp;&nbsp;&nbsp;&nbsp;&nbsp;Returns collision side of current collision.</TD>
</TR>
<TR BGCOLOR="white" CLASS="TableRowColor">
<TD ALIGN="right" VALIGN="top" WIDTH="1%"><FONT SIZE="-1">
<CODE>&nbsp;<A HREF="../../../../../com/golden/gamedev/object/Sprite.html" title="class in com.golden.gamedev.object">Sprite</A></CODE></FONT></TD>
<TD><CODE><B><A HREF="../../../../../com/golden/gamedev/object/collision/CollisionGroup.html#getSprite1()">getSprite1</A></B>()</CODE>

<BR>
&nbsp;&nbsp;&nbsp;&nbsp;&nbsp;&nbsp;&nbsp;&nbsp;&nbsp;&nbsp;Returns the sprite of current collision from group 1.</TD>
</TR>
<TR BGCOLOR="white" CLASS="TableRowColor">
<TD ALIGN="right" VALIGN="top" WIDTH="1%"><FONT SIZE="-1">
<CODE>&nbsp;<A HREF="../../../../../com/golden/gamedev/object/Sprite.html" title="class in com.golden.gamedev.object">Sprite</A></CODE></FONT></TD>
<TD><CODE><B><A HREF="../../../../../com/golden/gamedev/object/collision/CollisionGroup.html#getSprite2()">getSprite2</A></B>()</CODE>

<BR>
&nbsp;&nbsp;&nbsp;&nbsp;&nbsp;&nbsp;&nbsp;&nbsp;&nbsp;&nbsp;Returns the sprite of current collision from group 2.</TD>
</TR>
<TR BGCOLOR="white" CLASS="TableRowColor">
<TD ALIGN="right" VALIGN="top" WIDTH="1%"><FONT SIZE="-1">
<CODE>&nbsp;boolean</CODE></FONT></TD>
<TD><CODE><B><A HREF="../../../../../com/golden/gamedev/object/collision/CollisionGroup.html#isCollide(com.golden.gamedev.object.Sprite, com.golden.gamedev.object.Sprite, com.golden.gamedev.object.collision.CollisionShape, com.golden.gamedev.object.collision.CollisionShape)">isCollide</A></B>(<A HREF="../../../../../com/golden/gamedev/object/Sprite.html" title="class in com.golden.gamedev.object">Sprite</A>&nbsp;s1,
          <A HREF="../../../../../com/golden/gamedev/object/Sprite.html" title="class in com.golden.gamedev.object">Sprite</A>&nbsp;s2,
          <A HREF="../../../../../com/golden/gamedev/object/collision/CollisionShape.html" title="interface in com.golden.gamedev.object.collision">CollisionShape</A>&nbsp;shape1,
          <A HREF="../../../../../com/golden/gamedev/object/collision/CollisionShape.html" title="interface in com.golden.gamedev.object.collision">CollisionShape</A>&nbsp;shape2)</CODE>

<BR>
&nbsp;&nbsp;&nbsp;&nbsp;&nbsp;&nbsp;&nbsp;&nbsp;&nbsp;&nbsp;Performs collision check between Sprite <code>s1</code> and
 Sprite <code>s2</code>, and returns true if the sprites
 (<code>shape1</code>, <code>shape2</code>) is collided.</TD>
</TR>
<TR BGCOLOR="white" CLASS="TableRowColor">
<TD ALIGN="right" VALIGN="top" WIDTH="1%"><FONT SIZE="-1">
<CODE>&nbsp;void</CODE></FONT></TD>
<TD><CODE><B><A HREF="../../../../../com/golden/gamedev/object/collision/CollisionGroup.html#printCollisionSide()">printCollisionSide</A></B>()</CODE>

<BR>
&nbsp;&nbsp;&nbsp;&nbsp;&nbsp;&nbsp;&nbsp;&nbsp;&nbsp;&nbsp;Prints collision side of current collision to console (for debugging).</TD>
</TR>
<TR BGCOLOR="white" CLASS="TableRowColor">
<TD ALIGN="right" VALIGN="top" WIDTH="1%"><FONT SIZE="-1">
<CODE>&nbsp;void</CODE></FONT></TD>
<TD><CODE><B><A HREF="../../../../../com/golden/gamedev/object/collision/CollisionGroup.html#revertPosition1()">revertPosition1</A></B>()</CODE>

<BR>
&nbsp;&nbsp;&nbsp;&nbsp;&nbsp;&nbsp;&nbsp;&nbsp;&nbsp;&nbsp;Reverts sprite 1 position before the collision occured.</TD>
</TR>
<TR BGCOLOR="white" CLASS="TableRowColor">
<TD ALIGN="right" VALIGN="top" WIDTH="1%"><FONT SIZE="-1">
<CODE>&nbsp;void</CODE></FONT></TD>
<TD><CODE><B><A HREF="../../../../../com/golden/gamedev/object/collision/CollisionGroup.html#revertPosition2()">revertPosition2</A></B>()</CODE>

<BR>
&nbsp;&nbsp;&nbsp;&nbsp;&nbsp;&nbsp;&nbsp;&nbsp;&nbsp;&nbsp;Reverts sprite 2 position before the collision occured.</TD>
</TR>
</TABLE>
&nbsp;<A NAME="methods_inherited_from_class_com.golden.gamedev.object.collision.BasicCollisionGroup"><!-- --></A>
<TABLE BORDER="1" WIDTH="100%" CELLPADDING="3" CELLSPACING="0" SUMMARY="">
<TR BGCOLOR="#EEEEFF" CLASS="TableSubHeadingColor">
<TH ALIGN="left"><B>Methods inherited from class com.golden.gamedev.object.collision.<A HREF="../../../../../com/golden/gamedev/object/collision/BasicCollisionGroup.html" title="class in com.golden.gamedev.object.collision">BasicCollisionGroup</A></B></TH>
</TR>
<TR BGCOLOR="white" CLASS="TableRowColor">
<TD><CODE><A HREF="../../../../../com/golden/gamedev/object/collision/BasicCollisionGroup.html#checkCollision()">checkCollision</A>, <A HREF="../../../../../com/golden/gamedev/object/collision/BasicCollisionGroup.html#collided(com.golden.gamedev.object.Sprite, com.golden.gamedev.object.Sprite)">collided</A>, <A HREF="../../../../../com/golden/gamedev/object/collision/BasicCollisionGroup.html#getCollisionShape1(com.golden.gamedev.object.Sprite)">getCollisionShape1</A>, <A HREF="../../../../../com/golden/gamedev/object/collision/BasicCollisionGroup.html#getCollisionShape2(com.golden.gamedev.object.Sprite)">getCollisionShape2</A></CODE></TD>
</TR>
</TABLE>
&nbsp;<A NAME="methods_inherited_from_class_com.golden.gamedev.object.CollisionManager"><!-- --></A>
<TABLE BORDER="1" WIDTH="100%" CELLPADDING="3" CELLSPACING="0" SUMMARY="">
<TR BGCOLOR="#EEEEFF" CLASS="TableSubHeadingColor">
<TH ALIGN="left"><B>Methods inherited from class com.golden.gamedev.object.<A HREF="../../../../../com/golden/gamedev/object/CollisionManager.html" title="class in com.golden.gamedev.object">CollisionManager</A></B></TH>
</TR>
<TR BGCOLOR="white" CLASS="TableRowColor">
<TD><CODE><A HREF="../../../../../com/golden/gamedev/object/CollisionManager.html#getGroup1()">getGroup1</A>, <A HREF="../../../../../com/golden/gamedev/object/CollisionManager.html#getGroup2()">getGroup2</A>, <A HREF="../../../../../com/golden/gamedev/object/CollisionManager.html#getIntersectionRect(double, double, int, int, double, double, int, int)">getIntersectionRect</A>, <A HREF="../../../../../com/golden/gamedev/object/CollisionManager.html#isActive()">isActive</A>, <A HREF="../../../../../com/golden/gamedev/object/CollisionManager.html#isPixelCollide(double, double, java.awt.image.BufferedImage, double, double, java.awt.image.BufferedImage)">isPixelCollide</A>, <A HREF="../../../../../com/golden/gamedev/object/CollisionManager.html#setActive(boolean)">setActive</A>, <A HREF="../../../../../com/golden/gamedev/object/CollisionManager.html#setCollisionGroup(com.golden.gamedev.object.SpriteGroup, com.golden.gamedev.object.SpriteGroup)">setCollisionGroup</A></CODE></TD>
</TR>
</TABLE>
&nbsp;<A NAME="methods_inherited_from_class_java.lang.Object"><!-- --></A>
<TABLE BORDER="1" WIDTH="100%" CELLPADDING="3" CELLSPACING="0" SUMMARY="">
<TR BGCOLOR="#EEEEFF" CLASS="TableSubHeadingColor">
<TH ALIGN="left"><B>Methods inherited from class java.lang.<A HREF="http://java.sun.com/j2se/1.4/docs/api/java/lang/Object.html" title="class or interface in java.lang">Object</A></B></TH>
</TR>
<TR BGCOLOR="white" CLASS="TableRowColor">
<TD><CODE><A HREF="http://java.sun.com/j2se/1.4/docs/api/java/lang/Object.html#clone()" title="class or interface in java.lang">clone</A>, <A HREF="http://java.sun.com/j2se/1.4/docs/api/java/lang/Object.html#equals(java.lang.Object)" title="class or interface in java.lang">equals</A>, <A HREF="http://java.sun.com/j2se/1.4/docs/api/java/lang/Object.html#finalize()" title="class or interface in java.lang">finalize</A>, <A HREF="http://java.sun.com/j2se/1.4/docs/api/java/lang/Object.html#getClass()" title="class or interface in java.lang">getClass</A>, <A HREF="http://java.sun.com/j2se/1.4/docs/api/java/lang/Object.html#hashCode()" title="class or interface in java.lang">hashCode</A>, <A HREF="http://java.sun.com/j2se/1.4/docs/api/java/lang/Object.html#notify()" title="class or interface in java.lang">notify</A>, <A HREF="http://java.sun.com/j2se/1.4/docs/api/java/lang/Object.html#notifyAll()" title="class or interface in java.lang">notifyAll</A>, <A HREF="http://java.sun.com/j2se/1.4/docs/api/java/lang/Object.html#toString()" title="class or interface in java.lang">toString</A>, <A HREF="http://java.sun.com/j2se/1.4/docs/api/java/lang/Object.html#wait()" title="class or interface in java.lang">wait</A>, <A HREF="http://java.sun.com/j2se/1.4/docs/api/java/lang/Object.html#wait(long)" title="class or interface in java.lang">wait</A>, <A HREF="http://java.sun.com/j2se/1.4/docs/api/java/lang/Object.html#wait(long, int)" title="class or interface in java.lang">wait</A></CODE></TD>
</TR>
</TABLE>
&nbsp;
<P>

<!-- ============ FIELD DETAIL =========== -->

<A NAME="field_detail"><!-- --></A>
<TABLE BORDER="1" WIDTH="100%" CELLPADDING="3" CELLSPACING="0" SUMMARY="">
<TR BGCOLOR="#CCCCFF" CLASS="TableHeadingColor">
<TH ALIGN="left" COLSPAN="1"><FONT SIZE="+2">
<B>Field Detail</B></FONT></TH>
</TR>
</TABLE>

<A NAME="LEFT_RIGHT_COLLISION"><!-- --></A><H3>
LEFT_RIGHT_COLLISION</H3>
<PRE>
public static final int <B>LEFT_RIGHT_COLLISION</B></PRE>
<DL>
<DD>Indicates the collision side of the collided sprites is
 the left of first sprite againts the right of other sprite.
<P>
<DL>
<DT><B>See Also:</B><DD><A HREF="../../../../../constant-values.html#com.golden.gamedev.object.collision.CollisionGroup.LEFT_RIGHT_COLLISION">Constant Field Values</A></DL>
</DL>
<HR>

<A NAME="RIGHT_LEFT_COLLISION"><!-- --></A><H3>
RIGHT_LEFT_COLLISION</H3>
<PRE>
public static final int <B>RIGHT_LEFT_COLLISION</B></PRE>
<DL>
<DD>Indicates the collision side of the collided sprites is
 the right of first sprite againts the left of other sprite.
<P>
<DL>
<DT><B>See Also:</B><DD><A HREF="../../../../../constant-values.html#com.golden.gamedev.object.collision.CollisionGroup.RIGHT_LEFT_COLLISION">Constant Field Values</A></DL>
</DL>
<HR>

<A NAME="TOP_BOTTOM_COLLISION"><!-- --></A><H3>
TOP_BOTTOM_COLLISION</H3>
<PRE>
public static final int <B>TOP_BOTTOM_COLLISION</B></PRE>
<DL>
<DD>Indicates the collision side of the collided sprites is
 the top of first sprite againts the bottom of other sprite.
<P>
<DL>
<DT><B>See Also:</B><DD><A HREF="../../../../../constant-values.html#com.golden.gamedev.object.collision.CollisionGroup.TOP_BOTTOM_COLLISION">Constant Field Values</A></DL>
</DL>
<HR>

<A NAME="BOTTOM_TOP_COLLISION"><!-- --></A><H3>
BOTTOM_TOP_COLLISION</H3>
<PRE>
public static final int <B>BOTTOM_TOP_COLLISION</B></PRE>
<DL>
<DD>Indicates the collision side of the collided sprites is
 the bottom of first sprite againts the top of other sprite.
<P>
<DL>
<DT><B>See Also:</B><DD><A HREF="../../../../../constant-values.html#com.golden.gamedev.object.collision.CollisionGroup.BOTTOM_TOP_COLLISION">Constant Field Values</A></DL>
</DL>
<HR>

<A NAME="sprite1"><!-- --></A><H3>
sprite1</H3>
<PRE>
protected <A HREF="../../../../../com/golden/gamedev/object/Sprite.html" title="class in com.golden.gamedev.object">Sprite</A> <B>sprite1</B></PRE>
<DL>
<DD>The sprite from group 1 in current collision.
<P>
<DL>
</DL>
</DL>
<HR>

<A NAME="sprite2"><!-- --></A><H3>
sprite2</H3>
<PRE>
protected <A HREF="../../../../../com/golden/gamedev/object/Sprite.html" title="class in com.golden.gamedev.object">Sprite</A> <B>sprite2</B></PRE>
<DL>
<DD>The sprite from group 2 in current collision.
<P>
<DL>
</DL>
</DL>
<HR>

<A NAME="collisionSide"><!-- --></A><H3>
collisionSide</H3>
<PRE>
protected int <B>collisionSide</B></PRE>
<DL>
<DD>The collision side of current collision.
<P>
<DL>
</DL>
</DL>
<HR>

<A NAME="collisionX1"><!-- --></A><H3>
collisionX1</H3>
<PRE>
protected double <B>collisionX1</B></PRE>
<DL>
<DD>The <code>x</code> return coordinate of sprite in group 1 in current collision.
<P>
<DL>
</DL>
</DL>
<HR>

<A NAME="collisionY1"><!-- --></A><H3>
collisionY1</H3>
<PRE>
protected double <B>collisionY1</B></PRE>
<DL>
<DD>The <code>y</code> return coordinate of sprite in group 1 in current collision.
<P>
<DL>
</DL>
</DL>
<HR>

<A NAME="collisionX2"><!-- --></A><H3>
collisionX2</H3>
<PRE>
protected double <B>collisionX2</B></PRE>
<DL>
<DD>The <code>x</code> return coordinate of sprite in group 2 in current collision.
<P>
<DL>
</DL>
</DL>
<HR>

<A NAME="collisionY2"><!-- --></A><H3>
collisionY2</H3>
<PRE>
protected double <B>collisionY2</B></PRE>
<DL>
<DD>The <code>y</code> return coordinate of sprite in group 2 in current collision.
<P>
<DL>
</DL>
</DL>

<!-- ========= CONSTRUCTOR DETAIL ======== -->

<A NAME="constructor_detail"><!-- --></A>
<TABLE BORDER="1" WIDTH="100%" CELLPADDING="3" CELLSPACING="0" SUMMARY="">
<TR BGCOLOR="#CCCCFF" CLASS="TableHeadingColor">
<TH ALIGN="left" COLSPAN="1"><FONT SIZE="+2">
<B>Constructor Detail</B></FONT></TH>
</TR>
</TABLE>

<A NAME="CollisionGroup()"><!-- --></A><H3>
CollisionGroup</H3>
<PRE>
public <B>CollisionGroup</B>()</PRE>
<DL>
<DD>Creates new <code>CollisionGroup</code>.
<P>
</DL>

<!-- ============ METHOD DETAIL ========== -->

<A NAME="method_detail"><!-- --></A>
<TABLE BORDER="1" WIDTH="100%" CELLPADDING="3" CELLSPACING="0" SUMMARY="">
<TR BGCOLOR="#CCCCFF" CLASS="TableHeadingColor">
<TH ALIGN="left" COLSPAN="1"><FONT SIZE="+2">
<B>Method Detail</B></FONT></TH>
</TR>
</TABLE>

<A NAME="isCollide(com.golden.gamedev.object.Sprite, com.golden.gamedev.object.Sprite, com.golden.gamedev.object.collision.CollisionShape, com.golden.gamedev.object.collision.CollisionShape)"><!-- --></A><H3>
isCollide</H3>
<PRE>
public boolean <B>isCollide</B>(<A HREF="../../../../../com/golden/gamedev/object/Sprite.html" title="class in com.golden.gamedev.object">Sprite</A>&nbsp;s1,
                         <A HREF="../../../../../com/golden/gamedev/object/Sprite.html" title="class in com.golden.gamedev.object">Sprite</A>&nbsp;s2,
                         <A HREF="../../../../../com/golden/gamedev/object/collision/CollisionShape.html" title="interface in com.golden.gamedev.object.collision">CollisionShape</A>&nbsp;shape1,
                         <A HREF="../../../../../com/golden/gamedev/object/collision/CollisionShape.html" title="interface in com.golden.gamedev.object.collision">CollisionShape</A>&nbsp;shape2)</PRE>
<DL>
<DD>Performs collision check between Sprite <code>s1</code> and
 Sprite <code>s2</code>, and returns true if the sprites
 (<code>shape1</code>, <code>shape2</code>) is collided. <p>

 This method is responsible to take care all collision events,
 such as the <A HREF="../../../../../com/golden/gamedev/object/collision/CollisionGroup.html#sprite1">collided sprite</A>
 (in this case <code>s1</code> and <code>s2</code>),
 the <A HREF="../../../../../com/golden/gamedev/object/collision/CollisionGroup.html#collisionSide">collision side</A>,
 position where collision actually occured
 (<A HREF="../../../../../com/golden/gamedev/object/collision/CollisionGroup.html#collisionX1">collisionX1</A>,
 <A HREF="../../../../../com/golden/gamedev/object/collision/CollisionGroup.html#collisionY1">collisionY1</A>). <p>

 The collision information is used to return the collided sprite
 using <A HREF="../../../../../com/golden/gamedev/object/collision/CollisionGroup.html#revertPosition1()"><CODE>revertPosition1()</CODE></A> and <A HREF="../../../../../com/golden/gamedev/object/collision/CollisionGroup.html#revertPosition2()"><CODE>revertPosition2()</CODE></A> method.
 Therefore if the given information is wrong,
 those two methods will behave unpredictable.

 Note: this method do not check active state of the sprites. <p>
<P>
<DD><DL>
<DT><B>Overrides:</B><DD><CODE><A HREF="../../../../../com/golden/gamedev/object/collision/BasicCollisionGroup.html#isCollide(com.golden.gamedev.object.Sprite, com.golden.gamedev.object.Sprite, com.golden.gamedev.object.collision.CollisionShape, com.golden.gamedev.object.collision.CollisionShape)">isCollide</A></CODE> in class <CODE><A HREF="../../../../../com/golden/gamedev/object/collision/BasicCollisionGroup.html" title="class in com.golden.gamedev.object.collision">BasicCollisionGroup</A></CODE></DL>
</DD>
<DD><DL>
<DT><B>Parameters:</B><DD><CODE>s1</CODE> - sprite from group 1<DD><CODE>s2</CODE> - sprite from group 2<DD><CODE>shape1</CODE> - bounding box of sprite 1<DD><CODE>shape2</CODE> - bounding box of sprite 2
<DT><B>Returns:</B><DD>true, if the sprites is collided one another.<DT><B>See Also:</B><DD><A HREF="../../../../../com/golden/gamedev/object/collision/CollisionGroup.html#collisionSide"><CODE>collisionSide</CODE></A>, 
<A HREF="../../../../../com/golden/gamedev/object/collision/CollisionGroup.html#sprite1"><CODE>sprite1</CODE></A>, 
<A HREF="../../../../../com/golden/gamedev/object/collision/CollisionGroup.html#collisionX1"><CODE>collisionX1</CODE></A>, 
<A HREF="../../../../../com/golden/gamedev/object/collision/CollisionGroup.html#collisionY1"><CODE>collisionY1</CODE></A>, 
<A HREF="../../../../../com/golden/gamedev/object/collision/CollisionGroup.html#revertPosition1()"><CODE>revertPosition1()</CODE></A></DL>
</DD>
</DL>
<HR>

<A NAME="revertPosition1()"><!-- --></A><H3>
revertPosition1</H3>
<PRE>
public void <B>revertPosition1</B>()</PRE>
<DL>
<DD>Reverts sprite 1 position before the collision occured.
<P>
<DD><DL>
</DL>
</DD>
</DL>
<HR>

<A NAME="revertPosition2()"><!-- --></A><H3>
revertPosition2</H3>
<PRE>
public void <B>revertPosition2</B>()</PRE>
<DL>
<DD>Reverts sprite 2 position before the collision occured.
<P>
<DD><DL>
</DL>
</DD>
</DL>
<HR>

<A NAME="getSprite1()"><!-- --></A><H3>
getSprite1</H3>
<PRE>
public <A HREF="../../../../../com/golden/gamedev/object/Sprite.html" title="class in com.golden.gamedev.object">Sprite</A> <B>getSprite1</B>()</PRE>
<DL>
<DD>Returns the sprite of current collision from group 1.
<P>
<DD><DL>
</DL>
</DD>
</DL>
<HR>

<A NAME="getSprite2()"><!-- --></A><H3>
getSprite2</H3>
<PRE>
public <A HREF="../../../../../com/golden/gamedev/object/Sprite.html" title="class in com.golden.gamedev.object">Sprite</A> <B>getSprite2</B>()</PRE>
<DL>
<DD>Returns the sprite of current collision from group 2.
<P>
<DD><DL>
</DL>
</DD>
</DL>
<HR>

<A NAME="getCollisionSide()"><!-- --></A><H3>
getCollisionSide</H3>
<PRE>
public int <B>getCollisionSide</B>()</PRE>
<DL>
<DD>Returns collision side of current collision.
<P>
<DD><DL>
</DL>
</DD>
</DL>
<HR>

<A NAME="printCollisionSide()"><!-- --></A><H3>
printCollisionSide</H3>
<PRE>
public void <B>printCollisionSide</B>()</PRE>
<DL>
<DD>Prints collision side of current collision to console (for debugging).
<P>
<DD><DL>
</DL>
</DD>
</DL>
<!-- ========= END OF CLASS DATA ========= -->
<HR>


<!-- ======= START OF BOTTOM NAVBAR ====== -->
<A NAME="navbar_bottom"><!-- --></A>
<A HREF="#skip-navbar_bottom" title="Skip navigation links"></A>
<TABLE BORDER="0" WIDTH="100%" CELLPADDING="1" CELLSPACING="0" SUMMARY="">
<TR>
<TD COLSPAN=2 BGCOLOR="#EEEEFF" CLASS="NavBarCell1">
<A NAME="navbar_bottom_firstrow"><!-- --></A>
<TABLE BORDER="0" CELLPADDING="0" CELLSPACING="3" SUMMARY="">
  <TR ALIGN="center" VALIGN="top">
  <TD BGCOLOR="#EEEEFF" CLASS="NavBarCell1">    <A HREF="../../../../../overview-summary.html"><FONT CLASS="NavBarFont1"><B>Overview</B></FONT></A>&nbsp;</TD>
  <TD BGCOLOR="#EEEEFF" CLASS="NavBarCell1">    <A HREF="package-summary.html"><FONT CLASS="NavBarFont1"><B>Package</B></FONT></A>&nbsp;</TD>
  <TD BGCOLOR="#FFFFFF" CLASS="NavBarCell1Rev"> &nbsp;<FONT CLASS="NavBarFont1Rev"><B>Class</B></FONT>&nbsp;</TD>
  <TD BGCOLOR="#EEEEFF" CLASS="NavBarCell1">    <A HREF="class-use/CollisionGroup.html"><FONT CLASS="NavBarFont1"><B>Use</B></FONT></A>&nbsp;</TD>
  <TD BGCOLOR="#EEEEFF" CLASS="NavBarCell1">    <A HREF="package-tree.html"><FONT CLASS="NavBarFont1"><B>Tree</B></FONT></A>&nbsp;</TD>
  <TD BGCOLOR="#EEEEFF" CLASS="NavBarCell1">    <A HREF="../../../../../index-all.html"><FONT CLASS="NavBarFont1"><B>Index</B></FONT></A>&nbsp;</TD>
  <TD BGCOLOR="#EEEEFF" CLASS="NavBarCell1">    <A HREF="../../../../../help-doc.html"><FONT CLASS="NavBarFont1"><B>Help</B></FONT></A>&nbsp;</TD>
  </TR>
</TABLE>
</TD>
<TD ALIGN="right" VALIGN="top" ROWSPAN=3><EM>
<b>GTGE API</b></EM>
</TD>
</TR>

<TR>
<TD BGCOLOR="white" CLASS="NavBarCell2"><FONT SIZE="-2">
&nbsp;<A HREF="../../../../../com/golden/gamedev/object/collision/CollisionBounds.html" title="class in com.golden.gamedev.object.collision"><B>PREV CLASS</B></A>&nbsp;
&nbsp;<A HREF="../../../../../com/golden/gamedev/object/collision/CollisionRect.html" title="class in com.golden.gamedev.object.collision"><B>NEXT CLASS</B></A></FONT></TD>
<TD BGCOLOR="white" CLASS="NavBarCell2"><FONT SIZE="-2">
  <A HREF="../../../../../index.html?com/golden/gamedev/object/collision/CollisionGroup.html" target="_top"><B>FRAMES</B></A>  &nbsp;
&nbsp;<A HREF="CollisionGroup.html" target="_top"><B>NO FRAMES</B></A>  &nbsp;
&nbsp;<SCRIPT type="text/javascript">
  <!--
  if(window==top) {
    document.writeln('<A HREF="../../../../../allclasses-noframe.html"><B>All Classes</B></A>');
  }
  //-->
</SCRIPT>
<NOSCRIPT>
  <A HREF="../../../../../allclasses-noframe.html"><B>All Classes</B></A>
</NOSCRIPT>


</FONT></TD>
</TR>
<TR>
<TD VALIGN="top" CLASS="NavBarCell3"><FONT SIZE="-2">
  SUMMARY:&nbsp;NESTED&nbsp;|&nbsp;<A HREF="#field_summary">FIELD</A>&nbsp;|&nbsp;<A HREF="#constructor_summary">CONSTR</A>&nbsp;|&nbsp;<A HREF="#method_summary">METHOD</A></FONT></TD>
<TD VALIGN="top" CLASS="NavBarCell3"><FONT SIZE="-2">
DETAIL:&nbsp;<A HREF="#field_detail">FIELD</A>&nbsp;|&nbsp;<A HREF="#constructor_detail">CONSTR</A>&nbsp;|&nbsp;<A HREF="#method_detail">METHOD</A></FONT></TD>
</TR>
</TABLE>
<A NAME="skip-navbar_bottom"></A>
<!-- ======== END OF BOTTOM NAVBAR ======= -->

<HR>
<i>Copyright &copy; 2003-2005 Golden T Studios. All rights reserved. Use is subject to <a href=http://creativecommons.org/licenses/by/2.0/>license terms<a/>.<br><a target=_blank href=http://www.goldenstudios.or.id/>GoldenStudios.or.id</a></i>
</BODY>
</HTML>
