<!DOCTYPE HTML PUBLIC "-//W3C//DTD HTML 4.01 Transitional//EN" "http://www.w3.org/TR/html4/loose.dtd">
<!--NewPage-->
<HTML>
<HEAD>
<!-- Generated by javadoc (build 1.5.0_01) on Sun Jul 03 07:12:32 ICT 2005 -->
<TITLE>
CollisionShape (GTGE API v0.2.3)
</TITLE>

<META NAME="keywords" CONTENT="com.golden.gamedev.object.collision.CollisionShape interface">

<LINK REL ="stylesheet" TYPE="text/css" HREF="../../../../../stylesheet.css" TITLE="Style">

<SCRIPT type="text/javascript">
function windowTitle()
{
    parent.document.title="CollisionShape (GTGE API v0.2.3)";
}
</SCRIPT>
<NOSCRIPT>
</NOSCRIPT>

</HEAD>

<BODY BGCOLOR="white" onload="windowTitle();">


<!-- ========= START OF TOP NAVBAR ======= -->
<A NAME="navbar_top"><!-- --></A>
<A HREF="#skip-navbar_top" title="Skip navigation links"></A>
<TABLE BORDER="0" WIDTH="100%" CELLPADDING="1" CELLSPACING="0" SUMMARY="">
<TR>
<TD COLSPAN=2 BGCOLOR="#EEEEFF" CLASS="NavBarCell1">
<A NAME="navbar_top_firstrow"><!-- --></A>
<TABLE BORDER="0" CELLPADDING="0" CELLSPACING="3" SUMMARY="">
  <TR ALIGN="center" VALIGN="top">
  <TD BGCOLOR="#EEEEFF" CLASS="NavBarCell1">    <A HREF="../../../../../overview-summary.html"><FONT CLASS="NavBarFont1"><B>Overview</B></FONT></A>&nbsp;</TD>
  <TD BGCOLOR="#EEEEFF" CLASS="NavBarCell1">    <A HREF="package-summary.html"><FONT CLASS="NavBarFont1"><B>Package</B></FONT></A>&nbsp;</TD>
  <TD BGCOLOR="#FFFFFF" CLASS="NavBarCell1Rev"> &nbsp;<FONT CLASS="NavBarFont1Rev"><B>Class</B></FONT>&nbsp;</TD>
  <TD BGCOLOR="#EEEEFF" CLASS="NavBarCell1">    <A HREF="class-use/CollisionShape.html"><FONT CLASS="NavBarFont1"><B>Use</B></FONT></A>&nbsp;</TD>
  <TD BGCOLOR="#EEEEFF" CLASS="NavBarCell1">    <A HREF="package-tree.html"><FONT CLASS="NavBarFont1"><B>Tree</B></FONT></A>&nbsp;</TD>
  <TD BGCOLOR="#EEEEFF" CLASS="NavBarCell1">    <A HREF="../../../../../index-all.html"><FONT CLASS="NavBarFont1"><B>Index</B></FONT></A>&nbsp;</TD>
  <TD BGCOLOR="#EEEEFF" CLASS="NavBarCell1">    <A HREF="../../../../../help-doc.html"><FONT CLASS="NavBarFont1"><B>Help</B></FONT></A>&nbsp;</TD>
  </TR>
</TABLE>
</TD>
<TD ALIGN="right" VALIGN="top" ROWSPAN=3><EM>
<b>GTGE API</b></EM>
</TD>
</TR>

<TR>
<TD BGCOLOR="white" CLASS="NavBarCell2"><FONT SIZE="-2">
&nbsp;<A HREF="../../../../../com/golden/gamedev/object/collision/CollisionRect.html" title="class in com.golden.gamedev.object.collision"><B>PREV CLASS</B></A>&nbsp;
&nbsp;<A HREF="../../../../../com/golden/gamedev/object/collision/PreciseCollisionGroup.html" title="class in com.golden.gamedev.object.collision"><B>NEXT CLASS</B></A></FONT></TD>
<TD BGCOLOR="white" CLASS="NavBarCell2"><FONT SIZE="-2">
  <A HREF="../../../../../index.html?com/golden/gamedev/object/collision/CollisionShape.html" target="_top"><B>FRAMES</B></A>  &nbsp;
&nbsp;<A HREF="CollisionShape.html" target="_top"><B>NO FRAMES</B></A>  &nbsp;
&nbsp;<SCRIPT type="text/javascript">
  <!--
  if(window==top) {
    document.writeln('<A HREF="../../../../../allclasses-noframe.html"><B>All Classes</B></A>');
  }
  //-->
</SCRIPT>
<NOSCRIPT>
  <A HREF="../../../../../allclasses-noframe.html"><B>All Classes</B></A>
</NOSCRIPT>


</FONT></TD>
</TR>
<TR>
<TD VALIGN="top" CLASS="NavBarCell3"><FONT SIZE="-2">
  SUMMARY:&nbsp;NESTED&nbsp;|&nbsp;FIELD&nbsp;|&nbsp;CONSTR&nbsp;|&nbsp;<A HREF="#method_summary">METHOD</A></FONT></TD>
<TD VALIGN="top" CLASS="NavBarCell3"><FONT SIZE="-2">
DETAIL:&nbsp;FIELD&nbsp;|&nbsp;CONSTR&nbsp;|&nbsp;<A HREF="#method_detail">METHOD</A></FONT></TD>
</TR>
</TABLE>
<A NAME="skip-navbar_top"></A>
<!-- ========= END OF TOP NAVBAR ========= -->

<HR>
<!-- ======== START OF CLASS DATA ======== -->
<H2>
<FONT SIZE="-1">
com.golden.gamedev.object.collision</FONT>
<BR>
Interface CollisionShape</H2>
<DL>
<DT><B>All Known Implementing Classes:</B> <DD><A HREF="../../../../../com/golden/gamedev/object/collision/CollisionRect.html" title="class in com.golden.gamedev.object.collision">CollisionRect</A></DD>
</DL>
<HR>
<DL>
<DT><PRE>public interface <B>CollisionShape</B></DL>
</PRE>

<P>
<code>CollisionShape</code> interface represents a form of geometric shape
 that behave as sprite collision area. <code>CollisionShape</code> is able to
 determine whether its area is intersected with another collision shape area. <p>

 This interface that play the role to determine whether two sprites are
 collided to each other or not using <code>CollisionShape</code>
 <A HREF="../../../../../com/golden/gamedev/object/collision/CollisionShape.html#intersects(com.golden.gamedev.object.collision.CollisionShape)">intersects(CollisionShape)</A> method.
<P>

<P>
<HR>

<P>

<!-- ========== METHOD SUMMARY =========== -->

<A NAME="method_summary"><!-- --></A>
<TABLE BORDER="1" WIDTH="100%" CELLPADDING="3" CELLSPACING="0" SUMMARY="">
<TR BGCOLOR="#CCCCFF" CLASS="TableHeadingColor">
<TH ALIGN="left" COLSPAN="2"><FONT SIZE="+2">
<B>Method Summary</B></FONT></TH>
</TR>
<TR BGCOLOR="white" CLASS="TableRowColor">
<TD ALIGN="right" VALIGN="top" WIDTH="1%"><FONT SIZE="-1">
<CODE>&nbsp;int</CODE></FONT></TD>
<TD><CODE><B><A HREF="../../../../../com/golden/gamedev/object/collision/CollisionShape.html#getHeight()">getHeight</A></B>()</CODE>

<BR>
&nbsp;&nbsp;&nbsp;&nbsp;&nbsp;&nbsp;&nbsp;&nbsp;&nbsp;&nbsp;Returns the height of this collision shape.</TD>
</TR>
<TR BGCOLOR="white" CLASS="TableRowColor">
<TD ALIGN="right" VALIGN="top" WIDTH="1%"><FONT SIZE="-1">
<CODE>&nbsp;int</CODE></FONT></TD>
<TD><CODE><B><A HREF="../../../../../com/golden/gamedev/object/collision/CollisionShape.html#getWidth()">getWidth</A></B>()</CODE>

<BR>
&nbsp;&nbsp;&nbsp;&nbsp;&nbsp;&nbsp;&nbsp;&nbsp;&nbsp;&nbsp;Returns the width of this collision shape.</TD>
</TR>
<TR BGCOLOR="white" CLASS="TableRowColor">
<TD ALIGN="right" VALIGN="top" WIDTH="1%"><FONT SIZE="-1">
<CODE>&nbsp;double</CODE></FONT></TD>
<TD><CODE><B><A HREF="../../../../../com/golden/gamedev/object/collision/CollisionShape.html#getX()">getX</A></B>()</CODE>

<BR>
&nbsp;&nbsp;&nbsp;&nbsp;&nbsp;&nbsp;&nbsp;&nbsp;&nbsp;&nbsp;Returns the <code>x</code>-position of this collision shape.</TD>
</TR>
<TR BGCOLOR="white" CLASS="TableRowColor">
<TD ALIGN="right" VALIGN="top" WIDTH="1%"><FONT SIZE="-1">
<CODE>&nbsp;double</CODE></FONT></TD>
<TD><CODE><B><A HREF="../../../../../com/golden/gamedev/object/collision/CollisionShape.html#getY()">getY</A></B>()</CODE>

<BR>
&nbsp;&nbsp;&nbsp;&nbsp;&nbsp;&nbsp;&nbsp;&nbsp;&nbsp;&nbsp;Returns the <code>y</code>-position of this collision shape.</TD>
</TR>
<TR BGCOLOR="white" CLASS="TableRowColor">
<TD ALIGN="right" VALIGN="top" WIDTH="1%"><FONT SIZE="-1">
<CODE>&nbsp;boolean</CODE></FONT></TD>
<TD><CODE><B><A HREF="../../../../../com/golden/gamedev/object/collision/CollisionShape.html#intersects(com.golden.gamedev.object.collision.CollisionShape)">intersects</A></B>(<A HREF="../../../../../com/golden/gamedev/object/collision/CollisionShape.html" title="interface in com.golden.gamedev.object.collision">CollisionShape</A>&nbsp;shape)</CODE>

<BR>
&nbsp;&nbsp;&nbsp;&nbsp;&nbsp;&nbsp;&nbsp;&nbsp;&nbsp;&nbsp;Returns whether this collision shape intersects
 with other collision shape area.</TD>
</TR>
<TR BGCOLOR="white" CLASS="TableRowColor">
<TD ALIGN="right" VALIGN="top" WIDTH="1%"><FONT SIZE="-1">
<CODE>&nbsp;void</CODE></FONT></TD>
<TD><CODE><B><A HREF="../../../../../com/golden/gamedev/object/collision/CollisionShape.html#move(double, double)">move</A></B>(double&nbsp;dx,
     double&nbsp;dy)</CODE>

<BR>
&nbsp;&nbsp;&nbsp;&nbsp;&nbsp;&nbsp;&nbsp;&nbsp;&nbsp;&nbsp;Moves this collision shape by specified delta.</TD>
</TR>
<TR BGCOLOR="white" CLASS="TableRowColor">
<TD ALIGN="right" VALIGN="top" WIDTH="1%"><FONT SIZE="-1">
<CODE>&nbsp;void</CODE></FONT></TD>
<TD><CODE><B><A HREF="../../../../../com/golden/gamedev/object/collision/CollisionShape.html#setBounds(double, double, int, int)">setBounds</A></B>(double&nbsp;x1,
          double&nbsp;y1,
          int&nbsp;w1,
          int&nbsp;h1)</CODE>

<BR>
&nbsp;&nbsp;&nbsp;&nbsp;&nbsp;&nbsp;&nbsp;&nbsp;&nbsp;&nbsp;Sets the boundary of this colllision shape to specified
 boundary.</TD>
</TR>
<TR BGCOLOR="white" CLASS="TableRowColor">
<TD ALIGN="right" VALIGN="top" WIDTH="1%"><FONT SIZE="-1">
<CODE>&nbsp;void</CODE></FONT></TD>
<TD><CODE><B><A HREF="../../../../../com/golden/gamedev/object/collision/CollisionShape.html#setLocation(double, double)">setLocation</A></B>(double&nbsp;x,
            double&nbsp;y)</CODE>

<BR>
&nbsp;&nbsp;&nbsp;&nbsp;&nbsp;&nbsp;&nbsp;&nbsp;&nbsp;&nbsp;Moves this collision shape to specified location.</TD>
</TR>
</TABLE>
&nbsp;
<P>

<!-- ============ METHOD DETAIL ========== -->

<A NAME="method_detail"><!-- --></A>
<TABLE BORDER="1" WIDTH="100%" CELLPADDING="3" CELLSPACING="0" SUMMARY="">
<TR BGCOLOR="#CCCCFF" CLASS="TableHeadingColor">
<TH ALIGN="left" COLSPAN="1"><FONT SIZE="+2">
<B>Method Detail</B></FONT></TH>
</TR>
</TABLE>

<A NAME="intersects(com.golden.gamedev.object.collision.CollisionShape)"><!-- --></A><H3>
intersects</H3>
<PRE>
boolean <B>intersects</B>(<A HREF="../../../../../com/golden/gamedev/object/collision/CollisionShape.html" title="interface in com.golden.gamedev.object.collision">CollisionShape</A>&nbsp;shape)</PRE>
<DL>
<DD>Returns whether this collision shape intersects
 with other collision shape area.
<P>
<DD><DL>
</DL>
</DD>
</DL>
<HR>

<A NAME="setLocation(double, double)"><!-- --></A><H3>
setLocation</H3>
<PRE>
void <B>setLocation</B>(double&nbsp;x,
                 double&nbsp;y)</PRE>
<DL>
<DD>Moves this collision shape to specified location.
<P>
<DD><DL>
</DL>
</DD>
</DL>
<HR>

<A NAME="move(double, double)"><!-- --></A><H3>
move</H3>
<PRE>
void <B>move</B>(double&nbsp;dx,
          double&nbsp;dy)</PRE>
<DL>
<DD>Moves this collision shape by specified delta.
<P>
<DD><DL>
</DL>
</DD>
</DL>
<HR>

<A NAME="setBounds(double, double, int, int)"><!-- --></A><H3>
setBounds</H3>
<PRE>
void <B>setBounds</B>(double&nbsp;x1,
               double&nbsp;y1,
               int&nbsp;w1,
               int&nbsp;h1)</PRE>
<DL>
<DD>Sets the boundary of this colllision shape to specified
 boundary.
<P>
<DD><DL>
</DL>
</DD>
</DL>
<HR>

<A NAME="getX()"><!-- --></A><H3>
getX</H3>
<PRE>
double <B>getX</B>()</PRE>
<DL>
<DD>Returns the <code>x</code>-position of this collision shape.
<P>
<DD><DL>
</DL>
</DD>
</DL>
<HR>

<A NAME="getY()"><!-- --></A><H3>
getY</H3>
<PRE>
double <B>getY</B>()</PRE>
<DL>
<DD>Returns the <code>y</code>-position of this collision shape.
<P>
<DD><DL>
</DL>
</DD>
</DL>
<HR>

<A NAME="getWidth()"><!-- --></A><H3>
getWidth</H3>
<PRE>
int <B>getWidth</B>()</PRE>
<DL>
<DD>Returns the width of this collision shape.
<P>
<DD><DL>
</DL>
</DD>
</DL>
<HR>

<A NAME="getHeight()"><!-- --></A><H3>
getHeight</H3>
<PRE>
int <B>getHeight</B>()</PRE>
<DL>
<DD>Returns the height of this collision shape.
<P>
<DD><DL>
</DL>
</DD>
</DL>
<!-- ========= END OF CLASS DATA ========= -->
<HR>


<!-- ======= START OF BOTTOM NAVBAR ====== -->
<A NAME="navbar_bottom"><!-- --></A>
<A HREF="#skip-navbar_bottom" title="Skip navigation links"></A>
<TABLE BORDER="0" WIDTH="100%" CELLPADDING="1" CELLSPACING="0" SUMMARY="">
<TR>
<TD COLSPAN=2 BGCOLOR="#EEEEFF" CLASS="NavBarCell1">
<A NAME="navbar_bottom_firstrow"><!-- --></A>
<TABLE BORDER="0" CELLPADDING="0" CELLSPACING="3" SUMMARY="">
  <TR ALIGN="center" VALIGN="top">
  <TD BGCOLOR="#EEEEFF" CLASS="NavBarCell1">    <A HREF="../../../../../overview-summary.html"><FONT CLASS="NavBarFont1"><B>Overview</B></FONT></A>&nbsp;</TD>
  <TD BGCOLOR="#EEEEFF" CLASS="NavBarCell1">    <A HREF="package-summary.html"><FONT CLASS="NavBarFont1"><B>Package</B></FONT></A>&nbsp;</TD>
  <TD BGCOLOR="#FFFFFF" CLASS="NavBarCell1Rev"> &nbsp;<FONT CLASS="NavBarFont1Rev"><B>Class</B></FONT>&nbsp;</TD>
  <TD BGCOLOR="#EEEEFF" CLASS="NavBarCell1">    <A HREF="class-use/CollisionShape.html"><FONT CLASS="NavBarFont1"><B>Use</B></FONT></A>&nbsp;</TD>
  <TD BGCOLOR="#EEEEFF" CLASS="NavBarCell1">    <A HREF="package-tree.html"><FONT CLASS="NavBarFont1"><B>Tree</B></FONT></A>&nbsp;</TD>
  <TD BGCOLOR="#EEEEFF" CLASS="NavBarCell1">    <A HREF="../../../../../index-all.html"><FONT CLASS="NavBarFont1"><B>Index</B></FONT></A>&nbsp;</TD>
  <TD BGCOLOR="#EEEEFF" CLASS="NavBarCell1">    <A HREF="../../../../../help-doc.html"><FONT CLASS="NavBarFont1"><B>Help</B></FONT></A>&nbsp;</TD>
  </TR>
</TABLE>
</TD>
<TD ALIGN="right" VALIGN="top" ROWSPAN=3><EM>
<b>GTGE API</b></EM>
</TD>
</TR>

<TR>
<TD BGCOLOR="white" CLASS="NavBarCell2"><FONT SIZE="-2">
&nbsp;<A HREF="../../../../../com/golden/gamedev/object/collision/CollisionRect.html" title="class in com.golden.gamedev.object.collision"><B>PREV CLASS</B></A>&nbsp;
&nbsp;<A HREF="../../../../../com/golden/gamedev/object/collision/PreciseCollisionGroup.html" title="class in com.golden.gamedev.object.collision"><B>NEXT CLASS</B></A></FONT></TD>
<TD BGCOLOR="white" CLASS="NavBarCell2"><FONT SIZE="-2">
  <A HREF="../../../../../index.html?com/golden/gamedev/object/collision/CollisionShape.html" target="_top"><B>FRAMES</B></A>  &nbsp;
&nbsp;<A HREF="CollisionShape.html" target="_top"><B>NO FRAMES</B></A>  &nbsp;
&nbsp;<SCRIPT type="text/javascript">
  <!--
  if(window==top) {
    document.writeln('<A HREF="../../../../../allclasses-noframe.html"><B>All Classes</B></A>');
  }
  //-->
</SCRIPT>
<NOSCRIPT>
  <A HREF="../../../../../allclasses-noframe.html"><B>All Classes</B></A>
</NOSCRIPT>


</FONT></TD>
</TR>
<TR>
<TD VALIGN="top" CLASS="NavBarCell3"><FONT SIZE="-2">
  SUMMARY:&nbsp;NESTED&nbsp;|&nbsp;FIELD&nbsp;|&nbsp;CONSTR&nbsp;|&nbsp;<A HREF="#method_summary">METHOD</A></FONT></TD>
<TD VALIGN="top" CLASS="NavBarCell3"><FONT SIZE="-2">
DETAIL:&nbsp;FIELD&nbsp;|&nbsp;CONSTR&nbsp;|&nbsp;<A HREF="#method_detail">METHOD</A></FONT></TD>
</TR>
</TABLE>
<A NAME="skip-navbar_bottom"></A>
<!-- ======== END OF BOTTOM NAVBAR ======= -->

<HR>
<i>Copyright &copy; 2003-2005 Golden T Studios. All rights reserved. Use is subject to <a href=http://creativecommons.org/licenses/by/2.0/>license terms<a/>.<br><a target=_blank href=http://www.goldenstudios.or.id/>GoldenStudios.or.id</a></i>
</BODY>
</HTML>
