<!DOCTYPE HTML PUBLIC "-//W3C//DTD HTML 4.01 Transitional//EN" "http://www.w3.org/TR/html4/loose.dtd">
<!--NewPage-->
<HTML>
<HEAD>
<!-- Generated by javadoc (build 1.5.0_01) on Sun Jul 03 07:12:32 ICT 2005 -->
<TITLE>
CollisionBounds (GTGE API v0.2.3)
</TITLE>

<META NAME="keywords" CONTENT="com.golden.gamedev.object.collision.CollisionBounds class">

<LINK REL ="stylesheet" TYPE="text/css" HREF="../../../../../stylesheet.css" TITLE="Style">

<SCRIPT type="text/javascript">
function windowTitle()
{
    parent.document.title="CollisionBounds (GTGE API v0.2.3)";
}
</SCRIPT>
<NOSCRIPT>
</NOSCRIPT>

</HEAD>

<BODY BGCOLOR="white" onload="windowTitle();">


<!-- ========= START OF TOP NAVBAR ======= -->
<A NAME="navbar_top"><!-- --></A>
<A HREF="#skip-navbar_top" title="Skip navigation links"></A>
<TABLE BORDER="0" WIDTH="100%" CELLPADDING="1" CELLSPACING="0" SUMMARY="">
<TR>
<TD COLSPAN=2 BGCOLOR="#EEEEFF" CLASS="NavBarCell1">
<A NAME="navbar_top_firstrow"><!-- --></A>
<TABLE BORDER="0" CELLPADDING="0" CELLSPACING="3" SUMMARY="">
  <TR ALIGN="center" VALIGN="top">
  <TD BGCOLOR="#EEEEFF" CLASS="NavBarCell1">    <A HREF="../../../../../overview-summary.html"><FONT CLASS="NavBarFont1"><B>Overview</B></FONT></A>&nbsp;</TD>
  <TD BGCOLOR="#EEEEFF" CLASS="NavBarCell1">    <A HREF="package-summary.html"><FONT CLASS="NavBarFont1"><B>Package</B></FONT></A>&nbsp;</TD>
  <TD BGCOLOR="#FFFFFF" CLASS="NavBarCell1Rev"> &nbsp;<FONT CLASS="NavBarFont1Rev"><B>Class</B></FONT>&nbsp;</TD>
  <TD BGCOLOR="#EEEEFF" CLASS="NavBarCell1">    <A HREF="class-use/CollisionBounds.html"><FONT CLASS="NavBarFont1"><B>Use</B></FONT></A>&nbsp;</TD>
  <TD BGCOLOR="#EEEEFF" CLASS="NavBarCell1">    <A HREF="package-tree.html"><FONT CLASS="NavBarFont1"><B>Tree</B></FONT></A>&nbsp;</TD>
  <TD BGCOLOR="#EEEEFF" CLASS="NavBarCell1">    <A HREF="../../../../../index-all.html"><FONT CLASS="NavBarFont1"><B>Index</B></FONT></A>&nbsp;</TD>
  <TD BGCOLOR="#EEEEFF" CLASS="NavBarCell1">    <A HREF="../../../../../help-doc.html"><FONT CLASS="NavBarFont1"><B>Help</B></FONT></A>&nbsp;</TD>
  </TR>
</TABLE>
</TD>
<TD ALIGN="right" VALIGN="top" ROWSPAN=3><EM>
<b>GTGE API</b></EM>
</TD>
</TR>

<TR>
<TD BGCOLOR="white" CLASS="NavBarCell2"><FONT SIZE="-2">
&nbsp;<A HREF="../../../../../com/golden/gamedev/object/collision/BasicCollisionGroup.html" title="class in com.golden.gamedev.object.collision"><B>PREV CLASS</B></A>&nbsp;
&nbsp;<A HREF="../../../../../com/golden/gamedev/object/collision/CollisionGroup.html" title="class in com.golden.gamedev.object.collision"><B>NEXT CLASS</B></A></FONT></TD>
<TD BGCOLOR="white" CLASS="NavBarCell2"><FONT SIZE="-2">
  <A HREF="../../../../../index.html?com/golden/gamedev/object/collision/CollisionBounds.html" target="_top"><B>FRAMES</B></A>  &nbsp;
&nbsp;<A HREF="CollisionBounds.html" target="_top"><B>NO FRAMES</B></A>  &nbsp;
&nbsp;<SCRIPT type="text/javascript">
  <!--
  if(window==top) {
    document.writeln('<A HREF="../../../../../allclasses-noframe.html"><B>All Classes</B></A>');
  }
  //-->
</SCRIPT>
<NOSCRIPT>
  <A HREF="../../../../../allclasses-noframe.html"><B>All Classes</B></A>
</NOSCRIPT>


</FONT></TD>
</TR>
<TR>
<TD VALIGN="top" CLASS="NavBarCell3"><FONT SIZE="-2">
  SUMMARY:&nbsp;NESTED&nbsp;|&nbsp;<A HREF="#field_summary">FIELD</A>&nbsp;|&nbsp;<A HREF="#constructor_summary">CONSTR</A>&nbsp;|&nbsp;<A HREF="#method_summary">METHOD</A></FONT></TD>
<TD VALIGN="top" CLASS="NavBarCell3"><FONT SIZE="-2">
DETAIL:&nbsp;<A HREF="#field_detail">FIELD</A>&nbsp;|&nbsp;<A HREF="#constructor_detail">CONSTR</A>&nbsp;|&nbsp;<A HREF="#method_detail">METHOD</A></FONT></TD>
</TR>
</TABLE>
<A NAME="skip-navbar_top"></A>
<!-- ========= END OF TOP NAVBAR ========= -->

<HR>
<!-- ======== START OF CLASS DATA ======== -->
<H2>
<FONT SIZE="-1">
com.golden.gamedev.object.collision</FONT>
<BR>
Class CollisionBounds</H2>
<PRE>
<A HREF="http://java.sun.com/j2se/1.4/docs/api/java/lang/Object.html" title="class or interface in java.lang">java.lang.Object</A>
  <IMG SRC="../../../../../resources/inherit.gif" ALT="extended by "><A HREF="../../../../../com/golden/gamedev/object/CollisionManager.html" title="class in com.golden.gamedev.object">com.golden.gamedev.object.CollisionManager</A>
      <IMG SRC="../../../../../resources/inherit.gif" ALT="extended by "><B>com.golden.gamedev.object.collision.CollisionBounds</B>
</PRE>
<HR>
<DL>
<DT><PRE>public abstract class <B>CollisionBounds</B><DT>extends <A HREF="../../../../../com/golden/gamedev/object/CollisionManager.html" title="class in com.golden.gamedev.object">CollisionManager</A></DL>
</PRE>

<P>
Checks collision for specified boundary.
<P>

<P>
<HR>

<P>
<!-- =========== FIELD SUMMARY =========== -->

<A NAME="field_summary"><!-- --></A>
<TABLE BORDER="1" WIDTH="100%" CELLPADDING="3" CELLSPACING="0" SUMMARY="">
<TR BGCOLOR="#CCCCFF" CLASS="TableHeadingColor">
<TH ALIGN="left" COLSPAN="2"><FONT SIZE="+2">
<B>Field Summary</B></FONT></TH>
</TR>
<TR BGCOLOR="white" CLASS="TableRowColor">
<TD ALIGN="right" VALIGN="top" WIDTH="1%"><FONT SIZE="-1">
<CODE>static&nbsp;int</CODE></FONT></TD>
<TD><CODE><B><A HREF="../../../../../com/golden/gamedev/object/collision/CollisionBounds.html#BOTTOM_COLLISION">BOTTOM_COLLISION</A></B></CODE>

<BR>
&nbsp;&nbsp;&nbsp;&nbsp;&nbsp;&nbsp;&nbsp;&nbsp;&nbsp;&nbsp;Indicates the sprite is collided at its bottom.</TD>
</TR>
<TR BGCOLOR="white" CLASS="TableRowColor">
<TD ALIGN="right" VALIGN="top" WIDTH="1%"><FONT SIZE="-1">
<CODE>static&nbsp;int</CODE></FONT></TD>
<TD><CODE><B><A HREF="../../../../../com/golden/gamedev/object/collision/CollisionBounds.html#LEFT_COLLISION">LEFT_COLLISION</A></B></CODE>

<BR>
&nbsp;&nbsp;&nbsp;&nbsp;&nbsp;&nbsp;&nbsp;&nbsp;&nbsp;&nbsp;Indicates the sprite is collided at its left.</TD>
</TR>
<TR BGCOLOR="white" CLASS="TableRowColor">
<TD ALIGN="right" VALIGN="top" WIDTH="1%"><FONT SIZE="-1">
<CODE>protected &nbsp;<A HREF="../../../../../com/golden/gamedev/object/collision/CollisionRect.html" title="class in com.golden.gamedev.object.collision">CollisionRect</A></CODE></FONT></TD>
<TD><CODE><B><A HREF="../../../../../com/golden/gamedev/object/collision/CollisionBounds.html#rect1">rect1</A></B></CODE>

<BR>
&nbsp;&nbsp;&nbsp;&nbsp;&nbsp;&nbsp;&nbsp;&nbsp;&nbsp;&nbsp;Default sprite bounding box used in <A HREF="../../../../../com/golden/gamedev/object/collision/CollisionBounds.html#getCollisionShape1(com.golden.gamedev.object.Sprite)"><CODE>getCollisionShape1(Sprite)</CODE></A>.</TD>
</TR>
<TR BGCOLOR="white" CLASS="TableRowColor">
<TD ALIGN="right" VALIGN="top" WIDTH="1%"><FONT SIZE="-1">
<CODE>static&nbsp;int</CODE></FONT></TD>
<TD><CODE><B><A HREF="../../../../../com/golden/gamedev/object/collision/CollisionBounds.html#RIGHT_COLLISION">RIGHT_COLLISION</A></B></CODE>

<BR>
&nbsp;&nbsp;&nbsp;&nbsp;&nbsp;&nbsp;&nbsp;&nbsp;&nbsp;&nbsp;Indicates the sprite is collided at its right.</TD>
</TR>
<TR BGCOLOR="white" CLASS="TableRowColor">
<TD ALIGN="right" VALIGN="top" WIDTH="1%"><FONT SIZE="-1">
<CODE>static&nbsp;int</CODE></FONT></TD>
<TD><CODE><B><A HREF="../../../../../com/golden/gamedev/object/collision/CollisionBounds.html#TOP_COLLISION">TOP_COLLISION</A></B></CODE>

<BR>
&nbsp;&nbsp;&nbsp;&nbsp;&nbsp;&nbsp;&nbsp;&nbsp;&nbsp;&nbsp;Indicates the sprite is collided at its top.</TD>
</TR>
</TABLE>
&nbsp;
<!-- ======== CONSTRUCTOR SUMMARY ======== -->

<A NAME="constructor_summary"><!-- --></A>
<TABLE BORDER="1" WIDTH="100%" CELLPADDING="3" CELLSPACING="0" SUMMARY="">
<TR BGCOLOR="#CCCCFF" CLASS="TableHeadingColor">
<TH ALIGN="left" COLSPAN="2"><FONT SIZE="+2">
<B>Constructor Summary</B></FONT></TH>
</TR>
<TR BGCOLOR="white" CLASS="TableRowColor">
<TD><CODE><B><A HREF="../../../../../com/golden/gamedev/object/collision/CollisionBounds.html#CollisionBounds(com.golden.gamedev.object.Background)">CollisionBounds</A></B>(<A HREF="../../../../../com/golden/gamedev/object/Background.html" title="class in com.golden.gamedev.object">Background</A>&nbsp;backgr)</CODE>

<BR>
&nbsp;&nbsp;&nbsp;&nbsp;&nbsp;&nbsp;&nbsp;&nbsp;&nbsp;&nbsp;Creates new <code>CollisionBounds</code> with specified background
 as the boundary.</TD>
</TR>
<TR BGCOLOR="white" CLASS="TableRowColor">
<TD><CODE><B><A HREF="../../../../../com/golden/gamedev/object/collision/CollisionBounds.html#CollisionBounds(int, int, int, int)">CollisionBounds</A></B>(int&nbsp;x,
                int&nbsp;y,
                int&nbsp;width,
                int&nbsp;height)</CODE>

<BR>
&nbsp;&nbsp;&nbsp;&nbsp;&nbsp;&nbsp;&nbsp;&nbsp;&nbsp;&nbsp;Creates new <code>CollisionBounds</code> with specified boundary.</TD>
</TR>
</TABLE>
&nbsp;
<!-- ========== METHOD SUMMARY =========== -->

<A NAME="method_summary"><!-- --></A>
<TABLE BORDER="1" WIDTH="100%" CELLPADDING="3" CELLSPACING="0" SUMMARY="">
<TR BGCOLOR="#CCCCFF" CLASS="TableHeadingColor">
<TH ALIGN="left" COLSPAN="2"><FONT SIZE="+2">
<B>Method Summary</B></FONT></TH>
</TR>
<TR BGCOLOR="white" CLASS="TableRowColor">
<TD ALIGN="right" VALIGN="top" WIDTH="1%"><FONT SIZE="-1">
<CODE>&nbsp;void</CODE></FONT></TD>
<TD><CODE><B><A HREF="../../../../../com/golden/gamedev/object/collision/CollisionBounds.html#checkCollision()">checkCollision</A></B>()</CODE>

<BR>
&nbsp;&nbsp;&nbsp;&nbsp;&nbsp;&nbsp;&nbsp;&nbsp;&nbsp;&nbsp;Checks for collision between all members in
 <A HREF="../../../../../com/golden/gamedev/object/CollisionManager.html#getGroup1()">group 1</A> againts all members in
 <A HREF="../../../../../com/golden/gamedev/object/CollisionManager.html#getGroup1()">group 2</A>.</TD>
</TR>
<TR BGCOLOR="white" CLASS="TableRowColor">
<TD ALIGN="right" VALIGN="top" WIDTH="1%"><FONT SIZE="-1">
<CODE>abstract &nbsp;void</CODE></FONT></TD>
<TD><CODE><B><A HREF="../../../../../com/golden/gamedev/object/collision/CollisionBounds.html#collided(com.golden.gamedev.object.Sprite)">collided</A></B>(<A HREF="../../../../../com/golden/gamedev/object/Sprite.html" title="class in com.golden.gamedev.object">Sprite</A>&nbsp;sprite)</CODE>

<BR>
&nbsp;&nbsp;&nbsp;&nbsp;&nbsp;&nbsp;&nbsp;&nbsp;&nbsp;&nbsp;Sprite <code>sprite</code> hit collision boundary, perform collided
 implementation.</TD>
</TR>
<TR BGCOLOR="white" CLASS="TableRowColor">
<TD ALIGN="right" VALIGN="top" WIDTH="1%"><FONT SIZE="-1">
<CODE>&nbsp;<A HREF="http://java.sun.com/j2se/1.4/docs/api/java/awt/Rectangle.html" title="class or interface in java.awt">Rectangle</A></CODE></FONT></TD>
<TD><CODE><B><A HREF="../../../../../com/golden/gamedev/object/collision/CollisionBounds.html#getBoundary()">getBoundary</A></B>()</CODE>

<BR>
&nbsp;&nbsp;&nbsp;&nbsp;&nbsp;&nbsp;&nbsp;&nbsp;&nbsp;&nbsp;Returns the boundary of the sprites.</TD>
</TR>
<TR BGCOLOR="white" CLASS="TableRowColor">
<TD ALIGN="right" VALIGN="top" WIDTH="1%"><FONT SIZE="-1">
<CODE>&nbsp;<A HREF="../../../../../com/golden/gamedev/object/collision/CollisionShape.html" title="interface in com.golden.gamedev.object.collision">CollisionShape</A></CODE></FONT></TD>
<TD><CODE><B><A HREF="../../../../../com/golden/gamedev/object/collision/CollisionBounds.html#getCollisionShape1(com.golden.gamedev.object.Sprite)">getCollisionShape1</A></B>(<A HREF="../../../../../com/golden/gamedev/object/Sprite.html" title="class in com.golden.gamedev.object">Sprite</A>&nbsp;s1)</CODE>

<BR>
&nbsp;&nbsp;&nbsp;&nbsp;&nbsp;&nbsp;&nbsp;&nbsp;&nbsp;&nbsp;Sets specified <code>Sprite</code> collision rectangle (sprite bounding box)
 into <code>rect</code>.</TD>
</TR>
<TR BGCOLOR="white" CLASS="TableRowColor">
<TD ALIGN="right" VALIGN="top" WIDTH="1%"><FONT SIZE="-1">
<CODE>&nbsp;boolean</CODE></FONT></TD>
<TD><CODE><B><A HREF="../../../../../com/golden/gamedev/object/collision/CollisionBounds.html#isCollisionSide(int)">isCollisionSide</A></B>(int&nbsp;side)</CODE>

<BR>
&nbsp;&nbsp;&nbsp;&nbsp;&nbsp;&nbsp;&nbsp;&nbsp;&nbsp;&nbsp;Returns true, the sprite is collide at it <code>side</code> side.</TD>
</TR>
<TR BGCOLOR="white" CLASS="TableRowColor">
<TD ALIGN="right" VALIGN="top" WIDTH="1%"><FONT SIZE="-1">
<CODE>&nbsp;void</CODE></FONT></TD>
<TD><CODE><B><A HREF="../../../../../com/golden/gamedev/object/collision/CollisionBounds.html#revertPosition1()">revertPosition1</A></B>()</CODE>

<BR>
&nbsp;&nbsp;&nbsp;&nbsp;&nbsp;&nbsp;&nbsp;&nbsp;&nbsp;&nbsp;Reverts the sprite position before the collision occured.</TD>
</TR>
<TR BGCOLOR="white" CLASS="TableRowColor">
<TD ALIGN="right" VALIGN="top" WIDTH="1%"><FONT SIZE="-1">
<CODE>&nbsp;void</CODE></FONT></TD>
<TD><CODE><B><A HREF="../../../../../com/golden/gamedev/object/collision/CollisionBounds.html#setBoundary(int, int, int, int)">setBoundary</A></B>(int&nbsp;x,
            int&nbsp;y,
            int&nbsp;width,
            int&nbsp;height)</CODE>

<BR>
&nbsp;&nbsp;&nbsp;&nbsp;&nbsp;&nbsp;&nbsp;&nbsp;&nbsp;&nbsp;Sets the collision boundary, the sprite is bounded to this boundary.</TD>
</TR>
<TR BGCOLOR="white" CLASS="TableRowColor">
<TD ALIGN="right" VALIGN="top" WIDTH="1%"><FONT SIZE="-1">
<CODE>&nbsp;void</CODE></FONT></TD>
<TD><CODE><B><A HREF="../../../../../com/golden/gamedev/object/collision/CollisionBounds.html#setCollisionGroup(com.golden.gamedev.object.SpriteGroup, com.golden.gamedev.object.SpriteGroup)">setCollisionGroup</A></B>(<A HREF="../../../../../com/golden/gamedev/object/SpriteGroup.html" title="class in com.golden.gamedev.object">SpriteGroup</A>&nbsp;group1,
                  <A HREF="../../../../../com/golden/gamedev/object/SpriteGroup.html" title="class in com.golden.gamedev.object">SpriteGroup</A>&nbsp;group2)</CODE>

<BR>
&nbsp;&nbsp;&nbsp;&nbsp;&nbsp;&nbsp;&nbsp;&nbsp;&nbsp;&nbsp;Associates specified sprite groups to this manager.</TD>
</TR>
</TABLE>
&nbsp;<A NAME="methods_inherited_from_class_com.golden.gamedev.object.CollisionManager"><!-- --></A>
<TABLE BORDER="1" WIDTH="100%" CELLPADDING="3" CELLSPACING="0" SUMMARY="">
<TR BGCOLOR="#EEEEFF" CLASS="TableSubHeadingColor">
<TH ALIGN="left"><B>Methods inherited from class com.golden.gamedev.object.<A HREF="../../../../../com/golden/gamedev/object/CollisionManager.html" title="class in com.golden.gamedev.object">CollisionManager</A></B></TH>
</TR>
<TR BGCOLOR="white" CLASS="TableRowColor">
<TD><CODE><A HREF="../../../../../com/golden/gamedev/object/CollisionManager.html#getGroup1()">getGroup1</A>, <A HREF="../../../../../com/golden/gamedev/object/CollisionManager.html#getGroup2()">getGroup2</A>, <A HREF="../../../../../com/golden/gamedev/object/CollisionManager.html#getIntersectionRect(double, double, int, int, double, double, int, int)">getIntersectionRect</A>, <A HREF="../../../../../com/golden/gamedev/object/CollisionManager.html#isActive()">isActive</A>, <A HREF="../../../../../com/golden/gamedev/object/CollisionManager.html#isPixelCollide(double, double, java.awt.image.BufferedImage, double, double, java.awt.image.BufferedImage)">isPixelCollide</A>, <A HREF="../../../../../com/golden/gamedev/object/CollisionManager.html#setActive(boolean)">setActive</A></CODE></TD>
</TR>
</TABLE>
&nbsp;<A NAME="methods_inherited_from_class_java.lang.Object"><!-- --></A>
<TABLE BORDER="1" WIDTH="100%" CELLPADDING="3" CELLSPACING="0" SUMMARY="">
<TR BGCOLOR="#EEEEFF" CLASS="TableSubHeadingColor">
<TH ALIGN="left"><B>Methods inherited from class java.lang.<A HREF="http://java.sun.com/j2se/1.4/docs/api/java/lang/Object.html" title="class or interface in java.lang">Object</A></B></TH>
</TR>
<TR BGCOLOR="white" CLASS="TableRowColor">
<TD><CODE><A HREF="http://java.sun.com/j2se/1.4/docs/api/java/lang/Object.html#clone()" title="class or interface in java.lang">clone</A>, <A HREF="http://java.sun.com/j2se/1.4/docs/api/java/lang/Object.html#equals(java.lang.Object)" title="class or interface in java.lang">equals</A>, <A HREF="http://java.sun.com/j2se/1.4/docs/api/java/lang/Object.html#finalize()" title="class or interface in java.lang">finalize</A>, <A HREF="http://java.sun.com/j2se/1.4/docs/api/java/lang/Object.html#getClass()" title="class or interface in java.lang">getClass</A>, <A HREF="http://java.sun.com/j2se/1.4/docs/api/java/lang/Object.html#hashCode()" title="class or interface in java.lang">hashCode</A>, <A HREF="http://java.sun.com/j2se/1.4/docs/api/java/lang/Object.html#notify()" title="class or interface in java.lang">notify</A>, <A HREF="http://java.sun.com/j2se/1.4/docs/api/java/lang/Object.html#notifyAll()" title="class or interface in java.lang">notifyAll</A>, <A HREF="http://java.sun.com/j2se/1.4/docs/api/java/lang/Object.html#toString()" title="class or interface in java.lang">toString</A>, <A HREF="http://java.sun.com/j2se/1.4/docs/api/java/lang/Object.html#wait()" title="class or interface in java.lang">wait</A>, <A HREF="http://java.sun.com/j2se/1.4/docs/api/java/lang/Object.html#wait(long)" title="class or interface in java.lang">wait</A>, <A HREF="http://java.sun.com/j2se/1.4/docs/api/java/lang/Object.html#wait(long, int)" title="class or interface in java.lang">wait</A></CODE></TD>
</TR>
</TABLE>
&nbsp;
<P>

<!-- ============ FIELD DETAIL =========== -->

<A NAME="field_detail"><!-- --></A>
<TABLE BORDER="1" WIDTH="100%" CELLPADDING="3" CELLSPACING="0" SUMMARY="">
<TR BGCOLOR="#CCCCFF" CLASS="TableHeadingColor">
<TH ALIGN="left" COLSPAN="1"><FONT SIZE="+2">
<B>Field Detail</B></FONT></TH>
</TR>
</TABLE>

<A NAME="LEFT_COLLISION"><!-- --></A><H3>
LEFT_COLLISION</H3>
<PRE>
public static final int <B>LEFT_COLLISION</B></PRE>
<DL>
<DD>Indicates the sprite is collided at its left.
<P>
<DL>
<DT><B>See Also:</B><DD><A HREF="../../../../../constant-values.html#com.golden.gamedev.object.collision.CollisionBounds.LEFT_COLLISION">Constant Field Values</A></DL>
</DL>
<HR>

<A NAME="RIGHT_COLLISION"><!-- --></A><H3>
RIGHT_COLLISION</H3>
<PRE>
public static final int <B>RIGHT_COLLISION</B></PRE>
<DL>
<DD>Indicates the sprite is collided at its right.
<P>
<DL>
<DT><B>See Also:</B><DD><A HREF="../../../../../constant-values.html#com.golden.gamedev.object.collision.CollisionBounds.RIGHT_COLLISION">Constant Field Values</A></DL>
</DL>
<HR>

<A NAME="TOP_COLLISION"><!-- --></A><H3>
TOP_COLLISION</H3>
<PRE>
public static final int <B>TOP_COLLISION</B></PRE>
<DL>
<DD>Indicates the sprite is collided at its top.
<P>
<DL>
<DT><B>See Also:</B><DD><A HREF="../../../../../constant-values.html#com.golden.gamedev.object.collision.CollisionBounds.TOP_COLLISION">Constant Field Values</A></DL>
</DL>
<HR>

<A NAME="BOTTOM_COLLISION"><!-- --></A><H3>
BOTTOM_COLLISION</H3>
<PRE>
public static final int <B>BOTTOM_COLLISION</B></PRE>
<DL>
<DD>Indicates the sprite is collided at its bottom.
<P>
<DL>
<DT><B>See Also:</B><DD><A HREF="../../../../../constant-values.html#com.golden.gamedev.object.collision.CollisionBounds.BOTTOM_COLLISION">Constant Field Values</A></DL>
</DL>
<HR>

<A NAME="rect1"><!-- --></A><H3>
rect1</H3>
<PRE>
protected final <A HREF="../../../../../com/golden/gamedev/object/collision/CollisionRect.html" title="class in com.golden.gamedev.object.collision">CollisionRect</A> <B>rect1</B></PRE>
<DL>
<DD>Default sprite bounding box used in <A HREF="../../../../../com/golden/gamedev/object/collision/CollisionBounds.html#getCollisionShape1(com.golden.gamedev.object.Sprite)"><CODE>getCollisionShape1(Sprite)</CODE></A>.
<P>
<DL>
</DL>
</DL>

<!-- ========= CONSTRUCTOR DETAIL ======== -->

<A NAME="constructor_detail"><!-- --></A>
<TABLE BORDER="1" WIDTH="100%" CELLPADDING="3" CELLSPACING="0" SUMMARY="">
<TR BGCOLOR="#CCCCFF" CLASS="TableHeadingColor">
<TH ALIGN="left" COLSPAN="1"><FONT SIZE="+2">
<B>Constructor Detail</B></FONT></TH>
</TR>
</TABLE>

<A NAME="CollisionBounds(int, int, int, int)"><!-- --></A><H3>
CollisionBounds</H3>
<PRE>
public <B>CollisionBounds</B>(int&nbsp;x,
                       int&nbsp;y,
                       int&nbsp;width,
                       int&nbsp;height)</PRE>
<DL>
<DD>Creates new <code>CollisionBounds</code> with specified boundary.
<P>
</DL>
<HR>

<A NAME="CollisionBounds(com.golden.gamedev.object.Background)"><!-- --></A><H3>
CollisionBounds</H3>
<PRE>
public <B>CollisionBounds</B>(<A HREF="../../../../../com/golden/gamedev/object/Background.html" title="class in com.golden.gamedev.object">Background</A>&nbsp;backgr)</PRE>
<DL>
<DD>Creates new <code>CollisionBounds</code> with specified background
 as the boundary.
<P>
</DL>

<!-- ============ METHOD DETAIL ========== -->

<A NAME="method_detail"><!-- --></A>
<TABLE BORDER="1" WIDTH="100%" CELLPADDING="3" CELLSPACING="0" SUMMARY="">
<TR BGCOLOR="#CCCCFF" CLASS="TableHeadingColor">
<TH ALIGN="left" COLSPAN="1"><FONT SIZE="+2">
<B>Method Detail</B></FONT></TH>
</TR>
</TABLE>

<A NAME="setCollisionGroup(com.golden.gamedev.object.SpriteGroup, com.golden.gamedev.object.SpriteGroup)"><!-- --></A><H3>
setCollisionGroup</H3>
<PRE>
public void <B>setCollisionGroup</B>(<A HREF="../../../../../com/golden/gamedev/object/SpriteGroup.html" title="class in com.golden.gamedev.object">SpriteGroup</A>&nbsp;group1,
                              <A HREF="../../../../../com/golden/gamedev/object/SpriteGroup.html" title="class in com.golden.gamedev.object">SpriteGroup</A>&nbsp;group2)</PRE>
<DL>
<DD><B>Description copied from class: <CODE><A HREF="../../../../../com/golden/gamedev/object/CollisionManager.html#setCollisionGroup(com.golden.gamedev.object.SpriteGroup, com.golden.gamedev.object.SpriteGroup)">CollisionManager</A></CODE></B></DD>
<DD>Associates specified sprite groups to this manager.
 The groups will be checked its collision one against another.
<P>
<DD><DL>
<DT><B>Overrides:</B><DD><CODE><A HREF="../../../../../com/golden/gamedev/object/CollisionManager.html#setCollisionGroup(com.golden.gamedev.object.SpriteGroup, com.golden.gamedev.object.SpriteGroup)">setCollisionGroup</A></CODE> in class <CODE><A HREF="../../../../../com/golden/gamedev/object/CollisionManager.html" title="class in com.golden.gamedev.object">CollisionManager</A></CODE></DL>
</DD>
<DD><DL>
<DT><B>See Also:</B><DD><A HREF="../../../../../com/golden/gamedev/object/CollisionManager.html#checkCollision()"><CODE>CollisionManager.checkCollision()</CODE></A></DL>
</DD>
</DL>
<HR>

<A NAME="checkCollision()"><!-- --></A><H3>
checkCollision</H3>
<PRE>
public void <B>checkCollision</B>()</PRE>
<DL>
<DD><B>Description copied from class: <CODE><A HREF="../../../../../com/golden/gamedev/object/CollisionManager.html#checkCollision()">CollisionManager</A></CODE></B></DD>
<DD>Checks for collision between all members in
 <A HREF="../../../../../com/golden/gamedev/object/CollisionManager.html#getGroup1()">group 1</A> againts all members in
 <A HREF="../../../../../com/golden/gamedev/object/CollisionManager.html#getGroup1()">group 2</A>.
<P>
<DD><DL>
<DT><B>Specified by:</B><DD><CODE><A HREF="../../../../../com/golden/gamedev/object/CollisionManager.html#checkCollision()">checkCollision</A></CODE> in class <CODE><A HREF="../../../../../com/golden/gamedev/object/CollisionManager.html" title="class in com.golden.gamedev.object">CollisionManager</A></CODE></DL>
</DD>
<DD><DL>
</DL>
</DD>
</DL>
<HR>

<A NAME="revertPosition1()"><!-- --></A><H3>
revertPosition1</H3>
<PRE>
public void <B>revertPosition1</B>()</PRE>
<DL>
<DD>Reverts the sprite position before the collision occured.
<P>
<DD><DL>
</DL>
</DD>
</DL>
<HR>

<A NAME="getCollisionShape1(com.golden.gamedev.object.Sprite)"><!-- --></A><H3>
getCollisionShape1</H3>
<PRE>
public <A HREF="../../../../../com/golden/gamedev/object/collision/CollisionShape.html" title="interface in com.golden.gamedev.object.collision">CollisionShape</A> <B>getCollisionShape1</B>(<A HREF="../../../../../com/golden/gamedev/object/Sprite.html" title="class in com.golden.gamedev.object">Sprite</A>&nbsp;s1)</PRE>
<DL>
<DD>Sets specified <code>Sprite</code> collision rectangle (sprite bounding box)
 into <code>rect</code>. <p>
 In this implementation, the sprite bounding box is
 as large as <code>Sprite</code> dimension :
 <pre>
     public boolean getCollisionRect1(Sprite s1, CollisionRect rect) {
         rect.setBounds(s1.getX(), s1.getY(),
                        s1.getWidth(), s1.getHeight());
         return rect;
     }
 </pre>
<P>
<DD><DL>

<DT><B>Returns:</B><DD>false, to skip collision check.<DT><B>See Also:</B><DD><A HREF="../../../../../com/golden/gamedev/object/collision/CollisionRect.html#intersects(com.golden.gamedev.object.collision.CollisionShape)"><CODE>CollisionRect.intersects(CollisionShape)</CODE></A></DL>
</DD>
</DL>
<HR>

<A NAME="isCollisionSide(int)"><!-- --></A><H3>
isCollisionSide</H3>
<PRE>
public boolean <B>isCollisionSide</B>(int&nbsp;side)</PRE>
<DL>
<DD>Returns true, the sprite is collide at it <code>side</code> side.
<P>
<DD><DL>
</DL>
</DD>
</DL>
<HR>

<A NAME="setBoundary(int, int, int, int)"><!-- --></A><H3>
setBoundary</H3>
<PRE>
public void <B>setBoundary</B>(int&nbsp;x,
                        int&nbsp;y,
                        int&nbsp;width,
                        int&nbsp;height)</PRE>
<DL>
<DD>Sets the collision boundary, the sprite is bounded to this boundary.
<P>
<DD><DL>
</DL>
</DD>
</DL>
<HR>

<A NAME="getBoundary()"><!-- --></A><H3>
getBoundary</H3>
<PRE>
public <A HREF="http://java.sun.com/j2se/1.4/docs/api/java/awt/Rectangle.html" title="class or interface in java.awt">Rectangle</A> <B>getBoundary</B>()</PRE>
<DL>
<DD>Returns the boundary of the sprites.
<P>
<DD><DL>
</DL>
</DD>
</DL>
<HR>

<A NAME="collided(com.golden.gamedev.object.Sprite)"><!-- --></A><H3>
collided</H3>
<PRE>
public abstract void <B>collided</B>(<A HREF="../../../../../com/golden/gamedev/object/Sprite.html" title="class in com.golden.gamedev.object">Sprite</A>&nbsp;sprite)</PRE>
<DL>
<DD>Sprite <code>sprite</code> hit collision boundary, perform collided
 implementation.
<P>
<DD><DL>
</DL>
</DD>
</DL>
<!-- ========= END OF CLASS DATA ========= -->
<HR>


<!-- ======= START OF BOTTOM NAVBAR ====== -->
<A NAME="navbar_bottom"><!-- --></A>
<A HREF="#skip-navbar_bottom" title="Skip navigation links"></A>
<TABLE BORDER="0" WIDTH="100%" CELLPADDING="1" CELLSPACING="0" SUMMARY="">
<TR>
<TD COLSPAN=2 BGCOLOR="#EEEEFF" CLASS="NavBarCell1">
<A NAME="navbar_bottom_firstrow"><!-- --></A>
<TABLE BORDER="0" CELLPADDING="0" CELLSPACING="3" SUMMARY="">
  <TR ALIGN="center" VALIGN="top">
  <TD BGCOLOR="#EEEEFF" CLASS="NavBarCell1">    <A HREF="../../../../../overview-summary.html"><FONT CLASS="NavBarFont1"><B>Overview</B></FONT></A>&nbsp;</TD>
  <TD BGCOLOR="#EEEEFF" CLASS="NavBarCell1">    <A HREF="package-summary.html"><FONT CLASS="NavBarFont1"><B>Package</B></FONT></A>&nbsp;</TD>
  <TD BGCOLOR="#FFFFFF" CLASS="NavBarCell1Rev"> &nbsp;<FONT CLASS="NavBarFont1Rev"><B>Class</B></FONT>&nbsp;</TD>
  <TD BGCOLOR="#EEEEFF" CLASS="NavBarCell1">    <A HREF="class-use/CollisionBounds.html"><FONT CLASS="NavBarFont1"><B>Use</B></FONT></A>&nbsp;</TD>
  <TD BGCOLOR="#EEEEFF" CLASS="NavBarCell1">    <A HREF="package-tree.html"><FONT CLASS="NavBarFont1"><B>Tree</B></FONT></A>&nbsp;</TD>
  <TD BGCOLOR="#EEEEFF" CLASS="NavBarCell1">    <A HREF="../../../../../index-all.html"><FONT CLASS="NavBarFont1"><B>Index</B></FONT></A>&nbsp;</TD>
  <TD BGCOLOR="#EEEEFF" CLASS="NavBarCell1">    <A HREF="../../../../../help-doc.html"><FONT CLASS="NavBarFont1"><B>Help</B></FONT></A>&nbsp;</TD>
  </TR>
</TABLE>
</TD>
<TD ALIGN="right" VALIGN="top" ROWSPAN=3><EM>
<b>GTGE API</b></EM>
</TD>
</TR>

<TR>
<TD BGCOLOR="white" CLASS="NavBarCell2"><FONT SIZE="-2">
&nbsp;<A HREF="../../../../../com/golden/gamedev/object/collision/BasicCollisionGroup.html" title="class in com.golden.gamedev.object.collision"><B>PREV CLASS</B></A>&nbsp;
&nbsp;<A HREF="../../../../../com/golden/gamedev/object/collision/CollisionGroup.html" title="class in com.golden.gamedev.object.collision"><B>NEXT CLASS</B></A></FONT></TD>
<TD BGCOLOR="white" CLASS="NavBarCell2"><FONT SIZE="-2">
  <A HREF="../../../../../index.html?com/golden/gamedev/object/collision/CollisionBounds.html" target="_top"><B>FRAMES</B></A>  &nbsp;
&nbsp;<A HREF="CollisionBounds.html" target="_top"><B>NO FRAMES</B></A>  &nbsp;
&nbsp;<SCRIPT type="text/javascript">
  <!--
  if(window==top) {
    document.writeln('<A HREF="../../../../../allclasses-noframe.html"><B>All Classes</B></A>');
  }
  //-->
</SCRIPT>
<NOSCRIPT>
  <A HREF="../../../../../allclasses-noframe.html"><B>All Classes</B></A>
</NOSCRIPT>


</FONT></TD>
</TR>
<TR>
<TD VALIGN="top" CLASS="NavBarCell3"><FONT SIZE="-2">
  SUMMARY:&nbsp;NESTED&nbsp;|&nbsp;<A HREF="#field_summary">FIELD</A>&nbsp;|&nbsp;<A HREF="#constructor_summary">CONSTR</A>&nbsp;|&nbsp;<A HREF="#method_summary">METHOD</A></FONT></TD>
<TD VALIGN="top" CLASS="NavBarCell3"><FONT SIZE="-2">
DETAIL:&nbsp;<A HREF="#field_detail">FIELD</A>&nbsp;|&nbsp;<A HREF="#constructor_detail">CONSTR</A>&nbsp;|&nbsp;<A HREF="#method_detail">METHOD</A></FONT></TD>
</TR>
</TABLE>
<A NAME="skip-navbar_bottom"></A>
<!-- ======== END OF BOTTOM NAVBAR ======= -->

<HR>
<i>Copyright &copy; 2003-2005 Golden T Studios. All rights reserved. Use is subject to <a href=http://creativecommons.org/licenses/by/2.0/>license terms<a/>.<br><a target=_blank href=http://www.goldenstudios.or.id/>GoldenStudios.or.id</a></i>
</BODY>
</HTML>
