<!DOCTYPE HTML PUBLIC "-//W3C//DTD HTML 4.01 Transitional//EN" "http://www.w3.org/TR/html4/loose.dtd">
<!--NewPage-->
<HTML>
<HEAD>
<!-- Generated by javadoc (build 1.5.0_01) on Sun Jul 03 07:12:38 ICT 2005 -->
<TITLE>
Uses of Interface com.golden.gamedev.object.collision.CollisionShape (GTGE API v0.2.3)
</TITLE>


<LINK REL ="stylesheet" TYPE="text/css" HREF="../../../../../../stylesheet.css" TITLE="Style">

<SCRIPT type="text/javascript">
function windowTitle()
{
    parent.document.title="Uses of Interface com.golden.gamedev.object.collision.CollisionShape (GTGE API v0.2.3)";
}
</SCRIPT>
<NOSCRIPT>
</NOSCRIPT>

</HEAD>

<BODY BGCOLOR="white" onload="windowTitle();">


<!-- ========= START OF TOP NAVBAR ======= -->
<A NAME="navbar_top"><!-- --></A>
<A HREF="#skip-navbar_top" title="Skip navigation links"></A>
<TABLE BORDER="0" WIDTH="100%" CELLPADDING="1" CELLSPACING="0" SUMMARY="">
<TR>
<TD COLSPAN=2 BGCOLOR="#EEEEFF" CLASS="NavBarCell1">
<A NAME="navbar_top_firstrow"><!-- --></A>
<TABLE BORDER="0" CELLPADDING="0" CELLSPACING="3" SUMMARY="">
  <TR ALIGN="center" VALIGN="top">
  <TD BGCOLOR="#EEEEFF" CLASS="NavBarCell1">    <A HREF="../../../../../../overview-summary.html"><FONT CLASS="NavBarFont1"><B>Overview</B></FONT></A>&nbsp;</TD>
  <TD BGCOLOR="#EEEEFF" CLASS="NavBarCell1">    <A HREF="../package-summary.html"><FONT CLASS="NavBarFont1"><B>Package</B></FONT></A>&nbsp;</TD>
  <TD BGCOLOR="#EEEEFF" CLASS="NavBarCell1">    <A HREF="../../../../../../com/golden/gamedev/object/collision/CollisionShape.html" title="interface in com.golden.gamedev.object.collision"><FONT CLASS="NavBarFont1"><B>Class</B></FONT></A>&nbsp;</TD>
  <TD BGCOLOR="#FFFFFF" CLASS="NavBarCell1Rev"> &nbsp;<FONT CLASS="NavBarFont1Rev"><B>Use</B></FONT>&nbsp;</TD>
  <TD BGCOLOR="#EEEEFF" CLASS="NavBarCell1">    <A HREF="../package-tree.html"><FONT CLASS="NavBarFont1"><B>Tree</B></FONT></A>&nbsp;</TD>
  <TD BGCOLOR="#EEEEFF" CLASS="NavBarCell1">    <A HREF="../../../../../../index-all.html"><FONT CLASS="NavBarFont1"><B>Index</B></FONT></A>&nbsp;</TD>
  <TD BGCOLOR="#EEEEFF" CLASS="NavBarCell1">    <A HREF="../../../../../../help-doc.html"><FONT CLASS="NavBarFont1"><B>Help</B></FONT></A>&nbsp;</TD>
  </TR>
</TABLE>
</TD>
<TD ALIGN="right" VALIGN="top" ROWSPAN=3><EM>
<b>GTGE API</b></EM>
</TD>
</TR>

<TR>
<TD BGCOLOR="white" CLASS="NavBarCell2"><FONT SIZE="-2">
&nbsp;PREV&nbsp;
&nbsp;NEXT</FONT></TD>
<TD BGCOLOR="white" CLASS="NavBarCell2"><FONT SIZE="-2">
  <A HREF="../../../../../../index.html?com/golden/gamedev/object/collision/\class-useCollisionShape.html" target="_top"><B>FRAMES</B></A>  &nbsp;
&nbsp;<A HREF="CollisionShape.html" target="_top"><B>NO FRAMES</B></A>  &nbsp;
&nbsp;<SCRIPT type="text/javascript">
  <!--
  if(window==top) {
    document.writeln('<A HREF="../../../../../../allclasses-noframe.html"><B>All Classes</B></A>');
  }
  //-->
</SCRIPT>
<NOSCRIPT>
  <A HREF="../../../../../../allclasses-noframe.html"><B>All Classes</B></A>
</NOSCRIPT>


</FONT></TD>
</TR>
</TABLE>
<A NAME="skip-navbar_top"></A>
<!-- ========= END OF TOP NAVBAR ========= -->

<HR>
<CENTER>
<H2>
<B>Uses of Interface<br>com.golden.gamedev.object.collision.CollisionShape</B></H2>
</CENTER>

<TABLE BORDER="1" WIDTH="100%" CELLPADDING="3" CELLSPACING="0" SUMMARY="">
<TR BGCOLOR="#CCCCFF" CLASS="TableHeadingColor">
<TH ALIGN="left" COLSPAN="2"><FONT SIZE="+2">
Packages that use <A HREF="../../../../../../com/golden/gamedev/object/collision/CollisionShape.html" title="interface in com.golden.gamedev.object.collision">CollisionShape</A></FONT></TH>
</TR>
<TR BGCOLOR="white" CLASS="TableRowColor">
<TD><A HREF="#com.golden.gamedev.object.collision"><B>com.golden.gamedev.object.collision</B></A></TD>
<TD>Collision implementation.&nbsp;</TD>
</TR>
</TABLE>
&nbsp;
<P>
<A NAME="com.golden.gamedev.object.collision"><!-- --></A>
<TABLE BORDER="1" WIDTH="100%" CELLPADDING="3" CELLSPACING="0" SUMMARY="">
<TR BGCOLOR="#CCCCFF" CLASS="TableHeadingColor">
<TH ALIGN="left" COLSPAN="2"><FONT SIZE="+2">
Uses of <A HREF="../../../../../../com/golden/gamedev/object/collision/CollisionShape.html" title="interface in com.golden.gamedev.object.collision">CollisionShape</A> in <A HREF="../../../../../../com/golden/gamedev/object/collision/package-summary.html">com.golden.gamedev.object.collision</A></FONT></TH>
</TR>
</TABLE>
&nbsp;
<P>

<TABLE BORDER="1" WIDTH="100%" CELLPADDING="3" CELLSPACING="0" SUMMARY="">
<TR BGCOLOR="#CCCCFF" CLASS="TableSubHeadingColor">
<TH ALIGN="left" COLSPAN="2">Classes in <A HREF="../../../../../../com/golden/gamedev/object/collision/package-summary.html">com.golden.gamedev.object.collision</A> that implement <A HREF="../../../../../../com/golden/gamedev/object/collision/CollisionShape.html" title="interface in com.golden.gamedev.object.collision">CollisionShape</A></FONT></TH>
</TR>
<TR BGCOLOR="white" CLASS="TableRowColor">
<TD ALIGN="right" VALIGN="top" WIDTH="1%"><FONT SIZE="-1">
<CODE>&nbsp;class</CODE></FONT></TD>
<TD><CODE><B><A HREF="../../../../../../com/golden/gamedev/object/collision/CollisionRect.html" title="class in com.golden.gamedev.object.collision">CollisionRect</A></B></CODE>

<BR>
&nbsp;&nbsp;&nbsp;&nbsp;&nbsp;&nbsp;&nbsp;&nbsp;&nbsp;&nbsp;Optimized <code>java.awt.Rectangle</code> with double precision.</TD>
</TR>
</TABLE>
&nbsp;
<P>

<TABLE BORDER="1" WIDTH="100%" CELLPADDING="3" CELLSPACING="0" SUMMARY="">
<TR BGCOLOR="#CCCCFF" CLASS="TableSubHeadingColor">
<TH ALIGN="left" COLSPAN="2">Methods in <A HREF="../../../../../../com/golden/gamedev/object/collision/package-summary.html">com.golden.gamedev.object.collision</A> that return <A HREF="../../../../../../com/golden/gamedev/object/collision/CollisionShape.html" title="interface in com.golden.gamedev.object.collision">CollisionShape</A></FONT></TH>
</TR>
<TR BGCOLOR="white" CLASS="TableRowColor">
<TD ALIGN="right" VALIGN="top" WIDTH="1%"><FONT SIZE="-1">
<CODE>&nbsp;<A HREF="../../../../../../com/golden/gamedev/object/collision/CollisionShape.html" title="interface in com.golden.gamedev.object.collision">CollisionShape</A></CODE></FONT></TD>
<TD><CODE><B>BasicCollisionGroup.</B><B><A HREF="../../../../../../com/golden/gamedev/object/collision/BasicCollisionGroup.html#getCollisionShape1(com.golden.gamedev.object.Sprite)">getCollisionShape1</A></B>(<A HREF="../../../../../../com/golden/gamedev/object/Sprite.html" title="class in com.golden.gamedev.object">Sprite</A>&nbsp;s1)</CODE>

<BR>
&nbsp;&nbsp;&nbsp;&nbsp;&nbsp;&nbsp;&nbsp;&nbsp;&nbsp;&nbsp;Returns collision shape (bounding box) of specified sprite from group 1.</TD>
</TR>
<TR BGCOLOR="white" CLASS="TableRowColor">
<TD ALIGN="right" VALIGN="top" WIDTH="1%"><FONT SIZE="-1">
<CODE>&nbsp;<A HREF="../../../../../../com/golden/gamedev/object/collision/CollisionShape.html" title="interface in com.golden.gamedev.object.collision">CollisionShape</A></CODE></FONT></TD>
<TD><CODE><B>CollisionBounds.</B><B><A HREF="../../../../../../com/golden/gamedev/object/collision/CollisionBounds.html#getCollisionShape1(com.golden.gamedev.object.Sprite)">getCollisionShape1</A></B>(<A HREF="../../../../../../com/golden/gamedev/object/Sprite.html" title="class in com.golden.gamedev.object">Sprite</A>&nbsp;s1)</CODE>

<BR>
&nbsp;&nbsp;&nbsp;&nbsp;&nbsp;&nbsp;&nbsp;&nbsp;&nbsp;&nbsp;Sets specified <code>Sprite</code> collision rectangle (sprite bounding box)
 into <code>rect</code>.</TD>
</TR>
<TR BGCOLOR="white" CLASS="TableRowColor">
<TD ALIGN="right" VALIGN="top" WIDTH="1%"><FONT SIZE="-1">
<CODE>&nbsp;<A HREF="../../../../../../com/golden/gamedev/object/collision/CollisionShape.html" title="interface in com.golden.gamedev.object.collision">CollisionShape</A></CODE></FONT></TD>
<TD><CODE><B>BasicCollisionGroup.</B><B><A HREF="../../../../../../com/golden/gamedev/object/collision/BasicCollisionGroup.html#getCollisionShape2(com.golden.gamedev.object.Sprite)">getCollisionShape2</A></B>(<A HREF="../../../../../../com/golden/gamedev/object/Sprite.html" title="class in com.golden.gamedev.object">Sprite</A>&nbsp;s2)</CODE>

<BR>
&nbsp;&nbsp;&nbsp;&nbsp;&nbsp;&nbsp;&nbsp;&nbsp;&nbsp;&nbsp;Returns collision shape (bounding box) of specified sprite from group 2.</TD>
</TR>
</TABLE>
&nbsp;
<P>

<TABLE BORDER="1" WIDTH="100%" CELLPADDING="3" CELLSPACING="0" SUMMARY="">
<TR BGCOLOR="#CCCCFF" CLASS="TableSubHeadingColor">
<TH ALIGN="left" COLSPAN="2">Methods in <A HREF="../../../../../../com/golden/gamedev/object/collision/package-summary.html">com.golden.gamedev.object.collision</A> with parameters of type <A HREF="../../../../../../com/golden/gamedev/object/collision/CollisionShape.html" title="interface in com.golden.gamedev.object.collision">CollisionShape</A></FONT></TH>
</TR>
<TR BGCOLOR="white" CLASS="TableRowColor">
<TD ALIGN="right" VALIGN="top" WIDTH="1%"><FONT SIZE="-1">
<CODE>&nbsp;boolean</CODE></FONT></TD>
<TD><CODE><B>CollisionRect.</B><B><A HREF="../../../../../../com/golden/gamedev/object/collision/CollisionRect.html#intersects(com.golden.gamedev.object.collision.CollisionShape)">intersects</A></B>(<A HREF="../../../../../../com/golden/gamedev/object/collision/CollisionShape.html" title="interface in com.golden.gamedev.object.collision">CollisionShape</A>&nbsp;shape)</CODE>

<BR>
&nbsp;&nbsp;&nbsp;&nbsp;&nbsp;&nbsp;&nbsp;&nbsp;&nbsp;&nbsp;&nbsp;</TD>
</TR>
<TR BGCOLOR="white" CLASS="TableRowColor">
<TD ALIGN="right" VALIGN="top" WIDTH="1%"><FONT SIZE="-1">
<CODE>&nbsp;boolean</CODE></FONT></TD>
<TD><CODE><B>CollisionShape.</B><B><A HREF="../../../../../../com/golden/gamedev/object/collision/CollisionShape.html#intersects(com.golden.gamedev.object.collision.CollisionShape)">intersects</A></B>(<A HREF="../../../../../../com/golden/gamedev/object/collision/CollisionShape.html" title="interface in com.golden.gamedev.object.collision">CollisionShape</A>&nbsp;shape)</CODE>

<BR>
&nbsp;&nbsp;&nbsp;&nbsp;&nbsp;&nbsp;&nbsp;&nbsp;&nbsp;&nbsp;Returns whether this collision shape intersects
 with other collision shape area.</TD>
</TR>
<TR BGCOLOR="white" CLASS="TableRowColor">
<TD ALIGN="right" VALIGN="top" WIDTH="1%"><FONT SIZE="-1">
<CODE>&nbsp;boolean</CODE></FONT></TD>
<TD><CODE><B>BasicCollisionGroup.</B><B><A HREF="../../../../../../com/golden/gamedev/object/collision/BasicCollisionGroup.html#isCollide(com.golden.gamedev.object.Sprite, com.golden.gamedev.object.Sprite, com.golden.gamedev.object.collision.CollisionShape, com.golden.gamedev.object.collision.CollisionShape)">isCollide</A></B>(<A HREF="../../../../../../com/golden/gamedev/object/Sprite.html" title="class in com.golden.gamedev.object">Sprite</A>&nbsp;s1,
          <A HREF="../../../../../../com/golden/gamedev/object/Sprite.html" title="class in com.golden.gamedev.object">Sprite</A>&nbsp;s2,
          <A HREF="../../../../../../com/golden/gamedev/object/collision/CollisionShape.html" title="interface in com.golden.gamedev.object.collision">CollisionShape</A>&nbsp;shape1,
          <A HREF="../../../../../../com/golden/gamedev/object/collision/CollisionShape.html" title="interface in com.golden.gamedev.object.collision">CollisionShape</A>&nbsp;shape2)</CODE>

<BR>
&nbsp;&nbsp;&nbsp;&nbsp;&nbsp;&nbsp;&nbsp;&nbsp;&nbsp;&nbsp;Performs collision check between Sprite <code>s1</code> and
 Sprite <code>s2</code>, and returns true if the sprites
 (<code>shape1</code>, <code>shape2</code>) is collided.</TD>
</TR>
<TR BGCOLOR="white" CLASS="TableRowColor">
<TD ALIGN="right" VALIGN="top" WIDTH="1%"><FONT SIZE="-1">
<CODE>&nbsp;boolean</CODE></FONT></TD>
<TD><CODE><B>PreciseCollisionGroup.</B><B><A HREF="../../../../../../com/golden/gamedev/object/collision/PreciseCollisionGroup.html#isCollide(com.golden.gamedev.object.Sprite, com.golden.gamedev.object.Sprite, com.golden.gamedev.object.collision.CollisionShape, com.golden.gamedev.object.collision.CollisionShape)">isCollide</A></B>(<A HREF="../../../../../../com/golden/gamedev/object/Sprite.html" title="class in com.golden.gamedev.object">Sprite</A>&nbsp;s1,
          <A HREF="../../../../../../com/golden/gamedev/object/Sprite.html" title="class in com.golden.gamedev.object">Sprite</A>&nbsp;s2,
          <A HREF="../../../../../../com/golden/gamedev/object/collision/CollisionShape.html" title="interface in com.golden.gamedev.object.collision">CollisionShape</A>&nbsp;shape1,
          <A HREF="../../../../../../com/golden/gamedev/object/collision/CollisionShape.html" title="interface in com.golden.gamedev.object.collision">CollisionShape</A>&nbsp;shape2)</CODE>

<BR>
&nbsp;&nbsp;&nbsp;&nbsp;&nbsp;&nbsp;&nbsp;&nbsp;&nbsp;&nbsp;Performs collision check between Sprite <code>s1</code> and
 Sprite <code>s2</code>, and returns true if the sprites
 (<code>shape1</code>, <code>shape2</code>) is collided.</TD>
</TR>
<TR BGCOLOR="white" CLASS="TableRowColor">
<TD ALIGN="right" VALIGN="top" WIDTH="1%"><FONT SIZE="-1">
<CODE>&nbsp;boolean</CODE></FONT></TD>
<TD><CODE><B>CollisionGroup.</B><B><A HREF="../../../../../../com/golden/gamedev/object/collision/CollisionGroup.html#isCollide(com.golden.gamedev.object.Sprite, com.golden.gamedev.object.Sprite, com.golden.gamedev.object.collision.CollisionShape, com.golden.gamedev.object.collision.CollisionShape)">isCollide</A></B>(<A HREF="../../../../../../com/golden/gamedev/object/Sprite.html" title="class in com.golden.gamedev.object">Sprite</A>&nbsp;s1,
          <A HREF="../../../../../../com/golden/gamedev/object/Sprite.html" title="class in com.golden.gamedev.object">Sprite</A>&nbsp;s2,
          <A HREF="../../../../../../com/golden/gamedev/object/collision/CollisionShape.html" title="interface in com.golden.gamedev.object.collision">CollisionShape</A>&nbsp;shape1,
          <A HREF="../../../../../../com/golden/gamedev/object/collision/CollisionShape.html" title="interface in com.golden.gamedev.object.collision">CollisionShape</A>&nbsp;shape2)</CODE>

<BR>
&nbsp;&nbsp;&nbsp;&nbsp;&nbsp;&nbsp;&nbsp;&nbsp;&nbsp;&nbsp;Performs collision check between Sprite <code>s1</code> and
 Sprite <code>s2</code>, and returns true if the sprites
 (<code>shape1</code>, <code>shape2</code>) is collided.</TD>
</TR>
</TABLE>
&nbsp;
<P>
<HR>


<!-- ======= START OF BOTTOM NAVBAR ====== -->
<A NAME="navbar_bottom"><!-- --></A>
<A HREF="#skip-navbar_bottom" title="Skip navigation links"></A>
<TABLE BORDER="0" WIDTH="100%" CELLPADDING="1" CELLSPACING="0" SUMMARY="">
<TR>
<TD COLSPAN=2 BGCOLOR="#EEEEFF" CLASS="NavBarCell1">
<A NAME="navbar_bottom_firstrow"><!-- --></A>
<TABLE BORDER="0" CELLPADDING="0" CELLSPACING="3" SUMMARY="">
  <TR ALIGN="center" VALIGN="top">
  <TD BGCOLOR="#EEEEFF" CLASS="NavBarCell1">    <A HREF="../../../../../../overview-summary.html"><FONT CLASS="NavBarFont1"><B>Overview</B></FONT></A>&nbsp;</TD>
  <TD BGCOLOR="#EEEEFF" CLASS="NavBarCell1">    <A HREF="../package-summary.html"><FONT CLASS="NavBarFont1"><B>Package</B></FONT></A>&nbsp;</TD>
  <TD BGCOLOR="#EEEEFF" CLASS="NavBarCell1">    <A HREF="../../../../../../com/golden/gamedev/object/collision/CollisionShape.html" title="interface in com.golden.gamedev.object.collision"><FONT CLASS="NavBarFont1"><B>Class</B></FONT></A>&nbsp;</TD>
  <TD BGCOLOR="#FFFFFF" CLASS="NavBarCell1Rev"> &nbsp;<FONT CLASS="NavBarFont1Rev"><B>Use</B></FONT>&nbsp;</TD>
  <TD BGCOLOR="#EEEEFF" CLASS="NavBarCell1">    <A HREF="../package-tree.html"><FONT CLASS="NavBarFont1"><B>Tree</B></FONT></A>&nbsp;</TD>
  <TD BGCOLOR="#EEEEFF" CLASS="NavBarCell1">    <A HREF="../../../../../../index-all.html"><FONT CLASS="NavBarFont1"><B>Index</B></FONT></A>&nbsp;</TD>
  <TD BGCOLOR="#EEEEFF" CLASS="NavBarCell1">    <A HREF="../../../../../../help-doc.html"><FONT CLASS="NavBarFont1"><B>Help</B></FONT></A>&nbsp;</TD>
  </TR>
</TABLE>
</TD>
<TD ALIGN="right" VALIGN="top" ROWSPAN=3><EM>
<b>GTGE API</b></EM>
</TD>
</TR>

<TR>
<TD BGCOLOR="white" CLASS="NavBarCell2"><FONT SIZE="-2">
&nbsp;PREV&nbsp;
&nbsp;NEXT</FONT></TD>
<TD BGCOLOR="white" CLASS="NavBarCell2"><FONT SIZE="-2">
  <A HREF="../../../../../../index.html?com/golden/gamedev/object/collision/\class-useCollisionShape.html" target="_top"><B>FRAMES</B></A>  &nbsp;
&nbsp;<A HREF="CollisionShape.html" target="_top"><B>NO FRAMES</B></A>  &nbsp;
&nbsp;<SCRIPT type="text/javascript">
  <!--
  if(window==top) {
    document.writeln('<A HREF="../../../../../../allclasses-noframe.html"><B>All Classes</B></A>');
  }
  //-->
</SCRIPT>
<NOSCRIPT>
  <A HREF="../../../../../../allclasses-noframe.html"><B>All Classes</B></A>
</NOSCRIPT>


</FONT></TD>
</TR>
</TABLE>
<A NAME="skip-navbar_bottom"></A>
<!-- ======== END OF BOTTOM NAVBAR ======= -->

<HR>
<i>Copyright &copy; 2003-2005 Golden T Studios. All rights reserved. Use is subject to <a href=http://creativecommons.org/licenses/by/2.0/>license terms<a/>.<br><a target=_blank href=http://www.goldenstudios.or.id/>GoldenStudios.or.id</a></i>
</BODY>
</HTML>
