<!DOCTYPE HTML PUBLIC "-//W3C//DTD HTML 4.01 Transitional//EN" "http://www.w3.org/TR/html4/loose.dtd">
<!--NewPage-->
<HTML>
<HEAD>
<!-- Generated by javadoc (build 1.5.0_01) on Sun Jul 03 11:32:25 ICT 2005 -->
<TITLE>
com.golden.gamedev.engine.jogl (GTGE Add-Ons)
</TITLE>

<META NAME="keywords" CONTENT="com.golden.gamedev.engine.jogl package">

<LINK REL ="stylesheet" TYPE="text/css" HREF="../../../../../stylesheet.css" TITLE="Style">


</HEAD>

<BODY BGCOLOR="white">
<FONT size="+1" CLASS="FrameTitleFont">
<A HREF="../../../../../com/golden/gamedev/engine/jogl/package-summary.html" target="classFrame">com.golden.gamedev.engine.jogl</A></FONT>
<TABLE BORDER="0" WIDTH="100%" SUMMARY="">
<TR>
<TD NOWRAP><FONT size="+1" CLASS="FrameHeadingFont">
Classes</FONT>&nbsp;
<FONT CLASS="FrameItemFont">
<BR>
<A HREF="JOGLFullScreenMode.html" title="class in com.golden.gamedev.engine.jogl" target="classFrame">JOGLFullScreenMode</A>
<BR>
<A HREF="JOGLGraphics.html" title="class in com.golden.gamedev.engine.jogl" target="classFrame">JOGLGraphics</A>
<BR>
<A HREF="JOGLRenderer.html" title="class in com.golden.gamedev.engine.jogl" target="classFrame">JOGLRenderer</A>
<BR>
<A HREF="JOGLWindowedMode.html" title="class in com.golden.gamedev.engine.jogl" target="classFrame">JOGLWindowedMode</A>
<BR>
<A HREF="Texture.html" title="class in com.golden.gamedev.engine.jogl" target="classFrame">Texture</A>
<BR>
<A HREF="TextureLoader.html" title="class in com.golden.gamedev.engine.jogl" target="classFrame">TextureLoader</A></FONT></TD>
</TR>
</TABLE>


</BODY>
</HTML>
