<!DOCTYPE HTML PUBLIC "-//W3C//DTD HTML 4.01 Transitional//EN" "http://www.w3.org/TR/html4/loose.dtd">
<!--NewPage-->
<HTML>
<HEAD>
<!-- Generated by javadoc (build 1.5.0_01) on Sun Jul 03 07:12:33 ICT 2005 -->
<TITLE>
FileUtil (GTGE API v0.2.3)
</TITLE>

<META NAME="keywords" CONTENT="com.golden.gamedev.util.FileUtil class">

<LINK REL ="stylesheet" TYPE="text/css" HREF="../../../../stylesheet.css" TITLE="Style">

<SCRIPT type="text/javascript">
function windowTitle()
{
    parent.document.title="FileUtil (GTGE API v0.2.3)";
}
</SCRIPT>
<NOSCRIPT>
</NOSCRIPT>

</HEAD>

<BODY BGCOLOR="white" onload="windowTitle();">


<!-- ========= START OF TOP NAVBAR ======= -->
<A NAME="navbar_top"><!-- --></A>
<A HREF="#skip-navbar_top" title="Skip navigation links"></A>
<TABLE BORDER="0" WIDTH="100%" CELLPADDING="1" CELLSPACING="0" SUMMARY="">
<TR>
<TD COLSPAN=2 BGCOLOR="#EEEEFF" CLASS="NavBarCell1">
<A NAME="navbar_top_firstrow"><!-- --></A>
<TABLE BORDER="0" CELLPADDING="0" CELLSPACING="3" SUMMARY="">
  <TR ALIGN="center" VALIGN="top">
  <TD BGCOLOR="#EEEEFF" CLASS="NavBarCell1">    <A HREF="../../../../overview-summary.html"><FONT CLASS="NavBarFont1"><B>Overview</B></FONT></A>&nbsp;</TD>
  <TD BGCOLOR="#EEEEFF" CLASS="NavBarCell1">    <A HREF="package-summary.html"><FONT CLASS="NavBarFont1"><B>Package</B></FONT></A>&nbsp;</TD>
  <TD BGCOLOR="#FFFFFF" CLASS="NavBarCell1Rev"> &nbsp;<FONT CLASS="NavBarFont1Rev"><B>Class</B></FONT>&nbsp;</TD>
  <TD BGCOLOR="#EEEEFF" CLASS="NavBarCell1">    <A HREF="class-use/FileUtil.html"><FONT CLASS="NavBarFont1"><B>Use</B></FONT></A>&nbsp;</TD>
  <TD BGCOLOR="#EEEEFF" CLASS="NavBarCell1">    <A HREF="package-tree.html"><FONT CLASS="NavBarFont1"><B>Tree</B></FONT></A>&nbsp;</TD>
  <TD BGCOLOR="#EEEEFF" CLASS="NavBarCell1">    <A HREF="../../../../index-all.html"><FONT CLASS="NavBarFont1"><B>Index</B></FONT></A>&nbsp;</TD>
  <TD BGCOLOR="#EEEEFF" CLASS="NavBarCell1">    <A HREF="../../../../help-doc.html"><FONT CLASS="NavBarFont1"><B>Help</B></FONT></A>&nbsp;</TD>
  </TR>
</TABLE>
</TD>
<TD ALIGN="right" VALIGN="top" ROWSPAN=3><EM>
<b>GTGE API</b></EM>
</TD>
</TR>

<TR>
<TD BGCOLOR="white" CLASS="NavBarCell2"><FONT SIZE="-2">
&nbsp;PREV CLASS&nbsp;
&nbsp;<A HREF="../../../../com/golden/gamedev/util/FontUtil.html" title="class in com.golden.gamedev.util"><B>NEXT CLASS</B></A></FONT></TD>
<TD BGCOLOR="white" CLASS="NavBarCell2"><FONT SIZE="-2">
  <A HREF="../../../../index.html?com/golden/gamedev/util/FileUtil.html" target="_top"><B>FRAMES</B></A>  &nbsp;
&nbsp;<A HREF="FileUtil.html" target="_top"><B>NO FRAMES</B></A>  &nbsp;
&nbsp;<SCRIPT type="text/javascript">
  <!--
  if(window==top) {
    document.writeln('<A HREF="../../../../allclasses-noframe.html"><B>All Classes</B></A>');
  }
  //-->
</SCRIPT>
<NOSCRIPT>
  <A HREF="../../../../allclasses-noframe.html"><B>All Classes</B></A>
</NOSCRIPT>


</FONT></TD>
</TR>
<TR>
<TD VALIGN="top" CLASS="NavBarCell3"><FONT SIZE="-2">
  SUMMARY:&nbsp;NESTED&nbsp;|&nbsp;FIELD&nbsp;|&nbsp;CONSTR&nbsp;|&nbsp;<A HREF="#method_summary">METHOD</A></FONT></TD>
<TD VALIGN="top" CLASS="NavBarCell3"><FONT SIZE="-2">
DETAIL:&nbsp;FIELD&nbsp;|&nbsp;CONSTR&nbsp;|&nbsp;<A HREF="#method_detail">METHOD</A></FONT></TD>
</TR>
</TABLE>
<A NAME="skip-navbar_top"></A>
<!-- ========= END OF TOP NAVBAR ========= -->

<HR>
<!-- ======== START OF CLASS DATA ======== -->
<H2>
<FONT SIZE="-1">
com.golden.gamedev.util</FONT>
<BR>
Class FileUtil</H2>
<PRE>
<A HREF="http://java.sun.com/j2se/1.4/docs/api/java/lang/Object.html" title="class or interface in java.lang">java.lang.Object</A>
  <IMG SRC="../../../../resources/inherit.gif" ALT="extended by "><B>com.golden.gamedev.util.FileUtil</B>
</PRE>
<HR>
<DL>
<DT><PRE>public class <B>FileUtil</B><DT>extends <A HREF="http://java.sun.com/j2se/1.4/docs/api/java/lang/Object.html" title="class or interface in java.lang">Object</A></DL>
</PRE>

<P>
Utility class provides functions for processing <code>java.io.File</code>
 object, such as renaming file extension, reading and writing text file, etc.
<P>

<P>
<HR>

<P>

<!-- ========== METHOD SUMMARY =========== -->

<A NAME="method_summary"><!-- --></A>
<TABLE BORDER="1" WIDTH="100%" CELLPADDING="3" CELLSPACING="0" SUMMARY="">
<TR BGCOLOR="#CCCCFF" CLASS="TableHeadingColor">
<TH ALIGN="left" COLSPAN="2"><FONT SIZE="+2">
<B>Method Summary</B></FONT></TH>
</TR>
<TR BGCOLOR="white" CLASS="TableRowColor">
<TD ALIGN="right" VALIGN="top" WIDTH="1%"><FONT SIZE="-1">
<CODE>static&nbsp;<A HREF="http://java.sun.com/j2se/1.4/docs/api/java/lang/String.html" title="class or interface in java.lang">String</A>[]</CODE></FONT></TD>
<TD><CODE><B><A HREF="../../../../com/golden/gamedev/util/FileUtil.html#fileRead(java.io.File)">fileRead</A></B>(<A HREF="http://java.sun.com/j2se/1.4/docs/api/java/io/File.html" title="class or interface in java.io">File</A>&nbsp;file)</CODE>

<BR>
&nbsp;&nbsp;&nbsp;&nbsp;&nbsp;&nbsp;&nbsp;&nbsp;&nbsp;&nbsp;Read an array of String from specified text file.</TD>
</TR>
<TR BGCOLOR="white" CLASS="TableRowColor">
<TD ALIGN="right" VALIGN="top" WIDTH="1%"><FONT SIZE="-1">
<CODE>static&nbsp;<A HREF="http://java.sun.com/j2se/1.4/docs/api/java/lang/String.html" title="class or interface in java.lang">String</A>[]</CODE></FONT></TD>
<TD><CODE><B><A HREF="../../../../com/golden/gamedev/util/FileUtil.html#fileRead(java.io.InputStream)">fileRead</A></B>(<A HREF="http://java.sun.com/j2se/1.4/docs/api/java/io/InputStream.html" title="class or interface in java.io">InputStream</A>&nbsp;stream)</CODE>

<BR>
&nbsp;&nbsp;&nbsp;&nbsp;&nbsp;&nbsp;&nbsp;&nbsp;&nbsp;&nbsp;Read an array of String from specified stream.</TD>
</TR>
<TR BGCOLOR="white" CLASS="TableRowColor">
<TD ALIGN="right" VALIGN="top" WIDTH="1%"><FONT SIZE="-1">
<CODE>static&nbsp;<A HREF="http://java.sun.com/j2se/1.4/docs/api/java/lang/String.html" title="class or interface in java.lang">String</A>[]</CODE></FONT></TD>
<TD><CODE><B><A HREF="../../../../com/golden/gamedev/util/FileUtil.html#fileRead(java.net.URL)">fileRead</A></B>(<A HREF="http://java.sun.com/j2se/1.4/docs/api/java/net/URL.html" title="class or interface in java.net">URL</A>&nbsp;url)</CODE>

<BR>
&nbsp;&nbsp;&nbsp;&nbsp;&nbsp;&nbsp;&nbsp;&nbsp;&nbsp;&nbsp;Read an array of String from specified URL.</TD>
</TR>
<TR BGCOLOR="white" CLASS="TableRowColor">
<TD ALIGN="right" VALIGN="top" WIDTH="1%"><FONT SIZE="-1">
<CODE>static&nbsp;boolean</CODE></FONT></TD>
<TD><CODE><B><A HREF="../../../../com/golden/gamedev/util/FileUtil.html#fileWrite(java.lang.String[], java.io.File)">fileWrite</A></B>(<A HREF="http://java.sun.com/j2se/1.4/docs/api/java/lang/String.html" title="class or interface in java.lang">String</A>[]&nbsp;text,
          <A HREF="http://java.sun.com/j2se/1.4/docs/api/java/io/File.html" title="class or interface in java.io">File</A>&nbsp;file)</CODE>

<BR>
&nbsp;&nbsp;&nbsp;&nbsp;&nbsp;&nbsp;&nbsp;&nbsp;&nbsp;&nbsp;Writes an array of String to specified text file.</TD>
</TR>
<TR BGCOLOR="white" CLASS="TableRowColor">
<TD ALIGN="right" VALIGN="top" WIDTH="1%"><FONT SIZE="-1">
<CODE>static&nbsp;<A HREF="http://java.sun.com/j2se/1.4/docs/api/java/lang/String.html" title="class or interface in java.lang">String</A></CODE></FONT></TD>
<TD><CODE><B><A HREF="../../../../com/golden/gamedev/util/FileUtil.html#getExtension(java.io.File)">getExtension</A></B>(<A HREF="http://java.sun.com/j2se/1.4/docs/api/java/io/File.html" title="class or interface in java.io">File</A>&nbsp;f)</CODE>

<BR>
&nbsp;&nbsp;&nbsp;&nbsp;&nbsp;&nbsp;&nbsp;&nbsp;&nbsp;&nbsp;Returns extension of a file.</TD>
</TR>
<TR BGCOLOR="white" CLASS="TableRowColor">
<TD ALIGN="right" VALIGN="top" WIDTH="1%"><FONT SIZE="-1">
<CODE>static&nbsp;<A HREF="http://java.sun.com/j2se/1.4/docs/api/java/lang/String.html" title="class or interface in java.lang">String</A></CODE></FONT></TD>
<TD><CODE><B><A HREF="../../../../com/golden/gamedev/util/FileUtil.html#getExtension(java.lang.String)">getExtension</A></B>(<A HREF="http://java.sun.com/j2se/1.4/docs/api/java/lang/String.html" title="class or interface in java.lang">String</A>&nbsp;st)</CODE>

<BR>
&nbsp;&nbsp;&nbsp;&nbsp;&nbsp;&nbsp;&nbsp;&nbsp;&nbsp;&nbsp;Returns extension of a string.</TD>
</TR>
<TR BGCOLOR="white" CLASS="TableRowColor">
<TD ALIGN="right" VALIGN="top" WIDTH="1%"><FONT SIZE="-1">
<CODE>static&nbsp;<A HREF="http://java.sun.com/j2se/1.4/docs/api/java/lang/String.html" title="class or interface in java.lang">String</A></CODE></FONT></TD>
<TD><CODE><B><A HREF="../../../../com/golden/gamedev/util/FileUtil.html#getName(java.io.File)">getName</A></B>(<A HREF="http://java.sun.com/j2se/1.4/docs/api/java/io/File.html" title="class or interface in java.io">File</A>&nbsp;f)</CODE>

<BR>
&nbsp;&nbsp;&nbsp;&nbsp;&nbsp;&nbsp;&nbsp;&nbsp;&nbsp;&nbsp;Returns name of a file without its extension.</TD>
</TR>
<TR BGCOLOR="white" CLASS="TableRowColor">
<TD ALIGN="right" VALIGN="top" WIDTH="1%"><FONT SIZE="-1">
<CODE>static&nbsp;<A HREF="http://java.sun.com/j2se/1.4/docs/api/java/lang/String.html" title="class or interface in java.lang">String</A></CODE></FONT></TD>
<TD><CODE><B><A HREF="../../../../com/golden/gamedev/util/FileUtil.html#getName(java.lang.String)">getName</A></B>(<A HREF="http://java.sun.com/j2se/1.4/docs/api/java/lang/String.html" title="class or interface in java.lang">String</A>&nbsp;st)</CODE>

<BR>
&nbsp;&nbsp;&nbsp;&nbsp;&nbsp;&nbsp;&nbsp;&nbsp;&nbsp;&nbsp;Returns name of a string without its extension.</TD>
</TR>
<TR BGCOLOR="white" CLASS="TableRowColor">
<TD ALIGN="right" VALIGN="top" WIDTH="1%"><FONT SIZE="-1">
<CODE>static&nbsp;<A HREF="http://java.sun.com/j2se/1.4/docs/api/java/lang/String.html" title="class or interface in java.lang">String</A></CODE></FONT></TD>
<TD><CODE><B><A HREF="../../../../com/golden/gamedev/util/FileUtil.html#getPath(java.io.File)">getPath</A></B>(<A HREF="http://java.sun.com/j2se/1.4/docs/api/java/io/File.html" title="class or interface in java.io">File</A>&nbsp;f)</CODE>

<BR>
&nbsp;&nbsp;&nbsp;&nbsp;&nbsp;&nbsp;&nbsp;&nbsp;&nbsp;&nbsp;Returns the path of specified file.</TD>
</TR>
<TR BGCOLOR="white" CLASS="TableRowColor">
<TD ALIGN="right" VALIGN="top" WIDTH="1%"><FONT SIZE="-1">
<CODE>static&nbsp;<A HREF="http://java.sun.com/j2se/1.4/docs/api/java/lang/String.html" title="class or interface in java.lang">String</A></CODE></FONT></TD>
<TD><CODE><B><A HREF="../../../../com/golden/gamedev/util/FileUtil.html#getPath(java.lang.String)">getPath</A></B>(<A HREF="http://java.sun.com/j2se/1.4/docs/api/java/lang/String.html" title="class or interface in java.lang">String</A>&nbsp;st)</CODE>

<BR>
&nbsp;&nbsp;&nbsp;&nbsp;&nbsp;&nbsp;&nbsp;&nbsp;&nbsp;&nbsp;Returns path of a string.</TD>
</TR>
<TR BGCOLOR="white" CLASS="TableRowColor">
<TD ALIGN="right" VALIGN="top" WIDTH="1%"><FONT SIZE="-1">
<CODE>static&nbsp;<A HREF="http://java.sun.com/j2se/1.4/docs/api/java/lang/String.html" title="class or interface in java.lang">String</A></CODE></FONT></TD>
<TD><CODE><B><A HREF="../../../../com/golden/gamedev/util/FileUtil.html#getPathName(java.io.File)">getPathName</A></B>(<A HREF="http://java.sun.com/j2se/1.4/docs/api/java/io/File.html" title="class or interface in java.io">File</A>&nbsp;f)</CODE>

<BR>
&nbsp;&nbsp;&nbsp;&nbsp;&nbsp;&nbsp;&nbsp;&nbsp;&nbsp;&nbsp;Returns path and name of a file without its extension.</TD>
</TR>
<TR BGCOLOR="white" CLASS="TableRowColor">
<TD ALIGN="right" VALIGN="top" WIDTH="1%"><FONT SIZE="-1">
<CODE>static&nbsp;<A HREF="http://java.sun.com/j2se/1.4/docs/api/java/lang/String.html" title="class or interface in java.lang">String</A></CODE></FONT></TD>
<TD><CODE><B><A HREF="../../../../com/golden/gamedev/util/FileUtil.html#getPathName(java.lang.String)">getPathName</A></B>(<A HREF="http://java.sun.com/j2se/1.4/docs/api/java/lang/String.html" title="class or interface in java.lang">String</A>&nbsp;st)</CODE>

<BR>
&nbsp;&nbsp;&nbsp;&nbsp;&nbsp;&nbsp;&nbsp;&nbsp;&nbsp;&nbsp;Returns path and name of a string without its extension.</TD>
</TR>
<TR BGCOLOR="white" CLASS="TableRowColor">
<TD ALIGN="right" VALIGN="top" WIDTH="1%"><FONT SIZE="-1">
<CODE>static&nbsp;<A HREF="http://java.sun.com/j2se/1.4/docs/api/java/io/File.html" title="class or interface in java.io">File</A></CODE></FONT></TD>
<TD><CODE><B><A HREF="../../../../com/golden/gamedev/util/FileUtil.html#setExtension(java.io.File, java.lang.String)">setExtension</A></B>(<A HREF="http://java.sun.com/j2se/1.4/docs/api/java/io/File.html" title="class or interface in java.io">File</A>&nbsp;f,
             <A HREF="http://java.sun.com/j2se/1.4/docs/api/java/lang/String.html" title="class or interface in java.lang">String</A>&nbsp;ext)</CODE>

<BR>
&nbsp;&nbsp;&nbsp;&nbsp;&nbsp;&nbsp;&nbsp;&nbsp;&nbsp;&nbsp;Sets file extension.</TD>
</TR>
</TABLE>
&nbsp;<A NAME="methods_inherited_from_class_java.lang.Object"><!-- --></A>
<TABLE BORDER="1" WIDTH="100%" CELLPADDING="3" CELLSPACING="0" SUMMARY="">
<TR BGCOLOR="#EEEEFF" CLASS="TableSubHeadingColor">
<TH ALIGN="left"><B>Methods inherited from class java.lang.<A HREF="http://java.sun.com/j2se/1.4/docs/api/java/lang/Object.html" title="class or interface in java.lang">Object</A></B></TH>
</TR>
<TR BGCOLOR="white" CLASS="TableRowColor">
<TD><CODE><A HREF="http://java.sun.com/j2se/1.4/docs/api/java/lang/Object.html#clone()" title="class or interface in java.lang">clone</A>, <A HREF="http://java.sun.com/j2se/1.4/docs/api/java/lang/Object.html#equals(java.lang.Object)" title="class or interface in java.lang">equals</A>, <A HREF="http://java.sun.com/j2se/1.4/docs/api/java/lang/Object.html#finalize()" title="class or interface in java.lang">finalize</A>, <A HREF="http://java.sun.com/j2se/1.4/docs/api/java/lang/Object.html#getClass()" title="class or interface in java.lang">getClass</A>, <A HREF="http://java.sun.com/j2se/1.4/docs/api/java/lang/Object.html#hashCode()" title="class or interface in java.lang">hashCode</A>, <A HREF="http://java.sun.com/j2se/1.4/docs/api/java/lang/Object.html#notify()" title="class or interface in java.lang">notify</A>, <A HREF="http://java.sun.com/j2se/1.4/docs/api/java/lang/Object.html#notifyAll()" title="class or interface in java.lang">notifyAll</A>, <A HREF="http://java.sun.com/j2se/1.4/docs/api/java/lang/Object.html#toString()" title="class or interface in java.lang">toString</A>, <A HREF="http://java.sun.com/j2se/1.4/docs/api/java/lang/Object.html#wait()" title="class or interface in java.lang">wait</A>, <A HREF="http://java.sun.com/j2se/1.4/docs/api/java/lang/Object.html#wait(long)" title="class or interface in java.lang">wait</A>, <A HREF="http://java.sun.com/j2se/1.4/docs/api/java/lang/Object.html#wait(long, int)" title="class or interface in java.lang">wait</A></CODE></TD>
</TR>
</TABLE>
&nbsp;
<P>

<!-- ============ METHOD DETAIL ========== -->

<A NAME="method_detail"><!-- --></A>
<TABLE BORDER="1" WIDTH="100%" CELLPADDING="3" CELLSPACING="0" SUMMARY="">
<TR BGCOLOR="#CCCCFF" CLASS="TableHeadingColor">
<TH ALIGN="left" COLSPAN="1"><FONT SIZE="+2">
<B>Method Detail</B></FONT></TH>
</TR>
</TABLE>

<A NAME="fileWrite(java.lang.String[], java.io.File)"><!-- --></A><H3>
fileWrite</H3>
<PRE>
public static boolean <B>fileWrite</B>(<A HREF="http://java.sun.com/j2se/1.4/docs/api/java/lang/String.html" title="class or interface in java.lang">String</A>[]&nbsp;text,
                                <A HREF="http://java.sun.com/j2se/1.4/docs/api/java/io/File.html" title="class or interface in java.io">File</A>&nbsp;file)</PRE>
<DL>
<DD>Writes an array of String to specified text file.
<P>
<DD><DL>
<DT><B>Parameters:</B><DD><CODE>text</CODE> - an array of string to write to the file<DD><CODE>file</CODE> - a text file to be written the text to
<DT><B>Returns:</B><DD>true, if the text successfuly write to the file.</DL>
</DD>
</DL>
<HR>

<A NAME="fileRead(java.io.File)"><!-- --></A><H3>
fileRead</H3>
<PRE>
public static <A HREF="http://java.sun.com/j2se/1.4/docs/api/java/lang/String.html" title="class or interface in java.lang">String</A>[] <B>fileRead</B>(<A HREF="http://java.sun.com/j2se/1.4/docs/api/java/io/File.html" title="class or interface in java.io">File</A>&nbsp;file)</PRE>
<DL>
<DD>Read an array of String from specified text file.
 Returns a <A HREF="../../../../com/golden/gamedev/util/Utility.html#compactStrings(java.lang.String[])">compact string</A>.
 Each returned string represent each line in the file.
<P>
<DD><DL>
<DT><B>Parameters:</B><DD><CODE>file</CODE> - file to be read
<DT><B>Returns:</B><DD>An array of string read from the file, or null if the file cannot be read.</DL>
</DD>
</DL>
<HR>

<A NAME="fileRead(java.io.InputStream)"><!-- --></A><H3>
fileRead</H3>
<PRE>
public static <A HREF="http://java.sun.com/j2se/1.4/docs/api/java/lang/String.html" title="class or interface in java.lang">String</A>[] <B>fileRead</B>(<A HREF="http://java.sun.com/j2se/1.4/docs/api/java/io/InputStream.html" title="class or interface in java.io">InputStream</A>&nbsp;stream)</PRE>
<DL>
<DD>Read an array of String from specified stream.
 Returns a <A HREF="../../../../com/golden/gamedev/util/Utility.html#compactStrings(java.lang.String[])">compact string</A>.
 Each returned string represent each line in the file.
<P>
<DD><DL>
<DT><B>Parameters:</B><DD><CODE>stream</CODE> - input stream to be read
<DT><B>Returns:</B><DD>An array of string read from the stream, or null if the stream cannot be read.</DL>
</DD>
</DL>
<HR>

<A NAME="fileRead(java.net.URL)"><!-- --></A><H3>
fileRead</H3>
<PRE>
public static <A HREF="http://java.sun.com/j2se/1.4/docs/api/java/lang/String.html" title="class or interface in java.lang">String</A>[] <B>fileRead</B>(<A HREF="http://java.sun.com/j2se/1.4/docs/api/java/net/URL.html" title="class or interface in java.net">URL</A>&nbsp;url)</PRE>
<DL>
<DD>Read an array of String from specified URL.
 Returns a <A HREF="../../../../com/golden/gamedev/util/Utility.html#compactStrings(java.lang.String[])">compact string</A>.
 Each returned string represent each line in the file.
<P>
<DD><DL>
<DT><B>Parameters:</B><DD><CODE>url</CODE> - url to be read
<DT><B>Returns:</B><DD>An array of string read from the stream, or null if the url cannot be read.</DL>
</DD>
</DL>
<HR>

<A NAME="setExtension(java.io.File, java.lang.String)"><!-- --></A><H3>
setExtension</H3>
<PRE>
public static <A HREF="http://java.sun.com/j2se/1.4/docs/api/java/io/File.html" title="class or interface in java.io">File</A> <B>setExtension</B>(<A HREF="http://java.sun.com/j2se/1.4/docs/api/java/io/File.html" title="class or interface in java.io">File</A>&nbsp;f,
                                <A HREF="http://java.sun.com/j2se/1.4/docs/api/java/lang/String.html" title="class or interface in java.lang">String</A>&nbsp;ext)</PRE>
<DL>
<DD>Sets file extension. <p>

 For example: <br>
 Renaming <code>"paul.dat"</code> to <code>"paul.bin"</code>:
 <pre>
    File f = new File("paul.dat");
    File newFile = setExtension(f, "bin");
 </pre>
<P>
<DD><DL>
<DT><B>Parameters:</B><DD><CODE>f</CODE> - file that it's extension to be renamed<DD><CODE>ext</CODE> - the new file extension
<DT><B>Returns:</B><DD>The file with new extension.</DL>
</DD>
</DL>
<HR>

<A NAME="getExtension(java.io.File)"><!-- --></A><H3>
getExtension</H3>
<PRE>
public static <A HREF="http://java.sun.com/j2se/1.4/docs/api/java/lang/String.html" title="class or interface in java.lang">String</A> <B>getExtension</B>(<A HREF="http://java.sun.com/j2se/1.4/docs/api/java/io/File.html" title="class or interface in java.io">File</A>&nbsp;f)</PRE>
<DL>
<DD>Returns extension of a file. <br>
 A file with name <code>"paul.dat"</code> will return <code>"dat"</code>.
<P>
<DD><DL>
<DT><B>Parameters:</B><DD><CODE>f</CODE> - file to get it's extension
<DT><B>Returns:</B><DD>The file extension.</DL>
</DD>
</DL>
<HR>

<A NAME="getExtension(java.lang.String)"><!-- --></A><H3>
getExtension</H3>
<PRE>
public static <A HREF="http://java.sun.com/j2se/1.4/docs/api/java/lang/String.html" title="class or interface in java.lang">String</A> <B>getExtension</B>(<A HREF="http://java.sun.com/j2se/1.4/docs/api/java/lang/String.html" title="class or interface in java.lang">String</A>&nbsp;st)</PRE>
<DL>
<DD>Returns extension of a string. <br>
 A string with <code>"paul.dat"</code> will return <code>"dat"</code>.
<P>
<DD><DL>
<DT><B>Parameters:</B><DD><CODE>st</CODE> - string to get its extension
<DT><B>Returns:</B><DD>The file extension.</DL>
</DD>
</DL>
<HR>

<A NAME="getName(java.io.File)"><!-- --></A><H3>
getName</H3>
<PRE>
public static <A HREF="http://java.sun.com/j2se/1.4/docs/api/java/lang/String.html" title="class or interface in java.lang">String</A> <B>getName</B>(<A HREF="http://java.sun.com/j2se/1.4/docs/api/java/io/File.html" title="class or interface in java.io">File</A>&nbsp;f)</PRE>
<DL>
<DD>Returns name of a file without its extension. <br>
 A file with name <code>"paul.dat"</code> will return <code>"paul"</code>.
<P>
<DD><DL>
<DT><B>Parameters:</B><DD><CODE>f</CODE> - file to get it's name
<DT><B>Returns:</B><DD>The file name.</DL>
</DD>
</DL>
<HR>

<A NAME="getName(java.lang.String)"><!-- --></A><H3>
getName</H3>
<PRE>
public static <A HREF="http://java.sun.com/j2se/1.4/docs/api/java/lang/String.html" title="class or interface in java.lang">String</A> <B>getName</B>(<A HREF="http://java.sun.com/j2se/1.4/docs/api/java/lang/String.html" title="class or interface in java.lang">String</A>&nbsp;st)</PRE>
<DL>
<DD>Returns name of a string without its extension. <br>
 A string <code>"paul.dat"</code> will return <code>"paul"</code>.
<P>
<DD><DL>
<DT><B>Parameters:</B><DD><CODE>st</CODE> - string to get its name
<DT><B>Returns:</B><DD>The file name.</DL>
</DD>
</DL>
<HR>

<A NAME="getPath(java.io.File)"><!-- --></A><H3>
getPath</H3>
<PRE>
public static <A HREF="http://java.sun.com/j2se/1.4/docs/api/java/lang/String.html" title="class or interface in java.lang">String</A> <B>getPath</B>(<A HREF="http://java.sun.com/j2se/1.4/docs/api/java/io/File.html" title="class or interface in java.io">File</A>&nbsp;f)</PRE>
<DL>
<DD>Returns the path of specified file. <br>
 A file with path <code>"c:\src\res\paul.dat"</code> will return
 <code>"c:\src\res\"</code>.
<P>
<DD><DL>
<DT><B>Parameters:</B><DD><CODE>f</CODE> - file to get its path
<DT><B>Returns:</B><DD>The file path.</DL>
</DD>
</DL>
<HR>

<A NAME="getPath(java.lang.String)"><!-- --></A><H3>
getPath</H3>
<PRE>
public static <A HREF="http://java.sun.com/j2se/1.4/docs/api/java/lang/String.html" title="class or interface in java.lang">String</A> <B>getPath</B>(<A HREF="http://java.sun.com/j2se/1.4/docs/api/java/lang/String.html" title="class or interface in java.lang">String</A>&nbsp;st)</PRE>
<DL>
<DD>Returns path of a string. <br>
 A string <code>"c:\src\res\paul.dat"</code> will return
 <code>"c:\src\res\"</code>.
<P>
<DD><DL>
<DT><B>Parameters:</B><DD><CODE>st</CODE> - string to get its path
<DT><B>Returns:</B><DD>The file path.</DL>
</DD>
</DL>
<HR>

<A NAME="getPathName(java.io.File)"><!-- --></A><H3>
getPathName</H3>
<PRE>
public static <A HREF="http://java.sun.com/j2se/1.4/docs/api/java/lang/String.html" title="class or interface in java.lang">String</A> <B>getPathName</B>(<A HREF="http://java.sun.com/j2se/1.4/docs/api/java/io/File.html" title="class or interface in java.io">File</A>&nbsp;f)</PRE>
<DL>
<DD>Returns path and name of a file without its extension. <br>
 A file with path <code>"c:\src\res\paul.dat"</code> will return
 <code>"c:\src\res\paul"</code>.
<P>
<DD><DL>
<DT><B>Parameters:</B><DD><CODE>f</CODE> - file to get its pathname
<DT><B>Returns:</B><DD>The file pathname.</DL>
</DD>
</DL>
<HR>

<A NAME="getPathName(java.lang.String)"><!-- --></A><H3>
getPathName</H3>
<PRE>
public static <A HREF="http://java.sun.com/j2se/1.4/docs/api/java/lang/String.html" title="class or interface in java.lang">String</A> <B>getPathName</B>(<A HREF="http://java.sun.com/j2se/1.4/docs/api/java/lang/String.html" title="class or interface in java.lang">String</A>&nbsp;st)</PRE>
<DL>
<DD>Returns path and name of a string without its extension. <br>
 A string <code>"c:\src\res\paul.dat"</code> will return
 <code>"c:\src\res\paul"</code>.
<P>
<DD><DL>
<DT><B>Parameters:</B><DD><CODE>st</CODE> - string to get its pathname
<DT><B>Returns:</B><DD>The file pathname.</DL>
</DD>
</DL>
<!-- ========= END OF CLASS DATA ========= -->
<HR>


<!-- ======= START OF BOTTOM NAVBAR ====== -->
<A NAME="navbar_bottom"><!-- --></A>
<A HREF="#skip-navbar_bottom" title="Skip navigation links"></A>
<TABLE BORDER="0" WIDTH="100%" CELLPADDING="1" CELLSPACING="0" SUMMARY="">
<TR>
<TD COLSPAN=2 BGCOLOR="#EEEEFF" CLASS="NavBarCell1">
<A NAME="navbar_bottom_firstrow"><!-- --></A>
<TABLE BORDER="0" CELLPADDING="0" CELLSPACING="3" SUMMARY="">
  <TR ALIGN="center" VALIGN="top">
  <TD BGCOLOR="#EEEEFF" CLASS="NavBarCell1">    <A HREF="../../../../overview-summary.html"><FONT CLASS="NavBarFont1"><B>Overview</B></FONT></A>&nbsp;</TD>
  <TD BGCOLOR="#EEEEFF" CLASS="NavBarCell1">    <A HREF="package-summary.html"><FONT CLASS="NavBarFont1"><B>Package</B></FONT></A>&nbsp;</TD>
  <TD BGCOLOR="#FFFFFF" CLASS="NavBarCell1Rev"> &nbsp;<FONT CLASS="NavBarFont1Rev"><B>Class</B></FONT>&nbsp;</TD>
  <TD BGCOLOR="#EEEEFF" CLASS="NavBarCell1">    <A HREF="class-use/FileUtil.html"><FONT CLASS="NavBarFont1"><B>Use</B></FONT></A>&nbsp;</TD>
  <TD BGCOLOR="#EEEEFF" CLASS="NavBarCell1">    <A HREF="package-tree.html"><FONT CLASS="NavBarFont1"><B>Tree</B></FONT></A>&nbsp;</TD>
  <TD BGCOLOR="#EEEEFF" CLASS="NavBarCell1">    <A HREF="../../../../index-all.html"><FONT CLASS="NavBarFont1"><B>Index</B></FONT></A>&nbsp;</TD>
  <TD BGCOLOR="#EEEEFF" CLASS="NavBarCell1">    <A HREF="../../../../help-doc.html"><FONT CLASS="NavBarFont1"><B>Help</B></FONT></A>&nbsp;</TD>
  </TR>
</TABLE>
</TD>
<TD ALIGN="right" VALIGN="top" ROWSPAN=3><EM>
<b>GTGE API</b></EM>
</TD>
</TR>

<TR>
<TD BGCOLOR="white" CLASS="NavBarCell2"><FONT SIZE="-2">
&nbsp;PREV CLASS&nbsp;
&nbsp;<A HREF="../../../../com/golden/gamedev/util/FontUtil.html" title="class in com.golden.gamedev.util"><B>NEXT CLASS</B></A></FONT></TD>
<TD BGCOLOR="white" CLASS="NavBarCell2"><FONT SIZE="-2">
  <A HREF="../../../../index.html?com/golden/gamedev/util/FileUtil.html" target="_top"><B>FRAMES</B></A>  &nbsp;
&nbsp;<A HREF="FileUtil.html" target="_top"><B>NO FRAMES</B></A>  &nbsp;
&nbsp;<SCRIPT type="text/javascript">
  <!--
  if(window==top) {
    document.writeln('<A HREF="../../../../allclasses-noframe.html"><B>All Classes</B></A>');
  }
  //-->
</SCRIPT>
<NOSCRIPT>
  <A HREF="../../../../allclasses-noframe.html"><B>All Classes</B></A>
</NOSCRIPT>


</FONT></TD>
</TR>
<TR>
<TD VALIGN="top" CLASS="NavBarCell3"><FONT SIZE="-2">
  SUMMARY:&nbsp;NESTED&nbsp;|&nbsp;FIELD&nbsp;|&nbsp;CONSTR&nbsp;|&nbsp;<A HREF="#method_summary">METHOD</A></FONT></TD>
<TD VALIGN="top" CLASS="NavBarCell3"><FONT SIZE="-2">
DETAIL:&nbsp;FIELD&nbsp;|&nbsp;CONSTR&nbsp;|&nbsp;<A HREF="#method_detail">METHOD</A></FONT></TD>
</TR>
</TABLE>
<A NAME="skip-navbar_bottom"></A>
<!-- ======== END OF BOTTOM NAVBAR ======= -->

<HR>
<i>Copyright &copy; 2003-2005 Golden T Studios. All rights reserved. Use is subject to <a href=http://creativecommons.org/licenses/by/2.0/>license terms<a/>.<br><a target=_blank href=http://www.goldenstudios.or.id/>GoldenStudios.or.id</a></i>
</BODY>
</HTML>
