<!DOCTYPE HTML PUBLIC "-//W3C//DTD HTML 4.01 Transitional//EN" "http://www.w3.org/TR/html4/loose.dtd">
<!--NewPage-->
<HTML>
<HEAD>
<!-- Generated by javadoc (build 1.5.0_01) on Sun Jul 03 07:12:37 ICT 2005 -->
<TITLE>
com.golden.gamedev (GTGE API v0.2.3)
</TITLE>

<META NAME="keywords" CONTENT="com.golden.gamedev package">

<LINK REL ="stylesheet" TYPE="text/css" HREF="../../../stylesheet.css" TITLE="Style">

<SCRIPT type="text/javascript">
function windowTitle()
{
    parent.document.title="com.golden.gamedev (GTGE API v0.2.3)";
}
</SCRIPT>
<NOSCRIPT>
</NOSCRIPT>

</HEAD>

<BODY BGCOLOR="white" onload="windowTitle();">


<!-- ========= START OF TOP NAVBAR ======= -->
<A NAME="navbar_top"><!-- --></A>
<A HREF="#skip-navbar_top" title="Skip navigation links"></A>
<TABLE BORDER="0" WIDTH="100%" CELLPADDING="1" CELLSPACING="0" SUMMARY="">
<TR>
<TD COLSPAN=2 BGCOLOR="#EEEEFF" CLASS="NavBarCell1">
<A NAME="navbar_top_firstrow"><!-- --></A>
<TABLE BORDER="0" CELLPADDING="0" CELLSPACING="3" SUMMARY="">
  <TR ALIGN="center" VALIGN="top">
  <TD BGCOLOR="#EEEEFF" CLASS="NavBarCell1">    <A HREF="../../../overview-summary.html"><FONT CLASS="NavBarFont1"><B>Overview</B></FONT></A>&nbsp;</TD>
  <TD BGCOLOR="#FFFFFF" CLASS="NavBarCell1Rev"> &nbsp;<FONT CLASS="NavBarFont1Rev"><B>Package</B></FONT>&nbsp;</TD>
  <TD BGCOLOR="#EEEEFF" CLASS="NavBarCell1">    <FONT CLASS="NavBarFont1">Class</FONT>&nbsp;</TD>
  <TD BGCOLOR="#EEEEFF" CLASS="NavBarCell1">    <A HREF="package-use.html"><FONT CLASS="NavBarFont1"><B>Use</B></FONT></A>&nbsp;</TD>
  <TD BGCOLOR="#EEEEFF" CLASS="NavBarCell1">    <A HREF="package-tree.html"><FONT CLASS="NavBarFont1"><B>Tree</B></FONT></A>&nbsp;</TD>
  <TD BGCOLOR="#EEEEFF" CLASS="NavBarCell1">    <A HREF="../../../index-all.html"><FONT CLASS="NavBarFont1"><B>Index</B></FONT></A>&nbsp;</TD>
  <TD BGCOLOR="#EEEEFF" CLASS="NavBarCell1">    <A HREF="../../../help-doc.html"><FONT CLASS="NavBarFont1"><B>Help</B></FONT></A>&nbsp;</TD>
  </TR>
</TABLE>
</TD>
<TD ALIGN="right" VALIGN="top" ROWSPAN=3><EM>
<b>GTGE API</b></EM>
</TD>
</TR>

<TR>
<TD BGCOLOR="white" CLASS="NavBarCell2"><FONT SIZE="-2">
&nbsp;PREV PACKAGE&nbsp;
&nbsp;<A HREF="../../../com/golden/gamedev/engine/package-summary.html"><B>NEXT PACKAGE</B></A></FONT></TD>
<TD BGCOLOR="white" CLASS="NavBarCell2"><FONT SIZE="-2">
  <A HREF="../../../index.html?com/golden/gamedev/package-summary.html" target="_top"><B>FRAMES</B></A>  &nbsp;
&nbsp;<A HREF="package-summary.html" target="_top"><B>NO FRAMES</B></A>  &nbsp;
&nbsp;<SCRIPT type="text/javascript">
  <!--
  if(window==top) {
    document.writeln('<A HREF="../../../allclasses-noframe.html"><B>All Classes</B></A>');
  }
  //-->
</SCRIPT>
<NOSCRIPT>
  <A HREF="../../../allclasses-noframe.html"><B>All Classes</B></A>
</NOSCRIPT>


</FONT></TD>
</TR>
</TABLE>
<A NAME="skip-navbar_top"></A>
<!-- ========= END OF TOP NAVBAR ========= -->

<HR>
<H2>
Package com.golden.gamedev
</H2>
The core package of Golden T Game Engine (GTGE) Frame Work<br />
<b>(this package is where you should start first)</b>.
<P>
<B>See:</B>
<BR>
&nbsp;&nbsp;&nbsp;&nbsp;&nbsp;&nbsp;&nbsp;&nbsp;&nbsp;&nbsp;<A HREF="#package_description"><B>Description</B></A>
<P>

<TABLE BORDER="1" WIDTH="100%" CELLPADDING="3" CELLSPACING="0" SUMMARY="">
<TR BGCOLOR="#CCCCFF" CLASS="TableHeadingColor">
<TH ALIGN="left" COLSPAN="2"><FONT SIZE="+2">
<B>Class Summary</B></FONT></TH>
</TR>
<TR BGCOLOR="white" CLASS="TableRowColor">
<TD WIDTH="15%"><B><A HREF="../../../com/golden/gamedev/Game.html" title="class in com.golden.gamedev">Game</A></B></TD>
<TD><code>Game</code> class is <b>Golden T Game Engine (GTGE) core class</b>
 that initializes all GTGE game engines, wrap the engines up, and setup the
 basic game frame work to be play on.</TD>
</TR>
<TR BGCOLOR="white" CLASS="TableRowColor">
<TD WIDTH="15%"><B><A HREF="../../../com/golden/gamedev/GameEngine.html" title="class in com.golden.gamedev">GameEngine</A></B></TD>
<TD>Extending <code>Game</code> class functionality to be able to handle multiple
 game screen in order to separate game logic into separated entities.</TD>
</TR>
<TR BGCOLOR="white" CLASS="TableRowColor">
<TD WIDTH="15%"><B><A HREF="../../../com/golden/gamedev/GameLoader.html" title="class in com.golden.gamedev">GameLoader</A></B></TD>
<TD><code>GameLoader</code> class is the class that manages <code>Game</code>
 class initialization.</TD>
</TR>
<TR BGCOLOR="white" CLASS="TableRowColor">
<TD WIDTH="15%"><B><A HREF="../../../com/golden/gamedev/GameObject.html" title="class in com.golden.gamedev">GameObject</A></B></TD>
<TD>Similar like <code>Game</code> class except this class is working under
 <code>GameEngine</code> frame work.</TD>
</TR>
</TABLE>
&nbsp;

<P>
<A NAME="package_description"><!-- --></A><H2>
Package com.golden.gamedev Description
</H2>

<P>
<p>The core package of Golden T Game Engine (GTGE) Frame Work<br />
<b>(this package is where you should start first)</b>.</p>

<p>This package consists of :
<ul>
        <li>The <A HREF="../../../com/golden/gamedev/Game.html" title="class in com.golden.gamedev"><CODE>Game</CODE></A> class (base class) that initializing the basic game frame work.</li>
        <li>The <A HREF="../../../com/golden/gamedev/GameLoader.html" title="class in com.golden.gamedev"><CODE>GameLoader</CODE></A> class that handle <code>Game</code> class initialization.</li>
        <li>The <A HREF="../../../com/golden/gamedev/GameEngine.html" title="class in com.golden.gamedev"><CODE>GameEngine</CODE></A> class that able to handle multiple <code>Game</code> class object, in order to separate game logic into separate entities.</li>
        <li>The <A HREF="../../../com/golden/gamedev/GameObject.html" title="class in com.golden.gamedev"><CODE>GameObject</CODE></A> class, the entity used by <code>GameEngine</code> class (replacing the <code>Game</code> class functionality).</li>
</ul>
</p>

<p>All the game engines have been setup within this package : the rendering to the screen, polling user input (keyboard/mouse), timing in the game, loading images, playing sounds, etc, thus only with this package you can straight making a game! <br />
You could start design the game and use the engines to make up the game from scratch, you could load a bunch of images and show it to the screen, move the images based on user input, playing music in the game, etc, all things needed for making a game has been provided by this package.</p>

<p>However you might want to check GTGE solution to sprite management in <A HREF="../../../com/golden/gamedev/object/package-summary.html"><CODE>com.golden.gamedev.object</CODE></A> package. <br />
GTGE provides a sprite management in clean way : handling many sprites (object in the game) with easily, detecting collisions of one against another sprite without much effort, and you can use up various background types in the game (eg: tile background, parallax background, etc). <br />
With GTGE sprite management, your game development would be much easier!</p>

<p><u>How to use this package</u> :<br />
Start from subclassing <code>Game</code> class and make your game in it, then load/initialize the class using <code>GameLoader</code> class.<br />
After the game is getting bigger and the game logic is urgently need to be in separated entities (eg: separating title menu from the game play), use <code>GameEngine</code> class with its companion class, the <code>GameObject</code> class.</p>

<!--
<h2>Package Specification</h2>

<ul>
  <li><a href="">##### REFER TO ANY OTHER THIRD PARTY LIBRARIES HERE #####</a></li>
</ul>
-->

<!-- For tutorials, examples, guides, and tool documentation, please see : -->
<h2>Related Documentation</h2>

<p>For tutorials, please see :
<ul>
        <li>Tutorial 4: <em>"Starting New Game"</em> - <a href="../../../../tutorials/tutorial4.html" title="this option is enabled if only you read this API documentation right from downloaded GTGE Complete Pack">Offline Tutorial</a> | <a href="http://goldenstudios.or.id/forum/index.php?showtopic=51">Online Tutorial</a></li>
</ul>
</p>
<P>

<P>
<DL>
<DT><B>See Also:</B><DD><A HREF="../../../com/golden/gamedev/Game.html" title="class in com.golden.gamedev"><CODE>Game</CODE></A>, 
<A HREF="../../../com/golden/gamedev/GameLoader.html" title="class in com.golden.gamedev"><CODE>GameLoader</CODE></A>, 
<A HREF="../../../com/golden/gamedev/engine/package-summary.html"><CODE>com.golden.gamedev.engine</CODE></A>, 
<A HREF="../../../com/golden/gamedev/object/package-summary.html"><CODE>com.golden.gamedev.object</CODE></A></DL>
<HR>


<!-- ======= START OF BOTTOM NAVBAR ====== -->
<A NAME="navbar_bottom"><!-- --></A>
<A HREF="#skip-navbar_bottom" title="Skip navigation links"></A>
<TABLE BORDER="0" WIDTH="100%" CELLPADDING="1" CELLSPACING="0" SUMMARY="">
<TR>
<TD COLSPAN=2 BGCOLOR="#EEEEFF" CLASS="NavBarCell1">
<A NAME="navbar_bottom_firstrow"><!-- --></A>
<TABLE BORDER="0" CELLPADDING="0" CELLSPACING="3" SUMMARY="">
  <TR ALIGN="center" VALIGN="top">
  <TD BGCOLOR="#EEEEFF" CLASS="NavBarCell1">    <A HREF="../../../overview-summary.html"><FONT CLASS="NavBarFont1"><B>Overview</B></FONT></A>&nbsp;</TD>
  <TD BGCOLOR="#FFFFFF" CLASS="NavBarCell1Rev"> &nbsp;<FONT CLASS="NavBarFont1Rev"><B>Package</B></FONT>&nbsp;</TD>
  <TD BGCOLOR="#EEEEFF" CLASS="NavBarCell1">    <FONT CLASS="NavBarFont1">Class</FONT>&nbsp;</TD>
  <TD BGCOLOR="#EEEEFF" CLASS="NavBarCell1">    <A HREF="package-use.html"><FONT CLASS="NavBarFont1"><B>Use</B></FONT></A>&nbsp;</TD>
  <TD BGCOLOR="#EEEEFF" CLASS="NavBarCell1">    <A HREF="package-tree.html"><FONT CLASS="NavBarFont1"><B>Tree</B></FONT></A>&nbsp;</TD>
  <TD BGCOLOR="#EEEEFF" CLASS="NavBarCell1">    <A HREF="../../../index-all.html"><FONT CLASS="NavBarFont1"><B>Index</B></FONT></A>&nbsp;</TD>
  <TD BGCOLOR="#EEEEFF" CLASS="NavBarCell1">    <A HREF="../../../help-doc.html"><FONT CLASS="NavBarFont1"><B>Help</B></FONT></A>&nbsp;</TD>
  </TR>
</TABLE>
</TD>
<TD ALIGN="right" VALIGN="top" ROWSPAN=3><EM>
<b>GTGE API</b></EM>
</TD>
</TR>

<TR>
<TD BGCOLOR="white" CLASS="NavBarCell2"><FONT SIZE="-2">
&nbsp;PREV PACKAGE&nbsp;
&nbsp;<A HREF="../../../com/golden/gamedev/engine/package-summary.html"><B>NEXT PACKAGE</B></A></FONT></TD>
<TD BGCOLOR="white" CLASS="NavBarCell2"><FONT SIZE="-2">
  <A HREF="../../../index.html?com/golden/gamedev/package-summary.html" target="_top"><B>FRAMES</B></A>  &nbsp;
&nbsp;<A HREF="package-summary.html" target="_top"><B>NO FRAMES</B></A>  &nbsp;
&nbsp;<SCRIPT type="text/javascript">
  <!--
  if(window==top) {
    document.writeln('<A HREF="../../../allclasses-noframe.html"><B>All Classes</B></A>');
  }
  //-->
</SCRIPT>
<NOSCRIPT>
  <A HREF="../../../allclasses-noframe.html"><B>All Classes</B></A>
</NOSCRIPT>


</FONT></TD>
</TR>
</TABLE>
<A NAME="skip-navbar_bottom"></A>
<!-- ======== END OF BOTTOM NAVBAR ======= -->

<HR>
<i>Copyright &copy; 2003-2005 Golden T Studios. All rights reserved. Use is subject to <a href=http://creativecommons.org/licenses/by/2.0/>license terms<a/>.<br><a target=_blank href=http://www.goldenstudios.or.id/>GoldenStudios.or.id</a></i>
</BODY>
</HTML>
