<!DOCTYPE HTML PUBLIC "-//W3C//DTD HTML 4.0 Transitional//EN""http://www.w3.org/TR/REC-html40/loose.dtd">
<!--NewPage-->
<HTML>
<HEAD>
<!-- Generated by javadoc on Sun Jul 18 03:26:15 ICT 2004 -->
<TITLE>
com.golden.gamedev.gui.toolkit
</TITLE>
<META NAME="keywords" CONTENT="com.golden.gamedev.gui.toolkit package">
<LINK REL ="stylesheet" TYPE="text/css" HREF="../../../../../stylesheet.css" TITLE="Style">
</HEAD>
<SCRIPT>
function asd()
{
parent.document.title="com.golden.gamedev.gui.toolkit";
}
</SCRIPT>
<BODY BGCOLOR="white" onload="asd();">
<FONT size="+1" CLASS="FrameTitleFont">
<A HREF="../../../../../com/golden/gamedev/gui/toolkit/package-summary.html" TARGET="classFrame">com.golden.gamedev.gui.toolkit</A></FONT>
<TABLE BORDER="0" WIDTH="100%">
<TR>
<TD NOWRAP><FONT size="+1" CLASS="FrameHeadingFont">
Classes</FONT>&nbsp;
<FONT CLASS="FrameItemFont">
<BR>
<A HREF="FrameWork.html" TARGET="classFrame">FrameWork</A>
<BR>
<A HREF="GraphicsUtil.html" TARGET="classFrame">GraphicsUtil</A>
<BR>
<A HREF="TComponent.html" TARGET="classFrame">TComponent</A>
<BR>
<A HREF="TContainer.html" TARGET="classFrame">TContainer</A>
<BR>
<A HREF="TToolTip.html" TARGET="classFrame">TToolTip</A>
<BR>
<A HREF="UIConstants.html" TARGET="classFrame">UIConstants</A>
<BR>
<A HREF="UIRenderer.html" TARGET="classFrame">UIRenderer</A>
<BR>
<A HREF="UITheme.html" TARGET="classFrame">UITheme</A></FONT></TD>
</TR>
</TABLE>


</BODY>
</HTML>
