<!DOCTYPE HTML PUBLIC "-//W3C//DTD HTML 4.0 Transitional//EN""http://www.w3.org/TR/REC-html40/loose.dtd">
<!--NewPage-->
<HTML>
<HEAD>
<!-- Generated by javadoc on Sun Jul 18 03:26:15 ICT 2004 -->
<TITLE>
TToolTip
</TITLE>
<META NAME="keywords" CONTENT="com.golden.gamedev.gui.toolkit.TToolTip,TToolTip class">
<LINK REL ="stylesheet" TYPE="text/css" HREF="../../../../../stylesheet.css" TITLE="Style">
</HEAD>
<SCRIPT>
function asd()
{
parent.document.title="TToolTip";
}
</SCRIPT>
<BODY BGCOLOR="white" onload="asd();">

<!-- ========== START OF NAVBAR ========== -->
<A NAME="navbar_top"><!-- --></A>
<TABLE BORDER="0" WIDTH="100%" CELLPADDING="1" CELLSPACING="0">
<TR>
<TD COLSPAN=3 BGCOLOR="#EEEEFF" CLASS="NavBarCell1">
<A NAME="navbar_top_firstrow"><!-- --></A>
<TABLE BORDER="0" CELLPADDING="0" CELLSPACING="3">
  <TR ALIGN="center" VALIGN="top">
  <TD BGCOLOR="#EEEEFF" CLASS="NavBarCell1">    <A HREF="../../../../../overview-summary.html"><FONT CLASS="NavBarFont1"><B>Overview</B></FONT></A>&nbsp;</TD>
  <TD BGCOLOR="#EEEEFF" CLASS="NavBarCell1">    <A HREF="package-summary.html"><FONT CLASS="NavBarFont1"><B>Package</B></FONT></A>&nbsp;</TD>
  <TD BGCOLOR="#FFFFFF" CLASS="NavBarCell1Rev"> &nbsp;<FONT CLASS="NavBarFont1Rev"><B>Class</B></FONT>&nbsp;</TD>
  <TD BGCOLOR="#EEEEFF" CLASS="NavBarCell1">    <A HREF="package-tree.html"><FONT CLASS="NavBarFont1"><B>Tree</B></FONT></A>&nbsp;</TD>
  <TD BGCOLOR="#EEEEFF" CLASS="NavBarCell1">    <A HREF="../../../../../deprecated-list.html"><FONT CLASS="NavBarFont1"><B>Deprecated</B></FONT></A>&nbsp;</TD>
  <TD BGCOLOR="#EEEEFF" CLASS="NavBarCell1">    <A HREF="../../../../../index-all.html"><FONT CLASS="NavBarFont1"><B>Index</B></FONT></A>&nbsp;</TD>
  <TD BGCOLOR="#EEEEFF" CLASS="NavBarCell1">    <A HREF="../../../../../help-doc.html"><FONT CLASS="NavBarFont1"><B>Help</B></FONT></A>&nbsp;</TD>
  </TR>
</TABLE>
</TD>
<TD ALIGN="right" VALIGN="top" ROWSPAN=3><EM>
</EM>
</TD>
</TR>

<TR>
<TD BGCOLOR="white" CLASS="NavBarCell2"><FONT SIZE="-2">
&nbsp;<A HREF="../../../../../com/golden/gamedev/gui/toolkit/TContainer.html"><B>PREV CLASS</B></A>&nbsp;
&nbsp;<A HREF="../../../../../com/golden/gamedev/gui/toolkit/UIConstants.html"><B>NEXT CLASS</B></A></FONT></TD>
<TD BGCOLOR="white" CLASS="NavBarCell2"><FONT SIZE="-2">
  <A HREF="../../../../../index.html" TARGET="_top"><B>FRAMES</B></A>  &nbsp;
&nbsp;<A HREF="TToolTip.html" TARGET="_top"><B>NO FRAMES</B></A>  &nbsp;
&nbsp;
<SCRIPT>
  <!--
  if(window==top) {
    document.writeln('<A HREF="../../../../../allclasses-noframe.html" TARGET=""><B>All Classes</B></A>');
  }
  //-->
</SCRIPT>
<NOSCRIPT>
<A HREF="../../../../../allclasses-noframe.html" TARGET=""><B>All Classes</B></A>
</NOSCRIPT>
</FONT></TD>
</TR>
<TR>
<TD VALIGN="top" CLASS="NavBarCell3"><FONT SIZE="-2">
  SUMMARY:&nbsp;NESTED&nbsp;|&nbsp;<A HREF="#field_summary">FIELD</A>&nbsp;|&nbsp;<A HREF="#constructor_summary">CONSTR</A>&nbsp;|&nbsp;<A HREF="#method_summary">METHOD</A></FONT></TD>
<TD VALIGN="top" CLASS="NavBarCell3"><FONT SIZE="-2">
DETAIL:&nbsp;<A HREF="#field_detail">FIELD</A>&nbsp;|&nbsp;<A HREF="#constructor_detail">CONSTR</A>&nbsp;|&nbsp;<A HREF="#method_detail">METHOD</A></FONT></TD>
</TR>
</TABLE>
<!-- =========== END OF NAVBAR =========== -->

<HR>
<!-- ======== START OF CLASS DATA ======== -->
<H2>
<FONT SIZE="-1">
com.golden.gamedev.gui.toolkit</FONT>
<BR>
Class TToolTip</H2>
<PRE>
<A HREF="http://java.sun.com/j2se/1.4/docs/api/java/lang/Object.html">java.lang.Object</A>
  |
  +--<A HREF="../../../../../com/golden/gamedev/gui/toolkit/TComponent.html">com.golden.gamedev.gui.toolkit.TComponent</A>
        |
        +--<B>com.golden.gamedev.gui.toolkit.TToolTip</B>
</PRE>
<HR>
<DL>
<DT>public class <B>TToolTip</B><DT>extends <A HREF="../../../../../com/golden/gamedev/gui/toolkit/TComponent.html">TComponent</A></DL>

<P>
<HR>

<P>
<!-- ======== NESTED CLASS SUMMARY ======== -->


<!-- =========== FIELD SUMMARY =========== -->

<A NAME="field_summary"><!-- --></A>
<TABLE BORDER="1" CELLPADDING="3" CELLSPACING="0" WIDTH="100%">
<TR BGCOLOR="#CCCCFF" CLASS="TableHeadingColor">
<TD COLSPAN=2><FONT SIZE="+2">
<B>Field Summary</B></FONT></TD>
</TR>
<TR BGCOLOR="white" CLASS="TableRowColor">
<TD ALIGN="right" VALIGN="top" WIDTH="1%"><FONT SIZE="-1">
<CODE>protected &nbsp;int</CODE></FONT></TD>
<TD><CODE><B><A HREF="../../../../../com/golden/gamedev/gui/toolkit/TToolTip.html#dismiss">dismiss</A></B></CODE>

<BR>
&nbsp;&nbsp;&nbsp;&nbsp;&nbsp;&nbsp;&nbsp;&nbsp;&nbsp;&nbsp;&nbsp;</TD>
</TR>
<TR BGCOLOR="white" CLASS="TableRowColor">
<TD ALIGN="right" VALIGN="top" WIDTH="1%"><FONT SIZE="-1">
<CODE>protected &nbsp;int</CODE></FONT></TD>
<TD><CODE><B><A HREF="../../../../../com/golden/gamedev/gui/toolkit/TToolTip.html#dismissTime">dismissTime</A></B></CODE>

<BR>
&nbsp;&nbsp;&nbsp;&nbsp;&nbsp;&nbsp;&nbsp;&nbsp;&nbsp;&nbsp;&nbsp;</TD>
</TR>
<TR BGCOLOR="white" CLASS="TableRowColor">
<TD ALIGN="right" VALIGN="top" WIDTH="1%"><FONT SIZE="-1">
<CODE>protected &nbsp;int</CODE></FONT></TD>
<TD><CODE><B><A HREF="../../../../../com/golden/gamedev/gui/toolkit/TToolTip.html#initial">initial</A></B></CODE>

<BR>
&nbsp;&nbsp;&nbsp;&nbsp;&nbsp;&nbsp;&nbsp;&nbsp;&nbsp;&nbsp;&nbsp;</TD>
</TR>
<TR BGCOLOR="white" CLASS="TableRowColor">
<TD ALIGN="right" VALIGN="top" WIDTH="1%"><FONT SIZE="-1">
<CODE>protected &nbsp;int</CODE></FONT></TD>
<TD><CODE><B><A HREF="../../../../../com/golden/gamedev/gui/toolkit/TToolTip.html#reshow">reshow</A></B></CODE>

<BR>
&nbsp;&nbsp;&nbsp;&nbsp;&nbsp;&nbsp;&nbsp;&nbsp;&nbsp;&nbsp;&nbsp;</TD>
</TR>
</TABLE>
&nbsp;<A NAME="fields_inherited_from_class_com.golden.gamedev.gui.toolkit.TComponent"><!-- --></A>
<TABLE BORDER="1" CELLPADDING="3" CELLSPACING="0" WIDTH="100%">
<TR BGCOLOR="#EEEEFF" CLASS="TableSubHeadingColor">
<TD><B>Fields inherited from class com.golden.gamedev.gui.toolkit.<A HREF="../../../../../com/golden/gamedev/gui/toolkit/TComponent.html">TComponent</A></B></TD>
</TR>
<TR BGCOLOR="white" CLASS="TableRowColor">
<TD><CODE><A HREF="../../../../../com/golden/gamedev/gui/toolkit/TComponent.html#bsInput">bsInput</A>, <A HREF="../../../../../com/golden/gamedev/gui/toolkit/TComponent.html#customRendering">customRendering</A>, <A HREF="../../../../../com/golden/gamedev/gui/toolkit/TComponent.html#frame">frame</A>, <A HREF="../../../../../com/golden/gamedev/gui/toolkit/TComponent.html#ui">ui</A>, <A HREF="../../../../../com/golden/gamedev/gui/toolkit/TComponent.html#UIResource">UIResource</A></CODE></TD>
</TR>
</TABLE>
&nbsp;
<!-- ======== CONSTRUCTOR SUMMARY ======== -->

<A NAME="constructor_summary"><!-- --></A>
<TABLE BORDER="1" CELLPADDING="3" CELLSPACING="0" WIDTH="100%">
<TR BGCOLOR="#CCCCFF" CLASS="TableHeadingColor">
<TD COLSPAN=2><FONT SIZE="+2">
<B>Constructor Summary</B></FONT></TD>
</TR>
<TR BGCOLOR="white" CLASS="TableRowColor">
<TD><CODE><B><A HREF="../../../../../com/golden/gamedev/gui/toolkit/TToolTip.html#TToolTip()">TToolTip</A></B>()</CODE>

<BR>
&nbsp;&nbsp;&nbsp;&nbsp;&nbsp;&nbsp;&nbsp;&nbsp;&nbsp;&nbsp;&nbsp;</TD>
</TR>
</TABLE>
&nbsp;
<!-- ========== METHOD SUMMARY =========== -->

<A NAME="method_summary"><!-- --></A>
<TABLE BORDER="1" CELLPADDING="3" CELLSPACING="0" WIDTH="100%">
<TR BGCOLOR="#CCCCFF" CLASS="TableHeadingColor">
<TD COLSPAN=2><FONT SIZE="+2">
<B>Method Summary</B></FONT></TD>
</TR>
<TR BGCOLOR="white" CLASS="TableRowColor">
<TD ALIGN="right" VALIGN="top" WIDTH="1%"><FONT SIZE="-1">
<CODE>&nbsp;int</CODE></FONT></TD>
<TD><CODE><B><A HREF="../../../../../com/golden/gamedev/gui/toolkit/TToolTip.html#getDismissDelay()">getDismissDelay</A></B>()</CODE>

<BR>
&nbsp;&nbsp;&nbsp;&nbsp;&nbsp;&nbsp;&nbsp;&nbsp;&nbsp;&nbsp;&nbsp;</TD>
</TR>
<TR BGCOLOR="white" CLASS="TableRowColor">
<TD ALIGN="right" VALIGN="top" WIDTH="1%"><FONT SIZE="-1">
<CODE>&nbsp;int</CODE></FONT></TD>
<TD><CODE><B><A HREF="../../../../../com/golden/gamedev/gui/toolkit/TToolTip.html#getInitialDelay()">getInitialDelay</A></B>()</CODE>

<BR>
&nbsp;&nbsp;&nbsp;&nbsp;&nbsp;&nbsp;&nbsp;&nbsp;&nbsp;&nbsp;&nbsp;</TD>
</TR>
<TR BGCOLOR="white" CLASS="TableRowColor">
<TD ALIGN="right" VALIGN="top" WIDTH="1%"><FONT SIZE="-1">
<CODE>&nbsp;int</CODE></FONT></TD>
<TD><CODE><B><A HREF="../../../../../com/golden/gamedev/gui/toolkit/TToolTip.html#getReshowDelay()">getReshowDelay</A></B>()</CODE>

<BR>
&nbsp;&nbsp;&nbsp;&nbsp;&nbsp;&nbsp;&nbsp;&nbsp;&nbsp;&nbsp;&nbsp;</TD>
</TR>
<TR BGCOLOR="white" CLASS="TableRowColor">
<TD ALIGN="right" VALIGN="top" WIDTH="1%"><FONT SIZE="-1">
<CODE>&nbsp;<A HREF="http://java.sun.com/j2se/1.4/docs/api/java/awt/Point.html">Point</A></CODE></FONT></TD>
<TD><CODE><B><A HREF="../../../../../com/golden/gamedev/gui/toolkit/TToolTip.html#getSpacing()">getSpacing</A></B>()</CODE>

<BR>
&nbsp;&nbsp;&nbsp;&nbsp;&nbsp;&nbsp;&nbsp;&nbsp;&nbsp;&nbsp;&nbsp;</TD>
</TR>
<TR BGCOLOR="white" CLASS="TableRowColor">
<TD ALIGN="right" VALIGN="top" WIDTH="1%"><FONT SIZE="-1">
<CODE>&nbsp;<A HREF="../../../../../com/golden/gamedev/gui/toolkit/TComponent.html">TComponent</A></CODE></FONT></TD>
<TD><CODE><B><A HREF="../../../../../com/golden/gamedev/gui/toolkit/TToolTip.html#getToolTipComponent()">getToolTipComponent</A></B>()</CODE>

<BR>
&nbsp;&nbsp;&nbsp;&nbsp;&nbsp;&nbsp;&nbsp;&nbsp;&nbsp;&nbsp;&nbsp;</TD>
</TR>
<TR BGCOLOR="white" CLASS="TableRowColor">
<TD ALIGN="right" VALIGN="top" WIDTH="1%"><FONT SIZE="-1">
<CODE>&nbsp;void</CODE></FONT></TD>
<TD><CODE><B><A HREF="../../../../../com/golden/gamedev/gui/toolkit/TToolTip.html#setDismissDelay(int)">setDismissDelay</A></B>(int&nbsp;i)</CODE>

<BR>
&nbsp;&nbsp;&nbsp;&nbsp;&nbsp;&nbsp;&nbsp;&nbsp;&nbsp;&nbsp;&nbsp;</TD>
</TR>
<TR BGCOLOR="white" CLASS="TableRowColor">
<TD ALIGN="right" VALIGN="top" WIDTH="1%"><FONT SIZE="-1">
<CODE>&nbsp;void</CODE></FONT></TD>
<TD><CODE><B><A HREF="../../../../../com/golden/gamedev/gui/toolkit/TToolTip.html#setInitialDelay(int)">setInitialDelay</A></B>(int&nbsp;i)</CODE>

<BR>
&nbsp;&nbsp;&nbsp;&nbsp;&nbsp;&nbsp;&nbsp;&nbsp;&nbsp;&nbsp;&nbsp;</TD>
</TR>
<TR BGCOLOR="white" CLASS="TableRowColor">
<TD ALIGN="right" VALIGN="top" WIDTH="1%"><FONT SIZE="-1">
<CODE>&nbsp;void</CODE></FONT></TD>
<TD><CODE><B><A HREF="../../../../../com/golden/gamedev/gui/toolkit/TToolTip.html#setReshowDelay(int)">setReshowDelay</A></B>(int&nbsp;i)</CODE>

<BR>
&nbsp;&nbsp;&nbsp;&nbsp;&nbsp;&nbsp;&nbsp;&nbsp;&nbsp;&nbsp;&nbsp;</TD>
</TR>
<TR BGCOLOR="white" CLASS="TableRowColor">
<TD ALIGN="right" VALIGN="top" WIDTH="1%"><FONT SIZE="-1">
<CODE>&nbsp;void</CODE></FONT></TD>
<TD><CODE><B><A HREF="../../../../../com/golden/gamedev/gui/toolkit/TToolTip.html#setSpacing(int, int)">setSpacing</A></B>(int&nbsp;x,
           int&nbsp;y)</CODE>

<BR>
&nbsp;&nbsp;&nbsp;&nbsp;&nbsp;&nbsp;&nbsp;&nbsp;&nbsp;&nbsp;&nbsp;</TD>
</TR>
<TR BGCOLOR="white" CLASS="TableRowColor">
<TD ALIGN="right" VALIGN="top" WIDTH="1%"><FONT SIZE="-1">
<CODE>&nbsp;void</CODE></FONT></TD>
<TD><CODE><B><A HREF="../../../../../com/golden/gamedev/gui/toolkit/TToolTip.html#setToolTipComponent(com.golden.gamedev.gui.toolkit.TComponent)">setToolTipComponent</A></B>(<A HREF="../../../../../com/golden/gamedev/gui/toolkit/TComponent.html">TComponent</A>&nbsp;tooltip)</CODE>

<BR>
&nbsp;&nbsp;&nbsp;&nbsp;&nbsp;&nbsp;&nbsp;&nbsp;&nbsp;&nbsp;&nbsp;</TD>
</TR>
<TR BGCOLOR="white" CLASS="TableRowColor">
<TD ALIGN="right" VALIGN="top" WIDTH="1%"><FONT SIZE="-1">
<CODE>&nbsp;void</CODE></FONT></TD>
<TD><CODE><B><A HREF="../../../../../com/golden/gamedev/gui/toolkit/TToolTip.html#show(int, int)">show</A></B>(int&nbsp;x,
     int&nbsp;y)</CODE>

<BR>
&nbsp;&nbsp;&nbsp;&nbsp;&nbsp;&nbsp;&nbsp;&nbsp;&nbsp;&nbsp;&nbsp;</TD>
</TR>
<TR BGCOLOR="white" CLASS="TableRowColor">
<TD ALIGN="right" VALIGN="top" WIDTH="1%"><FONT SIZE="-1">
<CODE>&nbsp;<A HREF="http://java.sun.com/j2se/1.4/docs/api/java/lang/String.html">String</A></CODE></FONT></TD>
<TD><CODE><B><A HREF="../../../../../com/golden/gamedev/gui/toolkit/TToolTip.html#UIName()">UIName</A></B>()</CODE>

<BR>
&nbsp;&nbsp;&nbsp;&nbsp;&nbsp;&nbsp;&nbsp;&nbsp;&nbsp;&nbsp;This Component UI Name is <b>ToolTip</b>.</TD>
</TR>
<TR BGCOLOR="white" CLASS="TableRowColor">
<TD ALIGN="right" VALIGN="top" WIDTH="1%"><FONT SIZE="-1">
<CODE>&nbsp;void</CODE></FONT></TD>
<TD><CODE><B><A HREF="../../../../../com/golden/gamedev/gui/toolkit/TToolTip.html#update()">update</A></B>()</CODE>

<BR>
&nbsp;&nbsp;&nbsp;&nbsp;&nbsp;&nbsp;&nbsp;&nbsp;&nbsp;&nbsp;Updates component state.</TD>
</TR>
</TABLE>
&nbsp;<A NAME="methods_inherited_from_class_com.golden.gamedev.gui.toolkit.TComponent"><!-- --></A>
<TABLE BORDER="1" CELLPADDING="3" CELLSPACING="0" WIDTH="100%">
<TR BGCOLOR="#EEEEFF" CLASS="TableSubHeadingColor">
<TD><B>Methods inherited from class com.golden.gamedev.gui.toolkit.<A HREF="../../../../../com/golden/gamedev/gui/toolkit/TComponent.html">TComponent</A></B></TD>
</TR>
<TR BGCOLOR="white" CLASS="TableRowColor">
<TD><CODE><A HREF="../../../../../com/golden/gamedev/gui/toolkit/TComponent.html#checkFocusKey()">checkFocusKey</A>, <A HREF="../../../../../com/golden/gamedev/gui/toolkit/TComponent.html#createCustomUI(int, int)">createCustomUI</A>, <A HREF="../../../../../com/golden/gamedev/gui/toolkit/TComponent.html#createRenderedUI(int, int)">createRenderedUI</A>, <A HREF="../../../../../com/golden/gamedev/gui/toolkit/TComponent.html#createUI()">createUI</A>, <A HREF="../../../../../com/golden/gamedev/gui/toolkit/TComponent.html#dispose()">dispose</A>, <A HREF="../../../../../com/golden/gamedev/gui/toolkit/TComponent.html#finalize()">finalize</A>, <A HREF="../../../../../com/golden/gamedev/gui/toolkit/TComponent.html#getContainer()">getContainer</A>, <A HREF="../../../../../com/golden/gamedev/gui/toolkit/TComponent.html#getExternalUI()">getExternalUI</A>, <A HREF="../../../../../com/golden/gamedev/gui/toolkit/TComponent.html#getHeight()">getHeight</A>, <A HREF="../../../../../com/golden/gamedev/gui/toolkit/TComponent.html#getLayer()">getLayer</A>, <A HREF="../../../../../com/golden/gamedev/gui/toolkit/TComponent.html#getScreenX()">getScreenX</A>, <A HREF="../../../../../com/golden/gamedev/gui/toolkit/TComponent.html#getScreenY()">getScreenY</A>, <A HREF="../../../../../com/golden/gamedev/gui/toolkit/TComponent.html#getToolTipParent()">getToolTipParent</A>, <A HREF="../../../../../com/golden/gamedev/gui/toolkit/TComponent.html#getToolTipText()">getToolTipText</A>, <A HREF="../../../../../com/golden/gamedev/gui/toolkit/TComponent.html#getUIRenderer()">getUIRenderer</A>, <A HREF="../../../../../com/golden/gamedev/gui/toolkit/TComponent.html#getWidth()">getWidth</A>, <A HREF="../../../../../com/golden/gamedev/gui/toolkit/TComponent.html#getX()">getX</A>, <A HREF="../../../../../com/golden/gamedev/gui/toolkit/TComponent.html#getY()">getY</A>, <A HREF="../../../../../com/golden/gamedev/gui/toolkit/TComponent.html#intersects(int, int)">intersects</A>, <A HREF="../../../../../com/golden/gamedev/gui/toolkit/TComponent.html#intersects(com.golden.gamedev.gui.toolkit.TComponent)">intersects</A>, <A HREF="../../../../../com/golden/gamedev/gui/toolkit/TComponent.html#isContainer()">isContainer</A>, <A HREF="../../../../../com/golden/gamedev/gui/toolkit/TComponent.html#isEnabled()">isEnabled</A>, <A HREF="../../../../../com/golden/gamedev/gui/toolkit/TComponent.html#isFocusable()">isFocusable</A>, <A HREF="../../../../../com/golden/gamedev/gui/toolkit/TComponent.html#isSelected()">isSelected</A>, <A HREF="../../../../../com/golden/gamedev/gui/toolkit/TComponent.html#isVisible()">isVisible</A>, <A HREF="../../../../../com/golden/gamedev/gui/toolkit/TComponent.html#move(int, int)">move</A>, <A HREF="../../../../../com/golden/gamedev/gui/toolkit/TComponent.html#printUIResource()">printUIResource</A>, <A HREF="../../../../../com/golden/gamedev/gui/toolkit/TComponent.html#processCustomUI()">processCustomUI</A>, <A HREF="../../../../../com/golden/gamedev/gui/toolkit/TComponent.html#processExternalUI()">processExternalUI</A>, <A HREF="../../../../../com/golden/gamedev/gui/toolkit/TComponent.html#processKeyPressed()">processKeyPressed</A>, <A HREF="../../../../../com/golden/gamedev/gui/toolkit/TComponent.html#processKeyReleased()">processKeyReleased</A>, <A HREF="../../../../../com/golden/gamedev/gui/toolkit/TComponent.html#processMouseClicked()">processMouseClicked</A>, <A HREF="../../../../../com/golden/gamedev/gui/toolkit/TComponent.html#processMouseDragged()">processMouseDragged</A>, <A HREF="../../../../../com/golden/gamedev/gui/toolkit/TComponent.html#processMouseEntered()">processMouseEntered</A>, <A HREF="../../../../../com/golden/gamedev/gui/toolkit/TComponent.html#processMouseExited()">processMouseExited</A>, <A HREF="../../../../../com/golden/gamedev/gui/toolkit/TComponent.html#processMouseMoved()">processMouseMoved</A>, <A HREF="../../../../../com/golden/gamedev/gui/toolkit/TComponent.html#processMousePressed()">processMousePressed</A>, <A HREF="../../../../../com/golden/gamedev/gui/toolkit/TComponent.html#processMouseReleased()">processMouseReleased</A>, <A HREF="../../../../../com/golden/gamedev/gui/toolkit/TComponent.html#processRenderedUI()">processRenderedUI</A>, <A HREF="../../../../../com/golden/gamedev/gui/toolkit/TComponent.html#render(java.awt.Graphics2D)">render</A>, <A HREF="../../../../../com/golden/gamedev/gui/toolkit/TComponent.html#renderCustomUI(java.awt.Graphics2D, int, int, int, int)">renderCustomUI</A>, <A HREF="../../../../../com/golden/gamedev/gui/toolkit/TComponent.html#requestFocus()">requestFocus</A>, <A HREF="../../../../../com/golden/gamedev/gui/toolkit/TComponent.html#setBounds(int, int, int, int)">setBounds</A>, <A HREF="../../../../../com/golden/gamedev/gui/toolkit/TComponent.html#setEnabled(boolean)">setEnabled</A>, <A HREF="../../../../../com/golden/gamedev/gui/toolkit/TComponent.html#setExternalUI(java.awt.image.BufferedImage[], boolean)">setExternalUI</A>, <A HREF="../../../../../com/golden/gamedev/gui/toolkit/TComponent.html#setFocusable(boolean)">setFocusable</A>, <A HREF="../../../../../com/golden/gamedev/gui/toolkit/TComponent.html#setLayer(int)">setLayer</A>, <A HREF="../../../../../com/golden/gamedev/gui/toolkit/TComponent.html#setLocation(int, int)">setLocation</A>, <A HREF="../../../../../com/golden/gamedev/gui/toolkit/TComponent.html#setSize(int, int)">setSize</A>, <A HREF="../../../../../com/golden/gamedev/gui/toolkit/TComponent.html#setToolTipParent(com.golden.gamedev.gui.toolkit.TComponent)">setToolTipParent</A>, <A HREF="../../../../../com/golden/gamedev/gui/toolkit/TComponent.html#setToolTipText(java.lang.String)">setToolTipText</A>, <A HREF="../../../../../com/golden/gamedev/gui/toolkit/TComponent.html#setUIRenderer(com.golden.gamedev.gui.toolkit.UIRenderer)">setUIRenderer</A>, <A HREF="../../../../../com/golden/gamedev/gui/toolkit/TComponent.html#setVisible(boolean)">setVisible</A>, <A HREF="../../../../../com/golden/gamedev/gui/toolkit/TComponent.html#toString()">toString</A>, <A HREF="../../../../../com/golden/gamedev/gui/toolkit/TComponent.html#transferFocus()">transferFocus</A>, <A HREF="../../../../../com/golden/gamedev/gui/toolkit/TComponent.html#transferFocusBackward()">transferFocusBackward</A>, <A HREF="../../../../../com/golden/gamedev/gui/toolkit/TComponent.html#UIResource()">UIResource</A>, <A HREF="../../../../../com/golden/gamedev/gui/toolkit/TComponent.html#validatePosition()">validatePosition</A>, <A HREF="../../../../../com/golden/gamedev/gui/toolkit/TComponent.html#validateSize()">validateSize</A>, <A HREF="../../../../../com/golden/gamedev/gui/toolkit/TComponent.html#validateUI()">validateUI</A></CODE></TD>
</TR>
</TABLE>
&nbsp;<A NAME="methods_inherited_from_class_java.lang.Object"><!-- --></A>
<TABLE BORDER="1" CELLPADDING="3" CELLSPACING="0" WIDTH="100%">
<TR BGCOLOR="#EEEEFF" CLASS="TableSubHeadingColor">
<TD><B>Methods inherited from class java.lang.<A HREF="http://java.sun.com/j2se/1.4/docs/api/java/lang/Object.html">Object</A></B></TD>
</TR>
<TR BGCOLOR="white" CLASS="TableRowColor">
<TD><CODE><A HREF="http://java.sun.com/j2se/1.4/docs/api/java/lang/Object.html#clone()">clone</A>, <A HREF="http://java.sun.com/j2se/1.4/docs/api/java/lang/Object.html#equals(java.lang.Object)">equals</A>, <A HREF="http://java.sun.com/j2se/1.4/docs/api/java/lang/Object.html#getClass()">getClass</A>, <A HREF="http://java.sun.com/j2se/1.4/docs/api/java/lang/Object.html#hashCode()">hashCode</A>, <A HREF="http://java.sun.com/j2se/1.4/docs/api/java/lang/Object.html#notify()">notify</A>, <A HREF="http://java.sun.com/j2se/1.4/docs/api/java/lang/Object.html#notifyAll()">notifyAll</A>, <A HREF="http://java.sun.com/j2se/1.4/docs/api/java/lang/Object.html#wait()">wait</A>, <A HREF="http://java.sun.com/j2se/1.4/docs/api/java/lang/Object.html#wait(long)">wait</A>, <A HREF="http://java.sun.com/j2se/1.4/docs/api/java/lang/Object.html#wait(long, int)">wait</A></CODE></TD>
</TR>
</TABLE>
&nbsp;
<P>

<!-- ============ FIELD DETAIL =========== -->

<A NAME="field_detail"><!-- --></A>
<TABLE BORDER="1" CELLPADDING="3" CELLSPACING="0" WIDTH="100%">
<TR BGCOLOR="#CCCCFF" CLASS="TableHeadingColor">
<TD COLSPAN=1><FONT SIZE="+2">
<B>Field Detail</B></FONT></TD>
</TR>
</TABLE>

<A NAME="initial"><!-- --></A><H3>
initial</H3>
<PRE>
protected int <B>initial</B></PRE>
<DL>
<DL>
</DL>
</DL>
<HR>

<A NAME="dismiss"><!-- --></A><H3>
dismiss</H3>
<PRE>
protected int <B>dismiss</B></PRE>
<DL>
<DL>
</DL>
</DL>
<HR>

<A NAME="reshow"><!-- --></A><H3>
reshow</H3>
<PRE>
protected int <B>reshow</B></PRE>
<DL>
<DL>
</DL>
</DL>
<HR>

<A NAME="dismissTime"><!-- --></A><H3>
dismissTime</H3>
<PRE>
protected int <B>dismissTime</B></PRE>
<DL>
<DL>
</DL>
</DL>

<!-- ========= CONSTRUCTOR DETAIL ======== -->

<A NAME="constructor_detail"><!-- --></A>
<TABLE BORDER="1" CELLPADDING="3" CELLSPACING="0" WIDTH="100%">
<TR BGCOLOR="#CCCCFF" CLASS="TableHeadingColor">
<TD COLSPAN=1><FONT SIZE="+2">
<B>Constructor Detail</B></FONT></TD>
</TR>
</TABLE>

<A NAME="TToolTip()"><!-- --></A><H3>
TToolTip</H3>
<PRE>
public <B>TToolTip</B>()</PRE>
<DL>
</DL>

<!-- ============ METHOD DETAIL ========== -->

<A NAME="method_detail"><!-- --></A>
<TABLE BORDER="1" CELLPADDING="3" CELLSPACING="0" WIDTH="100%">
<TR BGCOLOR="#CCCCFF" CLASS="TableHeadingColor">
<TD COLSPAN=1><FONT SIZE="+2">
<B>Method Detail</B></FONT></TD>
</TR>
</TABLE>

<A NAME="update()"><!-- --></A><H3>
update</H3>
<PRE>
public void <B>update</B>()</PRE>
<DL>
<DD><B>Description copied from class: <CODE><A HREF="../../../../../com/golden/gamedev/gui/toolkit/TComponent.html">TComponent</A></CODE></B></DD>
<DD>Updates component state.
<P>
<DD><DL>
<DT><B>Overrides:</B><DD><CODE><A HREF="../../../../../com/golden/gamedev/gui/toolkit/TComponent.html#update()">update</A></CODE> in class <CODE><A HREF="../../../../../com/golden/gamedev/gui/toolkit/TComponent.html">TComponent</A></CODE></DL>
</DD>
<DD><DL>
</DL>
</DD>
</DL>
<HR>

<A NAME="show(int, int)"><!-- --></A><H3>
show</H3>
<PRE>
public void <B>show</B>(int&nbsp;x,
                 int&nbsp;y)</PRE>
<DL>
<DD><DL>
</DL>
</DD>
</DL>
<HR>

<A NAME="getToolTipComponent()"><!-- --></A><H3>
getToolTipComponent</H3>
<PRE>
public <A HREF="../../../../../com/golden/gamedev/gui/toolkit/TComponent.html">TComponent</A> <B>getToolTipComponent</B>()</PRE>
<DL>
<DD><DL>
</DL>
</DD>
</DL>
<HR>

<A NAME="setToolTipComponent(com.golden.gamedev.gui.toolkit.TComponent)"><!-- --></A><H3>
setToolTipComponent</H3>
<PRE>
public void <B>setToolTipComponent</B>(<A HREF="../../../../../com/golden/gamedev/gui/toolkit/TComponent.html">TComponent</A>&nbsp;tooltip)</PRE>
<DL>
<DD><DL>
</DL>
</DD>
</DL>
<HR>

<A NAME="getInitialDelay()"><!-- --></A><H3>
getInitialDelay</H3>
<PRE>
public int <B>getInitialDelay</B>()</PRE>
<DL>
<DD><DL>
</DL>
</DD>
</DL>
<HR>

<A NAME="setInitialDelay(int)"><!-- --></A><H3>
setInitialDelay</H3>
<PRE>
public void <B>setInitialDelay</B>(int&nbsp;i)</PRE>
<DL>
<DD><DL>
</DL>
</DD>
</DL>
<HR>

<A NAME="getDismissDelay()"><!-- --></A><H3>
getDismissDelay</H3>
<PRE>
public int <B>getDismissDelay</B>()</PRE>
<DL>
<DD><DL>
</DL>
</DD>
</DL>
<HR>

<A NAME="setDismissDelay(int)"><!-- --></A><H3>
setDismissDelay</H3>
<PRE>
public void <B>setDismissDelay</B>(int&nbsp;i)</PRE>
<DL>
<DD><DL>
</DL>
</DD>
</DL>
<HR>

<A NAME="getReshowDelay()"><!-- --></A><H3>
getReshowDelay</H3>
<PRE>
public int <B>getReshowDelay</B>()</PRE>
<DL>
<DD><DL>
</DL>
</DD>
</DL>
<HR>

<A NAME="setReshowDelay(int)"><!-- --></A><H3>
setReshowDelay</H3>
<PRE>
public void <B>setReshowDelay</B>(int&nbsp;i)</PRE>
<DL>
<DD><DL>
</DL>
</DD>
</DL>
<HR>

<A NAME="getSpacing()"><!-- --></A><H3>
getSpacing</H3>
<PRE>
public <A HREF="http://java.sun.com/j2se/1.4/docs/api/java/awt/Point.html">Point</A> <B>getSpacing</B>()</PRE>
<DL>
<DD><DL>
</DL>
</DD>
</DL>
<HR>

<A NAME="setSpacing(int, int)"><!-- --></A><H3>
setSpacing</H3>
<PRE>
public void <B>setSpacing</B>(int&nbsp;x,
                       int&nbsp;y)</PRE>
<DL>
<DD><DL>
</DL>
</DD>
</DL>
<HR>

<A NAME="UIName()"><!-- --></A><H3>
UIName</H3>
<PRE>
public <A HREF="http://java.sun.com/j2se/1.4/docs/api/java/lang/String.html">String</A> <B>UIName</B>()</PRE>
<DL>
<DD>This Component UI Name is <b>ToolTip</b>.
<P>
<DD><DL>
<DT><B>Specified by:</B><DD><CODE><A HREF="../../../../../com/golden/gamedev/gui/toolkit/TComponent.html#UIName()">UIName</A></CODE> in class <CODE><A HREF="../../../../../com/golden/gamedev/gui/toolkit/TComponent.html">TComponent</A></CODE></DL>
</DD>
<DD><DL>

<DT><B>Returns:</B><DD>Component UI Name</DL>
</DD>
</DL>
<!-- ========= END OF CLASS DATA ========= -->
<HR>

<!-- ========== START OF NAVBAR ========== -->
<A NAME="navbar_bottom"><!-- --></A>
<TABLE BORDER="0" WIDTH="100%" CELLPADDING="1" CELLSPACING="0">
<TR>
<TD COLSPAN=3 BGCOLOR="#EEEEFF" CLASS="NavBarCell1">
<A NAME="navbar_bottom_firstrow"><!-- --></A>
<TABLE BORDER="0" CELLPADDING="0" CELLSPACING="3">
  <TR ALIGN="center" VALIGN="top">
  <TD BGCOLOR="#EEEEFF" CLASS="NavBarCell1">    <A HREF="../../../../../overview-summary.html"><FONT CLASS="NavBarFont1"><B>Overview</B></FONT></A>&nbsp;</TD>
  <TD BGCOLOR="#EEEEFF" CLASS="NavBarCell1">    <A HREF="package-summary.html"><FONT CLASS="NavBarFont1"><B>Package</B></FONT></A>&nbsp;</TD>
  <TD BGCOLOR="#FFFFFF" CLASS="NavBarCell1Rev"> &nbsp;<FONT CLASS="NavBarFont1Rev"><B>Class</B></FONT>&nbsp;</TD>
  <TD BGCOLOR="#EEEEFF" CLASS="NavBarCell1">    <A HREF="package-tree.html"><FONT CLASS="NavBarFont1"><B>Tree</B></FONT></A>&nbsp;</TD>
  <TD BGCOLOR="#EEEEFF" CLASS="NavBarCell1">    <A HREF="../../../../../deprecated-list.html"><FONT CLASS="NavBarFont1"><B>Deprecated</B></FONT></A>&nbsp;</TD>
  <TD BGCOLOR="#EEEEFF" CLASS="NavBarCell1">    <A HREF="../../../../../index-all.html"><FONT CLASS="NavBarFont1"><B>Index</B></FONT></A>&nbsp;</TD>
  <TD BGCOLOR="#EEEEFF" CLASS="NavBarCell1">    <A HREF="../../../../../help-doc.html"><FONT CLASS="NavBarFont1"><B>Help</B></FONT></A>&nbsp;</TD>
  </TR>
</TABLE>
</TD>
<TD ALIGN="right" VALIGN="top" ROWSPAN=3><EM>
</EM>
</TD>
</TR>

<TR>
<TD BGCOLOR="white" CLASS="NavBarCell2"><FONT SIZE="-2">
&nbsp;<A HREF="../../../../../com/golden/gamedev/gui/toolkit/TContainer.html"><B>PREV CLASS</B></A>&nbsp;
&nbsp;<A HREF="../../../../../com/golden/gamedev/gui/toolkit/UIConstants.html"><B>NEXT CLASS</B></A></FONT></TD>
<TD BGCOLOR="white" CLASS="NavBarCell2"><FONT SIZE="-2">
  <A HREF="../../../../../index.html" TARGET="_top"><B>FRAMES</B></A>  &nbsp;
&nbsp;<A HREF="TToolTip.html" TARGET="_top"><B>NO FRAMES</B></A>  &nbsp;
&nbsp;
<SCRIPT>
  <!--
  if(window==top) {
    document.writeln('<A HREF="../../../../../allclasses-noframe.html" TARGET=""><B>All Classes</B></A>');
  }
  //-->
</SCRIPT>
<NOSCRIPT>
<A HREF="../../../../../allclasses-noframe.html" TARGET=""><B>All Classes</B></A>
</NOSCRIPT>
</FONT></TD>
</TR>
<TR>
<TD VALIGN="top" CLASS="NavBarCell3"><FONT SIZE="-2">
  SUMMARY:&nbsp;NESTED&nbsp;|&nbsp;<A HREF="#field_summary">FIELD</A>&nbsp;|&nbsp;<A HREF="#constructor_summary">CONSTR</A>&nbsp;|&nbsp;<A HREF="#method_summary">METHOD</A></FONT></TD>
<TD VALIGN="top" CLASS="NavBarCell3"><FONT SIZE="-2">
DETAIL:&nbsp;<A HREF="#field_detail">FIELD</A>&nbsp;|&nbsp;<A HREF="#constructor_detail">CONSTR</A>&nbsp;|&nbsp;<A HREF="#method_detail">METHOD</A></FONT></TD>
</TR>
</TABLE>
<!-- =========== END OF NAVBAR =========== -->

<HR>

</BODY>
</HTML>
