<!DOCTYPE HTML PUBLIC "-//W3C//DTD HTML 4.0 Transitional//EN""http://www.w3.org/TR/REC-html40/loose.dtd">
<!--NewPage-->
<HTML>
<HEAD>
<!-- Generated by javadoc on Sun Jul 18 03:26:15 ICT 2004 -->
<TITLE>
UIConstants
</TITLE>
<META NAME="keywords" CONTENT="com.golden.gamedev.gui.toolkit.UIConstants,UIConstants class">
<LINK REL ="stylesheet" TYPE="text/css" HREF="../../../../../stylesheet.css" TITLE="Style">
</HEAD>
<SCRIPT>
function asd()
{
parent.document.title="UIConstants";
}
</SCRIPT>
<BODY BGCOLOR="white" onload="asd();">

<!-- ========== START OF NAVBAR ========== -->
<A NAME="navbar_top"><!-- --></A>
<TABLE BORDER="0" WIDTH="100%" CELLPADDING="1" CELLSPACING="0">
<TR>
<TD COLSPAN=3 BGCOLOR="#EEEEFF" CLASS="NavBarCell1">
<A NAME="navbar_top_firstrow"><!-- --></A>
<TABLE BORDER="0" CELLPADDING="0" CELLSPACING="3">
  <TR ALIGN="center" VALIGN="top">
  <TD BGCOLOR="#EEEEFF" CLASS="NavBarCell1">    <A HREF="../../../../../overview-summary.html"><FONT CLASS="NavBarFont1"><B>Overview</B></FONT></A>&nbsp;</TD>
  <TD BGCOLOR="#EEEEFF" CLASS="NavBarCell1">    <A HREF="package-summary.html"><FONT CLASS="NavBarFont1"><B>Package</B></FONT></A>&nbsp;</TD>
  <TD BGCOLOR="#FFFFFF" CLASS="NavBarCell1Rev"> &nbsp;<FONT CLASS="NavBarFont1Rev"><B>Class</B></FONT>&nbsp;</TD>
  <TD BGCOLOR="#EEEEFF" CLASS="NavBarCell1">    <A HREF="package-tree.html"><FONT CLASS="NavBarFont1"><B>Tree</B></FONT></A>&nbsp;</TD>
  <TD BGCOLOR="#EEEEFF" CLASS="NavBarCell1">    <A HREF="../../../../../deprecated-list.html"><FONT CLASS="NavBarFont1"><B>Deprecated</B></FONT></A>&nbsp;</TD>
  <TD BGCOLOR="#EEEEFF" CLASS="NavBarCell1">    <A HREF="../../../../../index-all.html"><FONT CLASS="NavBarFont1"><B>Index</B></FONT></A>&nbsp;</TD>
  <TD BGCOLOR="#EEEEFF" CLASS="NavBarCell1">    <A HREF="../../../../../help-doc.html"><FONT CLASS="NavBarFont1"><B>Help</B></FONT></A>&nbsp;</TD>
  </TR>
</TABLE>
</TD>
<TD ALIGN="right" VALIGN="top" ROWSPAN=3><EM>
</EM>
</TD>
</TR>

<TR>
<TD BGCOLOR="white" CLASS="NavBarCell2"><FONT SIZE="-2">
&nbsp;<A HREF="../../../../../com/golden/gamedev/gui/toolkit/TToolTip.html"><B>PREV CLASS</B></A>&nbsp;
&nbsp;<A HREF="../../../../../com/golden/gamedev/gui/toolkit/UIRenderer.html"><B>NEXT CLASS</B></A></FONT></TD>
<TD BGCOLOR="white" CLASS="NavBarCell2"><FONT SIZE="-2">
  <A HREF="../../../../../index.html" TARGET="_top"><B>FRAMES</B></A>  &nbsp;
&nbsp;<A HREF="UIConstants.html" TARGET="_top"><B>NO FRAMES</B></A>  &nbsp;
&nbsp;
<SCRIPT>
  <!--
  if(window==top) {
    document.writeln('<A HREF="../../../../../allclasses-noframe.html" TARGET=""><B>All Classes</B></A>');
  }
  //-->
</SCRIPT>
<NOSCRIPT>
<A HREF="../../../../../allclasses-noframe.html" TARGET=""><B>All Classes</B></A>
</NOSCRIPT>
</FONT></TD>
</TR>
<TR>
<TD VALIGN="top" CLASS="NavBarCell3"><FONT SIZE="-2">
  SUMMARY:&nbsp;NESTED&nbsp;|&nbsp;<A HREF="#field_summary">FIELD</A>&nbsp;|&nbsp;CONSTR&nbsp;|&nbsp;<A HREF="#methods_inherited_from_class_java.lang.Object">METHOD</A></FONT></TD>
<TD VALIGN="top" CLASS="NavBarCell3"><FONT SIZE="-2">
DETAIL:&nbsp;<A HREF="#field_detail">FIELD</A>&nbsp;|&nbsp;CONSTR&nbsp;|&nbsp;METHOD</FONT></TD>
</TR>
</TABLE>
<!-- =========== END OF NAVBAR =========== -->

<HR>
<!-- ======== START OF CLASS DATA ======== -->
<H2>
<FONT SIZE="-1">
com.golden.gamedev.gui.toolkit</FONT>
<BR>
Class UIConstants</H2>
<PRE>
<A HREF="http://java.sun.com/j2se/1.4/docs/api/java/lang/Object.html">java.lang.Object</A>
  |
  +--<B>com.golden.gamedev.gui.toolkit.UIConstants</B>
</PRE>
<HR>
<DL>
<DT>public class <B>UIConstants</B><DT>extends <A HREF="http://java.sun.com/j2se/1.4/docs/api/java/lang/Object.html">Object</A></DL>

<P>
Constants used for UI Rendering.
<P>

<P>
<HR>

<P>
<!-- ======== NESTED CLASS SUMMARY ======== -->


<!-- =========== FIELD SUMMARY =========== -->

<A NAME="field_summary"><!-- --></A>
<TABLE BORDER="1" CELLPADDING="3" CELLSPACING="0" WIDTH="100%">
<TR BGCOLOR="#CCCCFF" CLASS="TableHeadingColor">
<TD COLSPAN=2><FONT SIZE="+2">
<B>Field Summary</B></FONT></TD>
</TR>
<TR BGCOLOR="white" CLASS="TableRowColor">
<TD ALIGN="right" VALIGN="top" WIDTH="1%"><FONT SIZE="-1">
<CODE>static&nbsp;<A HREF="http://java.sun.com/j2se/1.4/docs/api/java/lang/Integer.html">Integer</A></CODE></FONT></TD>
<TD><CODE><B><A HREF="../../../../../com/golden/gamedev/gui/toolkit/UIConstants.html#BOTTOM">BOTTOM</A></B></CODE>

<BR>
&nbsp;&nbsp;&nbsp;&nbsp;&nbsp;&nbsp;&nbsp;&nbsp;&nbsp;&nbsp;&nbsp;</TD>
</TR>
<TR BGCOLOR="white" CLASS="TableRowColor">
<TD ALIGN="right" VALIGN="top" WIDTH="1%"><FONT SIZE="-1">
<CODE>static&nbsp;<A HREF="http://java.sun.com/j2se/1.4/docs/api/java/lang/Integer.html">Integer</A></CODE></FONT></TD>
<TD><CODE><B><A HREF="../../../../../com/golden/gamedev/gui/toolkit/UIConstants.html#CENTER">CENTER</A></B></CODE>

<BR>
&nbsp;&nbsp;&nbsp;&nbsp;&nbsp;&nbsp;&nbsp;&nbsp;&nbsp;&nbsp;&nbsp;</TD>
</TR>
<TR BGCOLOR="white" CLASS="TableRowColor">
<TD ALIGN="right" VALIGN="top" WIDTH="1%"><FONT SIZE="-1">
<CODE>static&nbsp;<A HREF="http://java.sun.com/j2se/1.4/docs/api/java/lang/Integer.html">Integer</A></CODE></FONT></TD>
<TD><CODE><B><A HREF="../../../../../com/golden/gamedev/gui/toolkit/UIConstants.html#JUSTIFY">JUSTIFY</A></B></CODE>

<BR>
&nbsp;&nbsp;&nbsp;&nbsp;&nbsp;&nbsp;&nbsp;&nbsp;&nbsp;&nbsp;&nbsp;</TD>
</TR>
<TR BGCOLOR="white" CLASS="TableRowColor">
<TD ALIGN="right" VALIGN="top" WIDTH="1%"><FONT SIZE="-1">
<CODE>static&nbsp;<A HREF="http://java.sun.com/j2se/1.4/docs/api/java/lang/Integer.html">Integer</A></CODE></FONT></TD>
<TD><CODE><B><A HREF="../../../../../com/golden/gamedev/gui/toolkit/UIConstants.html#LEFT">LEFT</A></B></CODE>

<BR>
&nbsp;&nbsp;&nbsp;&nbsp;&nbsp;&nbsp;&nbsp;&nbsp;&nbsp;&nbsp;&nbsp;</TD>
</TR>
<TR BGCOLOR="white" CLASS="TableRowColor">
<TD ALIGN="right" VALIGN="top" WIDTH="1%"><FONT SIZE="-1">
<CODE>static&nbsp;<A HREF="http://java.sun.com/j2se/1.4/docs/api/java/lang/Integer.html">Integer</A></CODE></FONT></TD>
<TD><CODE><B><A HREF="../../../../../com/golden/gamedev/gui/toolkit/UIConstants.html#RIGHT">RIGHT</A></B></CODE>

<BR>
&nbsp;&nbsp;&nbsp;&nbsp;&nbsp;&nbsp;&nbsp;&nbsp;&nbsp;&nbsp;&nbsp;</TD>
</TR>
<TR BGCOLOR="white" CLASS="TableRowColor">
<TD ALIGN="right" VALIGN="top" WIDTH="1%"><FONT SIZE="-1">
<CODE>static&nbsp;<A HREF="http://java.sun.com/j2se/1.4/docs/api/java/lang/Integer.html">Integer</A></CODE></FONT></TD>
<TD><CODE><B><A HREF="../../../../../com/golden/gamedev/gui/toolkit/UIConstants.html#TOP">TOP</A></B></CODE>

<BR>
&nbsp;&nbsp;&nbsp;&nbsp;&nbsp;&nbsp;&nbsp;&nbsp;&nbsp;&nbsp;&nbsp;</TD>
</TR>
</TABLE>
&nbsp;
<!-- ======== CONSTRUCTOR SUMMARY ======== -->


<!-- ========== METHOD SUMMARY =========== -->

<A NAME="methods_inherited_from_class_java.lang.Object"><!-- --></A>
<TABLE BORDER="1" CELLPADDING="3" CELLSPACING="0" WIDTH="100%">
<TR BGCOLOR="#EEEEFF" CLASS="TableSubHeadingColor">
<TD><B>Methods inherited from class java.lang.<A HREF="http://java.sun.com/j2se/1.4/docs/api/java/lang/Object.html">Object</A></B></TD>
</TR>
<TR BGCOLOR="white" CLASS="TableRowColor">
<TD><CODE><A HREF="http://java.sun.com/j2se/1.4/docs/api/java/lang/Object.html#clone()">clone</A>, <A HREF="http://java.sun.com/j2se/1.4/docs/api/java/lang/Object.html#equals(java.lang.Object)">equals</A>, <A HREF="http://java.sun.com/j2se/1.4/docs/api/java/lang/Object.html#finalize()">finalize</A>, <A HREF="http://java.sun.com/j2se/1.4/docs/api/java/lang/Object.html#getClass()">getClass</A>, <A HREF="http://java.sun.com/j2se/1.4/docs/api/java/lang/Object.html#hashCode()">hashCode</A>, <A HREF="http://java.sun.com/j2se/1.4/docs/api/java/lang/Object.html#notify()">notify</A>, <A HREF="http://java.sun.com/j2se/1.4/docs/api/java/lang/Object.html#notifyAll()">notifyAll</A>, <A HREF="http://java.sun.com/j2se/1.4/docs/api/java/lang/Object.html#toString()">toString</A>, <A HREF="http://java.sun.com/j2se/1.4/docs/api/java/lang/Object.html#wait()">wait</A>, <A HREF="http://java.sun.com/j2se/1.4/docs/api/java/lang/Object.html#wait(long)">wait</A>, <A HREF="http://java.sun.com/j2se/1.4/docs/api/java/lang/Object.html#wait(long, int)">wait</A></CODE></TD>
</TR>
</TABLE>
&nbsp;
<P>

<!-- ============ FIELD DETAIL =========== -->

<A NAME="field_detail"><!-- --></A>
<TABLE BORDER="1" CELLPADDING="3" CELLSPACING="0" WIDTH="100%">
<TR BGCOLOR="#CCCCFF" CLASS="TableHeadingColor">
<TD COLSPAN=1><FONT SIZE="+2">
<B>Field Detail</B></FONT></TD>
</TR>
</TABLE>

<A NAME="LEFT"><!-- --></A><H3>
LEFT</H3>
<PRE>
public static <A HREF="http://java.sun.com/j2se/1.4/docs/api/java/lang/Integer.html">Integer</A> <B>LEFT</B></PRE>
<DL>
<DL>
</DL>
</DL>
<HR>

<A NAME="CENTER"><!-- --></A><H3>
CENTER</H3>
<PRE>
public static <A HREF="http://java.sun.com/j2se/1.4/docs/api/java/lang/Integer.html">Integer</A> <B>CENTER</B></PRE>
<DL>
<DL>
</DL>
</DL>
<HR>

<A NAME="RIGHT"><!-- --></A><H3>
RIGHT</H3>
<PRE>
public static <A HREF="http://java.sun.com/j2se/1.4/docs/api/java/lang/Integer.html">Integer</A> <B>RIGHT</B></PRE>
<DL>
<DL>
</DL>
</DL>
<HR>

<A NAME="TOP"><!-- --></A><H3>
TOP</H3>
<PRE>
public static <A HREF="http://java.sun.com/j2se/1.4/docs/api/java/lang/Integer.html">Integer</A> <B>TOP</B></PRE>
<DL>
<DL>
</DL>
</DL>
<HR>

<A NAME="BOTTOM"><!-- --></A><H3>
BOTTOM</H3>
<PRE>
public static <A HREF="http://java.sun.com/j2se/1.4/docs/api/java/lang/Integer.html">Integer</A> <B>BOTTOM</B></PRE>
<DL>
<DL>
</DL>
</DL>
<HR>

<A NAME="JUSTIFY"><!-- --></A><H3>
JUSTIFY</H3>
<PRE>
public static <A HREF="http://java.sun.com/j2se/1.4/docs/api/java/lang/Integer.html">Integer</A> <B>JUSTIFY</B></PRE>
<DL>
<DL>
</DL>
</DL>

<!-- ========= CONSTRUCTOR DETAIL ======== -->


<!-- ============ METHOD DETAIL ========== -->

<!-- ========= END OF CLASS DATA ========= -->
<HR>

<!-- ========== START OF NAVBAR ========== -->
<A NAME="navbar_bottom"><!-- --></A>
<TABLE BORDER="0" WIDTH="100%" CELLPADDING="1" CELLSPACING="0">
<TR>
<TD COLSPAN=3 BGCOLOR="#EEEEFF" CLASS="NavBarCell1">
<A NAME="navbar_bottom_firstrow"><!-- --></A>
<TABLE BORDER="0" CELLPADDING="0" CELLSPACING="3">
  <TR ALIGN="center" VALIGN="top">
  <TD BGCOLOR="#EEEEFF" CLASS="NavBarCell1">    <A HREF="../../../../../overview-summary.html"><FONT CLASS="NavBarFont1"><B>Overview</B></FONT></A>&nbsp;</TD>
  <TD BGCOLOR="#EEEEFF" CLASS="NavBarCell1">    <A HREF="package-summary.html"><FONT CLASS="NavBarFont1"><B>Package</B></FONT></A>&nbsp;</TD>
  <TD BGCOLOR="#FFFFFF" CLASS="NavBarCell1Rev"> &nbsp;<FONT CLASS="NavBarFont1Rev"><B>Class</B></FONT>&nbsp;</TD>
  <TD BGCOLOR="#EEEEFF" CLASS="NavBarCell1">    <A HREF="package-tree.html"><FONT CLASS="NavBarFont1"><B>Tree</B></FONT></A>&nbsp;</TD>
  <TD BGCOLOR="#EEEEFF" CLASS="NavBarCell1">    <A HREF="../../../../../deprecated-list.html"><FONT CLASS="NavBarFont1"><B>Deprecated</B></FONT></A>&nbsp;</TD>
  <TD BGCOLOR="#EEEEFF" CLASS="NavBarCell1">    <A HREF="../../../../../index-all.html"><FONT CLASS="NavBarFont1"><B>Index</B></FONT></A>&nbsp;</TD>
  <TD BGCOLOR="#EEEEFF" CLASS="NavBarCell1">    <A HREF="../../../../../help-doc.html"><FONT CLASS="NavBarFont1"><B>Help</B></FONT></A>&nbsp;</TD>
  </TR>
</TABLE>
</TD>
<TD ALIGN="right" VALIGN="top" ROWSPAN=3><EM>
</EM>
</TD>
</TR>

<TR>
<TD BGCOLOR="white" CLASS="NavBarCell2"><FONT SIZE="-2">
&nbsp;<A HREF="../../../../../com/golden/gamedev/gui/toolkit/TToolTip.html"><B>PREV CLASS</B></A>&nbsp;
&nbsp;<A HREF="../../../../../com/golden/gamedev/gui/toolkit/UIRenderer.html"><B>NEXT CLASS</B></A></FONT></TD>
<TD BGCOLOR="white" CLASS="NavBarCell2"><FONT SIZE="-2">
  <A HREF="../../../../../index.html" TARGET="_top"><B>FRAMES</B></A>  &nbsp;
&nbsp;<A HREF="UIConstants.html" TARGET="_top"><B>NO FRAMES</B></A>  &nbsp;
&nbsp;
<SCRIPT>
  <!--
  if(window==top) {
    document.writeln('<A HREF="../../../../../allclasses-noframe.html" TARGET=""><B>All Classes</B></A>');
  }
  //-->
</SCRIPT>
<NOSCRIPT>
<A HREF="../../../../../allclasses-noframe.html" TARGET=""><B>All Classes</B></A>
</NOSCRIPT>
</FONT></TD>
</TR>
<TR>
<TD VALIGN="top" CLASS="NavBarCell3"><FONT SIZE="-2">
  SUMMARY:&nbsp;NESTED&nbsp;|&nbsp;<A HREF="#field_summary">FIELD</A>&nbsp;|&nbsp;CONSTR&nbsp;|&nbsp;<A HREF="#methods_inherited_from_class_java.lang.Object">METHOD</A></FONT></TD>
<TD VALIGN="top" CLASS="NavBarCell3"><FONT SIZE="-2">
DETAIL:&nbsp;<A HREF="#field_detail">FIELD</A>&nbsp;|&nbsp;CONSTR&nbsp;|&nbsp;METHOD</FONT></TD>
</TR>
</TABLE>
<!-- =========== END OF NAVBAR =========== -->

<HR>

</BODY>
</HTML>
