<!DOCTYPE HTML PUBLIC "-//W3C//DTD HTML 4.0 Transitional//EN""http://www.w3.org/TR/REC-html40/loose.dtd">
<!--NewPage-->
<HTML>
<HEAD>
<!-- Generated by javadoc on Sun Jul 18 03:26:15 ICT 2004 -->
<TITLE>
com.golden.gamedev.gui.theme.basic
</TITLE>
<META NAME="keywords" CONTENT="com.golden.gamedev.gui.theme.basic package">
<LINK REL ="stylesheet" TYPE="text/css" HREF="../../../../../../stylesheet.css" TITLE="Style">
</HEAD>
<SCRIPT>
function asd()
{
parent.document.title="com.golden.gamedev.gui.theme.basic";
}
</SCRIPT>
<BODY BGCOLOR="white" onload="asd();">
<FONT size="+1" CLASS="FrameTitleFont">
<A HREF="../../../../../../com/golden/gamedev/gui/theme/basic/package-summary.html" TARGET="classFrame">com.golden.gamedev.gui.theme.basic</A></FONT>
<TABLE BORDER="0" WIDTH="100%">
<TR>
<TD NOWRAP><FONT size="+1" CLASS="FrameHeadingFont">
Classes</FONT>&nbsp;
<FONT CLASS="FrameItemFont">
<BR>
<A HREF="BasicTheme.html" TARGET="classFrame">BasicTheme</A>
<BR>
<A HREF="BButtonRenderer.html" TARGET="classFrame">BButtonRenderer</A>
<BR>
<A HREF="BLabelRenderer.html" TARGET="classFrame">BLabelRenderer</A>
<BR>
<A HREF="BPanelRenderer.html" TARGET="classFrame">BPanelRenderer</A>
<BR>
<A HREF="BTextFieldRenderer.html" TARGET="classFrame">BTextFieldRenderer</A>
<BR>
<A HREF="BTitleBarButtonRenderer.html" TARGET="classFrame">BTitleBarButtonRenderer</A>
<BR>
<A HREF="BTitleBarRenderer.html" TARGET="classFrame">BTitleBarRenderer</A>
<BR>
<A HREF="BToolTipRenderer.html" TARGET="classFrame">BToolTipRenderer</A></FONT></TD>
</TR>
</TABLE>


</BODY>
</HTML>
