<!DOCTYPE HTML PUBLIC "-//W3C//DTD HTML 4.01 Transitional//EN" "http://www.w3.org/TR/html4/loose.dtd">
<!--NewPage-->
<HTML>
<HEAD>
<!-- Generated by javadoc (build 1.5.0_01) on Sun Jul 03 07:12:35 ICT 2005 -->
<TITLE>
WaveRenderer (GTGE API v0.2.3)
</TITLE>

<META NAME="keywords" CONTENT="com.golden.gamedev.engine.audio.WaveRenderer class">

<LINK REL ="stylesheet" TYPE="text/css" HREF="../../../../../stylesheet.css" TITLE="Style">

<SCRIPT type="text/javascript">
function windowTitle()
{
    parent.document.title="WaveRenderer (GTGE API v0.2.3)";
}
</SCRIPT>
<NOSCRIPT>
</NOSCRIPT>

</HEAD>

<BODY BGCOLOR="white" onload="windowTitle();">


<!-- ========= START OF TOP NAVBAR ======= -->
<A NAME="navbar_top"><!-- --></A>
<A HREF="#skip-navbar_top" title="Skip navigation links"></A>
<TABLE BORDER="0" WIDTH="100%" CELLPADDING="1" CELLSPACING="0" SUMMARY="">
<TR>
<TD COLSPAN=2 BGCOLOR="#EEEEFF" CLASS="NavBarCell1">
<A NAME="navbar_top_firstrow"><!-- --></A>
<TABLE BORDER="0" CELLPADDING="0" CELLSPACING="3" SUMMARY="">
  <TR ALIGN="center" VALIGN="top">
  <TD BGCOLOR="#EEEEFF" CLASS="NavBarCell1">    <A HREF="../../../../../overview-summary.html"><FONT CLASS="NavBarFont1"><B>Overview</B></FONT></A>&nbsp;</TD>
  <TD BGCOLOR="#EEEEFF" CLASS="NavBarCell1">    <A HREF="package-summary.html"><FONT CLASS="NavBarFont1"><B>Package</B></FONT></A>&nbsp;</TD>
  <TD BGCOLOR="#FFFFFF" CLASS="NavBarCell1Rev"> &nbsp;<FONT CLASS="NavBarFont1Rev"><B>Class</B></FONT>&nbsp;</TD>
  <TD BGCOLOR="#EEEEFF" CLASS="NavBarCell1">    <A HREF="class-use/WaveRenderer.html"><FONT CLASS="NavBarFont1"><B>Use</B></FONT></A>&nbsp;</TD>
  <TD BGCOLOR="#EEEEFF" CLASS="NavBarCell1">    <A HREF="package-tree.html"><FONT CLASS="NavBarFont1"><B>Tree</B></FONT></A>&nbsp;</TD>
  <TD BGCOLOR="#EEEEFF" CLASS="NavBarCell1">    <A HREF="../../../../../index-all.html"><FONT CLASS="NavBarFont1"><B>Index</B></FONT></A>&nbsp;</TD>
  <TD BGCOLOR="#EEEEFF" CLASS="NavBarCell1">    <A HREF="../../../../../help-doc.html"><FONT CLASS="NavBarFont1"><B>Help</B></FONT></A>&nbsp;</TD>
  </TR>
</TABLE>
</TD>
<TD ALIGN="right" VALIGN="top" ROWSPAN=3><EM>
<b>GTGE API</b></EM>
</TD>
</TR>

<TR>
<TD BGCOLOR="white" CLASS="NavBarCell2"><FONT SIZE="-2">
&nbsp;<A HREF="../../../../../com/golden/gamedev/engine/audio/MidiRenderer.html" title="class in com.golden.gamedev.engine.audio"><B>PREV CLASS</B></A>&nbsp;
&nbsp;NEXT CLASS</FONT></TD>
<TD BGCOLOR="white" CLASS="NavBarCell2"><FONT SIZE="-2">
  <A HREF="../../../../../index.html?com/golden/gamedev/engine/audio/WaveRenderer.html" target="_top"><B>FRAMES</B></A>  &nbsp;
&nbsp;<A HREF="WaveRenderer.html" target="_top"><B>NO FRAMES</B></A>  &nbsp;
&nbsp;<SCRIPT type="text/javascript">
  <!--
  if(window==top) {
    document.writeln('<A HREF="../../../../../allclasses-noframe.html"><B>All Classes</B></A>');
  }
  //-->
</SCRIPT>
<NOSCRIPT>
  <A HREF="../../../../../allclasses-noframe.html"><B>All Classes</B></A>
</NOSCRIPT>


</FONT></TD>
</TR>
<TR>
<TD VALIGN="top" CLASS="NavBarCell3"><FONT SIZE="-2">
  SUMMARY:&nbsp;NESTED&nbsp;|&nbsp;<A HREF="#fields_inherited_from_class_com.golden.gamedev.engine.BaseAudioRenderer">FIELD</A>&nbsp;|&nbsp;<A HREF="#constructor_summary">CONSTR</A>&nbsp;|&nbsp;<A HREF="#method_summary">METHOD</A></FONT></TD>
<TD VALIGN="top" CLASS="NavBarCell3"><FONT SIZE="-2">
DETAIL:&nbsp;FIELD&nbsp;|&nbsp;<A HREF="#constructor_detail">CONSTR</A>&nbsp;|&nbsp;<A HREF="#method_detail">METHOD</A></FONT></TD>
</TR>
</TABLE>
<A NAME="skip-navbar_top"></A>
<!-- ========= END OF TOP NAVBAR ========= -->

<HR>
<!-- ======== START OF CLASS DATA ======== -->
<H2>
<FONT SIZE="-1">
com.golden.gamedev.engine.audio</FONT>
<BR>
Class WaveRenderer</H2>
<PRE>
<A HREF="http://java.sun.com/j2se/1.4/docs/api/java/lang/Object.html" title="class or interface in java.lang">java.lang.Object</A>
  <IMG SRC="../../../../../resources/inherit.gif" ALT="extended by "><A HREF="../../../../../com/golden/gamedev/engine/BaseAudioRenderer.html" title="class in com.golden.gamedev.engine">com.golden.gamedev.engine.BaseAudioRenderer</A>
      <IMG SRC="../../../../../resources/inherit.gif" ALT="extended by "><B>com.golden.gamedev.engine.audio.WaveRenderer</B>
</PRE>
<DL>
<DT><B>All Implemented Interfaces:</B> <DD><A HREF="http://java.sun.com/j2se/1.4/docs/api/java/util/EventListener.html" title="class or interface in java.util">EventListener</A>, <A HREF="http://java.sun.com/j2se/1.4/docs/api/javax/sound/sampled/LineListener.html" title="class or interface in javax.sound.sampled">LineListener</A></DD>
</DL>
<HR>
<DL>
<DT><PRE>public class <B>WaveRenderer</B><DT>extends <A HREF="../../../../../com/golden/gamedev/engine/BaseAudioRenderer.html" title="class in com.golden.gamedev.engine">BaseAudioRenderer</A><DT>implements <A HREF="http://java.sun.com/j2se/1.4/docs/api/javax/sound/sampled/LineListener.html" title="class or interface in javax.sound.sampled">LineListener</A></DL>
</PRE>

<P>
Play wave sound (*.wav, *.au).
<P>

<P>
<HR>

<P>
<!-- =========== FIELD SUMMARY =========== -->

<A NAME="field_summary"><!-- --></A>
<TABLE BORDER="1" WIDTH="100%" CELLPADDING="3" CELLSPACING="0" SUMMARY="">
<TR BGCOLOR="#CCCCFF" CLASS="TableHeadingColor">
<TH ALIGN="left" COLSPAN="2"><FONT SIZE="+2">
<B>Field Summary</B></FONT></TH>
</TR>
</TABLE>
&nbsp;<A NAME="fields_inherited_from_class_com.golden.gamedev.engine.BaseAudioRenderer"><!-- --></A>
<TABLE BORDER="1" WIDTH="100%" CELLPADDING="3" CELLSPACING="0" SUMMARY="">
<TR BGCOLOR="#EEEEFF" CLASS="TableSubHeadingColor">
<TH ALIGN="left"><B>Fields inherited from class com.golden.gamedev.engine.<A HREF="../../../../../com/golden/gamedev/engine/BaseAudioRenderer.html" title="class in com.golden.gamedev.engine">BaseAudioRenderer</A></B></TH>
</TR>
<TR BGCOLOR="white" CLASS="TableRowColor">
<TD><CODE><A HREF="../../../../../com/golden/gamedev/engine/BaseAudioRenderer.html#END_OF_SOUND">END_OF_SOUND</A>, <A HREF="../../../../../com/golden/gamedev/engine/BaseAudioRenderer.html#ERROR">ERROR</A>, <A HREF="../../../../../com/golden/gamedev/engine/BaseAudioRenderer.html#PLAYING">PLAYING</A>, <A HREF="../../../../../com/golden/gamedev/engine/BaseAudioRenderer.html#status">status</A>, <A HREF="../../../../../com/golden/gamedev/engine/BaseAudioRenderer.html#STOPPED">STOPPED</A>, <A HREF="../../../../../com/golden/gamedev/engine/BaseAudioRenderer.html#volume">volume</A></CODE></TD>
</TR>
</TABLE>
&nbsp;
<!-- ======== CONSTRUCTOR SUMMARY ======== -->

<A NAME="constructor_summary"><!-- --></A>
<TABLE BORDER="1" WIDTH="100%" CELLPADDING="3" CELLSPACING="0" SUMMARY="">
<TR BGCOLOR="#CCCCFF" CLASS="TableHeadingColor">
<TH ALIGN="left" COLSPAN="2"><FONT SIZE="+2">
<B>Constructor Summary</B></FONT></TH>
</TR>
<TR BGCOLOR="white" CLASS="TableRowColor">
<TD><CODE><B><A HREF="../../../../../com/golden/gamedev/engine/audio/WaveRenderer.html#WaveRenderer()">WaveRenderer</A></B>()</CODE>

<BR>
&nbsp;&nbsp;&nbsp;&nbsp;&nbsp;&nbsp;&nbsp;&nbsp;&nbsp;&nbsp;Creates new wave audio renderer.</TD>
</TR>
</TABLE>
&nbsp;
<!-- ========== METHOD SUMMARY =========== -->

<A NAME="method_summary"><!-- --></A>
<TABLE BORDER="1" WIDTH="100%" CELLPADDING="3" CELLSPACING="0" SUMMARY="">
<TR BGCOLOR="#CCCCFF" CLASS="TableHeadingColor">
<TH ALIGN="left" COLSPAN="2"><FONT SIZE="+2">
<B>Method Summary</B></FONT></TH>
</TR>
<TR BGCOLOR="white" CLASS="TableRowColor">
<TD ALIGN="right" VALIGN="top" WIDTH="1%"><FONT SIZE="-1">
<CODE>&nbsp;boolean</CODE></FONT></TD>
<TD><CODE><B><A HREF="../../../../../com/golden/gamedev/engine/audio/WaveRenderer.html#isAvailable()">isAvailable</A></B>()</CODE>

<BR>
&nbsp;&nbsp;&nbsp;&nbsp;&nbsp;&nbsp;&nbsp;&nbsp;&nbsp;&nbsp;Returns true, if this audio renderer is available to use or false if this
 renderer is not available to use (failed to initialized).</TD>
</TR>
<TR BGCOLOR="white" CLASS="TableRowColor">
<TD ALIGN="right" VALIGN="top" WIDTH="1%"><FONT SIZE="-1">
<CODE>&nbsp;boolean</CODE></FONT></TD>
<TD><CODE><B><A HREF="../../../../../com/golden/gamedev/engine/audio/WaveRenderer.html#isVolumeSupported()">isVolumeSupported</A></B>()</CODE>

<BR>
&nbsp;&nbsp;&nbsp;&nbsp;&nbsp;&nbsp;&nbsp;&nbsp;&nbsp;&nbsp;Returns whether setting audio volume is supported or not.</TD>
</TR>
<TR BGCOLOR="white" CLASS="TableRowColor">
<TD ALIGN="right" VALIGN="top" WIDTH="1%"><FONT SIZE="-1">
<CODE>protected &nbsp;void</CODE></FONT></TD>
<TD><CODE><B><A HREF="../../../../../com/golden/gamedev/engine/audio/WaveRenderer.html#playSound(java.net.URL)">playSound</A></B>(<A HREF="http://java.sun.com/j2se/1.4/docs/api/java/net/URL.html" title="class or interface in java.net">URL</A>&nbsp;audiofile)</CODE>

<BR>
&nbsp;&nbsp;&nbsp;&nbsp;&nbsp;&nbsp;&nbsp;&nbsp;&nbsp;&nbsp;Plays sound with specified audio file.</TD>
</TR>
<TR BGCOLOR="white" CLASS="TableRowColor">
<TD ALIGN="right" VALIGN="top" WIDTH="1%"><FONT SIZE="-1">
<CODE>protected &nbsp;void</CODE></FONT></TD>
<TD><CODE><B><A HREF="../../../../../com/golden/gamedev/engine/audio/WaveRenderer.html#replaySound(java.net.URL)">replaySound</A></B>(<A HREF="http://java.sun.com/j2se/1.4/docs/api/java/net/URL.html" title="class or interface in java.net">URL</A>&nbsp;audiofile)</CODE>

<BR>
&nbsp;&nbsp;&nbsp;&nbsp;&nbsp;&nbsp;&nbsp;&nbsp;&nbsp;&nbsp;Replays last played sound.</TD>
</TR>
<TR BGCOLOR="white" CLASS="TableRowColor">
<TD ALIGN="right" VALIGN="top" WIDTH="1%"><FONT SIZE="-1">
<CODE>protected &nbsp;void</CODE></FONT></TD>
<TD><CODE><B><A HREF="../../../../../com/golden/gamedev/engine/audio/WaveRenderer.html#setSoundVolume(float)">setSoundVolume</A></B>(float&nbsp;volume)</CODE>

<BR>
&nbsp;&nbsp;&nbsp;&nbsp;&nbsp;&nbsp;&nbsp;&nbsp;&nbsp;&nbsp;Sets audio sound volume.</TD>
</TR>
<TR BGCOLOR="white" CLASS="TableRowColor">
<TD ALIGN="right" VALIGN="top" WIDTH="1%"><FONT SIZE="-1">
<CODE>protected &nbsp;void</CODE></FONT></TD>
<TD><CODE><B><A HREF="../../../../../com/golden/gamedev/engine/audio/WaveRenderer.html#stopSound()">stopSound</A></B>()</CODE>

<BR>
&nbsp;&nbsp;&nbsp;&nbsp;&nbsp;&nbsp;&nbsp;&nbsp;&nbsp;&nbsp;Stops any playing sound.</TD>
</TR>
<TR BGCOLOR="white" CLASS="TableRowColor">
<TD ALIGN="right" VALIGN="top" WIDTH="1%"><FONT SIZE="-1">
<CODE>&nbsp;void</CODE></FONT></TD>
<TD><CODE><B><A HREF="../../../../../com/golden/gamedev/engine/audio/WaveRenderer.html#update(javax.sound.sampled.LineEvent)">update</A></B>(<A HREF="http://java.sun.com/j2se/1.4/docs/api/javax/sound/sampled/LineEvent.html" title="class or interface in javax.sound.sampled">LineEvent</A>&nbsp;e)</CODE>

<BR>
&nbsp;&nbsp;&nbsp;&nbsp;&nbsp;&nbsp;&nbsp;&nbsp;&nbsp;&nbsp;Notified when the sound is stopped externally.</TD>
</TR>
</TABLE>
&nbsp;<A NAME="methods_inherited_from_class_com.golden.gamedev.engine.BaseAudioRenderer"><!-- --></A>
<TABLE BORDER="1" WIDTH="100%" CELLPADDING="3" CELLSPACING="0" SUMMARY="">
<TR BGCOLOR="#EEEEFF" CLASS="TableSubHeadingColor">
<TH ALIGN="left"><B>Methods inherited from class com.golden.gamedev.engine.<A HREF="../../../../../com/golden/gamedev/engine/BaseAudioRenderer.html" title="class in com.golden.gamedev.engine">BaseAudioRenderer</A></B></TH>
</TR>
<TR BGCOLOR="white" CLASS="TableRowColor">
<TD><CODE><A HREF="../../../../../com/golden/gamedev/engine/BaseAudioRenderer.html#getAudioFile()">getAudioFile</A>, <A HREF="../../../../../com/golden/gamedev/engine/BaseAudioRenderer.html#getStatus()">getStatus</A>, <A HREF="../../../../../com/golden/gamedev/engine/BaseAudioRenderer.html#getVolume()">getVolume</A>, <A HREF="../../../../../com/golden/gamedev/engine/BaseAudioRenderer.html#isLoop()">isLoop</A>, <A HREF="../../../../../com/golden/gamedev/engine/BaseAudioRenderer.html#play()">play</A>, <A HREF="../../../../../com/golden/gamedev/engine/BaseAudioRenderer.html#play(java.net.URL)">play</A>, <A HREF="../../../../../com/golden/gamedev/engine/BaseAudioRenderer.html#setLoop(boolean)">setLoop</A>, <A HREF="../../../../../com/golden/gamedev/engine/BaseAudioRenderer.html#setVolume(float)">setVolume</A>, <A HREF="../../../../../com/golden/gamedev/engine/BaseAudioRenderer.html#stop()">stop</A></CODE></TD>
</TR>
</TABLE>
&nbsp;<A NAME="methods_inherited_from_class_java.lang.Object"><!-- --></A>
<TABLE BORDER="1" WIDTH="100%" CELLPADDING="3" CELLSPACING="0" SUMMARY="">
<TR BGCOLOR="#EEEEFF" CLASS="TableSubHeadingColor">
<TH ALIGN="left"><B>Methods inherited from class java.lang.<A HREF="http://java.sun.com/j2se/1.4/docs/api/java/lang/Object.html" title="class or interface in java.lang">Object</A></B></TH>
</TR>
<TR BGCOLOR="white" CLASS="TableRowColor">
<TD><CODE><A HREF="http://java.sun.com/j2se/1.4/docs/api/java/lang/Object.html#clone()" title="class or interface in java.lang">clone</A>, <A HREF="http://java.sun.com/j2se/1.4/docs/api/java/lang/Object.html#equals(java.lang.Object)" title="class or interface in java.lang">equals</A>, <A HREF="http://java.sun.com/j2se/1.4/docs/api/java/lang/Object.html#finalize()" title="class or interface in java.lang">finalize</A>, <A HREF="http://java.sun.com/j2se/1.4/docs/api/java/lang/Object.html#getClass()" title="class or interface in java.lang">getClass</A>, <A HREF="http://java.sun.com/j2se/1.4/docs/api/java/lang/Object.html#hashCode()" title="class or interface in java.lang">hashCode</A>, <A HREF="http://java.sun.com/j2se/1.4/docs/api/java/lang/Object.html#notify()" title="class or interface in java.lang">notify</A>, <A HREF="http://java.sun.com/j2se/1.4/docs/api/java/lang/Object.html#notifyAll()" title="class or interface in java.lang">notifyAll</A>, <A HREF="http://java.sun.com/j2se/1.4/docs/api/java/lang/Object.html#toString()" title="class or interface in java.lang">toString</A>, <A HREF="http://java.sun.com/j2se/1.4/docs/api/java/lang/Object.html#wait()" title="class or interface in java.lang">wait</A>, <A HREF="http://java.sun.com/j2se/1.4/docs/api/java/lang/Object.html#wait(long)" title="class or interface in java.lang">wait</A>, <A HREF="http://java.sun.com/j2se/1.4/docs/api/java/lang/Object.html#wait(long, int)" title="class or interface in java.lang">wait</A></CODE></TD>
</TR>
</TABLE>
&nbsp;
<P>

<!-- ========= CONSTRUCTOR DETAIL ======== -->

<A NAME="constructor_detail"><!-- --></A>
<TABLE BORDER="1" WIDTH="100%" CELLPADDING="3" CELLSPACING="0" SUMMARY="">
<TR BGCOLOR="#CCCCFF" CLASS="TableHeadingColor">
<TH ALIGN="left" COLSPAN="1"><FONT SIZE="+2">
<B>Constructor Detail</B></FONT></TH>
</TR>
</TABLE>

<A NAME="WaveRenderer()"><!-- --></A><H3>
WaveRenderer</H3>
<PRE>
public <B>WaveRenderer</B>()</PRE>
<DL>
<DD>Creates new wave audio renderer.
<P>
</DL>

<!-- ============ METHOD DETAIL ========== -->

<A NAME="method_detail"><!-- --></A>
<TABLE BORDER="1" WIDTH="100%" CELLPADDING="3" CELLSPACING="0" SUMMARY="">
<TR BGCOLOR="#CCCCFF" CLASS="TableHeadingColor">
<TH ALIGN="left" COLSPAN="1"><FONT SIZE="+2">
<B>Method Detail</B></FONT></TH>
</TR>
</TABLE>

<A NAME="isAvailable()"><!-- --></A><H3>
isAvailable</H3>
<PRE>
public boolean <B>isAvailable</B>()</PRE>
<DL>
<DD><B>Description copied from class: <CODE><A HREF="../../../../../com/golden/gamedev/engine/BaseAudioRenderer.html#isAvailable()">BaseAudioRenderer</A></CODE></B></DD>
<DD>Returns true, if this audio renderer is available to use or false if this
 renderer is not available to use (failed to initialized).
<P>
<DD><DL>
<DT><B>Specified by:</B><DD><CODE><A HREF="../../../../../com/golden/gamedev/engine/BaseAudioRenderer.html#isAvailable()">isAvailable</A></CODE> in class <CODE><A HREF="../../../../../com/golden/gamedev/engine/BaseAudioRenderer.html" title="class in com.golden.gamedev.engine">BaseAudioRenderer</A></CODE></DL>
</DD>
<DD><DL>
</DL>
</DD>
</DL>
<HR>

<A NAME="playSound(java.net.URL)"><!-- --></A><H3>
playSound</H3>
<PRE>
protected void <B>playSound</B>(<A HREF="http://java.sun.com/j2se/1.4/docs/api/java/net/URL.html" title="class or interface in java.net">URL</A>&nbsp;audiofile)</PRE>
<DL>
<DD><B>Description copied from class: <CODE><A HREF="../../../../../com/golden/gamedev/engine/BaseAudioRenderer.html#playSound(java.net.URL)">BaseAudioRenderer</A></CODE></B></DD>
<DD>Plays sound with specified audio file.
<P>
<DD><DL>
<DT><B>Specified by:</B><DD><CODE><A HREF="../../../../../com/golden/gamedev/engine/BaseAudioRenderer.html#playSound(java.net.URL)">playSound</A></CODE> in class <CODE><A HREF="../../../../../com/golden/gamedev/engine/BaseAudioRenderer.html" title="class in com.golden.gamedev.engine">BaseAudioRenderer</A></CODE></DL>
</DD>
<DD><DL>
</DL>
</DD>
</DL>
<HR>

<A NAME="replaySound(java.net.URL)"><!-- --></A><H3>
replaySound</H3>
<PRE>
protected void <B>replaySound</B>(<A HREF="http://java.sun.com/j2se/1.4/docs/api/java/net/URL.html" title="class or interface in java.net">URL</A>&nbsp;audiofile)</PRE>
<DL>
<DD><B>Description copied from class: <CODE><A HREF="../../../../../com/golden/gamedev/engine/BaseAudioRenderer.html#replaySound(java.net.URL)">BaseAudioRenderer</A></CODE></B></DD>
<DD>Replays last played sound.
<P>
<DD><DL>
<DT><B>Specified by:</B><DD><CODE><A HREF="../../../../../com/golden/gamedev/engine/BaseAudioRenderer.html#replaySound(java.net.URL)">replaySound</A></CODE> in class <CODE><A HREF="../../../../../com/golden/gamedev/engine/BaseAudioRenderer.html" title="class in com.golden.gamedev.engine">BaseAudioRenderer</A></CODE></DL>
</DD>
<DD><DL>
</DL>
</DD>
</DL>
<HR>

<A NAME="stopSound()"><!-- --></A><H3>
stopSound</H3>
<PRE>
protected void <B>stopSound</B>()</PRE>
<DL>
<DD><B>Description copied from class: <CODE><A HREF="../../../../../com/golden/gamedev/engine/BaseAudioRenderer.html#stopSound()">BaseAudioRenderer</A></CODE></B></DD>
<DD>Stops any playing sound.
<P>
<DD><DL>
<DT><B>Specified by:</B><DD><CODE><A HREF="../../../../../com/golden/gamedev/engine/BaseAudioRenderer.html#stopSound()">stopSound</A></CODE> in class <CODE><A HREF="../../../../../com/golden/gamedev/engine/BaseAudioRenderer.html" title="class in com.golden.gamedev.engine">BaseAudioRenderer</A></CODE></DL>
</DD>
<DD><DL>
</DL>
</DD>
</DL>
<HR>

<A NAME="update(javax.sound.sampled.LineEvent)"><!-- --></A><H3>
update</H3>
<PRE>
public void <B>update</B>(<A HREF="http://java.sun.com/j2se/1.4/docs/api/javax/sound/sampled/LineEvent.html" title="class or interface in javax.sound.sampled">LineEvent</A>&nbsp;e)</PRE>
<DL>
<DD>Notified when the sound is stopped externally.
<P>
<DD><DL>
<DT><B>Specified by:</B><DD><CODE><A HREF="http://java.sun.com/j2se/1.4/docs/api/javax/sound/sampled/LineListener.html#update(javax.sound.sampled.LineEvent)" title="class or interface in javax.sound.sampled">update</A></CODE> in interface <CODE><A HREF="http://java.sun.com/j2se/1.4/docs/api/javax/sound/sampled/LineListener.html" title="class or interface in javax.sound.sampled">LineListener</A></CODE></DL>
</DD>
<DD><DL>
</DL>
</DD>
</DL>
<HR>

<A NAME="setSoundVolume(float)"><!-- --></A><H3>
setSoundVolume</H3>
<PRE>
protected void <B>setSoundVolume</B>(float&nbsp;volume)</PRE>
<DL>
<DD><B>Description copied from class: <CODE><A HREF="../../../../../com/golden/gamedev/engine/BaseAudioRenderer.html#setSoundVolume(float)">BaseAudioRenderer</A></CODE></B></DD>
<DD>Sets audio sound volume.
<P>
<DD><DL>
<DT><B>Overrides:</B><DD><CODE><A HREF="../../../../../com/golden/gamedev/engine/BaseAudioRenderer.html#setSoundVolume(float)">setSoundVolume</A></CODE> in class <CODE><A HREF="../../../../../com/golden/gamedev/engine/BaseAudioRenderer.html" title="class in com.golden.gamedev.engine">BaseAudioRenderer</A></CODE></DL>
</DD>
<DD><DL>
</DL>
</DD>
</DL>
<HR>

<A NAME="isVolumeSupported()"><!-- --></A><H3>
isVolumeSupported</H3>
<PRE>
public boolean <B>isVolumeSupported</B>()</PRE>
<DL>
<DD><B>Description copied from class: <CODE><A HREF="../../../../../com/golden/gamedev/engine/BaseAudioRenderer.html#isVolumeSupported()">BaseAudioRenderer</A></CODE></B></DD>
<DD>Returns whether setting audio volume is supported or not.
<P>
<DD><DL>
<DT><B>Overrides:</B><DD><CODE><A HREF="../../../../../com/golden/gamedev/engine/BaseAudioRenderer.html#isVolumeSupported()">isVolumeSupported</A></CODE> in class <CODE><A HREF="../../../../../com/golden/gamedev/engine/BaseAudioRenderer.html" title="class in com.golden.gamedev.engine">BaseAudioRenderer</A></CODE></DL>
</DD>
<DD><DL>
</DL>
</DD>
</DL>
<!-- ========= END OF CLASS DATA ========= -->
<HR>


<!-- ======= START OF BOTTOM NAVBAR ====== -->
<A NAME="navbar_bottom"><!-- --></A>
<A HREF="#skip-navbar_bottom" title="Skip navigation links"></A>
<TABLE BORDER="0" WIDTH="100%" CELLPADDING="1" CELLSPACING="0" SUMMARY="">
<TR>
<TD COLSPAN=2 BGCOLOR="#EEEEFF" CLASS="NavBarCell1">
<A NAME="navbar_bottom_firstrow"><!-- --></A>
<TABLE BORDER="0" CELLPADDING="0" CELLSPACING="3" SUMMARY="">
  <TR ALIGN="center" VALIGN="top">
  <TD BGCOLOR="#EEEEFF" CLASS="NavBarCell1">    <A HREF="../../../../../overview-summary.html"><FONT CLASS="NavBarFont1"><B>Overview</B></FONT></A>&nbsp;</TD>
  <TD BGCOLOR="#EEEEFF" CLASS="NavBarCell1">    <A HREF="package-summary.html"><FONT CLASS="NavBarFont1"><B>Package</B></FONT></A>&nbsp;</TD>
  <TD BGCOLOR="#FFFFFF" CLASS="NavBarCell1Rev"> &nbsp;<FONT CLASS="NavBarFont1Rev"><B>Class</B></FONT>&nbsp;</TD>
  <TD BGCOLOR="#EEEEFF" CLASS="NavBarCell1">    <A HREF="class-use/WaveRenderer.html"><FONT CLASS="NavBarFont1"><B>Use</B></FONT></A>&nbsp;</TD>
  <TD BGCOLOR="#EEEEFF" CLASS="NavBarCell1">    <A HREF="package-tree.html"><FONT CLASS="NavBarFont1"><B>Tree</B></FONT></A>&nbsp;</TD>
  <TD BGCOLOR="#EEEEFF" CLASS="NavBarCell1">    <A HREF="../../../../../index-all.html"><FONT CLASS="NavBarFont1"><B>Index</B></FONT></A>&nbsp;</TD>
  <TD BGCOLOR="#EEEEFF" CLASS="NavBarCell1">    <A HREF="../../../../../help-doc.html"><FONT CLASS="NavBarFont1"><B>Help</B></FONT></A>&nbsp;</TD>
  </TR>
</TABLE>
</TD>
<TD ALIGN="right" VALIGN="top" ROWSPAN=3><EM>
<b>GTGE API</b></EM>
</TD>
</TR>

<TR>
<TD BGCOLOR="white" CLASS="NavBarCell2"><FONT SIZE="-2">
&nbsp;<A HREF="../../../../../com/golden/gamedev/engine/audio/MidiRenderer.html" title="class in com.golden.gamedev.engine.audio"><B>PREV CLASS</B></A>&nbsp;
&nbsp;NEXT CLASS</FONT></TD>
<TD BGCOLOR="white" CLASS="NavBarCell2"><FONT SIZE="-2">
  <A HREF="../../../../../index.html?com/golden/gamedev/engine/audio/WaveRenderer.html" target="_top"><B>FRAMES</B></A>  &nbsp;
&nbsp;<A HREF="WaveRenderer.html" target="_top"><B>NO FRAMES</B></A>  &nbsp;
&nbsp;<SCRIPT type="text/javascript">
  <!--
  if(window==top) {
    document.writeln('<A HREF="../../../../../allclasses-noframe.html"><B>All Classes</B></A>');
  }
  //-->
</SCRIPT>
<NOSCRIPT>
  <A HREF="../../../../../allclasses-noframe.html"><B>All Classes</B></A>
</NOSCRIPT>


</FONT></TD>
</TR>
<TR>
<TD VALIGN="top" CLASS="NavBarCell3"><FONT SIZE="-2">
  SUMMARY:&nbsp;NESTED&nbsp;|&nbsp;<A HREF="#fields_inherited_from_class_com.golden.gamedev.engine.BaseAudioRenderer">FIELD</A>&nbsp;|&nbsp;<A HREF="#constructor_summary">CONSTR</A>&nbsp;|&nbsp;<A HREF="#method_summary">METHOD</A></FONT></TD>
<TD VALIGN="top" CLASS="NavBarCell3"><FONT SIZE="-2">
DETAIL:&nbsp;FIELD&nbsp;|&nbsp;<A HREF="#constructor_detail">CONSTR</A>&nbsp;|&nbsp;<A HREF="#method_detail">METHOD</A></FONT></TD>
</TR>
</TABLE>
<A NAME="skip-navbar_bottom"></A>
<!-- ======== END OF BOTTOM NAVBAR ======= -->

<HR>
<i>Copyright &copy; 2003-2005 Golden T Studios. All rights reserved. Use is subject to <a href=http://creativecommons.org/licenses/by/2.0/>license terms<a/>.<br><a target=_blank href=http://www.goldenstudios.or.id/>GoldenStudios.or.id</a></i>
</BODY>
</HTML>
