<!DOCTYPE HTML PUBLIC "-//W3C//DTD HTML 4.0 Transitional//EN""http://www.w3.org/TR/REC-html40/loose.dtd">
<!--NewPage-->
<HTML>
<HEAD>
<!-- Generated by javadoc on Sun Jul 18 03:26:15 ICT 2004 -->
<TITLE>
com.golden.gamedev.gui Class Hierarchy
</TITLE>
<LINK REL ="stylesheet" TYPE="text/css" HREF="../../../../stylesheet.css" TITLE="Style">
</HEAD>
<SCRIPT>
function asd()
{
parent.document.title="com.golden.gamedev.gui Class Hierarchy";
}
</SCRIPT>
<BODY BGCOLOR="white" onload="asd();">

<!-- ========== START OF NAVBAR ========== -->
<A NAME="navbar_top"><!-- --></A>
<TABLE BORDER="0" WIDTH="100%" CELLPADDING="1" CELLSPACING="0">
<TR>
<TD COLSPAN=3 BGCOLOR="#EEEEFF" CLASS="NavBarCell1">
<A NAME="navbar_top_firstrow"><!-- --></A>
<TABLE BORDER="0" CELLPADDING="0" CELLSPACING="3">
  <TR ALIGN="center" VALIGN="top">
  <TD BGCOLOR="#EEEEFF" CLASS="NavBarCell1">    <A HREF="../../../../overview-summary.html"><FONT CLASS="NavBarFont1"><B>Overview</B></FONT></A>&nbsp;</TD>
  <TD BGCOLOR="#EEEEFF" CLASS="NavBarCell1">    <A HREF="package-summary.html"><FONT CLASS="NavBarFont1"><B>Package</B></FONT></A>&nbsp;</TD>
  <TD BGCOLOR="#EEEEFF" CLASS="NavBarCell1">    <FONT CLASS="NavBarFont1">Class</FONT>&nbsp;</TD>
  <TD BGCOLOR="#FFFFFF" CLASS="NavBarCell1Rev"> &nbsp;<FONT CLASS="NavBarFont1Rev"><B>Tree</B></FONT>&nbsp;</TD>
  <TD BGCOLOR="#EEEEFF" CLASS="NavBarCell1">    <A HREF="../../../../deprecated-list.html"><FONT CLASS="NavBarFont1"><B>Deprecated</B></FONT></A>&nbsp;</TD>
  <TD BGCOLOR="#EEEEFF" CLASS="NavBarCell1">    <A HREF="../../../../index-all.html"><FONT CLASS="NavBarFont1"><B>Index</B></FONT></A>&nbsp;</TD>
  <TD BGCOLOR="#EEEEFF" CLASS="NavBarCell1">    <A HREF="../../../../help-doc.html"><FONT CLASS="NavBarFont1"><B>Help</B></FONT></A>&nbsp;</TD>
  </TR>
</TABLE>
</TD>
<TD ALIGN="right" VALIGN="top" ROWSPAN=3><EM>
</EM>
</TD>
</TR>

<TR>
<TD BGCOLOR="white" CLASS="NavBarCell2"><FONT SIZE="-2">
&nbsp;PREV&nbsp;
&nbsp;<A HREF="../../../../com/golden/gamedev/gui/theme/basic/package-tree.html"><B>NEXT</B></A></FONT></TD>
<TD BGCOLOR="white" CLASS="NavBarCell2"><FONT SIZE="-2">
  <A HREF="../../../../index.html" TARGET="_top"><B>FRAMES</B></A>  &nbsp;
&nbsp;<A HREF="package-tree.html" TARGET="_top"><B>NO FRAMES</B></A>  &nbsp;
&nbsp;
<SCRIPT>
  <!--
  if(window==top) {
    document.writeln('<A HREF="../../../../allclasses-noframe.html" TARGET=""><B>All Classes</B></A>');
  }
  //-->
</SCRIPT>
<NOSCRIPT>
<A HREF="../../../../allclasses-noframe.html" TARGET=""><B>All Classes</B></A>
</NOSCRIPT>
</FONT></TD>
</TR>
</TABLE>
<!-- =========== END OF NAVBAR =========== -->

<HR>
<CENTER>
<H2>
Hierarchy For Package com.golden.gamedev.gui
</H2>
</CENTER>
<DL>
<DT><B>Package Hierarchies:</B><DD><A HREF="../../../../overview-tree.html">All Packages</A></DL>
<HR>
<H2>
Class Hierarchy
</H2>
<UL>
<LI TYPE="circle">class java.lang.<A HREF="http://java.sun.com/j2se/1.4/docs/api/java/lang/Object.html"><B>Object</B></A><UL>
<LI TYPE="circle">class com.golden.gamedev.gui.toolkit.<A HREF="../../../../com/golden/gamedev/gui/toolkit/TComponent.html"><B>TComponent</B></A><UL>
<LI TYPE="circle">class com.golden.gamedev.gui.<A HREF="../../../../com/golden/gamedev/gui/TButton.html"><B>TButton</B></A><UL>
<LI TYPE="circle">class com.golden.gamedev.gui.<A HREF="../../../../com/golden/gamedev/gui/TFloatPanel.TTitleBar.TTitleBarButton.html"><B>TFloatPanel.TTitleBar.TTitleBarButton</B></A></UL>
<LI TYPE="circle">class com.golden.gamedev.gui.toolkit.<A HREF="../../../../com/golden/gamedev/gui/toolkit/TContainer.html"><B>TContainer</B></A><UL>
<LI TYPE="circle">class com.golden.gamedev.gui.<A HREF="../../../../com/golden/gamedev/gui/TFloatPanel.html"><B>TFloatPanel</B></A><LI TYPE="circle">class com.golden.gamedev.gui.<A HREF="../../../../com/golden/gamedev/gui/TFloatPanel.TTitleBar.html"><B>TFloatPanel.TTitleBar</B></A><LI TYPE="circle">class com.golden.gamedev.gui.<A HREF="../../../../com/golden/gamedev/gui/TPane.html"><B>TPane</B></A><LI TYPE="circle">class com.golden.gamedev.gui.<A HREF="../../../../com/golden/gamedev/gui/TPanel.html"><B>TPanel</B></A></UL>
<LI TYPE="circle">class com.golden.gamedev.gui.<A HREF="../../../../com/golden/gamedev/gui/TLabel.html"><B>TLabel</B></A><LI TYPE="circle">class com.golden.gamedev.gui.<A HREF="../../../../com/golden/gamedev/gui/TTextField.html"><B>TTextField</B></A><UL>
<LI TYPE="circle">class com.golden.gamedev.gui.<A HREF="../../../../com/golden/gamedev/gui/TPasswordField.html"><B>TPasswordField</B></A></UL>
</UL>
</UL>
</UL>
<HR>

<!-- ========== START OF NAVBAR ========== -->
<A NAME="navbar_bottom"><!-- --></A>
<TABLE BORDER="0" WIDTH="100%" CELLPADDING="1" CELLSPACING="0">
<TR>
<TD COLSPAN=3 BGCOLOR="#EEEEFF" CLASS="NavBarCell1">
<A NAME="navbar_bottom_firstrow"><!-- --></A>
<TABLE BORDER="0" CELLPADDING="0" CELLSPACING="3">
  <TR ALIGN="center" VALIGN="top">
  <TD BGCOLOR="#EEEEFF" CLASS="NavBarCell1">    <A HREF="../../../../overview-summary.html"><FONT CLASS="NavBarFont1"><B>Overview</B></FONT></A>&nbsp;</TD>
  <TD BGCOLOR="#EEEEFF" CLASS="NavBarCell1">    <A HREF="package-summary.html"><FONT CLASS="NavBarFont1"><B>Package</B></FONT></A>&nbsp;</TD>
  <TD BGCOLOR="#EEEEFF" CLASS="NavBarCell1">    <FONT CLASS="NavBarFont1">Class</FONT>&nbsp;</TD>
  <TD BGCOLOR="#FFFFFF" CLASS="NavBarCell1Rev"> &nbsp;<FONT CLASS="NavBarFont1Rev"><B>Tree</B></FONT>&nbsp;</TD>
  <TD BGCOLOR="#EEEEFF" CLASS="NavBarCell1">    <A HREF="../../../../deprecated-list.html"><FONT CLASS="NavBarFont1"><B>Deprecated</B></FONT></A>&nbsp;</TD>
  <TD BGCOLOR="#EEEEFF" CLASS="NavBarCell1">    <A HREF="../../../../index-all.html"><FONT CLASS="NavBarFont1"><B>Index</B></FONT></A>&nbsp;</TD>
  <TD BGCOLOR="#EEEEFF" CLASS="NavBarCell1">    <A HREF="../../../../help-doc.html"><FONT CLASS="NavBarFont1"><B>Help</B></FONT></A>&nbsp;</TD>
  </TR>
</TABLE>
</TD>
<TD ALIGN="right" VALIGN="top" ROWSPAN=3><EM>
</EM>
</TD>
</TR>

<TR>
<TD BGCOLOR="white" CLASS="NavBarCell2"><FONT SIZE="-2">
&nbsp;PREV&nbsp;
&nbsp;<A HREF="../../../../com/golden/gamedev/gui/theme/basic/package-tree.html"><B>NEXT</B></A></FONT></TD>
<TD BGCOLOR="white" CLASS="NavBarCell2"><FONT SIZE="-2">
  <A HREF="../../../../index.html" TARGET="_top"><B>FRAMES</B></A>  &nbsp;
&nbsp;<A HREF="package-tree.html" TARGET="_top"><B>NO FRAMES</B></A>  &nbsp;
&nbsp;
<SCRIPT>
  <!--
  if(window==top) {
    document.writeln('<A HREF="../../../../allclasses-noframe.html" TARGET=""><B>All Classes</B></A>');
  }
  //-->
</SCRIPT>
<NOSCRIPT>
<A HREF="../../../../allclasses-noframe.html" TARGET=""><B>All Classes</B></A>
</NOSCRIPT>
</FONT></TD>
</TR>
</TABLE>
<!-- =========== END OF NAVBAR =========== -->

<HR>

</BODY>
</HTML>
