<!DOCTYPE HTML PUBLIC "-//W3C//DTD HTML 4.0 Transitional//EN""http://www.w3.org/TR/REC-html40/loose.dtd">
<!--NewPage-->
<HTML>
<HEAD>
<!-- Generated by javadoc on Sun Jul 18 03:26:16 ICT 2004 -->
<TITLE>
TFloatPanel
</TITLE>
<META NAME="keywords" CONTENT="com.golden.gamedev.gui.TFloatPanel,TFloatPanel class">
<LINK REL ="stylesheet" TYPE="text/css" HREF="../../../../stylesheet.css" TITLE="Style">
</HEAD>
<SCRIPT>
function asd()
{
parent.document.title="TFloatPanel";
}
</SCRIPT>
<BODY BGCOLOR="white" onload="asd();">

<!-- ========== START OF NAVBAR ========== -->
<A NAME="navbar_top"><!-- --></A>
<TABLE BORDER="0" WIDTH="100%" CELLPADDING="1" CELLSPACING="0">
<TR>
<TD COLSPAN=3 BGCOLOR="#EEEEFF" CLASS="NavBarCell1">
<A NAME="navbar_top_firstrow"><!-- --></A>
<TABLE BORDER="0" CELLPADDING="0" CELLSPACING="3">
  <TR ALIGN="center" VALIGN="top">
  <TD BGCOLOR="#EEEEFF" CLASS="NavBarCell1">    <A HREF="../../../../overview-summary.html"><FONT CLASS="NavBarFont1"><B>Overview</B></FONT></A>&nbsp;</TD>
  <TD BGCOLOR="#EEEEFF" CLASS="NavBarCell1">    <A HREF="package-summary.html"><FONT CLASS="NavBarFont1"><B>Package</B></FONT></A>&nbsp;</TD>
  <TD BGCOLOR="#FFFFFF" CLASS="NavBarCell1Rev"> &nbsp;<FONT CLASS="NavBarFont1Rev"><B>Class</B></FONT>&nbsp;</TD>
  <TD BGCOLOR="#EEEEFF" CLASS="NavBarCell1">    <A HREF="package-tree.html"><FONT CLASS="NavBarFont1"><B>Tree</B></FONT></A>&nbsp;</TD>
  <TD BGCOLOR="#EEEEFF" CLASS="NavBarCell1">    <A HREF="../../../../deprecated-list.html"><FONT CLASS="NavBarFont1"><B>Deprecated</B></FONT></A>&nbsp;</TD>
  <TD BGCOLOR="#EEEEFF" CLASS="NavBarCell1">    <A HREF="../../../../index-all.html"><FONT CLASS="NavBarFont1"><B>Index</B></FONT></A>&nbsp;</TD>
  <TD BGCOLOR="#EEEEFF" CLASS="NavBarCell1">    <A HREF="../../../../help-doc.html"><FONT CLASS="NavBarFont1"><B>Help</B></FONT></A>&nbsp;</TD>
  </TR>
</TABLE>
</TD>
<TD ALIGN="right" VALIGN="top" ROWSPAN=3><EM>
</EM>
</TD>
</TR>

<TR>
<TD BGCOLOR="white" CLASS="NavBarCell2"><FONT SIZE="-2">
&nbsp;<A HREF="../../../../com/golden/gamedev/gui/TButton.html"><B>PREV CLASS</B></A>&nbsp;
&nbsp;<A HREF="../../../../com/golden/gamedev/gui/TFloatPanel.TTitleBar.html"><B>NEXT CLASS</B></A></FONT></TD>
<TD BGCOLOR="white" CLASS="NavBarCell2"><FONT SIZE="-2">
  <A HREF="../../../../index.html" TARGET="_top"><B>FRAMES</B></A>  &nbsp;
&nbsp;<A HREF="TFloatPanel.html" TARGET="_top"><B>NO FRAMES</B></A>  &nbsp;
&nbsp;
<SCRIPT>
  <!--
  if(window==top) {
    document.writeln('<A HREF="../../../../allclasses-noframe.html" TARGET=""><B>All Classes</B></A>');
  }
  //-->
</SCRIPT>
<NOSCRIPT>
<A HREF="../../../../allclasses-noframe.html" TARGET=""><B>All Classes</B></A>
</NOSCRIPT>
</FONT></TD>
</TR>
<TR>
<TD VALIGN="top" CLASS="NavBarCell3"><FONT SIZE="-2">
  SUMMARY:&nbsp;<A HREF="#nested_class_summary">NESTED</A>&nbsp;|&nbsp;<A HREF="#fields_inherited_from_class_com.golden.gamedev.gui.toolkit.TComponent">FIELD</A>&nbsp;|&nbsp;<A HREF="#constructor_summary">CONSTR</A>&nbsp;|&nbsp;<A HREF="#method_summary">METHOD</A></FONT></TD>
<TD VALIGN="top" CLASS="NavBarCell3"><FONT SIZE="-2">
DETAIL:&nbsp;FIELD&nbsp;|&nbsp;<A HREF="#constructor_detail">CONSTR</A>&nbsp;|&nbsp;<A HREF="#method_detail">METHOD</A></FONT></TD>
</TR>
</TABLE>
<!-- =========== END OF NAVBAR =========== -->

<HR>
<!-- ======== START OF CLASS DATA ======== -->
<H2>
<FONT SIZE="-1">
com.golden.gamedev.gui</FONT>
<BR>
Class TFloatPanel</H2>
<PRE>
<A HREF="http://java.sun.com/j2se/1.4/docs/api/java/lang/Object.html">java.lang.Object</A>
  |
  +--<A HREF="../../../../com/golden/gamedev/gui/toolkit/TComponent.html">com.golden.gamedev.gui.toolkit.TComponent</A>
        |
        +--<A HREF="../../../../com/golden/gamedev/gui/toolkit/TContainer.html">com.golden.gamedev.gui.toolkit.TContainer</A>
              |
              +--<B>com.golden.gamedev.gui.TFloatPanel</B>
</PRE>
<HR>
<DL>
<DT>public class <B>TFloatPanel</B><DT>extends <A HREF="../../../../com/golden/gamedev/gui/toolkit/TContainer.html">TContainer</A></DL>

<P>
<HR>

<P>
<!-- ======== NESTED CLASS SUMMARY ======== -->

<A NAME="nested_class_summary"><!-- --></A>
<TABLE BORDER="1" CELLPADDING="3" CELLSPACING="0" WIDTH="100%">
<TR BGCOLOR="#CCCCFF" CLASS="TableHeadingColor">
<TD COLSPAN=2><FONT SIZE="+2">
<B>Nested Class Summary</B></FONT></TD>
</TR>
<TR BGCOLOR="white" CLASS="TableRowColor">
<TD ALIGN="right" VALIGN="top" WIDTH="1%"><FONT SIZE="-1">
<CODE>&nbsp;class</CODE></FONT></TD>
<TD><CODE><B><A HREF="../../../../com/golden/gamedev/gui/TFloatPanel.TTitleBar.html">TFloatPanel.TTitleBar</A></B></CODE>

<BR>
&nbsp;&nbsp;&nbsp;&nbsp;&nbsp;&nbsp;&nbsp;&nbsp;&nbsp;&nbsp;&nbsp;</TD>
</TR>
</TABLE>
&nbsp;
<!-- =========== FIELD SUMMARY =========== -->

<A NAME="field_summary"><!-- --></A>
<TABLE BORDER="1" CELLPADDING="3" CELLSPACING="0" WIDTH="100%">
<TR BGCOLOR="#CCCCFF" CLASS="TableHeadingColor">
<TD COLSPAN=2><FONT SIZE="+2">
<B>Field Summary</B></FONT></TD>
</TR>
</TABLE>
&nbsp;<A NAME="fields_inherited_from_class_com.golden.gamedev.gui.toolkit.TComponent"><!-- --></A>
<TABLE BORDER="1" CELLPADDING="3" CELLSPACING="0" WIDTH="100%">
<TR BGCOLOR="#EEEEFF" CLASS="TableSubHeadingColor">
<TD><B>Fields inherited from class com.golden.gamedev.gui.toolkit.<A HREF="../../../../com/golden/gamedev/gui/toolkit/TComponent.html">TComponent</A></B></TD>
</TR>
<TR BGCOLOR="white" CLASS="TableRowColor">
<TD><CODE><A HREF="../../../../com/golden/gamedev/gui/toolkit/TComponent.html#bsInput">bsInput</A>, <A HREF="../../../../com/golden/gamedev/gui/toolkit/TComponent.html#customRendering">customRendering</A>, <A HREF="../../../../com/golden/gamedev/gui/toolkit/TComponent.html#frame">frame</A>, <A HREF="../../../../com/golden/gamedev/gui/toolkit/TComponent.html#ui">ui</A>, <A HREF="../../../../com/golden/gamedev/gui/toolkit/TComponent.html#UIResource">UIResource</A></CODE></TD>
</TR>
</TABLE>
&nbsp;
<!-- ======== CONSTRUCTOR SUMMARY ======== -->

<A NAME="constructor_summary"><!-- --></A>
<TABLE BORDER="1" CELLPADDING="3" CELLSPACING="0" WIDTH="100%">
<TR BGCOLOR="#CCCCFF" CLASS="TableHeadingColor">
<TD COLSPAN=2><FONT SIZE="+2">
<B>Constructor Summary</B></FONT></TD>
</TR>
<TR BGCOLOR="white" CLASS="TableRowColor">
<TD><CODE><B><A HREF="../../../../com/golden/gamedev/gui/TFloatPanel.html#TFloatPanel(java.lang.String, boolean, boolean, int, int, int, int)">TFloatPanel</A></B>(<A HREF="http://java.sun.com/j2se/1.4/docs/api/java/lang/String.html">String</A>&nbsp;title,
            boolean&nbsp;closable,
            boolean&nbsp;iconifiable,
            int&nbsp;x,
            int&nbsp;y,
            int&nbsp;w,
            int&nbsp;h)</CODE>

<BR>
&nbsp;&nbsp;&nbsp;&nbsp;&nbsp;&nbsp;&nbsp;&nbsp;&nbsp;&nbsp;&nbsp;</TD>
</TR>
</TABLE>
&nbsp;
<!-- ========== METHOD SUMMARY =========== -->

<A NAME="method_summary"><!-- --></A>
<TABLE BORDER="1" CELLPADDING="3" CELLSPACING="0" WIDTH="100%">
<TR BGCOLOR="#CCCCFF" CLASS="TableHeadingColor">
<TD COLSPAN=2><FONT SIZE="+2">
<B>Method Summary</B></FONT></TD>
</TR>
<TR BGCOLOR="white" CLASS="TableRowColor">
<TD ALIGN="right" VALIGN="top" WIDTH="1%"><FONT SIZE="-1">
<CODE>&nbsp;void</CODE></FONT></TD>
<TD><CODE><B><A HREF="../../../../com/golden/gamedev/gui/TFloatPanel.html#add(com.golden.gamedev.gui.toolkit.TComponent)">add</A></B>(<A HREF="../../../../com/golden/gamedev/gui/toolkit/TComponent.html">TComponent</A>&nbsp;comp)</CODE>

<BR>
&nbsp;&nbsp;&nbsp;&nbsp;&nbsp;&nbsp;&nbsp;&nbsp;&nbsp;&nbsp;Appends the specified component to the end of this container.</TD>
</TR>
<TR BGCOLOR="white" CLASS="TableRowColor">
<TD ALIGN="right" VALIGN="top" WIDTH="1%"><FONT SIZE="-1">
<CODE>&nbsp;void</CODE></FONT></TD>
<TD><CODE><B><A HREF="../../../../com/golden/gamedev/gui/TFloatPanel.html#addAccessory(com.golden.gamedev.gui.toolkit.TComponent)">addAccessory</A></B>(<A HREF="../../../../com/golden/gamedev/gui/toolkit/TComponent.html">TComponent</A>&nbsp;comp)</CODE>

<BR>
&nbsp;&nbsp;&nbsp;&nbsp;&nbsp;&nbsp;&nbsp;&nbsp;&nbsp;&nbsp;&nbsp;</TD>
</TR>
<TR BGCOLOR="white" CLASS="TableRowColor">
<TD ALIGN="right" VALIGN="top" WIDTH="1%"><FONT SIZE="-1">
<CODE>&nbsp;<A HREF="../../../../com/golden/gamedev/gui/toolkit/TContainer.html">TContainer</A></CODE></FONT></TD>
<TD><CODE><B><A HREF="../../../../com/golden/gamedev/gui/TFloatPanel.html#getContentPane()">getContentPane</A></B>()</CODE>

<BR>
&nbsp;&nbsp;&nbsp;&nbsp;&nbsp;&nbsp;&nbsp;&nbsp;&nbsp;&nbsp;&nbsp;</TD>
</TR>
<TR BGCOLOR="white" CLASS="TableRowColor">
<TD ALIGN="right" VALIGN="top" WIDTH="1%"><FONT SIZE="-1">
<CODE>&nbsp;int</CODE></FONT></TD>
<TD><CODE><B><A HREF="../../../../com/golden/gamedev/gui/TFloatPanel.html#getPaneDistance()">getPaneDistance</A></B>()</CODE>

<BR>
&nbsp;&nbsp;&nbsp;&nbsp;&nbsp;&nbsp;&nbsp;&nbsp;&nbsp;&nbsp;&nbsp;</TD>
</TR>
<TR BGCOLOR="white" CLASS="TableRowColor">
<TD ALIGN="right" VALIGN="top" WIDTH="1%"><FONT SIZE="-1">
<CODE>&nbsp;<A HREF="http://java.sun.com/j2se/1.4/docs/api/java/lang/String.html">String</A></CODE></FONT></TD>
<TD><CODE><B><A HREF="../../../../com/golden/gamedev/gui/TFloatPanel.html#getTitle()">getTitle</A></B>()</CODE>

<BR>
&nbsp;&nbsp;&nbsp;&nbsp;&nbsp;&nbsp;&nbsp;&nbsp;&nbsp;&nbsp;&nbsp;</TD>
</TR>
<TR BGCOLOR="white" CLASS="TableRowColor">
<TD ALIGN="right" VALIGN="top" WIDTH="1%"><FONT SIZE="-1">
<CODE>&nbsp;<A HREF="../../../../com/golden/gamedev/gui/TFloatPanel.TTitleBar.html">TFloatPanel.TTitleBar</A></CODE></FONT></TD>
<TD><CODE><B><A HREF="../../../../com/golden/gamedev/gui/TFloatPanel.html#getTitleBar()">getTitleBar</A></B>()</CODE>

<BR>
&nbsp;&nbsp;&nbsp;&nbsp;&nbsp;&nbsp;&nbsp;&nbsp;&nbsp;&nbsp;&nbsp;</TD>
</TR>
<TR BGCOLOR="white" CLASS="TableRowColor">
<TD ALIGN="right" VALIGN="top" WIDTH="1%"><FONT SIZE="-1">
<CODE>&nbsp;boolean</CODE></FONT></TD>
<TD><CODE><B><A HREF="../../../../com/golden/gamedev/gui/TFloatPanel.html#isIcon()">isIcon</A></B>()</CODE>

<BR>
&nbsp;&nbsp;&nbsp;&nbsp;&nbsp;&nbsp;&nbsp;&nbsp;&nbsp;&nbsp;&nbsp;</TD>
</TR>
<TR BGCOLOR="white" CLASS="TableRowColor">
<TD ALIGN="right" VALIGN="top" WIDTH="1%"><FONT SIZE="-1">
<CODE>&nbsp;void</CODE></FONT></TD>
<TD><CODE><B><A HREF="../../../../com/golden/gamedev/gui/TFloatPanel.html#relayout()">relayout</A></B>()</CODE>

<BR>
&nbsp;&nbsp;&nbsp;&nbsp;&nbsp;&nbsp;&nbsp;&nbsp;&nbsp;&nbsp;&nbsp;</TD>
</TR>
<TR BGCOLOR="white" CLASS="TableRowColor">
<TD ALIGN="right" VALIGN="top" WIDTH="1%"><FONT SIZE="-1">
<CODE>&nbsp;void</CODE></FONT></TD>
<TD><CODE><B><A HREF="../../../../com/golden/gamedev/gui/TFloatPanel.html#setContentPane(com.golden.gamedev.gui.toolkit.TContainer)">setContentPane</A></B>(<A HREF="../../../../com/golden/gamedev/gui/toolkit/TContainer.html">TContainer</A>&nbsp;container)</CODE>

<BR>
&nbsp;&nbsp;&nbsp;&nbsp;&nbsp;&nbsp;&nbsp;&nbsp;&nbsp;&nbsp;&nbsp;</TD>
</TR>
<TR BGCOLOR="white" CLASS="TableRowColor">
<TD ALIGN="right" VALIGN="top" WIDTH="1%"><FONT SIZE="-1">
<CODE>&nbsp;void</CODE></FONT></TD>
<TD><CODE><B><A HREF="../../../../com/golden/gamedev/gui/TFloatPanel.html#setIcon(boolean)">setIcon</A></B>(boolean&nbsp;b)</CODE>

<BR>
&nbsp;&nbsp;&nbsp;&nbsp;&nbsp;&nbsp;&nbsp;&nbsp;&nbsp;&nbsp;Iconifies or de-iconifies this float panel.</TD>
</TR>
<TR BGCOLOR="white" CLASS="TableRowColor">
<TD ALIGN="right" VALIGN="top" WIDTH="1%"><FONT SIZE="-1">
<CODE>&nbsp;void</CODE></FONT></TD>
<TD><CODE><B><A HREF="../../../../com/golden/gamedev/gui/TFloatPanel.html#setPaneDistance(int)">setPaneDistance</A></B>(int&nbsp;i)</CODE>

<BR>
&nbsp;&nbsp;&nbsp;&nbsp;&nbsp;&nbsp;&nbsp;&nbsp;&nbsp;&nbsp;&nbsp;</TD>
</TR>
<TR BGCOLOR="white" CLASS="TableRowColor">
<TD ALIGN="right" VALIGN="top" WIDTH="1%"><FONT SIZE="-1">
<CODE>&nbsp;void</CODE></FONT></TD>
<TD><CODE><B><A HREF="../../../../com/golden/gamedev/gui/TFloatPanel.html#setTitle(java.lang.String)">setTitle</A></B>(<A HREF="http://java.sun.com/j2se/1.4/docs/api/java/lang/String.html">String</A>&nbsp;title)</CODE>

<BR>
&nbsp;&nbsp;&nbsp;&nbsp;&nbsp;&nbsp;&nbsp;&nbsp;&nbsp;&nbsp;&nbsp;</TD>
</TR>
<TR BGCOLOR="white" CLASS="TableRowColor">
<TD ALIGN="right" VALIGN="top" WIDTH="1%"><FONT SIZE="-1">
<CODE>&nbsp;void</CODE></FONT></TD>
<TD><CODE><B><A HREF="../../../../com/golden/gamedev/gui/TFloatPanel.html#setTitleBar(com.golden.gamedev.gui.TFloatPanel.TTitleBar)">setTitleBar</A></B>(<A HREF="../../../../com/golden/gamedev/gui/TFloatPanel.TTitleBar.html">TFloatPanel.TTitleBar</A>&nbsp;bar)</CODE>

<BR>
&nbsp;&nbsp;&nbsp;&nbsp;&nbsp;&nbsp;&nbsp;&nbsp;&nbsp;&nbsp;&nbsp;</TD>
</TR>
<TR BGCOLOR="white" CLASS="TableRowColor">
<TD ALIGN="right" VALIGN="top" WIDTH="1%"><FONT SIZE="-1">
<CODE>&nbsp;<A HREF="http://java.sun.com/j2se/1.4/docs/api/java/lang/String.html">String</A></CODE></FONT></TD>
<TD><CODE><B><A HREF="../../../../com/golden/gamedev/gui/TFloatPanel.html#UIName()">UIName</A></B>()</CODE>

<BR>
&nbsp;&nbsp;&nbsp;&nbsp;&nbsp;&nbsp;&nbsp;&nbsp;&nbsp;&nbsp;Component UI Name,
 UI Factory used this name to poll this component UI Renderer.
 This Component UI Name is <b>FloatPanel</b>.</TD>
</TR>
<TR BGCOLOR="white" CLASS="TableRowColor">
<TD ALIGN="right" VALIGN="top" WIDTH="1%"><FONT SIZE="-1">
<CODE>protected &nbsp;void</CODE></FONT></TD>
<TD><CODE><B><A HREF="../../../../com/golden/gamedev/gui/TFloatPanel.html#validateSize()">validateSize</A></B>()</CODE>

<BR>
&nbsp;&nbsp;&nbsp;&nbsp;&nbsp;&nbsp;&nbsp;&nbsp;&nbsp;&nbsp;&nbsp;</TD>
</TR>
</TABLE>
&nbsp;<A NAME="methods_inherited_from_class_com.golden.gamedev.gui.toolkit.TContainer"><!-- --></A>
<TABLE BORDER="1" CELLPADDING="3" CELLSPACING="0" WIDTH="100%">
<TR BGCOLOR="#EEEEFF" CLASS="TableSubHeadingColor">
<TD><B>Methods inherited from class com.golden.gamedev.gui.toolkit.<A HREF="../../../../com/golden/gamedev/gui/toolkit/TContainer.html">TContainer</A></B></TD>
</TR>
<TR BGCOLOR="white" CLASS="TableRowColor">
<TD><CODE><A HREF="../../../../com/golden/gamedev/gui/toolkit/TContainer.html#add(com.golden.gamedev.gui.toolkit.TComponent, int)">add</A>, <A HREF="../../../../com/golden/gamedev/gui/toolkit/TContainer.html#clear()">clear</A>, <A HREF="../../../../com/golden/gamedev/gui/toolkit/TContainer.html#findComponent(int, int)">findComponent</A>, <A HREF="../../../../com/golden/gamedev/gui/toolkit/TContainer.html#get()">get</A>, <A HREF="../../../../com/golden/gamedev/gui/toolkit/TContainer.html#getComparator()">getComparator</A>, <A HREF="../../../../com/golden/gamedev/gui/toolkit/TContainer.html#getComponentCount()">getComponentCount</A>, <A HREF="../../../../com/golden/gamedev/gui/toolkit/TContainer.html#getComponents()">getComponents</A>, <A HREF="../../../../com/golden/gamedev/gui/toolkit/TContainer.html#isContainer()">isContainer</A>, <A HREF="../../../../com/golden/gamedev/gui/toolkit/TContainer.html#isElastic()">isElastic</A>, <A HREF="../../../../com/golden/gamedev/gui/toolkit/TContainer.html#isSelected()">isSelected</A>, <A HREF="../../../../com/golden/gamedev/gui/toolkit/TContainer.html#remove(int)">remove</A>, <A HREF="../../../../com/golden/gamedev/gui/toolkit/TContainer.html#remove(com.golden.gamedev.gui.toolkit.TComponent)">remove</A>, <A HREF="../../../../com/golden/gamedev/gui/toolkit/TContainer.html#render(java.awt.Graphics2D)">render</A>, <A HREF="../../../../com/golden/gamedev/gui/toolkit/TContainer.html#renderComponents(java.awt.Graphics2D)">renderComponents</A>, <A HREF="../../../../com/golden/gamedev/gui/toolkit/TContainer.html#replace(com.golden.gamedev.gui.toolkit.TComponent, com.golden.gamedev.gui.toolkit.TComponent)">replace</A>, <A HREF="../../../../com/golden/gamedev/gui/toolkit/TContainer.html#sendToBack(com.golden.gamedev.gui.toolkit.TComponent)">sendToBack</A>, <A HREF="../../../../com/golden/gamedev/gui/toolkit/TContainer.html#sendToFront(com.golden.gamedev.gui.toolkit.TComponent)">sendToFront</A>, <A HREF="../../../../com/golden/gamedev/gui/toolkit/TContainer.html#setComparator(java.util.Comparator)">setComparator</A>, <A HREF="../../../../com/golden/gamedev/gui/toolkit/TContainer.html#setElastic(boolean)">setElastic</A>, <A HREF="../../../../com/golden/gamedev/gui/toolkit/TContainer.html#sortComponents()">sortComponents</A>, <A HREF="../../../../com/golden/gamedev/gui/toolkit/TContainer.html#transferFocus(com.golden.gamedev.gui.toolkit.TComponent)">transferFocus</A>, <A HREF="../../../../com/golden/gamedev/gui/toolkit/TContainer.html#transferFocusBackward(com.golden.gamedev.gui.toolkit.TComponent)">transferFocusBackward</A>, <A HREF="../../../../com/golden/gamedev/gui/toolkit/TContainer.html#update()">update</A>, <A HREF="../../../../com/golden/gamedev/gui/toolkit/TContainer.html#validatePosition()">validatePosition</A></CODE></TD>
</TR>
</TABLE>
&nbsp;<A NAME="methods_inherited_from_class_com.golden.gamedev.gui.toolkit.TComponent"><!-- --></A>
<TABLE BORDER="1" CELLPADDING="3" CELLSPACING="0" WIDTH="100%">
<TR BGCOLOR="#EEEEFF" CLASS="TableSubHeadingColor">
<TD><B>Methods inherited from class com.golden.gamedev.gui.toolkit.<A HREF="../../../../com/golden/gamedev/gui/toolkit/TComponent.html">TComponent</A></B></TD>
</TR>
<TR BGCOLOR="white" CLASS="TableRowColor">
<TD><CODE><A HREF="../../../../com/golden/gamedev/gui/toolkit/TComponent.html#checkFocusKey()">checkFocusKey</A>, <A HREF="../../../../com/golden/gamedev/gui/toolkit/TComponent.html#createCustomUI(int, int)">createCustomUI</A>, <A HREF="../../../../com/golden/gamedev/gui/toolkit/TComponent.html#createRenderedUI(int, int)">createRenderedUI</A>, <A HREF="../../../../com/golden/gamedev/gui/toolkit/TComponent.html#createUI()">createUI</A>, <A HREF="../../../../com/golden/gamedev/gui/toolkit/TComponent.html#dispose()">dispose</A>, <A HREF="../../../../com/golden/gamedev/gui/toolkit/TComponent.html#finalize()">finalize</A>, <A HREF="../../../../com/golden/gamedev/gui/toolkit/TComponent.html#getContainer()">getContainer</A>, <A HREF="../../../../com/golden/gamedev/gui/toolkit/TComponent.html#getExternalUI()">getExternalUI</A>, <A HREF="../../../../com/golden/gamedev/gui/toolkit/TComponent.html#getHeight()">getHeight</A>, <A HREF="../../../../com/golden/gamedev/gui/toolkit/TComponent.html#getLayer()">getLayer</A>, <A HREF="../../../../com/golden/gamedev/gui/toolkit/TComponent.html#getScreenX()">getScreenX</A>, <A HREF="../../../../com/golden/gamedev/gui/toolkit/TComponent.html#getScreenY()">getScreenY</A>, <A HREF="../../../../com/golden/gamedev/gui/toolkit/TComponent.html#getToolTipParent()">getToolTipParent</A>, <A HREF="../../../../com/golden/gamedev/gui/toolkit/TComponent.html#getToolTipText()">getToolTipText</A>, <A HREF="../../../../com/golden/gamedev/gui/toolkit/TComponent.html#getUIRenderer()">getUIRenderer</A>, <A HREF="../../../../com/golden/gamedev/gui/toolkit/TComponent.html#getWidth()">getWidth</A>, <A HREF="../../../../com/golden/gamedev/gui/toolkit/TComponent.html#getX()">getX</A>, <A HREF="../../../../com/golden/gamedev/gui/toolkit/TComponent.html#getY()">getY</A>, <A HREF="../../../../com/golden/gamedev/gui/toolkit/TComponent.html#intersects(int, int)">intersects</A>, <A HREF="../../../../com/golden/gamedev/gui/toolkit/TComponent.html#intersects(com.golden.gamedev.gui.toolkit.TComponent)">intersects</A>, <A HREF="../../../../com/golden/gamedev/gui/toolkit/TComponent.html#isEnabled()">isEnabled</A>, <A HREF="../../../../com/golden/gamedev/gui/toolkit/TComponent.html#isFocusable()">isFocusable</A>, <A HREF="../../../../com/golden/gamedev/gui/toolkit/TComponent.html#isVisible()">isVisible</A>, <A HREF="../../../../com/golden/gamedev/gui/toolkit/TComponent.html#move(int, int)">move</A>, <A HREF="../../../../com/golden/gamedev/gui/toolkit/TComponent.html#printUIResource()">printUIResource</A>, <A HREF="../../../../com/golden/gamedev/gui/toolkit/TComponent.html#processCustomUI()">processCustomUI</A>, <A HREF="../../../../com/golden/gamedev/gui/toolkit/TComponent.html#processExternalUI()">processExternalUI</A>, <A HREF="../../../../com/golden/gamedev/gui/toolkit/TComponent.html#processKeyPressed()">processKeyPressed</A>, <A HREF="../../../../com/golden/gamedev/gui/toolkit/TComponent.html#processKeyReleased()">processKeyReleased</A>, <A HREF="../../../../com/golden/gamedev/gui/toolkit/TComponent.html#processMouseClicked()">processMouseClicked</A>, <A HREF="../../../../com/golden/gamedev/gui/toolkit/TComponent.html#processMouseDragged()">processMouseDragged</A>, <A HREF="../../../../com/golden/gamedev/gui/toolkit/TComponent.html#processMouseEntered()">processMouseEntered</A>, <A HREF="../../../../com/golden/gamedev/gui/toolkit/TComponent.html#processMouseExited()">processMouseExited</A>, <A HREF="../../../../com/golden/gamedev/gui/toolkit/TComponent.html#processMouseMoved()">processMouseMoved</A>, <A HREF="../../../../com/golden/gamedev/gui/toolkit/TComponent.html#processMousePressed()">processMousePressed</A>, <A HREF="../../../../com/golden/gamedev/gui/toolkit/TComponent.html#processMouseReleased()">processMouseReleased</A>, <A HREF="../../../../com/golden/gamedev/gui/toolkit/TComponent.html#processRenderedUI()">processRenderedUI</A>, <A HREF="../../../../com/golden/gamedev/gui/toolkit/TComponent.html#renderCustomUI(java.awt.Graphics2D, int, int, int, int)">renderCustomUI</A>, <A HREF="../../../../com/golden/gamedev/gui/toolkit/TComponent.html#requestFocus()">requestFocus</A>, <A HREF="../../../../com/golden/gamedev/gui/toolkit/TComponent.html#setBounds(int, int, int, int)">setBounds</A>, <A HREF="../../../../com/golden/gamedev/gui/toolkit/TComponent.html#setEnabled(boolean)">setEnabled</A>, <A HREF="../../../../com/golden/gamedev/gui/toolkit/TComponent.html#setExternalUI(java.awt.image.BufferedImage[], boolean)">setExternalUI</A>, <A HREF="../../../../com/golden/gamedev/gui/toolkit/TComponent.html#setFocusable(boolean)">setFocusable</A>, <A HREF="../../../../com/golden/gamedev/gui/toolkit/TComponent.html#setLayer(int)">setLayer</A>, <A HREF="../../../../com/golden/gamedev/gui/toolkit/TComponent.html#setLocation(int, int)">setLocation</A>, <A HREF="../../../../com/golden/gamedev/gui/toolkit/TComponent.html#setSize(int, int)">setSize</A>, <A HREF="../../../../com/golden/gamedev/gui/toolkit/TComponent.html#setToolTipParent(com.golden.gamedev.gui.toolkit.TComponent)">setToolTipParent</A>, <A HREF="../../../../com/golden/gamedev/gui/toolkit/TComponent.html#setToolTipText(java.lang.String)">setToolTipText</A>, <A HREF="../../../../com/golden/gamedev/gui/toolkit/TComponent.html#setUIRenderer(com.golden.gamedev.gui.toolkit.UIRenderer)">setUIRenderer</A>, <A HREF="../../../../com/golden/gamedev/gui/toolkit/TComponent.html#setVisible(boolean)">setVisible</A>, <A HREF="../../../../com/golden/gamedev/gui/toolkit/TComponent.html#toString()">toString</A>, <A HREF="../../../../com/golden/gamedev/gui/toolkit/TComponent.html#transferFocus()">transferFocus</A>, <A HREF="../../../../com/golden/gamedev/gui/toolkit/TComponent.html#transferFocusBackward()">transferFocusBackward</A>, <A HREF="../../../../com/golden/gamedev/gui/toolkit/TComponent.html#UIResource()">UIResource</A>, <A HREF="../../../../com/golden/gamedev/gui/toolkit/TComponent.html#validateUI()">validateUI</A></CODE></TD>
</TR>
</TABLE>
&nbsp;<A NAME="methods_inherited_from_class_java.lang.Object"><!-- --></A>
<TABLE BORDER="1" CELLPADDING="3" CELLSPACING="0" WIDTH="100%">
<TR BGCOLOR="#EEEEFF" CLASS="TableSubHeadingColor">
<TD><B>Methods inherited from class java.lang.<A HREF="http://java.sun.com/j2se/1.4/docs/api/java/lang/Object.html">Object</A></B></TD>
</TR>
<TR BGCOLOR="white" CLASS="TableRowColor">
<TD><CODE><A HREF="http://java.sun.com/j2se/1.4/docs/api/java/lang/Object.html#clone()">clone</A>, <A HREF="http://java.sun.com/j2se/1.4/docs/api/java/lang/Object.html#equals(java.lang.Object)">equals</A>, <A HREF="http://java.sun.com/j2se/1.4/docs/api/java/lang/Object.html#getClass()">getClass</A>, <A HREF="http://java.sun.com/j2se/1.4/docs/api/java/lang/Object.html#hashCode()">hashCode</A>, <A HREF="http://java.sun.com/j2se/1.4/docs/api/java/lang/Object.html#notify()">notify</A>, <A HREF="http://java.sun.com/j2se/1.4/docs/api/java/lang/Object.html#notifyAll()">notifyAll</A>, <A HREF="http://java.sun.com/j2se/1.4/docs/api/java/lang/Object.html#wait()">wait</A>, <A HREF="http://java.sun.com/j2se/1.4/docs/api/java/lang/Object.html#wait(long)">wait</A>, <A HREF="http://java.sun.com/j2se/1.4/docs/api/java/lang/Object.html#wait(long, int)">wait</A></CODE></TD>
</TR>
</TABLE>
&nbsp;
<P>

<!-- ============ FIELD DETAIL =========== -->


<!-- ========= CONSTRUCTOR DETAIL ======== -->

<A NAME="constructor_detail"><!-- --></A>
<TABLE BORDER="1" CELLPADDING="3" CELLSPACING="0" WIDTH="100%">
<TR BGCOLOR="#CCCCFF" CLASS="TableHeadingColor">
<TD COLSPAN=1><FONT SIZE="+2">
<B>Constructor Detail</B></FONT></TD>
</TR>
</TABLE>

<A NAME="TFloatPanel(java.lang.String, boolean, boolean, int, int, int, int)"><!-- --></A><H3>
TFloatPanel</H3>
<PRE>
public <B>TFloatPanel</B>(<A HREF="http://java.sun.com/j2se/1.4/docs/api/java/lang/String.html">String</A>&nbsp;title,
                   boolean&nbsp;closable,
                   boolean&nbsp;iconifiable,
                   int&nbsp;x,
                   int&nbsp;y,
                   int&nbsp;w,
                   int&nbsp;h)</PRE>
<DL>
</DL>

<!-- ============ METHOD DETAIL ========== -->

<A NAME="method_detail"><!-- --></A>
<TABLE BORDER="1" CELLPADDING="3" CELLSPACING="0" WIDTH="100%">
<TR BGCOLOR="#CCCCFF" CLASS="TableHeadingColor">
<TD COLSPAN=1><FONT SIZE="+2">
<B>Method Detail</B></FONT></TD>
</TR>
</TABLE>

<A NAME="add(com.golden.gamedev.gui.toolkit.TComponent)"><!-- --></A><H3>
add</H3>
<PRE>
public void <B>add</B>(<A HREF="../../../../com/golden/gamedev/gui/toolkit/TComponent.html">TComponent</A>&nbsp;comp)</PRE>
<DL>
<DD><B>Description copied from class: <CODE><A HREF="../../../../com/golden/gamedev/gui/toolkit/TContainer.html">TContainer</A></CODE></B></DD>
<DD>Appends the specified component to the end of this container.
<P>
<DD><DL>
<DT><B>Overrides:</B><DD><CODE><A HREF="../../../../com/golden/gamedev/gui/toolkit/TContainer.html#add(com.golden.gamedev.gui.toolkit.TComponent)">add</A></CODE> in class <CODE><A HREF="../../../../com/golden/gamedev/gui/toolkit/TContainer.html">TContainer</A></CODE></DL>
</DD>
<DD><DL>
</DL>
</DD>
</DL>
<HR>

<A NAME="addAccessory(com.golden.gamedev.gui.toolkit.TComponent)"><!-- --></A><H3>
addAccessory</H3>
<PRE>
public void <B>addAccessory</B>(<A HREF="../../../../com/golden/gamedev/gui/toolkit/TComponent.html">TComponent</A>&nbsp;comp)</PRE>
<DL>
<DD><DL>
</DL>
</DD>
</DL>
<HR>

<A NAME="getTitle()"><!-- --></A><H3>
getTitle</H3>
<PRE>
public <A HREF="http://java.sun.com/j2se/1.4/docs/api/java/lang/String.html">String</A> <B>getTitle</B>()</PRE>
<DL>
<DD><DL>
</DL>
</DD>
</DL>
<HR>

<A NAME="setTitle(java.lang.String)"><!-- --></A><H3>
setTitle</H3>
<PRE>
public void <B>setTitle</B>(<A HREF="http://java.sun.com/j2se/1.4/docs/api/java/lang/String.html">String</A>&nbsp;title)</PRE>
<DL>
<DD><DL>
</DL>
</DD>
</DL>
<HR>

<A NAME="relayout()"><!-- --></A><H3>
relayout</H3>
<PRE>
public void <B>relayout</B>()</PRE>
<DL>
<DD><DL>
</DL>
</DD>
</DL>
<HR>

<A NAME="validateSize()"><!-- --></A><H3>
validateSize</H3>
<PRE>
protected void <B>validateSize</B>()</PRE>
<DL>
<DD><DL>
<DT><B>Overrides:</B><DD><CODE><A HREF="../../../../com/golden/gamedev/gui/toolkit/TContainer.html#validateSize()">validateSize</A></CODE> in class <CODE><A HREF="../../../../com/golden/gamedev/gui/toolkit/TContainer.html">TContainer</A></CODE></DL>
</DD>
<DD><DL>
</DL>
</DD>
</DL>
<HR>

<A NAME="isIcon()"><!-- --></A><H3>
isIcon</H3>
<PRE>
public boolean <B>isIcon</B>()</PRE>
<DL>
<DD><DL>
</DL>
</DD>
</DL>
<HR>

<A NAME="setIcon(boolean)"><!-- --></A><H3>
setIcon</H3>
<PRE>
public void <B>setIcon</B>(boolean&nbsp;b)</PRE>
<DL>
<DD>Iconifies or de-iconifies this float panel.
<P>
<DD><DL>
</DL>
</DD>
</DL>
<HR>

<A NAME="getPaneDistance()"><!-- --></A><H3>
getPaneDistance</H3>
<PRE>
public int <B>getPaneDistance</B>()</PRE>
<DL>
<DD><DL>
</DL>
</DD>
</DL>
<HR>

<A NAME="setPaneDistance(int)"><!-- --></A><H3>
setPaneDistance</H3>
<PRE>
public void <B>setPaneDistance</B>(int&nbsp;i)</PRE>
<DL>
<DD><DL>
</DL>
</DD>
</DL>
<HR>

<A NAME="getTitleBar()"><!-- --></A><H3>
getTitleBar</H3>
<PRE>
public <A HREF="../../../../com/golden/gamedev/gui/TFloatPanel.TTitleBar.html">TFloatPanel.TTitleBar</A> <B>getTitleBar</B>()</PRE>
<DL>
<DD><DL>
</DL>
</DD>
</DL>
<HR>

<A NAME="setTitleBar(com.golden.gamedev.gui.TFloatPanel.TTitleBar)"><!-- --></A><H3>
setTitleBar</H3>
<PRE>
public void <B>setTitleBar</B>(<A HREF="../../../../com/golden/gamedev/gui/TFloatPanel.TTitleBar.html">TFloatPanel.TTitleBar</A>&nbsp;bar)</PRE>
<DL>
<DD><DL>
</DL>
</DD>
</DL>
<HR>

<A NAME="getContentPane()"><!-- --></A><H3>
getContentPane</H3>
<PRE>
public <A HREF="../../../../com/golden/gamedev/gui/toolkit/TContainer.html">TContainer</A> <B>getContentPane</B>()</PRE>
<DL>
<DD><DL>
</DL>
</DD>
</DL>
<HR>

<A NAME="setContentPane(com.golden.gamedev.gui.toolkit.TContainer)"><!-- --></A><H3>
setContentPane</H3>
<PRE>
public void <B>setContentPane</B>(<A HREF="../../../../com/golden/gamedev/gui/toolkit/TContainer.html">TContainer</A>&nbsp;container)</PRE>
<DL>
<DD><DL>
</DL>
</DD>
</DL>
<HR>

<A NAME="UIName()"><!-- --></A><H3>
UIName</H3>
<PRE>
public <A HREF="http://java.sun.com/j2se/1.4/docs/api/java/lang/String.html">String</A> <B>UIName</B>()</PRE>
<DL>
<DD>Component UI Name,
 UI Factory used this name to poll this component UI Renderer.
 This Component UI Name is <b>FloatPanel</b>.
<P>
<DD><DL>
<DT><B>Specified by:</B><DD><CODE><A HREF="../../../../com/golden/gamedev/gui/toolkit/TComponent.html#UIName()">UIName</A></CODE> in class <CODE><A HREF="../../../../com/golden/gamedev/gui/toolkit/TComponent.html">TComponent</A></CODE></DL>
</DD>
<DD><DL>

<DT><B>Returns:</B><DD>Component UI Name</DL>
</DD>
</DL>
<!-- ========= END OF CLASS DATA ========= -->
<HR>

<!-- ========== START OF NAVBAR ========== -->
<A NAME="navbar_bottom"><!-- --></A>
<TABLE BORDER="0" WIDTH="100%" CELLPADDING="1" CELLSPACING="0">
<TR>
<TD COLSPAN=3 BGCOLOR="#EEEEFF" CLASS="NavBarCell1">
<A NAME="navbar_bottom_firstrow"><!-- --></A>
<TABLE BORDER="0" CELLPADDING="0" CELLSPACING="3">
  <TR ALIGN="center" VALIGN="top">
  <TD BGCOLOR="#EEEEFF" CLASS="NavBarCell1">    <A HREF="../../../../overview-summary.html"><FONT CLASS="NavBarFont1"><B>Overview</B></FONT></A>&nbsp;</TD>
  <TD BGCOLOR="#EEEEFF" CLASS="NavBarCell1">    <A HREF="package-summary.html"><FONT CLASS="NavBarFont1"><B>Package</B></FONT></A>&nbsp;</TD>
  <TD BGCOLOR="#FFFFFF" CLASS="NavBarCell1Rev"> &nbsp;<FONT CLASS="NavBarFont1Rev"><B>Class</B></FONT>&nbsp;</TD>
  <TD BGCOLOR="#EEEEFF" CLASS="NavBarCell1">    <A HREF="package-tree.html"><FONT CLASS="NavBarFont1"><B>Tree</B></FONT></A>&nbsp;</TD>
  <TD BGCOLOR="#EEEEFF" CLASS="NavBarCell1">    <A HREF="../../../../deprecated-list.html"><FONT CLASS="NavBarFont1"><B>Deprecated</B></FONT></A>&nbsp;</TD>
  <TD BGCOLOR="#EEEEFF" CLASS="NavBarCell1">    <A HREF="../../../../index-all.html"><FONT CLASS="NavBarFont1"><B>Index</B></FONT></A>&nbsp;</TD>
  <TD BGCOLOR="#EEEEFF" CLASS="NavBarCell1">    <A HREF="../../../../help-doc.html"><FONT CLASS="NavBarFont1"><B>Help</B></FONT></A>&nbsp;</TD>
  </TR>
</TABLE>
</TD>
<TD ALIGN="right" VALIGN="top" ROWSPAN=3><EM>
</EM>
</TD>
</TR>

<TR>
<TD BGCOLOR="white" CLASS="NavBarCell2"><FONT SIZE="-2">
&nbsp;<A HREF="../../../../com/golden/gamedev/gui/TButton.html"><B>PREV CLASS</B></A>&nbsp;
&nbsp;<A HREF="../../../../com/golden/gamedev/gui/TFloatPanel.TTitleBar.html"><B>NEXT CLASS</B></A></FONT></TD>
<TD BGCOLOR="white" CLASS="NavBarCell2"><FONT SIZE="-2">
  <A HREF="../../../../index.html" TARGET="_top"><B>FRAMES</B></A>  &nbsp;
&nbsp;<A HREF="TFloatPanel.html" TARGET="_top"><B>NO FRAMES</B></A>  &nbsp;
&nbsp;
<SCRIPT>
  <!--
  if(window==top) {
    document.writeln('<A HREF="../../../../allclasses-noframe.html" TARGET=""><B>All Classes</B></A>');
  }
  //-->
</SCRIPT>
<NOSCRIPT>
<A HREF="../../../../allclasses-noframe.html" TARGET=""><B>All Classes</B></A>
</NOSCRIPT>
</FONT></TD>
</TR>
<TR>
<TD VALIGN="top" CLASS="NavBarCell3"><FONT SIZE="-2">
  SUMMARY:&nbsp;<A HREF="#nested_class_summary">NESTED</A>&nbsp;|&nbsp;<A HREF="#fields_inherited_from_class_com.golden.gamedev.gui.toolkit.TComponent">FIELD</A>&nbsp;|&nbsp;<A HREF="#constructor_summary">CONSTR</A>&nbsp;|&nbsp;<A HREF="#method_summary">METHOD</A></FONT></TD>
<TD VALIGN="top" CLASS="NavBarCell3"><FONT SIZE="-2">
DETAIL:&nbsp;FIELD&nbsp;|&nbsp;<A HREF="#constructor_detail">CONSTR</A>&nbsp;|&nbsp;<A HREF="#method_detail">METHOD</A></FONT></TD>
</TR>
</TABLE>
<!-- =========== END OF NAVBAR =========== -->

<HR>

</BODY>
</HTML>
