<!DOCTYPE HTML PUBLIC "-//W3C//DTD HTML 4.0 Transitional//EN""http://www.w3.org/TR/REC-html40/loose.dtd">
<!--NewPage-->
<HTML>
<HEAD>
<!-- Generated by javadoc on Sun Jul 18 03:26:16 ICT 2004 -->
<TITLE>
TTextField
</TITLE>
<META NAME="keywords" CONTENT="com.golden.gamedev.gui.TTextField,TTextField class">
<LINK REL ="stylesheet" TYPE="text/css" HREF="../../../../stylesheet.css" TITLE="Style">
</HEAD>
<SCRIPT>
function asd()
{
parent.document.title="TTextField";
}
</SCRIPT>
<BODY BGCOLOR="white" onload="asd();">

<!-- ========== START OF NAVBAR ========== -->
<A NAME="navbar_top"><!-- --></A>
<TABLE BORDER="0" WIDTH="100%" CELLPADDING="1" CELLSPACING="0">
<TR>
<TD COLSPAN=3 BGCOLOR="#EEEEFF" CLASS="NavBarCell1">
<A NAME="navbar_top_firstrow"><!-- --></A>
<TABLE BORDER="0" CELLPADDING="0" CELLSPACING="3">
  <TR ALIGN="center" VALIGN="top">
  <TD BGCOLOR="#EEEEFF" CLASS="NavBarCell1">    <A HREF="../../../../overview-summary.html"><FONT CLASS="NavBarFont1"><B>Overview</B></FONT></A>&nbsp;</TD>
  <TD BGCOLOR="#EEEEFF" CLASS="NavBarCell1">    <A HREF="package-summary.html"><FONT CLASS="NavBarFont1"><B>Package</B></FONT></A>&nbsp;</TD>
  <TD BGCOLOR="#FFFFFF" CLASS="NavBarCell1Rev"> &nbsp;<FONT CLASS="NavBarFont1Rev"><B>Class</B></FONT>&nbsp;</TD>
  <TD BGCOLOR="#EEEEFF" CLASS="NavBarCell1">    <A HREF="package-tree.html"><FONT CLASS="NavBarFont1"><B>Tree</B></FONT></A>&nbsp;</TD>
  <TD BGCOLOR="#EEEEFF" CLASS="NavBarCell1">    <A HREF="../../../../deprecated-list.html"><FONT CLASS="NavBarFont1"><B>Deprecated</B></FONT></A>&nbsp;</TD>
  <TD BGCOLOR="#EEEEFF" CLASS="NavBarCell1">    <A HREF="../../../../index-all.html"><FONT CLASS="NavBarFont1"><B>Index</B></FONT></A>&nbsp;</TD>
  <TD BGCOLOR="#EEEEFF" CLASS="NavBarCell1">    <A HREF="../../../../help-doc.html"><FONT CLASS="NavBarFont1"><B>Help</B></FONT></A>&nbsp;</TD>
  </TR>
</TABLE>
</TD>
<TD ALIGN="right" VALIGN="top" ROWSPAN=3><EM>
</EM>
</TD>
</TR>

<TR>
<TD BGCOLOR="white" CLASS="NavBarCell2"><FONT SIZE="-2">
&nbsp;<A HREF="../../../../com/golden/gamedev/gui/TPasswordField.html"><B>PREV CLASS</B></A>&nbsp;
&nbsp;NEXT CLASS</FONT></TD>
<TD BGCOLOR="white" CLASS="NavBarCell2"><FONT SIZE="-2">
  <A HREF="../../../../index.html" TARGET="_top"><B>FRAMES</B></A>  &nbsp;
&nbsp;<A HREF="TTextField.html" TARGET="_top"><B>NO FRAMES</B></A>  &nbsp;
&nbsp;
<SCRIPT>
  <!--
  if(window==top) {
    document.writeln('<A HREF="../../../../allclasses-noframe.html" TARGET=""><B>All Classes</B></A>');
  }
  //-->
</SCRIPT>
<NOSCRIPT>
<A HREF="../../../../allclasses-noframe.html" TARGET=""><B>All Classes</B></A>
</NOSCRIPT>
</FONT></TD>
</TR>
<TR>
<TD VALIGN="top" CLASS="NavBarCell3"><FONT SIZE="-2">
  SUMMARY:&nbsp;NESTED&nbsp;|&nbsp;<A HREF="#field_summary">FIELD</A>&nbsp;|&nbsp;<A HREF="#constructor_summary">CONSTR</A>&nbsp;|&nbsp;<A HREF="#method_summary">METHOD</A></FONT></TD>
<TD VALIGN="top" CLASS="NavBarCell3"><FONT SIZE="-2">
DETAIL:&nbsp;<A HREF="#field_detail">FIELD</A>&nbsp;|&nbsp;<A HREF="#constructor_detail">CONSTR</A>&nbsp;|&nbsp;<A HREF="#method_detail">METHOD</A></FONT></TD>
</TR>
</TABLE>
<!-- =========== END OF NAVBAR =========== -->

<HR>
<!-- ======== START OF CLASS DATA ======== -->
<H2>
<FONT SIZE="-1">
com.golden.gamedev.gui</FONT>
<BR>
Class TTextField</H2>
<PRE>
<A HREF="http://java.sun.com/j2se/1.4/docs/api/java/lang/Object.html">java.lang.Object</A>
  |
  +--<A HREF="../../../../com/golden/gamedev/gui/toolkit/TComponent.html">com.golden.gamedev.gui.toolkit.TComponent</A>
        |
        +--<B>com.golden.gamedev.gui.TTextField</B>
</PRE>
<DL>
<DT><B>Direct Known Subclasses:</B> <DD><A HREF="../../../../com/golden/gamedev/gui/TPasswordField.html">TPasswordField</A></DD>
</DL>
<HR>
<DL>
<DT>public class <B>TTextField</B><DT>extends <A HREF="../../../../com/golden/gamedev/gui/toolkit/TComponent.html">TComponent</A></DL>

<P>
<HR>

<P>
<!-- ======== NESTED CLASS SUMMARY ======== -->


<!-- =========== FIELD SUMMARY =========== -->

<A NAME="field_summary"><!-- --></A>
<TABLE BORDER="1" CELLPADDING="3" CELLSPACING="0" WIDTH="100%">
<TR BGCOLOR="#CCCCFF" CLASS="TableHeadingColor">
<TD COLSPAN=2><FONT SIZE="+2">
<B>Field Summary</B></FONT></TD>
</TR>
<TR BGCOLOR="white" CLASS="TableRowColor">
<TD ALIGN="right" VALIGN="top" WIDTH="1%"><FONT SIZE="-1">
<CODE>protected &nbsp;int</CODE></FONT></TD>
<TD><CODE><B><A HREF="../../../../com/golden/gamedev/gui/TTextField.html#visiblePosition">visiblePosition</A></B></CODE>

<BR>
&nbsp;&nbsp;&nbsp;&nbsp;&nbsp;&nbsp;&nbsp;&nbsp;&nbsp;&nbsp;&nbsp;</TD>
</TR>
</TABLE>
&nbsp;<A NAME="fields_inherited_from_class_com.golden.gamedev.gui.toolkit.TComponent"><!-- --></A>
<TABLE BORDER="1" CELLPADDING="3" CELLSPACING="0" WIDTH="100%">
<TR BGCOLOR="#EEEEFF" CLASS="TableSubHeadingColor">
<TD><B>Fields inherited from class com.golden.gamedev.gui.toolkit.<A HREF="../../../../com/golden/gamedev/gui/toolkit/TComponent.html">TComponent</A></B></TD>
</TR>
<TR BGCOLOR="white" CLASS="TableRowColor">
<TD><CODE><A HREF="../../../../com/golden/gamedev/gui/toolkit/TComponent.html#bsInput">bsInput</A>, <A HREF="../../../../com/golden/gamedev/gui/toolkit/TComponent.html#customRendering">customRendering</A>, <A HREF="../../../../com/golden/gamedev/gui/toolkit/TComponent.html#frame">frame</A>, <A HREF="../../../../com/golden/gamedev/gui/toolkit/TComponent.html#ui">ui</A>, <A HREF="../../../../com/golden/gamedev/gui/toolkit/TComponent.html#UIResource">UIResource</A></CODE></TD>
</TR>
</TABLE>
&nbsp;
<!-- ======== CONSTRUCTOR SUMMARY ======== -->

<A NAME="constructor_summary"><!-- --></A>
<TABLE BORDER="1" CELLPADDING="3" CELLSPACING="0" WIDTH="100%">
<TR BGCOLOR="#CCCCFF" CLASS="TableHeadingColor">
<TD COLSPAN=2><FONT SIZE="+2">
<B>Constructor Summary</B></FONT></TD>
</TR>
<TR BGCOLOR="white" CLASS="TableRowColor">
<TD><CODE><B><A HREF="../../../../com/golden/gamedev/gui/TTextField.html#TTextField(java.lang.String, int, int, int, int)">TTextField</A></B>(<A HREF="http://java.sun.com/j2se/1.4/docs/api/java/lang/String.html">String</A>&nbsp;text,
           int&nbsp;x,
           int&nbsp;y,
           int&nbsp;w,
           int&nbsp;h)</CODE>

<BR>
&nbsp;&nbsp;&nbsp;&nbsp;&nbsp;&nbsp;&nbsp;&nbsp;&nbsp;&nbsp;&nbsp;</TD>
</TR>
</TABLE>
&nbsp;
<!-- ========== METHOD SUMMARY =========== -->

<A NAME="method_summary"><!-- --></A>
<TABLE BORDER="1" CELLPADDING="3" CELLSPACING="0" WIDTH="100%">
<TR BGCOLOR="#CCCCFF" CLASS="TableHeadingColor">
<TD COLSPAN=2><FONT SIZE="+2">
<B>Method Summary</B></FONT></TD>
</TR>
<TR BGCOLOR="white" CLASS="TableRowColor">
<TD ALIGN="right" VALIGN="top" WIDTH="1%"><FONT SIZE="-1">
<CODE>protected &nbsp;void</CODE></FONT></TD>
<TD><CODE><B><A HREF="../../../../com/golden/gamedev/gui/TTextField.html#createTextUI()">createTextUI</A></B>()</CODE>

<BR>
&nbsp;&nbsp;&nbsp;&nbsp;&nbsp;&nbsp;&nbsp;&nbsp;&nbsp;&nbsp;&nbsp;</TD>
</TR>
<TR BGCOLOR="white" CLASS="TableRowColor">
<TD ALIGN="right" VALIGN="top" WIDTH="1%"><FONT SIZE="-1">
<CODE>&nbsp;void</CODE></FONT></TD>
<TD><CODE><B><A HREF="../../../../com/golden/gamedev/gui/TTextField.html#delete(int)">delete</A></B>(int&nbsp;index)</CODE>

<BR>
&nbsp;&nbsp;&nbsp;&nbsp;&nbsp;&nbsp;&nbsp;&nbsp;&nbsp;&nbsp;&nbsp;</TD>
</TR>
<TR BGCOLOR="white" CLASS="TableRowColor">
<TD ALIGN="right" VALIGN="top" WIDTH="1%"><FONT SIZE="-1">
<CODE>&nbsp;void</CODE></FONT></TD>
<TD><CODE><B><A HREF="../../../../com/golden/gamedev/gui/TTextField.html#doAction()">doAction</A></B>()</CODE>

<BR>
&nbsp;&nbsp;&nbsp;&nbsp;&nbsp;&nbsp;&nbsp;&nbsp;&nbsp;&nbsp;Do the action as the user pressed enter when editing this textfield.</TD>
</TR>
<TR BGCOLOR="white" CLASS="TableRowColor">
<TD ALIGN="right" VALIGN="top" WIDTH="1%"><FONT SIZE="-1">
<CODE>&nbsp;int</CODE></FONT></TD>
<TD><CODE><B><A HREF="../../../../com/golden/gamedev/gui/TTextField.html#getCaretPosition()">getCaretPosition</A></B>()</CODE>

<BR>
&nbsp;&nbsp;&nbsp;&nbsp;&nbsp;&nbsp;&nbsp;&nbsp;&nbsp;&nbsp;&nbsp;</TD>
</TR>
<TR BGCOLOR="white" CLASS="TableRowColor">
<TD ALIGN="right" VALIGN="top" WIDTH="1%"><FONT SIZE="-1">
<CODE>&nbsp;com.golden.gamedev.object.GameFont</CODE></FONT></TD>
<TD><CODE><B><A HREF="../../../../com/golden/gamedev/gui/TTextField.html#getFont()">getFont</A></B>()</CODE>

<BR>
&nbsp;&nbsp;&nbsp;&nbsp;&nbsp;&nbsp;&nbsp;&nbsp;&nbsp;&nbsp;&nbsp;</TD>
</TR>
<TR BGCOLOR="white" CLASS="TableRowColor">
<TD ALIGN="right" VALIGN="top" WIDTH="1%"><FONT SIZE="-1">
<CODE>&nbsp;int</CODE></FONT></TD>
<TD><CODE><B><A HREF="../../../../com/golden/gamedev/gui/TTextField.html#getMaxLength()">getMaxLength</A></B>()</CODE>

<BR>
&nbsp;&nbsp;&nbsp;&nbsp;&nbsp;&nbsp;&nbsp;&nbsp;&nbsp;&nbsp;&nbsp;</TD>
</TR>
<TR BGCOLOR="white" CLASS="TableRowColor">
<TD ALIGN="right" VALIGN="top" WIDTH="1%"><FONT SIZE="-1">
<CODE>&nbsp;<A HREF="http://java.sun.com/j2se/1.4/docs/api/java/lang/String.html">String</A></CODE></FONT></TD>
<TD><CODE><B><A HREF="../../../../com/golden/gamedev/gui/TTextField.html#getText()">getText</A></B>()</CODE>

<BR>
&nbsp;&nbsp;&nbsp;&nbsp;&nbsp;&nbsp;&nbsp;&nbsp;&nbsp;&nbsp;&nbsp;</TD>
</TR>
<TR BGCOLOR="white" CLASS="TableRowColor">
<TD ALIGN="right" VALIGN="top" WIDTH="1%"><FONT SIZE="-1">
<CODE>&nbsp;boolean</CODE></FONT></TD>
<TD><CODE><B><A HREF="../../../../com/golden/gamedev/gui/TTextField.html#insertString(int, java.lang.String)">insertString</A></B>(int&nbsp;offset,
             <A HREF="http://java.sun.com/j2se/1.4/docs/api/java/lang/String.html">String</A>&nbsp;st)</CODE>

<BR>
&nbsp;&nbsp;&nbsp;&nbsp;&nbsp;&nbsp;&nbsp;&nbsp;&nbsp;&nbsp;&nbsp;</TD>
</TR>
<TR BGCOLOR="white" CLASS="TableRowColor">
<TD ALIGN="right" VALIGN="top" WIDTH="1%"><FONT SIZE="-1">
<CODE>&nbsp;boolean</CODE></FONT></TD>
<TD><CODE><B><A HREF="../../../../com/golden/gamedev/gui/TTextField.html#isEditable()">isEditable</A></B>()</CODE>

<BR>
&nbsp;&nbsp;&nbsp;&nbsp;&nbsp;&nbsp;&nbsp;&nbsp;&nbsp;&nbsp;&nbsp;</TD>
</TR>
<TR BGCOLOR="white" CLASS="TableRowColor">
<TD ALIGN="right" VALIGN="top" WIDTH="1%"><FONT SIZE="-1">
<CODE>&nbsp;void</CODE></FONT></TD>
<TD><CODE><B><A HREF="../../../../com/golden/gamedev/gui/TTextField.html#moveCaretPosition(int)">moveCaretPosition</A></B>(int&nbsp;i)</CODE>

<BR>
&nbsp;&nbsp;&nbsp;&nbsp;&nbsp;&nbsp;&nbsp;&nbsp;&nbsp;&nbsp;&nbsp;</TD>
</TR>
<TR BGCOLOR="white" CLASS="TableRowColor">
<TD ALIGN="right" VALIGN="top" WIDTH="1%"><FONT SIZE="-1">
<CODE>protected &nbsp;void</CODE></FONT></TD>
<TD><CODE><B><A HREF="../../../../com/golden/gamedev/gui/TTextField.html#processKeyPressed()">processKeyPressed</A></B>()</CODE>

<BR>
&nbsp;&nbsp;&nbsp;&nbsp;&nbsp;&nbsp;&nbsp;&nbsp;&nbsp;&nbsp;&nbsp;</TD>
</TR>
<TR BGCOLOR="white" CLASS="TableRowColor">
<TD ALIGN="right" VALIGN="top" WIDTH="1%"><FONT SIZE="-1">
<CODE>&nbsp;void</CODE></FONT></TD>
<TD><CODE><B><A HREF="../../../../com/golden/gamedev/gui/TTextField.html#render(java.awt.Graphics2D)">render</A></B>(<A HREF="http://java.sun.com/j2se/1.4/docs/api/java/awt/Graphics2D.html">Graphics2D</A>&nbsp;g)</CODE>

<BR>
&nbsp;&nbsp;&nbsp;&nbsp;&nbsp;&nbsp;&nbsp;&nbsp;&nbsp;&nbsp;Renders component to specified graphics context.</TD>
</TR>
<TR BGCOLOR="white" CLASS="TableRowColor">
<TD ALIGN="right" VALIGN="top" WIDTH="1%"><FONT SIZE="-1">
<CODE>protected &nbsp;void</CODE></FONT></TD>
<TD><CODE><B><A HREF="../../../../com/golden/gamedev/gui/TTextField.html#renderText(java.awt.Graphics2D, int, int, int, int)">renderText</A></B>(<A HREF="http://java.sun.com/j2se/1.4/docs/api/java/awt/Graphics2D.html">Graphics2D</A>&nbsp;g,
           int&nbsp;x,
           int&nbsp;y,
           int&nbsp;w,
           int&nbsp;h)</CODE>

<BR>
&nbsp;&nbsp;&nbsp;&nbsp;&nbsp;&nbsp;&nbsp;&nbsp;&nbsp;&nbsp;&nbsp;</TD>
</TR>
<TR BGCOLOR="white" CLASS="TableRowColor">
<TD ALIGN="right" VALIGN="top" WIDTH="1%"><FONT SIZE="-1">
<CODE>&nbsp;void</CODE></FONT></TD>
<TD><CODE><B><A HREF="../../../../com/golden/gamedev/gui/TTextField.html#setCaretPosition(int)">setCaretPosition</A></B>(int&nbsp;i)</CODE>

<BR>
&nbsp;&nbsp;&nbsp;&nbsp;&nbsp;&nbsp;&nbsp;&nbsp;&nbsp;&nbsp;&nbsp;</TD>
</TR>
<TR BGCOLOR="white" CLASS="TableRowColor">
<TD ALIGN="right" VALIGN="top" WIDTH="1%"><FONT SIZE="-1">
<CODE>&nbsp;void</CODE></FONT></TD>
<TD><CODE><B><A HREF="../../../../com/golden/gamedev/gui/TTextField.html#setEditable(boolean)">setEditable</A></B>(boolean&nbsp;b)</CODE>

<BR>
&nbsp;&nbsp;&nbsp;&nbsp;&nbsp;&nbsp;&nbsp;&nbsp;&nbsp;&nbsp;&nbsp;</TD>
</TR>
<TR BGCOLOR="white" CLASS="TableRowColor">
<TD ALIGN="right" VALIGN="top" WIDTH="1%"><FONT SIZE="-1">
<CODE>&nbsp;void</CODE></FONT></TD>
<TD><CODE><B><A HREF="../../../../com/golden/gamedev/gui/TTextField.html#setEnabled(boolean)">setEnabled</A></B>(boolean&nbsp;b)</CODE>

<BR>
&nbsp;&nbsp;&nbsp;&nbsp;&nbsp;&nbsp;&nbsp;&nbsp;&nbsp;&nbsp;Enables or disables this component.</TD>
</TR>
<TR BGCOLOR="white" CLASS="TableRowColor">
<TD ALIGN="right" VALIGN="top" WIDTH="1%"><FONT SIZE="-1">
<CODE>&nbsp;void</CODE></FONT></TD>
<TD><CODE><B><A HREF="../../../../com/golden/gamedev/gui/TTextField.html#setFont(com.golden.gamedev.object.GameFont)">setFont</A></B>(com.golden.gamedev.object.GameFont&nbsp;f)</CODE>

<BR>
&nbsp;&nbsp;&nbsp;&nbsp;&nbsp;&nbsp;&nbsp;&nbsp;&nbsp;&nbsp;&nbsp;</TD>
</TR>
<TR BGCOLOR="white" CLASS="TableRowColor">
<TD ALIGN="right" VALIGN="top" WIDTH="1%"><FONT SIZE="-1">
<CODE>&nbsp;void</CODE></FONT></TD>
<TD><CODE><B><A HREF="../../../../com/golden/gamedev/gui/TTextField.html#setMaxLength(int)">setMaxLength</A></B>(int&nbsp;i)</CODE>

<BR>
&nbsp;&nbsp;&nbsp;&nbsp;&nbsp;&nbsp;&nbsp;&nbsp;&nbsp;&nbsp;&nbsp;</TD>
</TR>
<TR BGCOLOR="white" CLASS="TableRowColor">
<TD ALIGN="right" VALIGN="top" WIDTH="1%"><FONT SIZE="-1">
<CODE>&nbsp;void</CODE></FONT></TD>
<TD><CODE><B><A HREF="../../../../com/golden/gamedev/gui/TTextField.html#setText(java.lang.String)">setText</A></B>(<A HREF="http://java.sun.com/j2se/1.4/docs/api/java/lang/String.html">String</A>&nbsp;st)</CODE>

<BR>
&nbsp;&nbsp;&nbsp;&nbsp;&nbsp;&nbsp;&nbsp;&nbsp;&nbsp;&nbsp;&nbsp;</TD>
</TR>
<TR BGCOLOR="white" CLASS="TableRowColor">
<TD ALIGN="right" VALIGN="top" WIDTH="1%"><FONT SIZE="-1">
<CODE>&nbsp;<A HREF="http://java.sun.com/j2se/1.4/docs/api/java/lang/String.html">String</A></CODE></FONT></TD>
<TD><CODE><B><A HREF="../../../../com/golden/gamedev/gui/TTextField.html#UIName()">UIName</A></B>()</CODE>

<BR>
&nbsp;&nbsp;&nbsp;&nbsp;&nbsp;&nbsp;&nbsp;&nbsp;&nbsp;&nbsp;This Component UI Name is <b>TextField</b>.</TD>
</TR>
<TR BGCOLOR="white" CLASS="TableRowColor">
<TD ALIGN="right" VALIGN="top" WIDTH="1%"><FONT SIZE="-1">
<CODE>&nbsp;void</CODE></FONT></TD>
<TD><CODE><B><A HREF="../../../../com/golden/gamedev/gui/TTextField.html#update()">update</A></B>()</CODE>

<BR>
&nbsp;&nbsp;&nbsp;&nbsp;&nbsp;&nbsp;&nbsp;&nbsp;&nbsp;&nbsp;Updates component state.</TD>
</TR>
</TABLE>
&nbsp;<A NAME="methods_inherited_from_class_com.golden.gamedev.gui.toolkit.TComponent"><!-- --></A>
<TABLE BORDER="1" CELLPADDING="3" CELLSPACING="0" WIDTH="100%">
<TR BGCOLOR="#EEEEFF" CLASS="TableSubHeadingColor">
<TD><B>Methods inherited from class com.golden.gamedev.gui.toolkit.<A HREF="../../../../com/golden/gamedev/gui/toolkit/TComponent.html">TComponent</A></B></TD>
</TR>
<TR BGCOLOR="white" CLASS="TableRowColor">
<TD><CODE><A HREF="../../../../com/golden/gamedev/gui/toolkit/TComponent.html#checkFocusKey()">checkFocusKey</A>, <A HREF="../../../../com/golden/gamedev/gui/toolkit/TComponent.html#createCustomUI(int, int)">createCustomUI</A>, <A HREF="../../../../com/golden/gamedev/gui/toolkit/TComponent.html#createRenderedUI(int, int)">createRenderedUI</A>, <A HREF="../../../../com/golden/gamedev/gui/toolkit/TComponent.html#createUI()">createUI</A>, <A HREF="../../../../com/golden/gamedev/gui/toolkit/TComponent.html#dispose()">dispose</A>, <A HREF="../../../../com/golden/gamedev/gui/toolkit/TComponent.html#finalize()">finalize</A>, <A HREF="../../../../com/golden/gamedev/gui/toolkit/TComponent.html#getContainer()">getContainer</A>, <A HREF="../../../../com/golden/gamedev/gui/toolkit/TComponent.html#getExternalUI()">getExternalUI</A>, <A HREF="../../../../com/golden/gamedev/gui/toolkit/TComponent.html#getHeight()">getHeight</A>, <A HREF="../../../../com/golden/gamedev/gui/toolkit/TComponent.html#getLayer()">getLayer</A>, <A HREF="../../../../com/golden/gamedev/gui/toolkit/TComponent.html#getScreenX()">getScreenX</A>, <A HREF="../../../../com/golden/gamedev/gui/toolkit/TComponent.html#getScreenY()">getScreenY</A>, <A HREF="../../../../com/golden/gamedev/gui/toolkit/TComponent.html#getToolTipParent()">getToolTipParent</A>, <A HREF="../../../../com/golden/gamedev/gui/toolkit/TComponent.html#getToolTipText()">getToolTipText</A>, <A HREF="../../../../com/golden/gamedev/gui/toolkit/TComponent.html#getUIRenderer()">getUIRenderer</A>, <A HREF="../../../../com/golden/gamedev/gui/toolkit/TComponent.html#getWidth()">getWidth</A>, <A HREF="../../../../com/golden/gamedev/gui/toolkit/TComponent.html#getX()">getX</A>, <A HREF="../../../../com/golden/gamedev/gui/toolkit/TComponent.html#getY()">getY</A>, <A HREF="../../../../com/golden/gamedev/gui/toolkit/TComponent.html#intersects(int, int)">intersects</A>, <A HREF="../../../../com/golden/gamedev/gui/toolkit/TComponent.html#intersects(com.golden.gamedev.gui.toolkit.TComponent)">intersects</A>, <A HREF="../../../../com/golden/gamedev/gui/toolkit/TComponent.html#isContainer()">isContainer</A>, <A HREF="../../../../com/golden/gamedev/gui/toolkit/TComponent.html#isEnabled()">isEnabled</A>, <A HREF="../../../../com/golden/gamedev/gui/toolkit/TComponent.html#isFocusable()">isFocusable</A>, <A HREF="../../../../com/golden/gamedev/gui/toolkit/TComponent.html#isSelected()">isSelected</A>, <A HREF="../../../../com/golden/gamedev/gui/toolkit/TComponent.html#isVisible()">isVisible</A>, <A HREF="../../../../com/golden/gamedev/gui/toolkit/TComponent.html#move(int, int)">move</A>, <A HREF="../../../../com/golden/gamedev/gui/toolkit/TComponent.html#printUIResource()">printUIResource</A>, <A HREF="../../../../com/golden/gamedev/gui/toolkit/TComponent.html#processCustomUI()">processCustomUI</A>, <A HREF="../../../../com/golden/gamedev/gui/toolkit/TComponent.html#processExternalUI()">processExternalUI</A>, <A HREF="../../../../com/golden/gamedev/gui/toolkit/TComponent.html#processKeyReleased()">processKeyReleased</A>, <A HREF="../../../../com/golden/gamedev/gui/toolkit/TComponent.html#processMouseClicked()">processMouseClicked</A>, <A HREF="../../../../com/golden/gamedev/gui/toolkit/TComponent.html#processMouseDragged()">processMouseDragged</A>, <A HREF="../../../../com/golden/gamedev/gui/toolkit/TComponent.html#processMouseEntered()">processMouseEntered</A>, <A HREF="../../../../com/golden/gamedev/gui/toolkit/TComponent.html#processMouseExited()">processMouseExited</A>, <A HREF="../../../../com/golden/gamedev/gui/toolkit/TComponent.html#processMouseMoved()">processMouseMoved</A>, <A HREF="../../../../com/golden/gamedev/gui/toolkit/TComponent.html#processMousePressed()">processMousePressed</A>, <A HREF="../../../../com/golden/gamedev/gui/toolkit/TComponent.html#processMouseReleased()">processMouseReleased</A>, <A HREF="../../../../com/golden/gamedev/gui/toolkit/TComponent.html#processRenderedUI()">processRenderedUI</A>, <A HREF="../../../../com/golden/gamedev/gui/toolkit/TComponent.html#renderCustomUI(java.awt.Graphics2D, int, int, int, int)">renderCustomUI</A>, <A HREF="../../../../com/golden/gamedev/gui/toolkit/TComponent.html#requestFocus()">requestFocus</A>, <A HREF="../../../../com/golden/gamedev/gui/toolkit/TComponent.html#setBounds(int, int, int, int)">setBounds</A>, <A HREF="../../../../com/golden/gamedev/gui/toolkit/TComponent.html#setExternalUI(java.awt.image.BufferedImage[], boolean)">setExternalUI</A>, <A HREF="../../../../com/golden/gamedev/gui/toolkit/TComponent.html#setFocusable(boolean)">setFocusable</A>, <A HREF="../../../../com/golden/gamedev/gui/toolkit/TComponent.html#setLayer(int)">setLayer</A>, <A HREF="../../../../com/golden/gamedev/gui/toolkit/TComponent.html#setLocation(int, int)">setLocation</A>, <A HREF="../../../../com/golden/gamedev/gui/toolkit/TComponent.html#setSize(int, int)">setSize</A>, <A HREF="../../../../com/golden/gamedev/gui/toolkit/TComponent.html#setToolTipParent(com.golden.gamedev.gui.toolkit.TComponent)">setToolTipParent</A>, <A HREF="../../../../com/golden/gamedev/gui/toolkit/TComponent.html#setToolTipText(java.lang.String)">setToolTipText</A>, <A HREF="../../../../com/golden/gamedev/gui/toolkit/TComponent.html#setUIRenderer(com.golden.gamedev.gui.toolkit.UIRenderer)">setUIRenderer</A>, <A HREF="../../../../com/golden/gamedev/gui/toolkit/TComponent.html#setVisible(boolean)">setVisible</A>, <A HREF="../../../../com/golden/gamedev/gui/toolkit/TComponent.html#toString()">toString</A>, <A HREF="../../../../com/golden/gamedev/gui/toolkit/TComponent.html#transferFocus()">transferFocus</A>, <A HREF="../../../../com/golden/gamedev/gui/toolkit/TComponent.html#transferFocusBackward()">transferFocusBackward</A>, <A HREF="../../../../com/golden/gamedev/gui/toolkit/TComponent.html#UIResource()">UIResource</A>, <A HREF="../../../../com/golden/gamedev/gui/toolkit/TComponent.html#validatePosition()">validatePosition</A>, <A HREF="../../../../com/golden/gamedev/gui/toolkit/TComponent.html#validateSize()">validateSize</A>, <A HREF="../../../../com/golden/gamedev/gui/toolkit/TComponent.html#validateUI()">validateUI</A></CODE></TD>
</TR>
</TABLE>
&nbsp;<A NAME="methods_inherited_from_class_java.lang.Object"><!-- --></A>
<TABLE BORDER="1" CELLPADDING="3" CELLSPACING="0" WIDTH="100%">
<TR BGCOLOR="#EEEEFF" CLASS="TableSubHeadingColor">
<TD><B>Methods inherited from class java.lang.<A HREF="http://java.sun.com/j2se/1.4/docs/api/java/lang/Object.html">Object</A></B></TD>
</TR>
<TR BGCOLOR="white" CLASS="TableRowColor">
<TD><CODE><A HREF="http://java.sun.com/j2se/1.4/docs/api/java/lang/Object.html#clone()">clone</A>, <A HREF="http://java.sun.com/j2se/1.4/docs/api/java/lang/Object.html#equals(java.lang.Object)">equals</A>, <A HREF="http://java.sun.com/j2se/1.4/docs/api/java/lang/Object.html#getClass()">getClass</A>, <A HREF="http://java.sun.com/j2se/1.4/docs/api/java/lang/Object.html#hashCode()">hashCode</A>, <A HREF="http://java.sun.com/j2se/1.4/docs/api/java/lang/Object.html#notify()">notify</A>, <A HREF="http://java.sun.com/j2se/1.4/docs/api/java/lang/Object.html#notifyAll()">notifyAll</A>, <A HREF="http://java.sun.com/j2se/1.4/docs/api/java/lang/Object.html#wait()">wait</A>, <A HREF="http://java.sun.com/j2se/1.4/docs/api/java/lang/Object.html#wait(long)">wait</A>, <A HREF="http://java.sun.com/j2se/1.4/docs/api/java/lang/Object.html#wait(long, int)">wait</A></CODE></TD>
</TR>
</TABLE>
&nbsp;
<P>

<!-- ============ FIELD DETAIL =========== -->

<A NAME="field_detail"><!-- --></A>
<TABLE BORDER="1" CELLPADDING="3" CELLSPACING="0" WIDTH="100%">
<TR BGCOLOR="#CCCCFF" CLASS="TableHeadingColor">
<TD COLSPAN=1><FONT SIZE="+2">
<B>Field Detail</B></FONT></TD>
</TR>
</TABLE>

<A NAME="visiblePosition"><!-- --></A><H3>
visiblePosition</H3>
<PRE>
protected int <B>visiblePosition</B></PRE>
<DL>
<DL>
</DL>
</DL>

<!-- ========= CONSTRUCTOR DETAIL ======== -->

<A NAME="constructor_detail"><!-- --></A>
<TABLE BORDER="1" CELLPADDING="3" CELLSPACING="0" WIDTH="100%">
<TR BGCOLOR="#CCCCFF" CLASS="TableHeadingColor">
<TD COLSPAN=1><FONT SIZE="+2">
<B>Constructor Detail</B></FONT></TD>
</TR>
</TABLE>

<A NAME="TTextField(java.lang.String, int, int, int, int)"><!-- --></A><H3>
TTextField</H3>
<PRE>
public <B>TTextField</B>(<A HREF="http://java.sun.com/j2se/1.4/docs/api/java/lang/String.html">String</A>&nbsp;text,
                  int&nbsp;x,
                  int&nbsp;y,
                  int&nbsp;w,
                  int&nbsp;h)</PRE>
<DL>
</DL>

<!-- ============ METHOD DETAIL ========== -->

<A NAME="method_detail"><!-- --></A>
<TABLE BORDER="1" CELLPADDING="3" CELLSPACING="0" WIDTH="100%">
<TR BGCOLOR="#CCCCFF" CLASS="TableHeadingColor">
<TD COLSPAN=1><FONT SIZE="+2">
<B>Method Detail</B></FONT></TD>
</TR>
</TABLE>

<A NAME="getFont()"><!-- --></A><H3>
getFont</H3>
<PRE>
public com.golden.gamedev.object.GameFont <B>getFont</B>()</PRE>
<DL>
<DD><DL>
</DL>
</DD>
</DL>
<HR>

<A NAME="setFont(com.golden.gamedev.object.GameFont)"><!-- --></A><H3>
setFont</H3>
<PRE>
public void <B>setFont</B>(com.golden.gamedev.object.GameFont&nbsp;f)</PRE>
<DL>
<DD><DL>
</DL>
</DD>
</DL>
<HR>

<A NAME="doAction()"><!-- --></A><H3>
doAction</H3>
<PRE>
public void <B>doAction</B>()</PRE>
<DL>
<DD>Do the action as the user pressed enter when editing this textfield.
<P>
<DD><DL>
</DL>
</DD>
</DL>
<HR>

<A NAME="update()"><!-- --></A><H3>
update</H3>
<PRE>
public void <B>update</B>()</PRE>
<DL>
<DD><B>Description copied from class: <CODE><A HREF="../../../../com/golden/gamedev/gui/toolkit/TComponent.html">TComponent</A></CODE></B></DD>
<DD>Updates component state.
<P>
<DD><DL>
<DT><B>Overrides:</B><DD><CODE><A HREF="../../../../com/golden/gamedev/gui/toolkit/TComponent.html#update()">update</A></CODE> in class <CODE><A HREF="../../../../com/golden/gamedev/gui/toolkit/TComponent.html">TComponent</A></CODE></DL>
</DD>
<DD><DL>
</DL>
</DD>
</DL>
<HR>

<A NAME="setEnabled(boolean)"><!-- --></A><H3>
setEnabled</H3>
<PRE>
public void <B>setEnabled</B>(boolean&nbsp;b)</PRE>
<DL>
<DD><B>Description copied from class: <CODE><A HREF="../../../../com/golden/gamedev/gui/toolkit/TComponent.html">TComponent</A></CODE></B></DD>
<DD>Enables or disables this component.
 An enabled component can receive user input.
<P>
<DD><DL>
<DT><B>Overrides:</B><DD><CODE><A HREF="../../../../com/golden/gamedev/gui/toolkit/TComponent.html#setEnabled(boolean)">setEnabled</A></CODE> in class <CODE><A HREF="../../../../com/golden/gamedev/gui/toolkit/TComponent.html">TComponent</A></CODE></DL>
</DD>
<DD><DL>
</DL>
</DD>
</DL>
<HR>

<A NAME="createTextUI()"><!-- --></A><H3>
createTextUI</H3>
<PRE>
protected void <B>createTextUI</B>()</PRE>
<DL>
<DD><DL>
</DL>
</DD>
</DL>
<HR>

<A NAME="render(java.awt.Graphics2D)"><!-- --></A><H3>
render</H3>
<PRE>
public void <B>render</B>(<A HREF="http://java.sun.com/j2se/1.4/docs/api/java/awt/Graphics2D.html">Graphics2D</A>&nbsp;g)</PRE>
<DL>
<DD><B>Description copied from class: <CODE><A HREF="../../../../com/golden/gamedev/gui/toolkit/TComponent.html">TComponent</A></CODE></B></DD>
<DD>Renders component to specified graphics context.
<P>
<DD><DL>
<DT><B>Overrides:</B><DD><CODE><A HREF="../../../../com/golden/gamedev/gui/toolkit/TComponent.html#render(java.awt.Graphics2D)">render</A></CODE> in class <CODE><A HREF="../../../../com/golden/gamedev/gui/toolkit/TComponent.html">TComponent</A></CODE></DL>
</DD>
<DD><DL>
</DL>
</DD>
</DL>
<HR>

<A NAME="renderText(java.awt.Graphics2D, int, int, int, int)"><!-- --></A><H3>
renderText</H3>
<PRE>
protected void <B>renderText</B>(<A HREF="http://java.sun.com/j2se/1.4/docs/api/java/awt/Graphics2D.html">Graphics2D</A>&nbsp;g,
                          int&nbsp;x,
                          int&nbsp;y,
                          int&nbsp;w,
                          int&nbsp;h)</PRE>
<DL>
<DD><DL>
</DL>
</DD>
</DL>
<HR>

<A NAME="getText()"><!-- --></A><H3>
getText</H3>
<PRE>
public <A HREF="http://java.sun.com/j2se/1.4/docs/api/java/lang/String.html">String</A> <B>getText</B>()</PRE>
<DL>
<DD><DL>
</DL>
</DD>
</DL>
<HR>

<A NAME="setText(java.lang.String)"><!-- --></A><H3>
setText</H3>
<PRE>
public void <B>setText</B>(<A HREF="http://java.sun.com/j2se/1.4/docs/api/java/lang/String.html">String</A>&nbsp;st)</PRE>
<DL>
<DD><DL>
</DL>
</DD>
</DL>
<HR>

<A NAME="getMaxLength()"><!-- --></A><H3>
getMaxLength</H3>
<PRE>
public int <B>getMaxLength</B>()</PRE>
<DL>
<DD><DL>
</DL>
</DD>
</DL>
<HR>

<A NAME="setMaxLength(int)"><!-- --></A><H3>
setMaxLength</H3>
<PRE>
public void <B>setMaxLength</B>(int&nbsp;i)</PRE>
<DL>
<DD><DL>
</DL>
</DD>
</DL>
<HR>

<A NAME="getCaretPosition()"><!-- --></A><H3>
getCaretPosition</H3>
<PRE>
public int <B>getCaretPosition</B>()</PRE>
<DL>
<DD><DL>
</DL>
</DD>
</DL>
<HR>

<A NAME="setCaretPosition(int)"><!-- --></A><H3>
setCaretPosition</H3>
<PRE>
public void <B>setCaretPosition</B>(int&nbsp;i)</PRE>
<DL>
<DD><DL>
</DL>
</DD>
</DL>
<HR>

<A NAME="moveCaretPosition(int)"><!-- --></A><H3>
moveCaretPosition</H3>
<PRE>
public void <B>moveCaretPosition</B>(int&nbsp;i)</PRE>
<DL>
<DD><DL>
</DL>
</DD>
</DL>
<HR>

<A NAME="isEditable()"><!-- --></A><H3>
isEditable</H3>
<PRE>
public boolean <B>isEditable</B>()</PRE>
<DL>
<DD><DL>
</DL>
</DD>
</DL>
<HR>

<A NAME="setEditable(boolean)"><!-- --></A><H3>
setEditable</H3>
<PRE>
public void <B>setEditable</B>(boolean&nbsp;b)</PRE>
<DL>
<DD><DL>
</DL>
</DD>
</DL>
<HR>

<A NAME="insertString(int, java.lang.String)"><!-- --></A><H3>
insertString</H3>
<PRE>
public boolean <B>insertString</B>(int&nbsp;offset,
                            <A HREF="http://java.sun.com/j2se/1.4/docs/api/java/lang/String.html">String</A>&nbsp;st)</PRE>
<DL>
<DD><DL>
</DL>
</DD>
</DL>
<HR>

<A NAME="delete(int)"><!-- --></A><H3>
delete</H3>
<PRE>
public void <B>delete</B>(int&nbsp;index)</PRE>
<DL>
<DD><DL>
</DL>
</DD>
</DL>
<HR>

<A NAME="processKeyPressed()"><!-- --></A><H3>
processKeyPressed</H3>
<PRE>
protected void <B>processKeyPressed</B>()</PRE>
<DL>
<DD><DL>
<DT><B>Overrides:</B><DD><CODE><A HREF="../../../../com/golden/gamedev/gui/toolkit/TComponent.html#processKeyPressed()">processKeyPressed</A></CODE> in class <CODE><A HREF="../../../../com/golden/gamedev/gui/toolkit/TComponent.html">TComponent</A></CODE></DL>
</DD>
<DD><DL>
</DL>
</DD>
</DL>
<HR>

<A NAME="UIName()"><!-- --></A><H3>
UIName</H3>
<PRE>
public <A HREF="http://java.sun.com/j2se/1.4/docs/api/java/lang/String.html">String</A> <B>UIName</B>()</PRE>
<DL>
<DD>This Component UI Name is <b>TextField</b>.
<P>
<DD><DL>
<DT><B>Specified by:</B><DD><CODE><A HREF="../../../../com/golden/gamedev/gui/toolkit/TComponent.html#UIName()">UIName</A></CODE> in class <CODE><A HREF="../../../../com/golden/gamedev/gui/toolkit/TComponent.html">TComponent</A></CODE></DL>
</DD>
<DD><DL>

<DT><B>Returns:</B><DD>Component UI Name</DL>
</DD>
</DL>
<!-- ========= END OF CLASS DATA ========= -->
<HR>

<!-- ========== START OF NAVBAR ========== -->
<A NAME="navbar_bottom"><!-- --></A>
<TABLE BORDER="0" WIDTH="100%" CELLPADDING="1" CELLSPACING="0">
<TR>
<TD COLSPAN=3 BGCOLOR="#EEEEFF" CLASS="NavBarCell1">
<A NAME="navbar_bottom_firstrow"><!-- --></A>
<TABLE BORDER="0" CELLPADDING="0" CELLSPACING="3">
  <TR ALIGN="center" VALIGN="top">
  <TD BGCOLOR="#EEEEFF" CLASS="NavBarCell1">    <A HREF="../../../../overview-summary.html"><FONT CLASS="NavBarFont1"><B>Overview</B></FONT></A>&nbsp;</TD>
  <TD BGCOLOR="#EEEEFF" CLASS="NavBarCell1">    <A HREF="package-summary.html"><FONT CLASS="NavBarFont1"><B>Package</B></FONT></A>&nbsp;</TD>
  <TD BGCOLOR="#FFFFFF" CLASS="NavBarCell1Rev"> &nbsp;<FONT CLASS="NavBarFont1Rev"><B>Class</B></FONT>&nbsp;</TD>
  <TD BGCOLOR="#EEEEFF" CLASS="NavBarCell1">    <A HREF="package-tree.html"><FONT CLASS="NavBarFont1"><B>Tree</B></FONT></A>&nbsp;</TD>
  <TD BGCOLOR="#EEEEFF" CLASS="NavBarCell1">    <A HREF="../../../../deprecated-list.html"><FONT CLASS="NavBarFont1"><B>Deprecated</B></FONT></A>&nbsp;</TD>
  <TD BGCOLOR="#EEEEFF" CLASS="NavBarCell1">    <A HREF="../../../../index-all.html"><FONT CLASS="NavBarFont1"><B>Index</B></FONT></A>&nbsp;</TD>
  <TD BGCOLOR="#EEEEFF" CLASS="NavBarCell1">    <A HREF="../../../../help-doc.html"><FONT CLASS="NavBarFont1"><B>Help</B></FONT></A>&nbsp;</TD>
  </TR>
</TABLE>
</TD>
<TD ALIGN="right" VALIGN="top" ROWSPAN=3><EM>
</EM>
</TD>
</TR>

<TR>
<TD BGCOLOR="white" CLASS="NavBarCell2"><FONT SIZE="-2">
&nbsp;<A HREF="../../../../com/golden/gamedev/gui/TPasswordField.html"><B>PREV CLASS</B></A>&nbsp;
&nbsp;NEXT CLASS</FONT></TD>
<TD BGCOLOR="white" CLASS="NavBarCell2"><FONT SIZE="-2">
  <A HREF="../../../../index.html" TARGET="_top"><B>FRAMES</B></A>  &nbsp;
&nbsp;<A HREF="TTextField.html" TARGET="_top"><B>NO FRAMES</B></A>  &nbsp;
&nbsp;
<SCRIPT>
  <!--
  if(window==top) {
    document.writeln('<A HREF="../../../../allclasses-noframe.html" TARGET=""><B>All Classes</B></A>');
  }
  //-->
</SCRIPT>
<NOSCRIPT>
<A HREF="../../../../allclasses-noframe.html" TARGET=""><B>All Classes</B></A>
</NOSCRIPT>
</FONT></TD>
</TR>
<TR>
<TD VALIGN="top" CLASS="NavBarCell3"><FONT SIZE="-2">
  SUMMARY:&nbsp;NESTED&nbsp;|&nbsp;<A HREF="#field_summary">FIELD</A>&nbsp;|&nbsp;<A HREF="#constructor_summary">CONSTR</A>&nbsp;|&nbsp;<A HREF="#method_summary">METHOD</A></FONT></TD>
<TD VALIGN="top" CLASS="NavBarCell3"><FONT SIZE="-2">
DETAIL:&nbsp;<A HREF="#field_detail">FIELD</A>&nbsp;|&nbsp;<A HREF="#constructor_detail">CONSTR</A>&nbsp;|&nbsp;<A HREF="#method_detail">METHOD</A></FONT></TD>
</TR>
</TABLE>
<!-- =========== END OF NAVBAR =========== -->

<HR>

</BODY>
</HTML>
