<!DOCTYPE HTML PUBLIC "-//W3C//DTD HTML 4.01 Transitional//EN" "http://www.w3.org/TR/html4/loose.dtd">
<!--NewPage-->
<HTML>
<HEAD>
<!-- Generated by javadoc (build 1.5.0_01) on Sun Jul 03 07:12:32 ICT 2005 -->
<TITLE>
AdvanceSpriteGroup (GTGE API v0.2.3)
</TITLE>

<META NAME="keywords" CONTENT="com.golden.gamedev.object.AdvanceSpriteGroup class">

<LINK REL ="stylesheet" TYPE="text/css" HREF="../../../../stylesheet.css" TITLE="Style">

<SCRIPT type="text/javascript">
function windowTitle()
{
    parent.document.title="AdvanceSpriteGroup (GTGE API v0.2.3)";
}
</SCRIPT>
<NOSCRIPT>
</NOSCRIPT>

</HEAD>

<BODY BGCOLOR="white" onload="windowTitle();">


<!-- ========= START OF TOP NAVBAR ======= -->
<A NAME="navbar_top"><!-- --></A>
<A HREF="#skip-navbar_top" title="Skip navigation links"></A>
<TABLE BORDER="0" WIDTH="100%" CELLPADDING="1" CELLSPACING="0" SUMMARY="">
<TR>
<TD COLSPAN=2 BGCOLOR="#EEEEFF" CLASS="NavBarCell1">
<A NAME="navbar_top_firstrow"><!-- --></A>
<TABLE BORDER="0" CELLPADDING="0" CELLSPACING="3" SUMMARY="">
  <TR ALIGN="center" VALIGN="top">
  <TD BGCOLOR="#EEEEFF" CLASS="NavBarCell1">    <A HREF="../../../../overview-summary.html"><FONT CLASS="NavBarFont1"><B>Overview</B></FONT></A>&nbsp;</TD>
  <TD BGCOLOR="#EEEEFF" CLASS="NavBarCell1">    <A HREF="package-summary.html"><FONT CLASS="NavBarFont1"><B>Package</B></FONT></A>&nbsp;</TD>
  <TD BGCOLOR="#FFFFFF" CLASS="NavBarCell1Rev"> &nbsp;<FONT CLASS="NavBarFont1Rev"><B>Class</B></FONT>&nbsp;</TD>
  <TD BGCOLOR="#EEEEFF" CLASS="NavBarCell1">    <A HREF="class-use/AdvanceSpriteGroup.html"><FONT CLASS="NavBarFont1"><B>Use</B></FONT></A>&nbsp;</TD>
  <TD BGCOLOR="#EEEEFF" CLASS="NavBarCell1">    <A HREF="package-tree.html"><FONT CLASS="NavBarFont1"><B>Tree</B></FONT></A>&nbsp;</TD>
  <TD BGCOLOR="#EEEEFF" CLASS="NavBarCell1">    <A HREF="../../../../index-all.html"><FONT CLASS="NavBarFont1"><B>Index</B></FONT></A>&nbsp;</TD>
  <TD BGCOLOR="#EEEEFF" CLASS="NavBarCell1">    <A HREF="../../../../help-doc.html"><FONT CLASS="NavBarFont1"><B>Help</B></FONT></A>&nbsp;</TD>
  </TR>
</TABLE>
</TD>
<TD ALIGN="right" VALIGN="top" ROWSPAN=3><EM>
<b>GTGE API</b></EM>
</TD>
</TR>

<TR>
<TD BGCOLOR="white" CLASS="NavBarCell2"><FONT SIZE="-2">
&nbsp;PREV CLASS&nbsp;
&nbsp;<A HREF="../../../../com/golden/gamedev/object/AnimatedSprite.html" title="class in com.golden.gamedev.object"><B>NEXT CLASS</B></A></FONT></TD>
<TD BGCOLOR="white" CLASS="NavBarCell2"><FONT SIZE="-2">
  <A HREF="../../../../index.html?com/golden/gamedev/object/AdvanceSpriteGroup.html" target="_top"><B>FRAMES</B></A>  &nbsp;
&nbsp;<A HREF="AdvanceSpriteGroup.html" target="_top"><B>NO FRAMES</B></A>  &nbsp;
&nbsp;<SCRIPT type="text/javascript">
  <!--
  if(window==top) {
    document.writeln('<A HREF="../../../../allclasses-noframe.html"><B>All Classes</B></A>');
  }
  //-->
</SCRIPT>
<NOSCRIPT>
  <A HREF="../../../../allclasses-noframe.html"><B>All Classes</B></A>
</NOSCRIPT>


</FONT></TD>
</TR>
<TR>
<TD VALIGN="top" CLASS="NavBarCell3"><FONT SIZE="-2">
  SUMMARY:&nbsp;NESTED&nbsp;|&nbsp;<A HREF="#field_summary">FIELD</A>&nbsp;|&nbsp;<A HREF="#constructor_summary">CONSTR</A>&nbsp;|&nbsp;<A HREF="#method_summary">METHOD</A></FONT></TD>
<TD VALIGN="top" CLASS="NavBarCell3"><FONT SIZE="-2">
DETAIL:&nbsp;<A HREF="#field_detail">FIELD</A>&nbsp;|&nbsp;<A HREF="#constructor_detail">CONSTR</A>&nbsp;|&nbsp;<A HREF="#method_detail">METHOD</A></FONT></TD>
</TR>
</TABLE>
<A NAME="skip-navbar_top"></A>
<!-- ========= END OF TOP NAVBAR ========= -->

<HR>
<!-- ======== START OF CLASS DATA ======== -->
<H2>
<FONT SIZE="-1">
com.golden.gamedev.object</FONT>
<BR>
Class AdvanceSpriteGroup</H2>
<PRE>
<A HREF="http://java.sun.com/j2se/1.4/docs/api/java/lang/Object.html" title="class or interface in java.lang">java.lang.Object</A>
  <IMG SRC="../../../../resources/inherit.gif" ALT="extended by "><A HREF="../../../../com/golden/gamedev/object/SpriteGroup.html" title="class in com.golden.gamedev.object">com.golden.gamedev.object.SpriteGroup</A>
      <IMG SRC="../../../../resources/inherit.gif" ALT="extended by "><B>com.golden.gamedev.object.AdvanceSpriteGroup</B>
</PRE>
<HR>
<DL>
<DT><PRE>public class <B>AdvanceSpriteGroup</B><DT>extends <A HREF="../../../../com/golden/gamedev/object/SpriteGroup.html" title="class in com.golden.gamedev.object">SpriteGroup</A></DL>
</PRE>

<P>
Subclass of <code>SpriteGroup</code> that designed to update and render
 visible on the screen sprites only. <p>

 In standard sprite group, all registered sprites in the group is updated,
 rendered, and check for collision in every game loop. If the game has many
 sprites and many of them are not visible, it is not efficient to update,
 render, and check for collision all of the sprites. <p>

 <code>AdvanceSpriteGroup</code> is designed to optimize the sprite updating
 and rendering by updating and rendering sprites that only visible on screen,
 sprites that outside the game view area are not checked. <p>

 The main operation is storing sprites that
 <A HREF="../../../../com/golden/gamedev/object/Sprite.html#isOnScreen()">visible on screen</A>
 into an inner sprite group, and the inner sprite group that will be update,
 render, and check for collision.
<P>

<P>
<HR>

<P>
<!-- =========== FIELD SUMMARY =========== -->

<A NAME="field_summary"><!-- --></A>
<TABLE BORDER="1" WIDTH="100%" CELLPADDING="3" CELLSPACING="0" SUMMARY="">
<TR BGCOLOR="#CCCCFF" CLASS="TableHeadingColor">
<TH ALIGN="left" COLSPAN="2"><FONT SIZE="+2">
<B>Field Summary</B></FONT></TH>
</TR>
<TR BGCOLOR="white" CLASS="TableRowColor">
<TD ALIGN="right" VALIGN="top" WIDTH="1%"><FONT SIZE="-1">
<CODE>protected &nbsp;<A HREF="../../../../com/golden/gamedev/object/SpriteGroup.html" title="class in com.golden.gamedev.object">SpriteGroup</A></CODE></FONT></TD>
<TD><CODE><B><A HREF="../../../../com/golden/gamedev/object/AdvanceSpriteGroup.html#ONSCREEN_GROUP">ONSCREEN_GROUP</A></B></CODE>

<BR>
&nbsp;&nbsp;&nbsp;&nbsp;&nbsp;&nbsp;&nbsp;&nbsp;&nbsp;&nbsp;Inner sprite group that hold on screen sprites (inside view area sprites)
 of this group.</TD>
</TR>
</TABLE>
&nbsp;
<!-- ======== CONSTRUCTOR SUMMARY ======== -->

<A NAME="constructor_summary"><!-- --></A>
<TABLE BORDER="1" WIDTH="100%" CELLPADDING="3" CELLSPACING="0" SUMMARY="">
<TR BGCOLOR="#CCCCFF" CLASS="TableHeadingColor">
<TH ALIGN="left" COLSPAN="2"><FONT SIZE="+2">
<B>Constructor Summary</B></FONT></TH>
</TR>
<TR BGCOLOR="white" CLASS="TableRowColor">
<TD><CODE><B><A HREF="../../../../com/golden/gamedev/object/AdvanceSpriteGroup.html#AdvanceSpriteGroup(java.lang.String)">AdvanceSpriteGroup</A></B>(<A HREF="http://java.sun.com/j2se/1.4/docs/api/java/lang/String.html" title="class or interface in java.lang">String</A>&nbsp;name)</CODE>

<BR>
&nbsp;&nbsp;&nbsp;&nbsp;&nbsp;&nbsp;&nbsp;&nbsp;&nbsp;&nbsp;Creates new <code>AdvanceSpriteGroup</code> with specified name without
 screen offset (0, 0, 0, 0).</TD>
</TR>
<TR BGCOLOR="white" CLASS="TableRowColor">
<TD><CODE><B><A HREF="../../../../com/golden/gamedev/object/AdvanceSpriteGroup.html#AdvanceSpriteGroup(java.lang.String, int)">AdvanceSpriteGroup</A></B>(<A HREF="http://java.sun.com/j2se/1.4/docs/api/java/lang/String.html" title="class or interface in java.lang">String</A>&nbsp;name,
                   int&nbsp;screenOffset)</CODE>

<BR>
&nbsp;&nbsp;&nbsp;&nbsp;&nbsp;&nbsp;&nbsp;&nbsp;&nbsp;&nbsp;Creates new <code>AdvanceSpriteGroup</code> with specified name, and
 specified screen offset.</TD>
</TR>
<TR BGCOLOR="white" CLASS="TableRowColor">
<TD><CODE><B><A HREF="../../../../com/golden/gamedev/object/AdvanceSpriteGroup.html#AdvanceSpriteGroup(java.lang.String, int, int, int, int)">AdvanceSpriteGroup</A></B>(<A HREF="http://java.sun.com/j2se/1.4/docs/api/java/lang/String.html" title="class or interface in java.lang">String</A>&nbsp;name,
                   int&nbsp;topOffset,
                   int&nbsp;leftOffset,
                   int&nbsp;bottomOffset,
                   int&nbsp;rightOffset)</CODE>

<BR>
&nbsp;&nbsp;&nbsp;&nbsp;&nbsp;&nbsp;&nbsp;&nbsp;&nbsp;&nbsp;Creates new <code>AdvanceSpriteGroup</code> with specified name, and
 specified screen offset on each side.</TD>
</TR>
</TABLE>
&nbsp;
<!-- ========== METHOD SUMMARY =========== -->

<A NAME="method_summary"><!-- --></A>
<TABLE BORDER="1" WIDTH="100%" CELLPADDING="3" CELLSPACING="0" SUMMARY="">
<TR BGCOLOR="#CCCCFF" CLASS="TableHeadingColor">
<TH ALIGN="left" COLSPAN="2"><FONT SIZE="+2">
<B>Method Summary</B></FONT></TH>
</TR>
<TR BGCOLOR="white" CLASS="TableRowColor">
<TD ALIGN="right" VALIGN="top" WIDTH="1%"><FONT SIZE="-1">
<CODE>&nbsp;int</CODE></FONT></TD>
<TD><CODE><B><A HREF="../../../../com/golden/gamedev/object/AdvanceSpriteGroup.html#getGroupSize()">getGroupSize</A></B>()</CODE>

<BR>
&nbsp;&nbsp;&nbsp;&nbsp;&nbsp;&nbsp;&nbsp;&nbsp;&nbsp;&nbsp;Returns total <b>non-null</b> sprites (active + inactive) in this group.</TD>
</TR>
<TR BGCOLOR="white" CLASS="TableRowColor">
<TD ALIGN="right" VALIGN="top" WIDTH="1%"><FONT SIZE="-1">
<CODE>&nbsp;<A HREF="../../../../com/golden/gamedev/object/Sprite.html" title="class in com.golden.gamedev.object">Sprite</A>[]</CODE></FONT></TD>
<TD><CODE><B><A HREF="../../../../com/golden/gamedev/object/AdvanceSpriteGroup.html#getGroupSprites()">getGroupSprites</A></B>()</CODE>

<BR>
&nbsp;&nbsp;&nbsp;&nbsp;&nbsp;&nbsp;&nbsp;&nbsp;&nbsp;&nbsp;Returns all sprites (active, inactive, and also <b>null</b> sprite)
 in this group.</TD>
</TR>
<TR BGCOLOR="white" CLASS="TableRowColor">
<TD ALIGN="right" VALIGN="top" WIDTH="1%"><FONT SIZE="-1">
<CODE>&nbsp;<A HREF="http://java.sun.com/j2se/1.4/docs/api/java/awt/Insets.html" title="class or interface in java.awt">Insets</A></CODE></FONT></TD>
<TD><CODE><B><A HREF="../../../../com/golden/gamedev/object/AdvanceSpriteGroup.html#getScreenOffset()">getScreenOffset</A></B>()</CODE>

<BR>
&nbsp;&nbsp;&nbsp;&nbsp;&nbsp;&nbsp;&nbsp;&nbsp;&nbsp;&nbsp;Returns screen offset of this group.</TD>
</TR>
<TR BGCOLOR="white" CLASS="TableRowColor">
<TD ALIGN="right" VALIGN="top" WIDTH="1%"><FONT SIZE="-1">
<CODE>&nbsp;int</CODE></FONT></TD>
<TD><CODE><B><A HREF="../../../../com/golden/gamedev/object/AdvanceSpriteGroup.html#getSize()">getSize</A></B>()</CODE>

<BR>
&nbsp;&nbsp;&nbsp;&nbsp;&nbsp;&nbsp;&nbsp;&nbsp;&nbsp;&nbsp;Returns total <b>non-null</b> <i>on-screen sprites</i>
 (active + inactive sprites) in this group.</TD>
</TR>
<TR BGCOLOR="white" CLASS="TableRowColor">
<TD ALIGN="right" VALIGN="top" WIDTH="1%"><FONT SIZE="-1">
<CODE>&nbsp;<A HREF="../../../../com/golden/gamedev/object/Sprite.html" title="class in com.golden.gamedev.object">Sprite</A>[]</CODE></FONT></TD>
<TD><CODE><B><A HREF="../../../../com/golden/gamedev/object/AdvanceSpriteGroup.html#getSprites()">getSprites</A></B>()</CODE>

<BR>
&nbsp;&nbsp;&nbsp;&nbsp;&nbsp;&nbsp;&nbsp;&nbsp;&nbsp;&nbsp;Returns all <i>on-screen sprites</i>
 (active, inactive, and also <b>null</b> sprite) in this group.</TD>
</TR>
<TR BGCOLOR="white" CLASS="TableRowColor">
<TD ALIGN="right" VALIGN="top" WIDTH="1%"><FONT SIZE="-1">
<CODE>&nbsp;void</CODE></FONT></TD>
<TD><CODE><B><A HREF="../../../../com/golden/gamedev/object/AdvanceSpriteGroup.html#render(java.awt.Graphics2D)">render</A></B>(<A HREF="http://java.sun.com/j2se/1.4/docs/api/java/awt/Graphics2D.html" title="class or interface in java.awt">Graphics2D</A>&nbsp;g)</CODE>

<BR>
&nbsp;&nbsp;&nbsp;&nbsp;&nbsp;&nbsp;&nbsp;&nbsp;&nbsp;&nbsp;Renders all active sprites in this group.</TD>
</TR>
<TR BGCOLOR="white" CLASS="TableRowColor">
<TD ALIGN="right" VALIGN="top" WIDTH="1%"><FONT SIZE="-1">
<CODE>&nbsp;void</CODE></FONT></TD>
<TD><CODE><B><A HREF="../../../../com/golden/gamedev/object/AdvanceSpriteGroup.html#setBackground(com.golden.gamedev.object.Background)">setBackground</A></B>(<A HREF="../../../../com/golden/gamedev/object/Background.html" title="class in com.golden.gamedev.object">Background</A>&nbsp;backgr)</CODE>

<BR>
&nbsp;&nbsp;&nbsp;&nbsp;&nbsp;&nbsp;&nbsp;&nbsp;&nbsp;&nbsp;Associates specified background with this sprite group, the background
 will be used by all sprites in this group.</TD>
</TR>
<TR BGCOLOR="white" CLASS="TableRowColor">
<TD ALIGN="right" VALIGN="top" WIDTH="1%"><FONT SIZE="-1">
<CODE>&nbsp;void</CODE></FONT></TD>
<TD><CODE><B><A HREF="../../../../com/golden/gamedev/object/AdvanceSpriteGroup.html#setComparator(java.util.Comparator)">setComparator</A></B>(<A HREF="http://java.sun.com/j2se/1.4/docs/api/java/util/Comparator.html" title="class or interface in java.util">Comparator</A>&nbsp;c)</CODE>

<BR>
&nbsp;&nbsp;&nbsp;&nbsp;&nbsp;&nbsp;&nbsp;&nbsp;&nbsp;&nbsp;Sets comparator used for sorting sprites in this group.</TD>
</TR>
<TR BGCOLOR="white" CLASS="TableRowColor">
<TD ALIGN="right" VALIGN="top" WIDTH="1%"><FONT SIZE="-1">
<CODE>&nbsp;void</CODE></FONT></TD>
<TD><CODE><B><A HREF="../../../../com/golden/gamedev/object/AdvanceSpriteGroup.html#update(long)">update</A></B>(long&nbsp;elapsedTime)</CODE>

<BR>
&nbsp;&nbsp;&nbsp;&nbsp;&nbsp;&nbsp;&nbsp;&nbsp;&nbsp;&nbsp;Updates all active sprites in this group, and check the schedule for
 removing inactive sprites.</TD>
</TR>
</TABLE>
&nbsp;<A NAME="methods_inherited_from_class_com.golden.gamedev.object.SpriteGroup"><!-- --></A>
<TABLE BORDER="1" WIDTH="100%" CELLPADDING="3" CELLSPACING="0" SUMMARY="">
<TR BGCOLOR="#EEEEFF" CLASS="TableSubHeadingColor">
<TH ALIGN="left"><B>Methods inherited from class com.golden.gamedev.object.<A HREF="../../../../com/golden/gamedev/object/SpriteGroup.html" title="class in com.golden.gamedev.object">SpriteGroup</A></B></TH>
</TR>
<TR BGCOLOR="white" CLASS="TableRowColor">
<TD><CODE><A HREF="../../../../com/golden/gamedev/object/SpriteGroup.html#add(int, com.golden.gamedev.object.Sprite)">add</A>, <A HREF="../../../../com/golden/gamedev/object/SpriteGroup.html#add(com.golden.gamedev.object.Sprite)">add</A>, <A HREF="../../../../com/golden/gamedev/object/SpriteGroup.html#clear()">clear</A>, <A HREF="../../../../com/golden/gamedev/object/SpriteGroup.html#getActiveSprite()">getActiveSprite</A>, <A HREF="../../../../com/golden/gamedev/object/SpriteGroup.html#getBackground()">getBackground</A>, <A HREF="../../../../com/golden/gamedev/object/SpriteGroup.html#getComparator()">getComparator</A>, <A HREF="../../../../com/golden/gamedev/object/SpriteGroup.html#getExpandFactor()">getExpandFactor</A>, <A HREF="../../../../com/golden/gamedev/object/SpriteGroup.html#getInactiveSprite()">getInactiveSprite</A>, <A HREF="../../../../com/golden/gamedev/object/SpriteGroup.html#getName()">getName</A>, <A HREF="../../../../com/golden/gamedev/object/SpriteGroup.html#getScanFrequence()">getScanFrequence</A>, <A HREF="../../../../com/golden/gamedev/object/SpriteGroup.html#isActive()">isActive</A>, <A HREF="../../../../com/golden/gamedev/object/SpriteGroup.html#remove(int)">remove</A>, <A HREF="../../../../com/golden/gamedev/object/SpriteGroup.html#remove(com.golden.gamedev.object.Sprite)">remove</A>, <A HREF="../../../../com/golden/gamedev/object/SpriteGroup.html#removeImmutableSprites()">removeImmutableSprites</A>, <A HREF="../../../../com/golden/gamedev/object/SpriteGroup.html#removeInactiveSprites()">removeInactiveSprites</A>, <A HREF="../../../../com/golden/gamedev/object/SpriteGroup.html#reset()">reset</A>, <A HREF="../../../../com/golden/gamedev/object/SpriteGroup.html#setActive(boolean)">setActive</A>, <A HREF="../../../../com/golden/gamedev/object/SpriteGroup.html#setExpandFactor(int)">setExpandFactor</A>, <A HREF="../../../../com/golden/gamedev/object/SpriteGroup.html#setName(java.lang.String)">setName</A>, <A HREF="../../../../com/golden/gamedev/object/SpriteGroup.html#sort(java.util.Comparator)">sort</A>, <A HREF="../../../../com/golden/gamedev/object/SpriteGroup.html#toString()">toString</A></CODE></TD>
</TR>
</TABLE>
&nbsp;<A NAME="methods_inherited_from_class_java.lang.Object"><!-- --></A>
<TABLE BORDER="1" WIDTH="100%" CELLPADDING="3" CELLSPACING="0" SUMMARY="">
<TR BGCOLOR="#EEEEFF" CLASS="TableSubHeadingColor">
<TH ALIGN="left"><B>Methods inherited from class java.lang.<A HREF="http://java.sun.com/j2se/1.4/docs/api/java/lang/Object.html" title="class or interface in java.lang">Object</A></B></TH>
</TR>
<TR BGCOLOR="white" CLASS="TableRowColor">
<TD><CODE><A HREF="http://java.sun.com/j2se/1.4/docs/api/java/lang/Object.html#clone()" title="class or interface in java.lang">clone</A>, <A HREF="http://java.sun.com/j2se/1.4/docs/api/java/lang/Object.html#equals(java.lang.Object)" title="class or interface in java.lang">equals</A>, <A HREF="http://java.sun.com/j2se/1.4/docs/api/java/lang/Object.html#finalize()" title="class or interface in java.lang">finalize</A>, <A HREF="http://java.sun.com/j2se/1.4/docs/api/java/lang/Object.html#getClass()" title="class or interface in java.lang">getClass</A>, <A HREF="http://java.sun.com/j2se/1.4/docs/api/java/lang/Object.html#hashCode()" title="class or interface in java.lang">hashCode</A>, <A HREF="http://java.sun.com/j2se/1.4/docs/api/java/lang/Object.html#notify()" title="class or interface in java.lang">notify</A>, <A HREF="http://java.sun.com/j2se/1.4/docs/api/java/lang/Object.html#notifyAll()" title="class or interface in java.lang">notifyAll</A>, <A HREF="http://java.sun.com/j2se/1.4/docs/api/java/lang/Object.html#wait()" title="class or interface in java.lang">wait</A>, <A HREF="http://java.sun.com/j2se/1.4/docs/api/java/lang/Object.html#wait(long)" title="class or interface in java.lang">wait</A>, <A HREF="http://java.sun.com/j2se/1.4/docs/api/java/lang/Object.html#wait(long, int)" title="class or interface in java.lang">wait</A></CODE></TD>
</TR>
</TABLE>
&nbsp;
<P>

<!-- ============ FIELD DETAIL =========== -->

<A NAME="field_detail"><!-- --></A>
<TABLE BORDER="1" WIDTH="100%" CELLPADDING="3" CELLSPACING="0" SUMMARY="">
<TR BGCOLOR="#CCCCFF" CLASS="TableHeadingColor">
<TH ALIGN="left" COLSPAN="1"><FONT SIZE="+2">
<B>Field Detail</B></FONT></TH>
</TR>
</TABLE>

<A NAME="ONSCREEN_GROUP"><!-- --></A><H3>
ONSCREEN_GROUP</H3>
<PRE>
protected <A HREF="../../../../com/golden/gamedev/object/SpriteGroup.html" title="class in com.golden.gamedev.object">SpriteGroup</A> <B>ONSCREEN_GROUP</B></PRE>
<DL>
<DD>Inner sprite group that hold on screen sprites (inside view area sprites)
 of this group.
<P>
<DL>
</DL>
</DL>

<!-- ========= CONSTRUCTOR DETAIL ======== -->

<A NAME="constructor_detail"><!-- --></A>
<TABLE BORDER="1" WIDTH="100%" CELLPADDING="3" CELLSPACING="0" SUMMARY="">
<TR BGCOLOR="#CCCCFF" CLASS="TableHeadingColor">
<TH ALIGN="left" COLSPAN="1"><FONT SIZE="+2">
<B>Constructor Detail</B></FONT></TH>
</TR>
</TABLE>

<A NAME="AdvanceSpriteGroup(java.lang.String, int, int, int, int)"><!-- --></A><H3>
AdvanceSpriteGroup</H3>
<PRE>
public <B>AdvanceSpriteGroup</B>(<A HREF="http://java.sun.com/j2se/1.4/docs/api/java/lang/String.html" title="class or interface in java.lang">String</A>&nbsp;name,
                          int&nbsp;topOffset,
                          int&nbsp;leftOffset,
                          int&nbsp;bottomOffset,
                          int&nbsp;rightOffset)</PRE>
<DL>
<DD>Creates new <code>AdvanceSpriteGroup</code> with specified name, and
 specified screen offset on each side.
<P>
</DL>
<HR>

<A NAME="AdvanceSpriteGroup(java.lang.String, int)"><!-- --></A><H3>
AdvanceSpriteGroup</H3>
<PRE>
public <B>AdvanceSpriteGroup</B>(<A HREF="http://java.sun.com/j2se/1.4/docs/api/java/lang/String.html" title="class or interface in java.lang">String</A>&nbsp;name,
                          int&nbsp;screenOffset)</PRE>
<DL>
<DD>Creates new <code>AdvanceSpriteGroup</code> with specified name, and
 specified screen offset.
<P>
</DL>
<HR>

<A NAME="AdvanceSpriteGroup(java.lang.String)"><!-- --></A><H3>
AdvanceSpriteGroup</H3>
<PRE>
public <B>AdvanceSpriteGroup</B>(<A HREF="http://java.sun.com/j2se/1.4/docs/api/java/lang/String.html" title="class or interface in java.lang">String</A>&nbsp;name)</PRE>
<DL>
<DD>Creates new <code>AdvanceSpriteGroup</code> with specified name without
 screen offset (0, 0, 0, 0).
<P>
</DL>

<!-- ============ METHOD DETAIL ========== -->

<A NAME="method_detail"><!-- --></A>
<TABLE BORDER="1" WIDTH="100%" CELLPADDING="3" CELLSPACING="0" SUMMARY="">
<TR BGCOLOR="#CCCCFF" CLASS="TableHeadingColor">
<TH ALIGN="left" COLSPAN="1"><FONT SIZE="+2">
<B>Method Detail</B></FONT></TH>
</TR>
</TABLE>

<A NAME="update(long)"><!-- --></A><H3>
update</H3>
<PRE>
public void <B>update</B>(long&nbsp;elapsedTime)</PRE>
<DL>
<DD><B>Description copied from class: <CODE><A HREF="../../../../com/golden/gamedev/object/SpriteGroup.html#update(long)">SpriteGroup</A></CODE></B></DD>
<DD>Updates all active sprites in this group, and check the schedule for
 removing inactive sprites.
<P>
<DD><DL>
<DT><B>Overrides:</B><DD><CODE><A HREF="../../../../com/golden/gamedev/object/SpriteGroup.html#update(long)">update</A></CODE> in class <CODE><A HREF="../../../../com/golden/gamedev/object/SpriteGroup.html" title="class in com.golden.gamedev.object">SpriteGroup</A></CODE></DL>
</DD>
<DD><DL>
<DT><B>See Also:</B><DD><A HREF="../../../../com/golden/gamedev/object/SpriteGroup.html#getScanFrequence()"><CODE>SpriteGroup.getScanFrequence()</CODE></A></DL>
</DD>
</DL>
<HR>

<A NAME="render(java.awt.Graphics2D)"><!-- --></A><H3>
render</H3>
<PRE>
public void <B>render</B>(<A HREF="http://java.sun.com/j2se/1.4/docs/api/java/awt/Graphics2D.html" title="class or interface in java.awt">Graphics2D</A>&nbsp;g)</PRE>
<DL>
<DD><B>Description copied from class: <CODE><A HREF="../../../../com/golden/gamedev/object/SpriteGroup.html#render(java.awt.Graphics2D)">SpriteGroup</A></CODE></B></DD>
<DD>Renders all active sprites in this group. If this group is associated
 with a comparator, the group sprites is sort against the comparator
 first before rendered.
<P>
<DD><DL>
<DT><B>Overrides:</B><DD><CODE><A HREF="../../../../com/golden/gamedev/object/SpriteGroup.html#render(java.awt.Graphics2D)">render</A></CODE> in class <CODE><A HREF="../../../../com/golden/gamedev/object/SpriteGroup.html" title="class in com.golden.gamedev.object">SpriteGroup</A></CODE></DL>
</DD>
<DD><DL>
<DT><B>See Also:</B><DD><A HREF="../../../../com/golden/gamedev/object/SpriteGroup.html#setComparator(java.util.Comparator)"><CODE>SpriteGroup.setComparator(Comparator)</CODE></A></DL>
</DD>
</DL>
<HR>

<A NAME="setBackground(com.golden.gamedev.object.Background)"><!-- --></A><H3>
setBackground</H3>
<PRE>
public void <B>setBackground</B>(<A HREF="../../../../com/golden/gamedev/object/Background.html" title="class in com.golden.gamedev.object">Background</A>&nbsp;backgr)</PRE>
<DL>
<DD><B>Description copied from class: <CODE><A HREF="../../../../com/golden/gamedev/object/SpriteGroup.html#setBackground(com.golden.gamedev.object.Background)">SpriteGroup</A></CODE></B></DD>
<DD>Associates specified background with this sprite group, the background
 will be used by all sprites in this group.
<P>
<DD><DL>
<DT><B>Overrides:</B><DD><CODE><A HREF="../../../../com/golden/gamedev/object/SpriteGroup.html#setBackground(com.golden.gamedev.object.Background)">setBackground</A></CODE> in class <CODE><A HREF="../../../../com/golden/gamedev/object/SpriteGroup.html" title="class in com.golden.gamedev.object">SpriteGroup</A></CODE></DL>
</DD>
<DD><DL>
<DT><B>See Also:</B><DD><A HREF="../../../../com/golden/gamedev/object/SpriteGroup.html#getBackground()"><CODE>SpriteGroup.getBackground()</CODE></A></DL>
</DD>
</DL>
<HR>

<A NAME="setComparator(java.util.Comparator)"><!-- --></A><H3>
setComparator</H3>
<PRE>
public void <B>setComparator</B>(<A HREF="http://java.sun.com/j2se/1.4/docs/api/java/util/Comparator.html" title="class or interface in java.util">Comparator</A>&nbsp;c)</PRE>
<DL>
<DD><B>Description copied from class: <CODE><A HREF="../../../../com/golden/gamedev/object/SpriteGroup.html#setComparator(java.util.Comparator)">SpriteGroup</A></CODE></B></DD>
<DD>Sets comparator used for sorting sprites in this group. Specify null
 comparator for unsort order (the first sprite in the array will be
 rendered at the back of other sprite). <p>

 The comparator is used by
 <A HREF="http://java.sun.com/j2se/1.4/docs/api/java/util/Arrays.html#sort(T[], int, int, java.util.Comparator)" title="class or interface in java.util"><CODE>Arrays.sort(java.lang.Object[], int, int, java.util.Comparator)</CODE></A>
 to sort the sprites before rendering. For more information about how to
 make comparator, please read java.util.Comparator and
 java.util.Arrays#sort().

 Example of sorting sprites based on y-axis :
 <pre>
    SpriteGroup ENEMY_GROUP;

    ENEMY_GROUP.setComparator(
       new Comparator() {
          public int compare(Object o1, Object o2) {
             Sprite s1 = (Sprite) o1,
                    s2 = (Sprite) o2;

             return (s1.getY() - s2.getY());
          }
       }
    };
 </pre>
<P>
<DD><DL>
<DT><B>Overrides:</B><DD><CODE><A HREF="../../../../com/golden/gamedev/object/SpriteGroup.html#setComparator(java.util.Comparator)">setComparator</A></CODE> in class <CODE><A HREF="../../../../com/golden/gamedev/object/SpriteGroup.html" title="class in com.golden.gamedev.object">SpriteGroup</A></CODE></DL>
</DD>
<DD><DL>
<DT><B>Parameters:</B><DD><CODE>c</CODE> - the sprite comparator, null for unsort order<DT><B>See Also:</B><DD><A HREF="http://java.sun.com/j2se/1.4/docs/api/java/util/Comparator.html" title="class or interface in java.util"><CODE>Comparator</CODE></A>, 
<A HREF="http://java.sun.com/j2se/1.4/docs/api/java/util/Arrays.html#sort(T[], int, int, java.util.Comparator)" title="class or interface in java.util"><CODE>Arrays.sort(java.lang.Object[], int, int, java.util.Comparator)</CODE></A></DL>
</DD>
</DL>
<HR>

<A NAME="getScreenOffset()"><!-- --></A><H3>
getScreenOffset</H3>
<PRE>
public <A HREF="http://java.sun.com/j2se/1.4/docs/api/java/awt/Insets.html" title="class or interface in java.awt">Insets</A> <B>getScreenOffset</B>()</PRE>
<DL>
<DD>Returns screen offset of this group.
 Sprites that outside of screen bounds that still in this offset
 still categorized as on screen sprites.
<P>
<DD><DL>
</DL>
</DD>
</DL>
<HR>

<A NAME="getSprites()"><!-- --></A><H3>
getSprites</H3>
<PRE>
public <A HREF="../../../../com/golden/gamedev/object/Sprite.html" title="class in com.golden.gamedev.object">Sprite</A>[] <B>getSprites</B>()</PRE>
<DL>
<DD>Returns all <i>on-screen sprites</i>
 (active, inactive, and also <b>null</b> sprite) in this group.
<P>
<DD><DL>
<DT><B>Overrides:</B><DD><CODE><A HREF="../../../../com/golden/gamedev/object/SpriteGroup.html#getSprites()">getSprites</A></CODE> in class <CODE><A HREF="../../../../com/golden/gamedev/object/SpriteGroup.html" title="class in com.golden.gamedev.object">SpriteGroup</A></CODE></DL>
</DD>
<DD><DL>
<DT><B>See Also:</B><DD><A HREF="../../../../com/golden/gamedev/object/AdvanceSpriteGroup.html#getSize()"><CODE>getSize()</CODE></A></DL>
</DD>
</DL>
<HR>

<A NAME="getSize()"><!-- --></A><H3>
getSize</H3>
<PRE>
public int <B>getSize</B>()</PRE>
<DL>
<DD>Returns total <b>non-null</b> <i>on-screen sprites</i>
 (active + inactive sprites) in this group.
<P>
<DD><DL>
<DT><B>Overrides:</B><DD><CODE><A HREF="../../../../com/golden/gamedev/object/SpriteGroup.html#getSize()">getSize</A></CODE> in class <CODE><A HREF="../../../../com/golden/gamedev/object/SpriteGroup.html" title="class in com.golden.gamedev.object">SpriteGroup</A></CODE></DL>
</DD>
<DD><DL>
<DT><B>See Also:</B><DD><A HREF="../../../../com/golden/gamedev/object/SpriteGroup.html#getSprites()"><CODE>SpriteGroup.getSprites()</CODE></A></DL>
</DD>
</DL>
<HR>

<A NAME="getGroupSprites()"><!-- --></A><H3>
getGroupSprites</H3>
<PRE>
public <A HREF="../../../../com/golden/gamedev/object/Sprite.html" title="class in com.golden.gamedev.object">Sprite</A>[] <B>getGroupSprites</B>()</PRE>
<DL>
<DD>Returns all sprites (active, inactive, and also <b>null</b> sprite)
 in this group.
<P>
<DD><DL>
<DT><B>See Also:</B><DD><A HREF="../../../../com/golden/gamedev/object/AdvanceSpriteGroup.html#getGroupSize()"><CODE>getGroupSize()</CODE></A></DL>
</DD>
</DL>
<HR>

<A NAME="getGroupSize()"><!-- --></A><H3>
getGroupSize</H3>
<PRE>
public int <B>getGroupSize</B>()</PRE>
<DL>
<DD>Returns total <b>non-null</b> sprites (active + inactive) in this group.
<P>
<DD><DL>
</DL>
</DD>
</DL>
<!-- ========= END OF CLASS DATA ========= -->
<HR>


<!-- ======= START OF BOTTOM NAVBAR ====== -->
<A NAME="navbar_bottom"><!-- --></A>
<A HREF="#skip-navbar_bottom" title="Skip navigation links"></A>
<TABLE BORDER="0" WIDTH="100%" CELLPADDING="1" CELLSPACING="0" SUMMARY="">
<TR>
<TD COLSPAN=2 BGCOLOR="#EEEEFF" CLASS="NavBarCell1">
<A NAME="navbar_bottom_firstrow"><!-- --></A>
<TABLE BORDER="0" CELLPADDING="0" CELLSPACING="3" SUMMARY="">
  <TR ALIGN="center" VALIGN="top">
  <TD BGCOLOR="#EEEEFF" CLASS="NavBarCell1">    <A HREF="../../../../overview-summary.html"><FONT CLASS="NavBarFont1"><B>Overview</B></FONT></A>&nbsp;</TD>
  <TD BGCOLOR="#EEEEFF" CLASS="NavBarCell1">    <A HREF="package-summary.html"><FONT CLASS="NavBarFont1"><B>Package</B></FONT></A>&nbsp;</TD>
  <TD BGCOLOR="#FFFFFF" CLASS="NavBarCell1Rev"> &nbsp;<FONT CLASS="NavBarFont1Rev"><B>Class</B></FONT>&nbsp;</TD>
  <TD BGCOLOR="#EEEEFF" CLASS="NavBarCell1">    <A HREF="class-use/AdvanceSpriteGroup.html"><FONT CLASS="NavBarFont1"><B>Use</B></FONT></A>&nbsp;</TD>
  <TD BGCOLOR="#EEEEFF" CLASS="NavBarCell1">    <A HREF="package-tree.html"><FONT CLASS="NavBarFont1"><B>Tree</B></FONT></A>&nbsp;</TD>
  <TD BGCOLOR="#EEEEFF" CLASS="NavBarCell1">    <A HREF="../../../../index-all.html"><FONT CLASS="NavBarFont1"><B>Index</B></FONT></A>&nbsp;</TD>
  <TD BGCOLOR="#EEEEFF" CLASS="NavBarCell1">    <A HREF="../../../../help-doc.html"><FONT CLASS="NavBarFont1"><B>Help</B></FONT></A>&nbsp;</TD>
  </TR>
</TABLE>
</TD>
<TD ALIGN="right" VALIGN="top" ROWSPAN=3><EM>
<b>GTGE API</b></EM>
</TD>
</TR>

<TR>
<TD BGCOLOR="white" CLASS="NavBarCell2"><FONT SIZE="-2">
&nbsp;PREV CLASS&nbsp;
&nbsp;<A HREF="../../../../com/golden/gamedev/object/AnimatedSprite.html" title="class in com.golden.gamedev.object"><B>NEXT CLASS</B></A></FONT></TD>
<TD BGCOLOR="white" CLASS="NavBarCell2"><FONT SIZE="-2">
  <A HREF="../../../../index.html?com/golden/gamedev/object/AdvanceSpriteGroup.html" target="_top"><B>FRAMES</B></A>  &nbsp;
&nbsp;<A HREF="AdvanceSpriteGroup.html" target="_top"><B>NO FRAMES</B></A>  &nbsp;
&nbsp;<SCRIPT type="text/javascript">
  <!--
  if(window==top) {
    document.writeln('<A HREF="../../../../allclasses-noframe.html"><B>All Classes</B></A>');
  }
  //-->
</SCRIPT>
<NOSCRIPT>
  <A HREF="../../../../allclasses-noframe.html"><B>All Classes</B></A>
</NOSCRIPT>


</FONT></TD>
</TR>
<TR>
<TD VALIGN="top" CLASS="NavBarCell3"><FONT SIZE="-2">
  SUMMARY:&nbsp;NESTED&nbsp;|&nbsp;<A HREF="#field_summary">FIELD</A>&nbsp;|&nbsp;<A HREF="#constructor_summary">CONSTR</A>&nbsp;|&nbsp;<A HREF="#method_summary">METHOD</A></FONT></TD>
<TD VALIGN="top" CLASS="NavBarCell3"><FONT SIZE="-2">
DETAIL:&nbsp;<A HREF="#field_detail">FIELD</A>&nbsp;|&nbsp;<A HREF="#constructor_detail">CONSTR</A>&nbsp;|&nbsp;<A HREF="#method_detail">METHOD</A></FONT></TD>
</TR>
</TABLE>
<A NAME="skip-navbar_bottom"></A>
<!-- ======== END OF BOTTOM NAVBAR ======= -->

<HR>
<i>Copyright &copy; 2003-2005 Golden T Studios. All rights reserved. Use is subject to <a href=http://creativecommons.org/licenses/by/2.0/>license terms<a/>.<br><a target=_blank href=http://www.goldenstudios.or.id/>GoldenStudios.or.id</a></i>
</BODY>
</HTML>
