<!DOCTYPE HTML PUBLIC "-//W3C//DTD HTML 4.01 Transitional//EN" "http://www.w3.org/TR/html4/loose.dtd">
<!--NewPage-->
<HTML>
<HEAD>
<!-- Generated by javadoc (build 1.5.0_01) on Sun Jul 03 07:12:32 ICT 2005 -->
<TITLE>
Background (GTGE API v0.2.3)
</TITLE>

<META NAME="keywords" CONTENT="com.golden.gamedev.object.Background class">

<LINK REL ="stylesheet" TYPE="text/css" HREF="../../../../stylesheet.css" TITLE="Style">

<SCRIPT type="text/javascript">
function windowTitle()
{
    parent.document.title="Background (GTGE API v0.2.3)";
}
</SCRIPT>
<NOSCRIPT>
</NOSCRIPT>

</HEAD>

<BODY BGCOLOR="white" onload="windowTitle();">


<!-- ========= START OF TOP NAVBAR ======= -->
<A NAME="navbar_top"><!-- --></A>
<A HREF="#skip-navbar_top" title="Skip navigation links"></A>
<TABLE BORDER="0" WIDTH="100%" CELLPADDING="1" CELLSPACING="0" SUMMARY="">
<TR>
<TD COLSPAN=2 BGCOLOR="#EEEEFF" CLASS="NavBarCell1">
<A NAME="navbar_top_firstrow"><!-- --></A>
<TABLE BORDER="0" CELLPADDING="0" CELLSPACING="3" SUMMARY="">
  <TR ALIGN="center" VALIGN="top">
  <TD BGCOLOR="#EEEEFF" CLASS="NavBarCell1">    <A HREF="../../../../overview-summary.html"><FONT CLASS="NavBarFont1"><B>Overview</B></FONT></A>&nbsp;</TD>
  <TD BGCOLOR="#EEEEFF" CLASS="NavBarCell1">    <A HREF="package-summary.html"><FONT CLASS="NavBarFont1"><B>Package</B></FONT></A>&nbsp;</TD>
  <TD BGCOLOR="#FFFFFF" CLASS="NavBarCell1Rev"> &nbsp;<FONT CLASS="NavBarFont1Rev"><B>Class</B></FONT>&nbsp;</TD>
  <TD BGCOLOR="#EEEEFF" CLASS="NavBarCell1">    <A HREF="class-use/Background.html"><FONT CLASS="NavBarFont1"><B>Use</B></FONT></A>&nbsp;</TD>
  <TD BGCOLOR="#EEEEFF" CLASS="NavBarCell1">    <A HREF="package-tree.html"><FONT CLASS="NavBarFont1"><B>Tree</B></FONT></A>&nbsp;</TD>
  <TD BGCOLOR="#EEEEFF" CLASS="NavBarCell1">    <A HREF="../../../../index-all.html"><FONT CLASS="NavBarFont1"><B>Index</B></FONT></A>&nbsp;</TD>
  <TD BGCOLOR="#EEEEFF" CLASS="NavBarCell1">    <A HREF="../../../../help-doc.html"><FONT CLASS="NavBarFont1"><B>Help</B></FONT></A>&nbsp;</TD>
  </TR>
</TABLE>
</TD>
<TD ALIGN="right" VALIGN="top" ROWSPAN=3><EM>
<b>GTGE API</b></EM>
</TD>
</TR>

<TR>
<TD BGCOLOR="white" CLASS="NavBarCell2"><FONT SIZE="-2">
&nbsp;<A HREF="../../../../com/golden/gamedev/object/AnimatedSprite.html" title="class in com.golden.gamedev.object"><B>PREV CLASS</B></A>&nbsp;
&nbsp;<A HREF="../../../../com/golden/gamedev/object/CollisionManager.html" title="class in com.golden.gamedev.object"><B>NEXT CLASS</B></A></FONT></TD>
<TD BGCOLOR="white" CLASS="NavBarCell2"><FONT SIZE="-2">
  <A HREF="../../../../index.html?com/golden/gamedev/object/Background.html" target="_top"><B>FRAMES</B></A>  &nbsp;
&nbsp;<A HREF="Background.html" target="_top"><B>NO FRAMES</B></A>  &nbsp;
&nbsp;<SCRIPT type="text/javascript">
  <!--
  if(window==top) {
    document.writeln('<A HREF="../../../../allclasses-noframe.html"><B>All Classes</B></A>');
  }
  //-->
</SCRIPT>
<NOSCRIPT>
  <A HREF="../../../../allclasses-noframe.html"><B>All Classes</B></A>
</NOSCRIPT>


</FONT></TD>
</TR>
<TR>
<TD VALIGN="top" CLASS="NavBarCell3"><FONT SIZE="-2">
  SUMMARY:&nbsp;NESTED&nbsp;|&nbsp;<A HREF="#field_summary">FIELD</A>&nbsp;|&nbsp;<A HREF="#constructor_summary">CONSTR</A>&nbsp;|&nbsp;<A HREF="#method_summary">METHOD</A></FONT></TD>
<TD VALIGN="top" CLASS="NavBarCell3"><FONT SIZE="-2">
DETAIL:&nbsp;<A HREF="#field_detail">FIELD</A>&nbsp;|&nbsp;<A HREF="#constructor_detail">CONSTR</A>&nbsp;|&nbsp;<A HREF="#method_detail">METHOD</A></FONT></TD>
</TR>
</TABLE>
<A NAME="skip-navbar_top"></A>
<!-- ========= END OF TOP NAVBAR ========= -->

<HR>
<!-- ======== START OF CLASS DATA ======== -->
<H2>
<FONT SIZE="-1">
com.golden.gamedev.object</FONT>
<BR>
Class Background</H2>
<PRE>
<A HREF="http://java.sun.com/j2se/1.4/docs/api/java/lang/Object.html" title="class or interface in java.lang">java.lang.Object</A>
  <IMG SRC="../../../../resources/inherit.gif" ALT="extended by "><B>com.golden.gamedev.object.Background</B>
</PRE>
<DL>
<DT><B>All Implemented Interfaces:</B> <DD><A HREF="http://java.sun.com/j2se/1.4/docs/api/java/io/Serializable.html" title="class or interface in java.io">Serializable</A></DD>
</DL>
<DL>
<DT><B>Direct Known Subclasses:</B> <DD><A HREF="../../../../com/golden/gamedev/object/background/abstraction/AbstractIsometricBackground.html" title="class in com.golden.gamedev.object.background.abstraction">AbstractIsometricBackground</A>, <A HREF="../../../../com/golden/gamedev/object/background/abstraction/AbstractTileBackground.html" title="class in com.golden.gamedev.object.background.abstraction">AbstractTileBackground</A>, <A HREF="../../../../com/golden/gamedev/object/background/ColorBackground.html" title="class in com.golden.gamedev.object.background">ColorBackground</A>, <A HREF="../../../../com/golden/gamedev/object/background/ImageBackground.html" title="class in com.golden.gamedev.object.background">ImageBackground</A>, <A HREF="../../../../com/golden/gamedev/object/background/ParallaxBackground.html" title="class in com.golden.gamedev.object.background">ParallaxBackground</A></DD>
</DL>
<HR>
<DL>
<DT><PRE>public class <B>Background</B><DT>extends <A HREF="http://java.sun.com/j2se/1.4/docs/api/java/lang/Object.html" title="class or interface in java.lang">Object</A><DT>implements <A HREF="http://java.sun.com/j2se/1.4/docs/api/java/io/Serializable.html" title="class or interface in java.io">Serializable</A></DL>
</PRE>

<P>
<code>Background</code> is the area where every sprites lived. <p>

 A background has a view area/view port/clipping area, that is the area which
 is seen to the player. By default the view area of a newly created background
 is as big as game dimension. For example if the game is created as big as
 640 x 480 dimension, the background view area would be also 640 x 480, thus
 occupy all the game view. To set the background view area,
 use <A HREF="../../../../com/golden/gamedev/object/Background.html#setClip(int, int, int, int)">setClip(x, y, width, height)</A>. <p>

 If the background size is larger than view area, means there is area not
 viewable, use <A HREF="../../../../com/golden/gamedev/object/Background.html#move(double, double)">move(dx, dy)</A> or
 <A HREF="../../../../com/golden/gamedev/object/Background.html#setLocation(double, double)">setLocation(double, double)</A> to move around. <p>

 To set a sprite to be the center of the background, use
 <A HREF="../../../../com/golden/gamedev/object/Background.html#setToCenter(com.golden.gamedev.object.Sprite)">setToCenter(Sprite)</A>.
<P>

<P>
<DL>
<DT><B>See Also:</B><DD><A HREF="../../../../com/golden/gamedev/object/background/package-summary.html"><CODE>com.golden.gamedev.object.background</CODE></A>, 
<A HREF="../../../../serialized-form.html#com.golden.gamedev.object.Background">Serialized Form</A></DL>
<HR>

<P>
<!-- =========== FIELD SUMMARY =========== -->

<A NAME="field_summary"><!-- --></A>
<TABLE BORDER="1" WIDTH="100%" CELLPADDING="3" CELLSPACING="0" SUMMARY="">
<TR BGCOLOR="#CCCCFF" CLASS="TableHeadingColor">
<TH ALIGN="left" COLSPAN="2"><FONT SIZE="+2">
<B>Field Summary</B></FONT></TH>
</TR>
<TR BGCOLOR="white" CLASS="TableRowColor">
<TD ALIGN="right" VALIGN="top" WIDTH="1%"><FONT SIZE="-1">
<CODE>static&nbsp;<A HREF="http://java.sun.com/j2se/1.4/docs/api/java/awt/Dimension.html" title="class or interface in java.awt">Dimension</A></CODE></FONT></TD>
<TD><CODE><B><A HREF="../../../../com/golden/gamedev/object/Background.html#screen">screen</A></B></CODE>

<BR>
&nbsp;&nbsp;&nbsp;&nbsp;&nbsp;&nbsp;&nbsp;&nbsp;&nbsp;&nbsp;Screen resolution dimension.</TD>
</TR>
<TR BGCOLOR="white" CLASS="TableRowColor">
<TD ALIGN="right" VALIGN="top" WIDTH="1%"><FONT SIZE="-1">
<CODE>protected &nbsp;double</CODE></FONT></TD>
<TD><CODE><B><A HREF="../../../../com/golden/gamedev/object/Background.html#x">x</A></B></CODE>

<BR>
&nbsp;&nbsp;&nbsp;&nbsp;&nbsp;&nbsp;&nbsp;&nbsp;&nbsp;&nbsp;Background <code>x</code> coordinate.</TD>
</TR>
<TR BGCOLOR="white" CLASS="TableRowColor">
<TD ALIGN="right" VALIGN="top" WIDTH="1%"><FONT SIZE="-1">
<CODE>protected &nbsp;double</CODE></FONT></TD>
<TD><CODE><B><A HREF="../../../../com/golden/gamedev/object/Background.html#y">y</A></B></CODE>

<BR>
&nbsp;&nbsp;&nbsp;&nbsp;&nbsp;&nbsp;&nbsp;&nbsp;&nbsp;&nbsp;Background <code>y</code> coordinate.</TD>
</TR>
</TABLE>
&nbsp;
<!-- ======== CONSTRUCTOR SUMMARY ======== -->

<A NAME="constructor_summary"><!-- --></A>
<TABLE BORDER="1" WIDTH="100%" CELLPADDING="3" CELLSPACING="0" SUMMARY="">
<TR BGCOLOR="#CCCCFF" CLASS="TableHeadingColor">
<TH ALIGN="left" COLSPAN="2"><FONT SIZE="+2">
<B>Constructor Summary</B></FONT></TH>
</TR>
<TR BGCOLOR="white" CLASS="TableRowColor">
<TD><CODE><B><A HREF="../../../../com/golden/gamedev/object/Background.html#Background()">Background</A></B>()</CODE>

<BR>
&nbsp;&nbsp;&nbsp;&nbsp;&nbsp;&nbsp;&nbsp;&nbsp;&nbsp;&nbsp;Creates new Background, with size and clipping area as large as screen
 size.</TD>
</TR>
<TR BGCOLOR="white" CLASS="TableRowColor">
<TD><CODE><B><A HREF="../../../../com/golden/gamedev/object/Background.html#Background(int, int)">Background</A></B>(int&nbsp;w,
           int&nbsp;h)</CODE>

<BR>
&nbsp;&nbsp;&nbsp;&nbsp;&nbsp;&nbsp;&nbsp;&nbsp;&nbsp;&nbsp;Creates new Background with specified size, and default clipping area
 (as large as screen size).</TD>
</TR>
</TABLE>
&nbsp;
<!-- ========== METHOD SUMMARY =========== -->

<A NAME="method_summary"><!-- --></A>
<TABLE BORDER="1" WIDTH="100%" CELLPADDING="3" CELLSPACING="0" SUMMARY="">
<TR BGCOLOR="#CCCCFF" CLASS="TableHeadingColor">
<TH ALIGN="left" COLSPAN="2"><FONT SIZE="+2">
<B>Method Summary</B></FONT></TH>
</TR>
<TR BGCOLOR="white" CLASS="TableRowColor">
<TD ALIGN="right" VALIGN="top" WIDTH="1%"><FONT SIZE="-1">
<CODE>&nbsp;<A HREF="http://java.sun.com/j2se/1.4/docs/api/java/awt/Rectangle.html" title="class or interface in java.awt">Rectangle</A></CODE></FONT></TD>
<TD><CODE><B><A HREF="../../../../com/golden/gamedev/object/Background.html#getClip()">getClip</A></B>()</CODE>

<BR>
&nbsp;&nbsp;&nbsp;&nbsp;&nbsp;&nbsp;&nbsp;&nbsp;&nbsp;&nbsp;Returns background screen viewport (clipping area), anything outside
 viewport area will not be rendered.</TD>
</TR>
<TR BGCOLOR="white" CLASS="TableRowColor">
<TD ALIGN="right" VALIGN="top" WIDTH="1%"><FONT SIZE="-1">
<CODE>static&nbsp;<A HREF="../../../../com/golden/gamedev/object/Background.html" title="class in com.golden.gamedev.object">Background</A></CODE></FONT></TD>
<TD><CODE><B><A HREF="../../../../com/golden/gamedev/object/Background.html#getDefaultBackground()">getDefaultBackground</A></B>()</CODE>

<BR>
&nbsp;&nbsp;&nbsp;&nbsp;&nbsp;&nbsp;&nbsp;&nbsp;&nbsp;&nbsp;Returns the default background used by every newly created sprite.</TD>
</TR>
<TR BGCOLOR="white" CLASS="TableRowColor">
<TD ALIGN="right" VALIGN="top" WIDTH="1%"><FONT SIZE="-1">
<CODE>&nbsp;int</CODE></FONT></TD>
<TD><CODE><B><A HREF="../../../../com/golden/gamedev/object/Background.html#getHeight()">getHeight</A></B>()</CODE>

<BR>
&nbsp;&nbsp;&nbsp;&nbsp;&nbsp;&nbsp;&nbsp;&nbsp;&nbsp;&nbsp;Returns the height of this background.</TD>
</TR>
<TR BGCOLOR="white" CLASS="TableRowColor">
<TD ALIGN="right" VALIGN="top" WIDTH="1%"><FONT SIZE="-1">
<CODE>&nbsp;int</CODE></FONT></TD>
<TD><CODE><B><A HREF="../../../../com/golden/gamedev/object/Background.html#getWidth()">getWidth</A></B>()</CODE>

<BR>
&nbsp;&nbsp;&nbsp;&nbsp;&nbsp;&nbsp;&nbsp;&nbsp;&nbsp;&nbsp;Returns the width of this background.</TD>
</TR>
<TR BGCOLOR="white" CLASS="TableRowColor">
<TD ALIGN="right" VALIGN="top" WIDTH="1%"><FONT SIZE="-1">
<CODE>&nbsp;double</CODE></FONT></TD>
<TD><CODE><B><A HREF="../../../../com/golden/gamedev/object/Background.html#getX()">getX</A></B>()</CODE>

<BR>
&nbsp;&nbsp;&nbsp;&nbsp;&nbsp;&nbsp;&nbsp;&nbsp;&nbsp;&nbsp;Returns the <code>x</code> coordinate of this background.</TD>
</TR>
<TR BGCOLOR="white" CLASS="TableRowColor">
<TD ALIGN="right" VALIGN="top" WIDTH="1%"><FONT SIZE="-1">
<CODE>&nbsp;double</CODE></FONT></TD>
<TD><CODE><B><A HREF="../../../../com/golden/gamedev/object/Background.html#getY()">getY</A></B>()</CODE>

<BR>
&nbsp;&nbsp;&nbsp;&nbsp;&nbsp;&nbsp;&nbsp;&nbsp;&nbsp;&nbsp;Returns the <code>y</code> coordinate of this background.</TD>
</TR>
<TR BGCOLOR="white" CLASS="TableRowColor">
<TD ALIGN="right" VALIGN="top" WIDTH="1%"><FONT SIZE="-1">
<CODE>&nbsp;void</CODE></FONT></TD>
<TD><CODE><B><A HREF="../../../../com/golden/gamedev/object/Background.html#move(double, double)">move</A></B>(double&nbsp;dx,
     double&nbsp;dy)</CODE>

<BR>
&nbsp;&nbsp;&nbsp;&nbsp;&nbsp;&nbsp;&nbsp;&nbsp;&nbsp;&nbsp;Moves background location by specified pixels.</TD>
</TR>
<TR BGCOLOR="white" CLASS="TableRowColor">
<TD ALIGN="right" VALIGN="top" WIDTH="1%"><FONT SIZE="-1">
<CODE>&nbsp;void</CODE></FONT></TD>
<TD><CODE><B><A HREF="../../../../com/golden/gamedev/object/Background.html#render(java.awt.Graphics2D)">render</A></B>(<A HREF="http://java.sun.com/j2se/1.4/docs/api/java/awt/Graphics2D.html" title="class or interface in java.awt">Graphics2D</A>&nbsp;g)</CODE>

<BR>
&nbsp;&nbsp;&nbsp;&nbsp;&nbsp;&nbsp;&nbsp;&nbsp;&nbsp;&nbsp;Renders background to specified graphics context.</TD>
</TR>
<TR BGCOLOR="white" CLASS="TableRowColor">
<TD ALIGN="right" VALIGN="top" WIDTH="1%"><FONT SIZE="-1">
<CODE>&nbsp;void</CODE></FONT></TD>
<TD><CODE><B><A HREF="../../../../com/golden/gamedev/object/Background.html#render(java.awt.Graphics2D, int, int, int, int, int, int)">render</A></B>(<A HREF="http://java.sun.com/j2se/1.4/docs/api/java/awt/Graphics2D.html" title="class or interface in java.awt">Graphics2D</A>&nbsp;g,
       int&nbsp;xbg,
       int&nbsp;ybg,
       int&nbsp;x,
       int&nbsp;y,
       int&nbsp;w,
       int&nbsp;h)</CODE>

<BR>
&nbsp;&nbsp;&nbsp;&nbsp;&nbsp;&nbsp;&nbsp;&nbsp;&nbsp;&nbsp;Renders background from specified position and clipping area to specified
 graphics context.</TD>
</TR>
<TR BGCOLOR="white" CLASS="TableRowColor">
<TD ALIGN="right" VALIGN="top" WIDTH="1%"><FONT SIZE="-1">
<CODE>&nbsp;void</CODE></FONT></TD>
<TD><CODE><B><A HREF="../../../../com/golden/gamedev/object/Background.html#setClip(int, int, int, int)">setClip</A></B>(int&nbsp;x,
        int&nbsp;y,
        int&nbsp;width,
        int&nbsp;height)</CODE>

<BR>
&nbsp;&nbsp;&nbsp;&nbsp;&nbsp;&nbsp;&nbsp;&nbsp;&nbsp;&nbsp;Sets background clipping area (viewport).</TD>
</TR>
<TR BGCOLOR="white" CLASS="TableRowColor">
<TD ALIGN="right" VALIGN="top" WIDTH="1%"><FONT SIZE="-1">
<CODE>&nbsp;void</CODE></FONT></TD>
<TD><CODE><B><A HREF="../../../../com/golden/gamedev/object/Background.html#setClip(java.awt.Rectangle)">setClip</A></B>(<A HREF="http://java.sun.com/j2se/1.4/docs/api/java/awt/Rectangle.html" title="class or interface in java.awt">Rectangle</A>&nbsp;r)</CODE>

<BR>
&nbsp;&nbsp;&nbsp;&nbsp;&nbsp;&nbsp;&nbsp;&nbsp;&nbsp;&nbsp;Sets background clipping area (viewport).</TD>
</TR>
<TR BGCOLOR="white" CLASS="TableRowColor">
<TD ALIGN="right" VALIGN="top" WIDTH="1%"><FONT SIZE="-1">
<CODE>&nbsp;void</CODE></FONT></TD>
<TD><CODE><B><A HREF="../../../../com/golden/gamedev/object/Background.html#setLocation(double, double)">setLocation</A></B>(double&nbsp;xb,
            double&nbsp;yb)</CODE>

<BR>
&nbsp;&nbsp;&nbsp;&nbsp;&nbsp;&nbsp;&nbsp;&nbsp;&nbsp;&nbsp;Sets background location to specified coordinate.</TD>
</TR>
<TR BGCOLOR="white" CLASS="TableRowColor">
<TD ALIGN="right" VALIGN="top" WIDTH="1%"><FONT SIZE="-1">
<CODE>&nbsp;void</CODE></FONT></TD>
<TD><CODE><B><A HREF="../../../../com/golden/gamedev/object/Background.html#setSize(int, int)">setSize</A></B>(int&nbsp;w,
        int&nbsp;h)</CODE>

<BR>
&nbsp;&nbsp;&nbsp;&nbsp;&nbsp;&nbsp;&nbsp;&nbsp;&nbsp;&nbsp;Sets the size of this background.</TD>
</TR>
<TR BGCOLOR="white" CLASS="TableRowColor">
<TD ALIGN="right" VALIGN="top" WIDTH="1%"><FONT SIZE="-1">
<CODE>&nbsp;void</CODE></FONT></TD>
<TD><CODE><B><A HREF="../../../../com/golden/gamedev/object/Background.html#setToCenter(int, int, int, int)">setToCenter</A></B>(int&nbsp;x,
            int&nbsp;y,
            int&nbsp;w,
            int&nbsp;h)</CODE>

<BR>
&nbsp;&nbsp;&nbsp;&nbsp;&nbsp;&nbsp;&nbsp;&nbsp;&nbsp;&nbsp;Sets specified rectangle as the center of the background's viewport.</TD>
</TR>
<TR BGCOLOR="white" CLASS="TableRowColor">
<TD ALIGN="right" VALIGN="top" WIDTH="1%"><FONT SIZE="-1">
<CODE>&nbsp;void</CODE></FONT></TD>
<TD><CODE><B><A HREF="../../../../com/golden/gamedev/object/Background.html#setToCenter(com.golden.gamedev.object.Sprite)">setToCenter</A></B>(<A HREF="../../../../com/golden/gamedev/object/Sprite.html" title="class in com.golden.gamedev.object">Sprite</A>&nbsp;centered)</CODE>

<BR>
&nbsp;&nbsp;&nbsp;&nbsp;&nbsp;&nbsp;&nbsp;&nbsp;&nbsp;&nbsp;Sets specified sprite as the center of the background's viewport.</TD>
</TR>
<TR BGCOLOR="white" CLASS="TableRowColor">
<TD ALIGN="right" VALIGN="top" WIDTH="1%"><FONT SIZE="-1">
<CODE>&nbsp;void</CODE></FONT></TD>
<TD><CODE><B><A HREF="../../../../com/golden/gamedev/object/Background.html#update(long)">update</A></B>(long&nbsp;elapsedTime)</CODE>

<BR>
&nbsp;&nbsp;&nbsp;&nbsp;&nbsp;&nbsp;&nbsp;&nbsp;&nbsp;&nbsp;Updates this background, this method is usually used to create background
 animation or other special effect on the background.</TD>
</TR>
</TABLE>
&nbsp;<A NAME="methods_inherited_from_class_java.lang.Object"><!-- --></A>
<TABLE BORDER="1" WIDTH="100%" CELLPADDING="3" CELLSPACING="0" SUMMARY="">
<TR BGCOLOR="#EEEEFF" CLASS="TableSubHeadingColor">
<TH ALIGN="left"><B>Methods inherited from class java.lang.<A HREF="http://java.sun.com/j2se/1.4/docs/api/java/lang/Object.html" title="class or interface in java.lang">Object</A></B></TH>
</TR>
<TR BGCOLOR="white" CLASS="TableRowColor">
<TD><CODE><A HREF="http://java.sun.com/j2se/1.4/docs/api/java/lang/Object.html#clone()" title="class or interface in java.lang">clone</A>, <A HREF="http://java.sun.com/j2se/1.4/docs/api/java/lang/Object.html#equals(java.lang.Object)" title="class or interface in java.lang">equals</A>, <A HREF="http://java.sun.com/j2se/1.4/docs/api/java/lang/Object.html#finalize()" title="class or interface in java.lang">finalize</A>, <A HREF="http://java.sun.com/j2se/1.4/docs/api/java/lang/Object.html#getClass()" title="class or interface in java.lang">getClass</A>, <A HREF="http://java.sun.com/j2se/1.4/docs/api/java/lang/Object.html#hashCode()" title="class or interface in java.lang">hashCode</A>, <A HREF="http://java.sun.com/j2se/1.4/docs/api/java/lang/Object.html#notify()" title="class or interface in java.lang">notify</A>, <A HREF="http://java.sun.com/j2se/1.4/docs/api/java/lang/Object.html#notifyAll()" title="class or interface in java.lang">notifyAll</A>, <A HREF="http://java.sun.com/j2se/1.4/docs/api/java/lang/Object.html#toString()" title="class or interface in java.lang">toString</A>, <A HREF="http://java.sun.com/j2se/1.4/docs/api/java/lang/Object.html#wait()" title="class or interface in java.lang">wait</A>, <A HREF="http://java.sun.com/j2se/1.4/docs/api/java/lang/Object.html#wait(long)" title="class or interface in java.lang">wait</A>, <A HREF="http://java.sun.com/j2se/1.4/docs/api/java/lang/Object.html#wait(long, int)" title="class or interface in java.lang">wait</A></CODE></TD>
</TR>
</TABLE>
&nbsp;
<P>

<!-- ============ FIELD DETAIL =========== -->

<A NAME="field_detail"><!-- --></A>
<TABLE BORDER="1" WIDTH="100%" CELLPADDING="3" CELLSPACING="0" SUMMARY="">
<TR BGCOLOR="#CCCCFF" CLASS="TableHeadingColor">
<TH ALIGN="left" COLSPAN="1"><FONT SIZE="+2">
<B>Field Detail</B></FONT></TH>
</TR>
</TABLE>

<A NAME="screen"><!-- --></A><H3>
screen</H3>
<PRE>
public static <A HREF="http://java.sun.com/j2se/1.4/docs/api/java/awt/Dimension.html" title="class or interface in java.awt">Dimension</A> <B>screen</B></PRE>
<DL>
<DD>Screen resolution dimension.
 Used to determine background clipping area. <br>
 Default value: 640x480.
<P>
<DL>
<DT><B>See Also:</B><DD><A HREF="../../../../com/golden/gamedev/object/Background.html#setClip(int, int, int, int)"><CODE>setClip(int, int, int, int)</CODE></A></DL>
</DL>
<HR>

<A NAME="x"><!-- --></A><H3>
x</H3>
<PRE>
protected double <B>x</B></PRE>
<DL>
<DD>Background <code>x</code> coordinate.
<P>
<DL>
<DT><B>See Also:</B><DD><A HREF="../../../../com/golden/gamedev/object/Background.html#setLocation(double, double)"><CODE>setLocation(double, double)</CODE></A></DL>
</DL>
<HR>

<A NAME="y"><!-- --></A><H3>
y</H3>
<PRE>
protected double <B>y</B></PRE>
<DL>
<DD>Background <code>y</code> coordinate.
<P>
<DL>
<DT><B>See Also:</B><DD><A HREF="../../../../com/golden/gamedev/object/Background.html#setLocation(double, double)"><CODE>setLocation(double, double)</CODE></A></DL>
</DL>

<!-- ========= CONSTRUCTOR DETAIL ======== -->

<A NAME="constructor_detail"><!-- --></A>
<TABLE BORDER="1" WIDTH="100%" CELLPADDING="3" CELLSPACING="0" SUMMARY="">
<TR BGCOLOR="#CCCCFF" CLASS="TableHeadingColor">
<TH ALIGN="left" COLSPAN="1"><FONT SIZE="+2">
<B>Constructor Detail</B></FONT></TH>
</TR>
</TABLE>

<A NAME="Background(int, int)"><!-- --></A><H3>
Background</H3>
<PRE>
public <B>Background</B>(int&nbsp;w,
                  int&nbsp;h)</PRE>
<DL>
<DD>Creates new Background with specified size, and default clipping area
 (as large as screen size). <p>

 Clipping area is the viewport of the background, anything outside
 viewport area will not be rendered.
<P>
<DL>
<DT><B>Parameters:</B><DD><CODE>w</CODE> - background width<DD><CODE>h</CODE> - background height</DL>
</DL>
<HR>

<A NAME="Background()"><!-- --></A><H3>
Background</H3>
<PRE>
public <B>Background</B>()</PRE>
<DL>
<DD>Creates new Background, with size and clipping area as large as screen
 size. <p>

 Clipping area is the view port of the background, anything outside
 clipping area will not be rendered.
<P>
</DL>

<!-- ============ METHOD DETAIL ========== -->

<A NAME="method_detail"><!-- --></A>
<TABLE BORDER="1" WIDTH="100%" CELLPADDING="3" CELLSPACING="0" SUMMARY="">
<TR BGCOLOR="#CCCCFF" CLASS="TableHeadingColor">
<TH ALIGN="left" COLSPAN="1"><FONT SIZE="+2">
<B>Method Detail</B></FONT></TH>
</TR>
</TABLE>

<A NAME="getDefaultBackground()"><!-- --></A><H3>
getDefaultBackground</H3>
<PRE>
public static <A HREF="../../../../com/golden/gamedev/object/Background.html" title="class in com.golden.gamedev.object">Background</A> <B>getDefaultBackground</B>()</PRE>
<DL>
<DD>Returns the default background used by every newly created sprite.
<P>
<DD><DL>
</DL>
</DD>
<DD><DL>
</DL>
</DD>
</DL>
<HR>

<A NAME="getX()"><!-- --></A><H3>
getX</H3>
<PRE>
public double <B>getX</B>()</PRE>
<DL>
<DD>Returns the <code>x</code> coordinate of this background.
<P>
<DD><DL>
</DL>
</DD>
<DD><DL>
</DL>
</DD>
</DL>
<HR>

<A NAME="getY()"><!-- --></A><H3>
getY</H3>
<PRE>
public double <B>getY</B>()</PRE>
<DL>
<DD>Returns the <code>y</code> coordinate of this background.
<P>
<DD><DL>
</DL>
</DD>
<DD><DL>
</DL>
</DD>
</DL>
<HR>

<A NAME="getWidth()"><!-- --></A><H3>
getWidth</H3>
<PRE>
public int <B>getWidth</B>()</PRE>
<DL>
<DD>Returns the width of this background.
<P>
<DD><DL>
</DL>
</DD>
<DD><DL>
</DL>
</DD>
</DL>
<HR>

<A NAME="getHeight()"><!-- --></A><H3>
getHeight</H3>
<PRE>
public int <B>getHeight</B>()</PRE>
<DL>
<DD>Returns the height of this background.
<P>
<DD><DL>
</DL>
</DD>
<DD><DL>
</DL>
</DD>
</DL>
<HR>

<A NAME="setSize(int, int)"><!-- --></A><H3>
setSize</H3>
<PRE>
public void <B>setSize</B>(int&nbsp;w,
                    int&nbsp;h)</PRE>
<DL>
<DD>Sets the size of this background.
<P>
<DD><DL>
</DL>
</DD>
<DD><DL>
</DL>
</DD>
</DL>
<HR>

<A NAME="setLocation(double, double)"><!-- --></A><H3>
setLocation</H3>
<PRE>
public void <B>setLocation</B>(double&nbsp;xb,
                        double&nbsp;yb)</PRE>
<DL>
<DD>Sets background location to specified coordinate. The location is bounded
 to background boundary (0, 0, Background.getWidth(), Background.getHeight()).
<P>
<DD><DL>
</DL>
</DD>
<DD><DL>
<DT><B>Parameters:</B><DD><CODE>xb</CODE> - the <code>x</code> coordinate of the background<DD><CODE>yb</CODE> - the <code>y</code> coordinate of the background</DL>
</DD>
</DL>
<HR>

<A NAME="move(double, double)"><!-- --></A><H3>
move</H3>
<PRE>
public void <B>move</B>(double&nbsp;dx,
                 double&nbsp;dy)</PRE>
<DL>
<DD>Moves background location by specified pixels.
<P>
<DD><DL>
</DL>
</DD>
<DD><DL>
</DL>
</DD>
</DL>
<HR>

<A NAME="setToCenter(int, int, int, int)"><!-- --></A><H3>
setToCenter</H3>
<PRE>
public void <B>setToCenter</B>(int&nbsp;x,
                        int&nbsp;y,
                        int&nbsp;w,
                        int&nbsp;h)</PRE>
<DL>
<DD>Sets specified rectangle as the center of the background's viewport.
<P>
<DD><DL>
</DL>
</DD>
<DD><DL>
</DL>
</DD>
</DL>
<HR>

<A NAME="setToCenter(com.golden.gamedev.object.Sprite)"><!-- --></A><H3>
setToCenter</H3>
<PRE>
public void <B>setToCenter</B>(<A HREF="../../../../com/golden/gamedev/object/Sprite.html" title="class in com.golden.gamedev.object">Sprite</A>&nbsp;centered)</PRE>
<DL>
<DD>Sets specified sprite as the center of the background's viewport.
<P>
<DD><DL>
</DL>
</DD>
<DD><DL>
</DL>
</DD>
</DL>
<HR>

<A NAME="setClip(int, int, int, int)"><!-- --></A><H3>
setClip</H3>
<PRE>
public void <B>setClip</B>(int&nbsp;x,
                    int&nbsp;y,
                    int&nbsp;width,
                    int&nbsp;height)</PRE>
<DL>
<DD>Sets background clipping area (viewport). Clipping area is the viewport
 of the background, anything outside viewport area will not be rendered. <p>

 By default background viewport is as large as screen size.
<P>
<DD><DL>
</DL>
</DD>
<DD><DL>
<DT><B>See Also:</B><DD><A HREF="../../../../com/golden/gamedev/object/Background.html#screen"><CODE>screen</CODE></A></DL>
</DD>
</DL>
<HR>

<A NAME="setClip(java.awt.Rectangle)"><!-- --></A><H3>
setClip</H3>
<PRE>
public void <B>setClip</B>(<A HREF="http://java.sun.com/j2se/1.4/docs/api/java/awt/Rectangle.html" title="class or interface in java.awt">Rectangle</A>&nbsp;r)</PRE>
<DL>
<DD>Sets background clipping area (viewport). Clipping area is the viewport
 of the background, anything outside viewport area will not be rendered. <p>

 By default background viewport is as large as screen size.
<P>
<DD><DL>
</DL>
</DD>
<DD><DL>
<DT><B>See Also:</B><DD><A HREF="../../../../com/golden/gamedev/object/Background.html#screen"><CODE>screen</CODE></A></DL>
</DD>
</DL>
<HR>

<A NAME="getClip()"><!-- --></A><H3>
getClip</H3>
<PRE>
public <A HREF="http://java.sun.com/j2se/1.4/docs/api/java/awt/Rectangle.html" title="class or interface in java.awt">Rectangle</A> <B>getClip</B>()</PRE>
<DL>
<DD>Returns background screen viewport (clipping area), anything outside
 viewport area will not be rendered.
<P>
<DD><DL>
</DL>
</DD>
<DD><DL>
</DL>
</DD>
</DL>
<HR>

<A NAME="update(long)"><!-- --></A><H3>
update</H3>
<PRE>
public void <B>update</B>(long&nbsp;elapsedTime)</PRE>
<DL>
<DD>Updates this background, this method is usually used to create background
 animation or other special effect on the background. <p>

 The implementation of this method provided by the <code>Background</code>
 class does nothing.
<P>
<DD><DL>
</DL>
</DD>
<DD><DL>
</DL>
</DD>
</DL>
<HR>

<A NAME="render(java.awt.Graphics2D)"><!-- --></A><H3>
render</H3>
<PRE>
public void <B>render</B>(<A HREF="http://java.sun.com/j2se/1.4/docs/api/java/awt/Graphics2D.html" title="class or interface in java.awt">Graphics2D</A>&nbsp;g)</PRE>
<DL>
<DD>Renders background to specified graphics context.
<P>
<DD><DL>
</DL>
</DD>
<DD><DL>
<DT><B>Parameters:</B><DD><CODE>g</CODE> - graphics context</DL>
</DD>
</DL>
<HR>

<A NAME="render(java.awt.Graphics2D, int, int, int, int, int, int)"><!-- --></A><H3>
render</H3>
<PRE>
public void <B>render</B>(<A HREF="http://java.sun.com/j2se/1.4/docs/api/java/awt/Graphics2D.html" title="class or interface in java.awt">Graphics2D</A>&nbsp;g,
                   int&nbsp;xbg,
                   int&nbsp;ybg,
                   int&nbsp;x,
                   int&nbsp;y,
                   int&nbsp;w,
                   int&nbsp;h)</PRE>
<DL>
<DD>Renders background from specified position and clipping area to specified
 graphics context. <p>

 This method to simplify background subclass rendering, the subclass only
 need to render the background from specified x, y coordinate with
 specified clipping area. <p>

 For example: <br>
 <pre>
    Background backgr;
    Graphics2D g;

    backgr.render(g, 100, 100,
                  5, 10, 100, 200);
 </pre>
 Means the background must render itself from background coordinate
 100, 100 to specified graphics context, starting from 5, 10 screen pixel
 as large as 100 x 200 dimension.
<P>
<DD><DL>
</DL>
</DD>
<DD><DL>
<DT><B>Parameters:</B><DD><CODE>g</CODE> - graphics context<DD><CODE>xbg</CODE> - background x-coordinate<DD><CODE>ybg</CODE> - background y-coordinate<DD><CODE>x</CODE> - screen start x clipping<DD><CODE>y</CODE> - screen start y clipping<DD><CODE>w</CODE> - clipping width<DD><CODE>h</CODE> - clipping height</DL>
</DD>
</DL>
<!-- ========= END OF CLASS DATA ========= -->
<HR>


<!-- ======= START OF BOTTOM NAVBAR ====== -->
<A NAME="navbar_bottom"><!-- --></A>
<A HREF="#skip-navbar_bottom" title="Skip navigation links"></A>
<TABLE BORDER="0" WIDTH="100%" CELLPADDING="1" CELLSPACING="0" SUMMARY="">
<TR>
<TD COLSPAN=2 BGCOLOR="#EEEEFF" CLASS="NavBarCell1">
<A NAME="navbar_bottom_firstrow"><!-- --></A>
<TABLE BORDER="0" CELLPADDING="0" CELLSPACING="3" SUMMARY="">
  <TR ALIGN="center" VALIGN="top">
  <TD BGCOLOR="#EEEEFF" CLASS="NavBarCell1">    <A HREF="../../../../overview-summary.html"><FONT CLASS="NavBarFont1"><B>Overview</B></FONT></A>&nbsp;</TD>
  <TD BGCOLOR="#EEEEFF" CLASS="NavBarCell1">    <A HREF="package-summary.html"><FONT CLASS="NavBarFont1"><B>Package</B></FONT></A>&nbsp;</TD>
  <TD BGCOLOR="#FFFFFF" CLASS="NavBarCell1Rev"> &nbsp;<FONT CLASS="NavBarFont1Rev"><B>Class</B></FONT>&nbsp;</TD>
  <TD BGCOLOR="#EEEEFF" CLASS="NavBarCell1">    <A HREF="class-use/Background.html"><FONT CLASS="NavBarFont1"><B>Use</B></FONT></A>&nbsp;</TD>
  <TD BGCOLOR="#EEEEFF" CLASS="NavBarCell1">    <A HREF="package-tree.html"><FONT CLASS="NavBarFont1"><B>Tree</B></FONT></A>&nbsp;</TD>
  <TD BGCOLOR="#EEEEFF" CLASS="NavBarCell1">    <A HREF="../../../../index-all.html"><FONT CLASS="NavBarFont1"><B>Index</B></FONT></A>&nbsp;</TD>
  <TD BGCOLOR="#EEEEFF" CLASS="NavBarCell1">    <A HREF="../../../../help-doc.html"><FONT CLASS="NavBarFont1"><B>Help</B></FONT></A>&nbsp;</TD>
  </TR>
</TABLE>
</TD>
<TD ALIGN="right" VALIGN="top" ROWSPAN=3><EM>
<b>GTGE API</b></EM>
</TD>
</TR>

<TR>
<TD BGCOLOR="white" CLASS="NavBarCell2"><FONT SIZE="-2">
&nbsp;<A HREF="../../../../com/golden/gamedev/object/AnimatedSprite.html" title="class in com.golden.gamedev.object"><B>PREV CLASS</B></A>&nbsp;
&nbsp;<A HREF="../../../../com/golden/gamedev/object/CollisionManager.html" title="class in com.golden.gamedev.object"><B>NEXT CLASS</B></A></FONT></TD>
<TD BGCOLOR="white" CLASS="NavBarCell2"><FONT SIZE="-2">
  <A HREF="../../../../index.html?com/golden/gamedev/object/Background.html" target="_top"><B>FRAMES</B></A>  &nbsp;
&nbsp;<A HREF="Background.html" target="_top"><B>NO FRAMES</B></A>  &nbsp;
&nbsp;<SCRIPT type="text/javascript">
  <!--
  if(window==top) {
    document.writeln('<A HREF="../../../../allclasses-noframe.html"><B>All Classes</B></A>');
  }
  //-->
</SCRIPT>
<NOSCRIPT>
  <A HREF="../../../../allclasses-noframe.html"><B>All Classes</B></A>
</NOSCRIPT>


</FONT></TD>
</TR>
<TR>
<TD VALIGN="top" CLASS="NavBarCell3"><FONT SIZE="-2">
  SUMMARY:&nbsp;NESTED&nbsp;|&nbsp;<A HREF="#field_summary">FIELD</A>&nbsp;|&nbsp;<A HREF="#constructor_summary">CONSTR</A>&nbsp;|&nbsp;<A HREF="#method_summary">METHOD</A></FONT></TD>
<TD VALIGN="top" CLASS="NavBarCell3"><FONT SIZE="-2">
DETAIL:&nbsp;<A HREF="#field_detail">FIELD</A>&nbsp;|&nbsp;<A HREF="#constructor_detail">CONSTR</A>&nbsp;|&nbsp;<A HREF="#method_detail">METHOD</A></FONT></TD>
</TR>
</TABLE>
<A NAME="skip-navbar_bottom"></A>
<!-- ======== END OF BOTTOM NAVBAR ======= -->

<HR>
<i>Copyright &copy; 2003-2005 Golden T Studios. All rights reserved. Use is subject to <a href=http://creativecommons.org/licenses/by/2.0/>license terms<a/>.<br><a target=_blank href=http://www.goldenstudios.or.id/>GoldenStudios.or.id</a></i>
</BODY>
</HTML>
