<!DOCTYPE HTML PUBLIC "-//W3C//DTD HTML 4.01 Transitional//EN" "http://www.w3.org/TR/html4/loose.dtd">
<!--NewPage-->
<HTML>
<HEAD>
<!-- Generated by javadoc (build 1.5.0_01) on Sun Jul 03 07:12:32 ICT 2005 -->
<TITLE>
CollisionManager (GTGE API v0.2.3)
</TITLE>

<META NAME="keywords" CONTENT="com.golden.gamedev.object.CollisionManager class">

<LINK REL ="stylesheet" TYPE="text/css" HREF="../../../../stylesheet.css" TITLE="Style">

<SCRIPT type="text/javascript">
function windowTitle()
{
    parent.document.title="CollisionManager (GTGE API v0.2.3)";
}
</SCRIPT>
<NOSCRIPT>
</NOSCRIPT>

</HEAD>

<BODY BGCOLOR="white" onload="windowTitle();">


<!-- ========= START OF TOP NAVBAR ======= -->
<A NAME="navbar_top"><!-- --></A>
<A HREF="#skip-navbar_top" title="Skip navigation links"></A>
<TABLE BORDER="0" WIDTH="100%" CELLPADDING="1" CELLSPACING="0" SUMMARY="">
<TR>
<TD COLSPAN=2 BGCOLOR="#EEEEFF" CLASS="NavBarCell1">
<A NAME="navbar_top_firstrow"><!-- --></A>
<TABLE BORDER="0" CELLPADDING="0" CELLSPACING="3" SUMMARY="">
  <TR ALIGN="center" VALIGN="top">
  <TD BGCOLOR="#EEEEFF" CLASS="NavBarCell1">    <A HREF="../../../../overview-summary.html"><FONT CLASS="NavBarFont1"><B>Overview</B></FONT></A>&nbsp;</TD>
  <TD BGCOLOR="#EEEEFF" CLASS="NavBarCell1">    <A HREF="package-summary.html"><FONT CLASS="NavBarFont1"><B>Package</B></FONT></A>&nbsp;</TD>
  <TD BGCOLOR="#FFFFFF" CLASS="NavBarCell1Rev"> &nbsp;<FONT CLASS="NavBarFont1Rev"><B>Class</B></FONT>&nbsp;</TD>
  <TD BGCOLOR="#EEEEFF" CLASS="NavBarCell1">    <A HREF="class-use/CollisionManager.html"><FONT CLASS="NavBarFont1"><B>Use</B></FONT></A>&nbsp;</TD>
  <TD BGCOLOR="#EEEEFF" CLASS="NavBarCell1">    <A HREF="package-tree.html"><FONT CLASS="NavBarFont1"><B>Tree</B></FONT></A>&nbsp;</TD>
  <TD BGCOLOR="#EEEEFF" CLASS="NavBarCell1">    <A HREF="../../../../index-all.html"><FONT CLASS="NavBarFont1"><B>Index</B></FONT></A>&nbsp;</TD>
  <TD BGCOLOR="#EEEEFF" CLASS="NavBarCell1">    <A HREF="../../../../help-doc.html"><FONT CLASS="NavBarFont1"><B>Help</B></FONT></A>&nbsp;</TD>
  </TR>
</TABLE>
</TD>
<TD ALIGN="right" VALIGN="top" ROWSPAN=3><EM>
<b>GTGE API</b></EM>
</TD>
</TR>

<TR>
<TD BGCOLOR="white" CLASS="NavBarCell2"><FONT SIZE="-2">
&nbsp;<A HREF="../../../../com/golden/gamedev/object/Background.html" title="class in com.golden.gamedev.object"><B>PREV CLASS</B></A>&nbsp;
&nbsp;<A HREF="../../../../com/golden/gamedev/object/GameFont.html" title="interface in com.golden.gamedev.object"><B>NEXT CLASS</B></A></FONT></TD>
<TD BGCOLOR="white" CLASS="NavBarCell2"><FONT SIZE="-2">
  <A HREF="../../../../index.html?com/golden/gamedev/object/CollisionManager.html" target="_top"><B>FRAMES</B></A>  &nbsp;
&nbsp;<A HREF="CollisionManager.html" target="_top"><B>NO FRAMES</B></A>  &nbsp;
&nbsp;<SCRIPT type="text/javascript">
  <!--
  if(window==top) {
    document.writeln('<A HREF="../../../../allclasses-noframe.html"><B>All Classes</B></A>');
  }
  //-->
</SCRIPT>
<NOSCRIPT>
  <A HREF="../../../../allclasses-noframe.html"><B>All Classes</B></A>
</NOSCRIPT>


</FONT></TD>
</TR>
<TR>
<TD VALIGN="top" CLASS="NavBarCell3"><FONT SIZE="-2">
  SUMMARY:&nbsp;NESTED&nbsp;|&nbsp;FIELD&nbsp;|&nbsp;<A HREF="#constructor_summary">CONSTR</A>&nbsp;|&nbsp;<A HREF="#method_summary">METHOD</A></FONT></TD>
<TD VALIGN="top" CLASS="NavBarCell3"><FONT SIZE="-2">
DETAIL:&nbsp;FIELD&nbsp;|&nbsp;<A HREF="#constructor_detail">CONSTR</A>&nbsp;|&nbsp;<A HREF="#method_detail">METHOD</A></FONT></TD>
</TR>
</TABLE>
<A NAME="skip-navbar_top"></A>
<!-- ========= END OF TOP NAVBAR ========= -->

<HR>
<!-- ======== START OF CLASS DATA ======== -->
<H2>
<FONT SIZE="-1">
com.golden.gamedev.object</FONT>
<BR>
Class CollisionManager</H2>
<PRE>
<A HREF="http://java.sun.com/j2se/1.4/docs/api/java/lang/Object.html" title="class or interface in java.lang">java.lang.Object</A>
  <IMG SRC="../../../../resources/inherit.gif" ALT="extended by "><B>com.golden.gamedev.object.CollisionManager</B>
</PRE>
<DL>
<DT><B>Direct Known Subclasses:</B> <DD><A HREF="../../../../com/golden/gamedev/object/collision/BasicCollisionGroup.html" title="class in com.golden.gamedev.object.collision">BasicCollisionGroup</A>, <A HREF="../../../../com/golden/gamedev/object/collision/CollisionBounds.html" title="class in com.golden.gamedev.object.collision">CollisionBounds</A></DD>
</DL>
<HR>
<DL>
<DT><PRE>public abstract class <B>CollisionManager</B><DT>extends <A HREF="http://java.sun.com/j2se/1.4/docs/api/java/lang/Object.html" title="class or interface in java.lang">Object</A></DL>
</PRE>

<P>
<code>CollisionManager</code> class is the base collision check abstract
 class that check collision between two <code>SpriteGroups</code>.
 The collision check is the subclass responsibility. <p>

 In Golden T Game Engine (GTGE) Frame Work, sprites are grouped into
 <A HREF="../../../../com/golden/gamedev/object/SpriteGroup.html" title="class in com.golden.gamedev.object"><CODE>SpriteGroup</CODE></A> and collision is checked between two sprite groups.
 This technique reduces code programming, increases readability,
 simplify collision event, and improves collision check. <p>

 <code>CollisionManager</code> is added into <code>PlayField</code> using
 <A HREF="../../../../com/golden/gamedev/object/PlayField.html#addCollisionGroup(com.golden.gamedev.object.SpriteGroup, com.golden.gamedev.object.SpriteGroup, com.golden.gamedev.object.CollisionManager)"><CODE>PlayField.addCollisionGroup(SpriteGroup, SpriteGroup, CollisionManager)</CODE></A>,
 and then the <code>PlayField</code> manage the collision check everytime the
 PlayField is updated.
<P>

<P>
<DL>
<DT><B>See Also:</B><DD><A HREF="../../../../com/golden/gamedev/object/PlayField.html#addCollisionGroup(com.golden.gamedev.object.SpriteGroup, com.golden.gamedev.object.SpriteGroup, com.golden.gamedev.object.CollisionManager)"><CODE>PlayField.addCollisionGroup(SpriteGroup, SpriteGroup, CollisionManager)</CODE></A></DL>
<HR>

<P>

<!-- ======== CONSTRUCTOR SUMMARY ======== -->

<A NAME="constructor_summary"><!-- --></A>
<TABLE BORDER="1" WIDTH="100%" CELLPADDING="3" CELLSPACING="0" SUMMARY="">
<TR BGCOLOR="#CCCCFF" CLASS="TableHeadingColor">
<TH ALIGN="left" COLSPAN="2"><FONT SIZE="+2">
<B>Constructor Summary</B></FONT></TH>
</TR>
<TR BGCOLOR="white" CLASS="TableRowColor">
<TD><CODE><B><A HREF="../../../../com/golden/gamedev/object/CollisionManager.html#CollisionManager()">CollisionManager</A></B>()</CODE>

<BR>
&nbsp;&nbsp;&nbsp;&nbsp;&nbsp;&nbsp;&nbsp;&nbsp;&nbsp;&nbsp;Creates new <code>CollisionManager</code>.</TD>
</TR>
</TABLE>
&nbsp;
<!-- ========== METHOD SUMMARY =========== -->

<A NAME="method_summary"><!-- --></A>
<TABLE BORDER="1" WIDTH="100%" CELLPADDING="3" CELLSPACING="0" SUMMARY="">
<TR BGCOLOR="#CCCCFF" CLASS="TableHeadingColor">
<TH ALIGN="left" COLSPAN="2"><FONT SIZE="+2">
<B>Method Summary</B></FONT></TH>
</TR>
<TR BGCOLOR="white" CLASS="TableRowColor">
<TD ALIGN="right" VALIGN="top" WIDTH="1%"><FONT SIZE="-1">
<CODE>abstract &nbsp;void</CODE></FONT></TD>
<TD><CODE><B><A HREF="../../../../com/golden/gamedev/object/CollisionManager.html#checkCollision()">checkCollision</A></B>()</CODE>

<BR>
&nbsp;&nbsp;&nbsp;&nbsp;&nbsp;&nbsp;&nbsp;&nbsp;&nbsp;&nbsp;Checks for collision between all members in
 <A HREF="../../../../com/golden/gamedev/object/CollisionManager.html#getGroup1()">group 1</A> againts all members in
 <A HREF="../../../../com/golden/gamedev/object/CollisionManager.html#getGroup1()">group 2</A>.</TD>
</TR>
<TR BGCOLOR="white" CLASS="TableRowColor">
<TD ALIGN="right" VALIGN="top" WIDTH="1%"><FONT SIZE="-1">
<CODE>&nbsp;<A HREF="../../../../com/golden/gamedev/object/SpriteGroup.html" title="class in com.golden.gamedev.object">SpriteGroup</A></CODE></FONT></TD>
<TD><CODE><B><A HREF="../../../../com/golden/gamedev/object/CollisionManager.html#getGroup1()">getGroup1</A></B>()</CODE>

<BR>
&nbsp;&nbsp;&nbsp;&nbsp;&nbsp;&nbsp;&nbsp;&nbsp;&nbsp;&nbsp;Returns the first group associated with this collision manager.</TD>
</TR>
<TR BGCOLOR="white" CLASS="TableRowColor">
<TD ALIGN="right" VALIGN="top" WIDTH="1%"><FONT SIZE="-1">
<CODE>&nbsp;<A HREF="../../../../com/golden/gamedev/object/SpriteGroup.html" title="class in com.golden.gamedev.object">SpriteGroup</A></CODE></FONT></TD>
<TD><CODE><B><A HREF="../../../../com/golden/gamedev/object/CollisionManager.html#getGroup2()">getGroup2</A></B>()</CODE>

<BR>
&nbsp;&nbsp;&nbsp;&nbsp;&nbsp;&nbsp;&nbsp;&nbsp;&nbsp;&nbsp;Returns the second group associated with this collision manager.</TD>
</TR>
<TR BGCOLOR="white" CLASS="TableRowColor">
<TD ALIGN="right" VALIGN="top" WIDTH="1%"><FONT SIZE="-1">
<CODE>static&nbsp;<A HREF="../../../../com/golden/gamedev/object/collision/CollisionRect.html" title="class in com.golden.gamedev.object.collision">CollisionRect</A></CODE></FONT></TD>
<TD><CODE><B><A HREF="../../../../com/golden/gamedev/object/CollisionManager.html#getIntersectionRect(double, double, int, int, double, double, int, int)">getIntersectionRect</A></B>(double&nbsp;x1,
                    double&nbsp;y1,
                    int&nbsp;width1,
                    int&nbsp;height1,
                    double&nbsp;x2,
                    double&nbsp;y2,
                    int&nbsp;width2,
                    int&nbsp;height2)</CODE>

<BR>
&nbsp;&nbsp;&nbsp;&nbsp;&nbsp;&nbsp;&nbsp;&nbsp;&nbsp;&nbsp;Returns the intersection rect of two rectangle.</TD>
</TR>
<TR BGCOLOR="white" CLASS="TableRowColor">
<TD ALIGN="right" VALIGN="top" WIDTH="1%"><FONT SIZE="-1">
<CODE>&nbsp;boolean</CODE></FONT></TD>
<TD><CODE><B><A HREF="../../../../com/golden/gamedev/object/CollisionManager.html#isActive()">isActive</A></B>()</CODE>

<BR>
&nbsp;&nbsp;&nbsp;&nbsp;&nbsp;&nbsp;&nbsp;&nbsp;&nbsp;&nbsp;Returns true, if this collision manager is active.</TD>
</TR>
<TR BGCOLOR="white" CLASS="TableRowColor">
<TD ALIGN="right" VALIGN="top" WIDTH="1%"><FONT SIZE="-1">
<CODE>static&nbsp;boolean</CODE></FONT></TD>
<TD><CODE><B><A HREF="../../../../com/golden/gamedev/object/CollisionManager.html#isPixelCollide(double, double, java.awt.image.BufferedImage, double, double, java.awt.image.BufferedImage)">isPixelCollide</A></B>(double&nbsp;x1,
               double&nbsp;y1,
               <A HREF="http://java.sun.com/j2se/1.4/docs/api/java/awt/image/BufferedImage.html" title="class or interface in java.awt.image">BufferedImage</A>&nbsp;image1,
               double&nbsp;x2,
               double&nbsp;y2,
               <A HREF="http://java.sun.com/j2se/1.4/docs/api/java/awt/image/BufferedImage.html" title="class or interface in java.awt.image">BufferedImage</A>&nbsp;image2)</CODE>

<BR>
&nbsp;&nbsp;&nbsp;&nbsp;&nbsp;&nbsp;&nbsp;&nbsp;&nbsp;&nbsp;Returns true whether <code>image1</code> at <code>x1</code>, <code>y1</code>
 collided with <code>image2</code> at <code>x2</code>, <code>y2</code>.</TD>
</TR>
<TR BGCOLOR="white" CLASS="TableRowColor">
<TD ALIGN="right" VALIGN="top" WIDTH="1%"><FONT SIZE="-1">
<CODE>&nbsp;void</CODE></FONT></TD>
<TD><CODE><B><A HREF="../../../../com/golden/gamedev/object/CollisionManager.html#setActive(boolean)">setActive</A></B>(boolean&nbsp;b)</CODE>

<BR>
&nbsp;&nbsp;&nbsp;&nbsp;&nbsp;&nbsp;&nbsp;&nbsp;&nbsp;&nbsp;Sets the active state of this collision manager.</TD>
</TR>
<TR BGCOLOR="white" CLASS="TableRowColor">
<TD ALIGN="right" VALIGN="top" WIDTH="1%"><FONT SIZE="-1">
<CODE>&nbsp;void</CODE></FONT></TD>
<TD><CODE><B><A HREF="../../../../com/golden/gamedev/object/CollisionManager.html#setCollisionGroup(com.golden.gamedev.object.SpriteGroup, com.golden.gamedev.object.SpriteGroup)">setCollisionGroup</A></B>(<A HREF="../../../../com/golden/gamedev/object/SpriteGroup.html" title="class in com.golden.gamedev.object">SpriteGroup</A>&nbsp;group1,
                  <A HREF="../../../../com/golden/gamedev/object/SpriteGroup.html" title="class in com.golden.gamedev.object">SpriteGroup</A>&nbsp;group2)</CODE>

<BR>
&nbsp;&nbsp;&nbsp;&nbsp;&nbsp;&nbsp;&nbsp;&nbsp;&nbsp;&nbsp;Associates specified sprite groups to this manager.</TD>
</TR>
</TABLE>
&nbsp;<A NAME="methods_inherited_from_class_java.lang.Object"><!-- --></A>
<TABLE BORDER="1" WIDTH="100%" CELLPADDING="3" CELLSPACING="0" SUMMARY="">
<TR BGCOLOR="#EEEEFF" CLASS="TableSubHeadingColor">
<TH ALIGN="left"><B>Methods inherited from class java.lang.<A HREF="http://java.sun.com/j2se/1.4/docs/api/java/lang/Object.html" title="class or interface in java.lang">Object</A></B></TH>
</TR>
<TR BGCOLOR="white" CLASS="TableRowColor">
<TD><CODE><A HREF="http://java.sun.com/j2se/1.4/docs/api/java/lang/Object.html#clone()" title="class or interface in java.lang">clone</A>, <A HREF="http://java.sun.com/j2se/1.4/docs/api/java/lang/Object.html#equals(java.lang.Object)" title="class or interface in java.lang">equals</A>, <A HREF="http://java.sun.com/j2se/1.4/docs/api/java/lang/Object.html#finalize()" title="class or interface in java.lang">finalize</A>, <A HREF="http://java.sun.com/j2se/1.4/docs/api/java/lang/Object.html#getClass()" title="class or interface in java.lang">getClass</A>, <A HREF="http://java.sun.com/j2se/1.4/docs/api/java/lang/Object.html#hashCode()" title="class or interface in java.lang">hashCode</A>, <A HREF="http://java.sun.com/j2se/1.4/docs/api/java/lang/Object.html#notify()" title="class or interface in java.lang">notify</A>, <A HREF="http://java.sun.com/j2se/1.4/docs/api/java/lang/Object.html#notifyAll()" title="class or interface in java.lang">notifyAll</A>, <A HREF="http://java.sun.com/j2se/1.4/docs/api/java/lang/Object.html#toString()" title="class or interface in java.lang">toString</A>, <A HREF="http://java.sun.com/j2se/1.4/docs/api/java/lang/Object.html#wait()" title="class or interface in java.lang">wait</A>, <A HREF="http://java.sun.com/j2se/1.4/docs/api/java/lang/Object.html#wait(long)" title="class or interface in java.lang">wait</A>, <A HREF="http://java.sun.com/j2se/1.4/docs/api/java/lang/Object.html#wait(long, int)" title="class or interface in java.lang">wait</A></CODE></TD>
</TR>
</TABLE>
&nbsp;
<P>

<!-- ========= CONSTRUCTOR DETAIL ======== -->

<A NAME="constructor_detail"><!-- --></A>
<TABLE BORDER="1" WIDTH="100%" CELLPADDING="3" CELLSPACING="0" SUMMARY="">
<TR BGCOLOR="#CCCCFF" CLASS="TableHeadingColor">
<TH ALIGN="left" COLSPAN="1"><FONT SIZE="+2">
<B>Constructor Detail</B></FONT></TH>
</TR>
</TABLE>

<A NAME="CollisionManager()"><!-- --></A><H3>
CollisionManager</H3>
<PRE>
public <B>CollisionManager</B>()</PRE>
<DL>
<DD>Creates new <code>CollisionManager</code>.
<P>
</DL>

<!-- ============ METHOD DETAIL ========== -->

<A NAME="method_detail"><!-- --></A>
<TABLE BORDER="1" WIDTH="100%" CELLPADDING="3" CELLSPACING="0" SUMMARY="">
<TR BGCOLOR="#CCCCFF" CLASS="TableHeadingColor">
<TH ALIGN="left" COLSPAN="1"><FONT SIZE="+2">
<B>Method Detail</B></FONT></TH>
</TR>
</TABLE>

<A NAME="setCollisionGroup(com.golden.gamedev.object.SpriteGroup, com.golden.gamedev.object.SpriteGroup)"><!-- --></A><H3>
setCollisionGroup</H3>
<PRE>
public void <B>setCollisionGroup</B>(<A HREF="../../../../com/golden/gamedev/object/SpriteGroup.html" title="class in com.golden.gamedev.object">SpriteGroup</A>&nbsp;group1,
                              <A HREF="../../../../com/golden/gamedev/object/SpriteGroup.html" title="class in com.golden.gamedev.object">SpriteGroup</A>&nbsp;group2)</PRE>
<DL>
<DD>Associates specified sprite groups to this manager.
 The groups will be checked its collision one against another.
<P>
<DD><DL>
<DT><B>See Also:</B><DD><A HREF="../../../../com/golden/gamedev/object/CollisionManager.html#checkCollision()"><CODE>checkCollision()</CODE></A></DL>
</DD>
</DL>
<HR>

<A NAME="getGroup1()"><!-- --></A><H3>
getGroup1</H3>
<PRE>
public <A HREF="../../../../com/golden/gamedev/object/SpriteGroup.html" title="class in com.golden.gamedev.object">SpriteGroup</A> <B>getGroup1</B>()</PRE>
<DL>
<DD>Returns the first group associated with this collision manager.
<P>
<DD><DL>
</DL>
</DD>
</DL>
<HR>

<A NAME="getGroup2()"><!-- --></A><H3>
getGroup2</H3>
<PRE>
public <A HREF="../../../../com/golden/gamedev/object/SpriteGroup.html" title="class in com.golden.gamedev.object">SpriteGroup</A> <B>getGroup2</B>()</PRE>
<DL>
<DD>Returns the second group associated with this collision manager.
<P>
<DD><DL>
</DL>
</DD>
</DL>
<HR>

<A NAME="checkCollision()"><!-- --></A><H3>
checkCollision</H3>
<PRE>
public abstract void <B>checkCollision</B>()</PRE>
<DL>
<DD>Checks for collision between all members in
 <A HREF="../../../../com/golden/gamedev/object/CollisionManager.html#getGroup1()">group 1</A> againts all members in
 <A HREF="../../../../com/golden/gamedev/object/CollisionManager.html#getGroup1()">group 2</A>.
<P>
<DD><DL>
</DL>
</DD>
</DL>
<HR>

<A NAME="isActive()"><!-- --></A><H3>
isActive</H3>
<PRE>
public boolean <B>isActive</B>()</PRE>
<DL>
<DD>Returns true, if this collision manager is active.
 Inactive collision manager won't perform any collision check.
<P>
<DD><DL>
<DT><B>See Also:</B><DD><A HREF="../../../../com/golden/gamedev/object/CollisionManager.html#setActive(boolean)"><CODE>setActive(boolean)</CODE></A></DL>
</DD>
</DL>
<HR>

<A NAME="setActive(boolean)"><!-- --></A><H3>
setActive</H3>
<PRE>
public void <B>setActive</B>(boolean&nbsp;b)</PRE>
<DL>
<DD>Sets the active state of this collision manager.
 Inactive collision manager won't perform any collision check.
<P>
<DD><DL>
<DT><B>See Also:</B><DD><A HREF="../../../../com/golden/gamedev/object/CollisionManager.html#isActive()"><CODE>isActive()</CODE></A></DL>
</DD>
</DL>
<HR>

<A NAME="isPixelCollide(double, double, java.awt.image.BufferedImage, double, double, java.awt.image.BufferedImage)"><!-- --></A><H3>
isPixelCollide</H3>
<PRE>
public static boolean <B>isPixelCollide</B>(double&nbsp;x1,
                                     double&nbsp;y1,
                                     <A HREF="http://java.sun.com/j2se/1.4/docs/api/java/awt/image/BufferedImage.html" title="class or interface in java.awt.image">BufferedImage</A>&nbsp;image1,
                                     double&nbsp;x2,
                                     double&nbsp;y2,
                                     <A HREF="http://java.sun.com/j2se/1.4/docs/api/java/awt/image/BufferedImage.html" title="class or interface in java.awt.image">BufferedImage</A>&nbsp;image2)</PRE>
<DL>
<DD>Returns true whether <code>image1</code> at <code>x1</code>, <code>y1</code>
 collided with <code>image2</code> at <code>x2</code>, <code>y2</code>.
<P>
<DD><DL>
</DL>
</DD>
</DL>
<HR>

<A NAME="getIntersectionRect(double, double, int, int, double, double, int, int)"><!-- --></A><H3>
getIntersectionRect</H3>
<PRE>
public static <A HREF="../../../../com/golden/gamedev/object/collision/CollisionRect.html" title="class in com.golden.gamedev.object.collision">CollisionRect</A> <B>getIntersectionRect</B>(double&nbsp;x1,
                                                double&nbsp;y1,
                                                int&nbsp;width1,
                                                int&nbsp;height1,
                                                double&nbsp;x2,
                                                double&nbsp;y2,
                                                int&nbsp;width2,
                                                int&nbsp;height2)</PRE>
<DL>
<DD>Returns the intersection rect of two rectangle.
<P>
<DD><DL>
</DL>
</DD>
</DL>
<!-- ========= END OF CLASS DATA ========= -->
<HR>


<!-- ======= START OF BOTTOM NAVBAR ====== -->
<A NAME="navbar_bottom"><!-- --></A>
<A HREF="#skip-navbar_bottom" title="Skip navigation links"></A>
<TABLE BORDER="0" WIDTH="100%" CELLPADDING="1" CELLSPACING="0" SUMMARY="">
<TR>
<TD COLSPAN=2 BGCOLOR="#EEEEFF" CLASS="NavBarCell1">
<A NAME="navbar_bottom_firstrow"><!-- --></A>
<TABLE BORDER="0" CELLPADDING="0" CELLSPACING="3" SUMMARY="">
  <TR ALIGN="center" VALIGN="top">
  <TD BGCOLOR="#EEEEFF" CLASS="NavBarCell1">    <A HREF="../../../../overview-summary.html"><FONT CLASS="NavBarFont1"><B>Overview</B></FONT></A>&nbsp;</TD>
  <TD BGCOLOR="#EEEEFF" CLASS="NavBarCell1">    <A HREF="package-summary.html"><FONT CLASS="NavBarFont1"><B>Package</B></FONT></A>&nbsp;</TD>
  <TD BGCOLOR="#FFFFFF" CLASS="NavBarCell1Rev"> &nbsp;<FONT CLASS="NavBarFont1Rev"><B>Class</B></FONT>&nbsp;</TD>
  <TD BGCOLOR="#EEEEFF" CLASS="NavBarCell1">    <A HREF="class-use/CollisionManager.html"><FONT CLASS="NavBarFont1"><B>Use</B></FONT></A>&nbsp;</TD>
  <TD BGCOLOR="#EEEEFF" CLASS="NavBarCell1">    <A HREF="package-tree.html"><FONT CLASS="NavBarFont1"><B>Tree</B></FONT></A>&nbsp;</TD>
  <TD BGCOLOR="#EEEEFF" CLASS="NavBarCell1">    <A HREF="../../../../index-all.html"><FONT CLASS="NavBarFont1"><B>Index</B></FONT></A>&nbsp;</TD>
  <TD BGCOLOR="#EEEEFF" CLASS="NavBarCell1">    <A HREF="../../../../help-doc.html"><FONT CLASS="NavBarFont1"><B>Help</B></FONT></A>&nbsp;</TD>
  </TR>
</TABLE>
</TD>
<TD ALIGN="right" VALIGN="top" ROWSPAN=3><EM>
<b>GTGE API</b></EM>
</TD>
</TR>

<TR>
<TD BGCOLOR="white" CLASS="NavBarCell2"><FONT SIZE="-2">
&nbsp;<A HREF="../../../../com/golden/gamedev/object/Background.html" title="class in com.golden.gamedev.object"><B>PREV CLASS</B></A>&nbsp;
&nbsp;<A HREF="../../../../com/golden/gamedev/object/GameFont.html" title="interface in com.golden.gamedev.object"><B>NEXT CLASS</B></A></FONT></TD>
<TD BGCOLOR="white" CLASS="NavBarCell2"><FONT SIZE="-2">
  <A HREF="../../../../index.html?com/golden/gamedev/object/CollisionManager.html" target="_top"><B>FRAMES</B></A>  &nbsp;
&nbsp;<A HREF="CollisionManager.html" target="_top"><B>NO FRAMES</B></A>  &nbsp;
&nbsp;<SCRIPT type="text/javascript">
  <!--
  if(window==top) {
    document.writeln('<A HREF="../../../../allclasses-noframe.html"><B>All Classes</B></A>');
  }
  //-->
</SCRIPT>
<NOSCRIPT>
  <A HREF="../../../../allclasses-noframe.html"><B>All Classes</B></A>
</NOSCRIPT>


</FONT></TD>
</TR>
<TR>
<TD VALIGN="top" CLASS="NavBarCell3"><FONT SIZE="-2">
  SUMMARY:&nbsp;NESTED&nbsp;|&nbsp;FIELD&nbsp;|&nbsp;<A HREF="#constructor_summary">CONSTR</A>&nbsp;|&nbsp;<A HREF="#method_summary">METHOD</A></FONT></TD>
<TD VALIGN="top" CLASS="NavBarCell3"><FONT SIZE="-2">
DETAIL:&nbsp;FIELD&nbsp;|&nbsp;<A HREF="#constructor_detail">CONSTR</A>&nbsp;|&nbsp;<A HREF="#method_detail">METHOD</A></FONT></TD>
</TR>
</TABLE>
<A NAME="skip-navbar_bottom"></A>
<!-- ======== END OF BOTTOM NAVBAR ======= -->

<HR>
<i>Copyright &copy; 2003-2005 Golden T Studios. All rights reserved. Use is subject to <a href=http://creativecommons.org/licenses/by/2.0/>license terms<a/>.<br><a target=_blank href=http://www.goldenstudios.or.id/>GoldenStudios.or.id</a></i>
</BODY>
</HTML>
