<!DOCTYPE HTML PUBLIC "-//W3C//DTD HTML 4.01 Transitional//EN" "http://www.w3.org/TR/html4/loose.dtd">
<!--NewPage-->
<HTML>
<HEAD>
<!-- Generated by javadoc (build 1.5.0_01) on Sun Jul 03 07:12:32 ICT 2005 -->
<TITLE>
GameFont (GTGE API v0.2.3)
</TITLE>

<META NAME="keywords" CONTENT="com.golden.gamedev.object.GameFont interface">

<LINK REL ="stylesheet" TYPE="text/css" HREF="../../../../stylesheet.css" TITLE="Style">

<SCRIPT type="text/javascript">
function windowTitle()
{
    parent.document.title="GameFont (GTGE API v0.2.3)";
}
</SCRIPT>
<NOSCRIPT>
</NOSCRIPT>

</HEAD>

<BODY BGCOLOR="white" onload="windowTitle();">


<!-- ========= START OF TOP NAVBAR ======= -->
<A NAME="navbar_top"><!-- --></A>
<A HREF="#skip-navbar_top" title="Skip navigation links"></A>
<TABLE BORDER="0" WIDTH="100%" CELLPADDING="1" CELLSPACING="0" SUMMARY="">
<TR>
<TD COLSPAN=2 BGCOLOR="#EEEEFF" CLASS="NavBarCell1">
<A NAME="navbar_top_firstrow"><!-- --></A>
<TABLE BORDER="0" CELLPADDING="0" CELLSPACING="3" SUMMARY="">
  <TR ALIGN="center" VALIGN="top">
  <TD BGCOLOR="#EEEEFF" CLASS="NavBarCell1">    <A HREF="../../../../overview-summary.html"><FONT CLASS="NavBarFont1"><B>Overview</B></FONT></A>&nbsp;</TD>
  <TD BGCOLOR="#EEEEFF" CLASS="NavBarCell1">    <A HREF="package-summary.html"><FONT CLASS="NavBarFont1"><B>Package</B></FONT></A>&nbsp;</TD>
  <TD BGCOLOR="#FFFFFF" CLASS="NavBarCell1Rev"> &nbsp;<FONT CLASS="NavBarFont1Rev"><B>Class</B></FONT>&nbsp;</TD>
  <TD BGCOLOR="#EEEEFF" CLASS="NavBarCell1">    <A HREF="class-use/GameFont.html"><FONT CLASS="NavBarFont1"><B>Use</B></FONT></A>&nbsp;</TD>
  <TD BGCOLOR="#EEEEFF" CLASS="NavBarCell1">    <A HREF="package-tree.html"><FONT CLASS="NavBarFont1"><B>Tree</B></FONT></A>&nbsp;</TD>
  <TD BGCOLOR="#EEEEFF" CLASS="NavBarCell1">    <A HREF="../../../../index-all.html"><FONT CLASS="NavBarFont1"><B>Index</B></FONT></A>&nbsp;</TD>
  <TD BGCOLOR="#EEEEFF" CLASS="NavBarCell1">    <A HREF="../../../../help-doc.html"><FONT CLASS="NavBarFont1"><B>Help</B></FONT></A>&nbsp;</TD>
  </TR>
</TABLE>
</TD>
<TD ALIGN="right" VALIGN="top" ROWSPAN=3><EM>
<b>GTGE API</b></EM>
</TD>
</TR>

<TR>
<TD BGCOLOR="white" CLASS="NavBarCell2"><FONT SIZE="-2">
&nbsp;<A HREF="../../../../com/golden/gamedev/object/CollisionManager.html" title="class in com.golden.gamedev.object"><B>PREV CLASS</B></A>&nbsp;
&nbsp;<A HREF="../../../../com/golden/gamedev/object/GameFontManager.html" title="class in com.golden.gamedev.object"><B>NEXT CLASS</B></A></FONT></TD>
<TD BGCOLOR="white" CLASS="NavBarCell2"><FONT SIZE="-2">
  <A HREF="../../../../index.html?com/golden/gamedev/object/GameFont.html" target="_top"><B>FRAMES</B></A>  &nbsp;
&nbsp;<A HREF="GameFont.html" target="_top"><B>NO FRAMES</B></A>  &nbsp;
&nbsp;<SCRIPT type="text/javascript">
  <!--
  if(window==top) {
    document.writeln('<A HREF="../../../../allclasses-noframe.html"><B>All Classes</B></A>');
  }
  //-->
</SCRIPT>
<NOSCRIPT>
  <A HREF="../../../../allclasses-noframe.html"><B>All Classes</B></A>
</NOSCRIPT>


</FONT></TD>
</TR>
<TR>
<TD VALIGN="top" CLASS="NavBarCell3"><FONT SIZE="-2">
  SUMMARY:&nbsp;NESTED&nbsp;|&nbsp;<A HREF="#field_summary">FIELD</A>&nbsp;|&nbsp;CONSTR&nbsp;|&nbsp;<A HREF="#method_summary">METHOD</A></FONT></TD>
<TD VALIGN="top" CLASS="NavBarCell3"><FONT SIZE="-2">
DETAIL:&nbsp;<A HREF="#field_detail">FIELD</A>&nbsp;|&nbsp;CONSTR&nbsp;|&nbsp;<A HREF="#method_detail">METHOD</A></FONT></TD>
</TR>
</TABLE>
<A NAME="skip-navbar_top"></A>
<!-- ========= END OF TOP NAVBAR ========= -->

<HR>
<!-- ======== START OF CLASS DATA ======== -->
<H2>
<FONT SIZE="-1">
com.golden.gamedev.object</FONT>
<BR>
Interface GameFont</H2>
<DL>
<DT><B>All Known Implementing Classes:</B> <DD><A HREF="../../../../com/golden/gamedev/object/font/AdvanceBitmapFont.html" title="class in com.golden.gamedev.object.font">AdvanceBitmapFont</A>, <A HREF="../../../../com/golden/gamedev/object/font/BitmapFont.html" title="class in com.golden.gamedev.object.font">BitmapFont</A>, <A HREF="../../../../com/golden/gamedev/object/font/SystemFont.html" title="class in com.golden.gamedev.object.font">SystemFont</A></DD>
</DL>
<HR>
<DL>
<DT><PRE>public interface <B>GameFont</B></DL>
</PRE>

<P>
<code>GameFont</code> interface is an interface to draw text with alignment.
<P>

<P>
<HR>

<P>
<!-- =========== FIELD SUMMARY =========== -->

<A NAME="field_summary"><!-- --></A>
<TABLE BORDER="1" WIDTH="100%" CELLPADDING="3" CELLSPACING="0" SUMMARY="">
<TR BGCOLOR="#CCCCFF" CLASS="TableHeadingColor">
<TH ALIGN="left" COLSPAN="2"><FONT SIZE="+2">
<B>Field Summary</B></FONT></TH>
</TR>
<TR BGCOLOR="white" CLASS="TableRowColor">
<TD ALIGN="right" VALIGN="top" WIDTH="1%"><FONT SIZE="-1">
<CODE>static&nbsp;int</CODE></FONT></TD>
<TD><CODE><B><A HREF="../../../../com/golden/gamedev/object/GameFont.html#CENTER">CENTER</A></B></CODE>

<BR>
&nbsp;&nbsp;&nbsp;&nbsp;&nbsp;&nbsp;&nbsp;&nbsp;&nbsp;&nbsp;Text alignment: center alignment.</TD>
</TR>
<TR BGCOLOR="white" CLASS="TableRowColor">
<TD ALIGN="right" VALIGN="top" WIDTH="1%"><FONT SIZE="-1">
<CODE>static&nbsp;int</CODE></FONT></TD>
<TD><CODE><B><A HREF="../../../../com/golden/gamedev/object/GameFont.html#JUSTIFY">JUSTIFY</A></B></CODE>

<BR>
&nbsp;&nbsp;&nbsp;&nbsp;&nbsp;&nbsp;&nbsp;&nbsp;&nbsp;&nbsp;Text alignment: justify alignment.</TD>
</TR>
<TR BGCOLOR="white" CLASS="TableRowColor">
<TD ALIGN="right" VALIGN="top" WIDTH="1%"><FONT SIZE="-1">
<CODE>static&nbsp;int</CODE></FONT></TD>
<TD><CODE><B><A HREF="../../../../com/golden/gamedev/object/GameFont.html#LEFT">LEFT</A></B></CODE>

<BR>
&nbsp;&nbsp;&nbsp;&nbsp;&nbsp;&nbsp;&nbsp;&nbsp;&nbsp;&nbsp;Text alignment: left alignment.</TD>
</TR>
<TR BGCOLOR="white" CLASS="TableRowColor">
<TD ALIGN="right" VALIGN="top" WIDTH="1%"><FONT SIZE="-1">
<CODE>static&nbsp;int</CODE></FONT></TD>
<TD><CODE><B><A HREF="../../../../com/golden/gamedev/object/GameFont.html#RIGHT">RIGHT</A></B></CODE>

<BR>
&nbsp;&nbsp;&nbsp;&nbsp;&nbsp;&nbsp;&nbsp;&nbsp;&nbsp;&nbsp;Text alignment: right alignment.</TD>
</TR>
</TABLE>
&nbsp;
<!-- ========== METHOD SUMMARY =========== -->

<A NAME="method_summary"><!-- --></A>
<TABLE BORDER="1" WIDTH="100%" CELLPADDING="3" CELLSPACING="0" SUMMARY="">
<TR BGCOLOR="#CCCCFF" CLASS="TableHeadingColor">
<TH ALIGN="left" COLSPAN="2"><FONT SIZE="+2">
<B>Method Summary</B></FONT></TH>
</TR>
<TR BGCOLOR="white" CLASS="TableRowColor">
<TD ALIGN="right" VALIGN="top" WIDTH="1%"><FONT SIZE="-1">
<CODE>&nbsp;int</CODE></FONT></TD>
<TD><CODE><B><A HREF="../../../../com/golden/gamedev/object/GameFont.html#drawString(java.awt.Graphics2D, java.lang.String, int, int)">drawString</A></B>(<A HREF="http://java.sun.com/j2se/1.4/docs/api/java/awt/Graphics2D.html" title="class or interface in java.awt">Graphics2D</A>&nbsp;g,
           <A HREF="http://java.sun.com/j2se/1.4/docs/api/java/lang/String.html" title="class or interface in java.lang">String</A>&nbsp;s,
           int&nbsp;x,
           int&nbsp;y)</CODE>

<BR>
&nbsp;&nbsp;&nbsp;&nbsp;&nbsp;&nbsp;&nbsp;&nbsp;&nbsp;&nbsp;Draw a single line string into graphics context.</TD>
</TR>
<TR BGCOLOR="white" CLASS="TableRowColor">
<TD ALIGN="right" VALIGN="top" WIDTH="1%"><FONT SIZE="-1">
<CODE>&nbsp;int</CODE></FONT></TD>
<TD><CODE><B><A HREF="../../../../com/golden/gamedev/object/GameFont.html#drawString(java.awt.Graphics2D, java.lang.String, int, int, int, int)">drawString</A></B>(<A HREF="http://java.sun.com/j2se/1.4/docs/api/java/awt/Graphics2D.html" title="class or interface in java.awt">Graphics2D</A>&nbsp;g,
           <A HREF="http://java.sun.com/j2se/1.4/docs/api/java/lang/String.html" title="class or interface in java.lang">String</A>&nbsp;s,
           int&nbsp;alignment,
           int&nbsp;x,
           int&nbsp;y,
           int&nbsp;width)</CODE>

<BR>
&nbsp;&nbsp;&nbsp;&nbsp;&nbsp;&nbsp;&nbsp;&nbsp;&nbsp;&nbsp;Draw a single line string into graphics context with specified alignment.</TD>
</TR>
<TR BGCOLOR="white" CLASS="TableRowColor">
<TD ALIGN="right" VALIGN="top" WIDTH="1%"><FONT SIZE="-1">
<CODE>&nbsp;int</CODE></FONT></TD>
<TD><CODE><B><A HREF="../../../../com/golden/gamedev/object/GameFont.html#drawText(java.awt.Graphics2D, java.lang.String, int, int, int, int, int, int)">drawText</A></B>(<A HREF="http://java.sun.com/j2se/1.4/docs/api/java/awt/Graphics2D.html" title="class or interface in java.awt">Graphics2D</A>&nbsp;g,
         <A HREF="http://java.sun.com/j2se/1.4/docs/api/java/lang/String.html" title="class or interface in java.lang">String</A>&nbsp;text,
         int&nbsp;alignment,
         int&nbsp;x,
         int&nbsp;y,
         int&nbsp;width,
         int&nbsp;vspace,
         int&nbsp;firstIndent)</CODE>

<BR>
&nbsp;&nbsp;&nbsp;&nbsp;&nbsp;&nbsp;&nbsp;&nbsp;&nbsp;&nbsp;Draw multiple line text into graphics context.</TD>
</TR>
<TR BGCOLOR="white" CLASS="TableRowColor">
<TD ALIGN="right" VALIGN="top" WIDTH="1%"><FONT SIZE="-1">
<CODE>&nbsp;int</CODE></FONT></TD>
<TD><CODE><B><A HREF="../../../../com/golden/gamedev/object/GameFont.html#getHeight()">getHeight</A></B>()</CODE>

<BR>
&nbsp;&nbsp;&nbsp;&nbsp;&nbsp;&nbsp;&nbsp;&nbsp;&nbsp;&nbsp;Returns the height of this font in pixel.</TD>
</TR>
<TR BGCOLOR="white" CLASS="TableRowColor">
<TD ALIGN="right" VALIGN="top" WIDTH="1%"><FONT SIZE="-1">
<CODE>&nbsp;int</CODE></FONT></TD>
<TD><CODE><B><A HREF="../../../../com/golden/gamedev/object/GameFont.html#getWidth(char)">getWidth</A></B>(char&nbsp;c)</CODE>

<BR>
&nbsp;&nbsp;&nbsp;&nbsp;&nbsp;&nbsp;&nbsp;&nbsp;&nbsp;&nbsp;Returns the width of <code>char c</code> in pixel.</TD>
</TR>
<TR BGCOLOR="white" CLASS="TableRowColor">
<TD ALIGN="right" VALIGN="top" WIDTH="1%"><FONT SIZE="-1">
<CODE>&nbsp;int</CODE></FONT></TD>
<TD><CODE><B><A HREF="../../../../com/golden/gamedev/object/GameFont.html#getWidth(java.lang.String)">getWidth</A></B>(<A HREF="http://java.sun.com/j2se/1.4/docs/api/java/lang/String.html" title="class or interface in java.lang">String</A>&nbsp;st)</CODE>

<BR>
&nbsp;&nbsp;&nbsp;&nbsp;&nbsp;&nbsp;&nbsp;&nbsp;&nbsp;&nbsp;Returns the width of <code>String st</code> in pixel.</TD>
</TR>
<TR BGCOLOR="white" CLASS="TableRowColor">
<TD ALIGN="right" VALIGN="top" WIDTH="1%"><FONT SIZE="-1">
<CODE>&nbsp;boolean</CODE></FONT></TD>
<TD><CODE><B><A HREF="../../../../com/golden/gamedev/object/GameFont.html#isAvailable(char)">isAvailable</A></B>(char&nbsp;c)</CODE>

<BR>
&nbsp;&nbsp;&nbsp;&nbsp;&nbsp;&nbsp;&nbsp;&nbsp;&nbsp;&nbsp;Returns whether the specified <code>char c</code> is available to draw
 by this game font.</TD>
</TR>
</TABLE>
&nbsp;
<P>

<!-- ============ FIELD DETAIL =========== -->

<A NAME="field_detail"><!-- --></A>
<TABLE BORDER="1" WIDTH="100%" CELLPADDING="3" CELLSPACING="0" SUMMARY="">
<TR BGCOLOR="#CCCCFF" CLASS="TableHeadingColor">
<TH ALIGN="left" COLSPAN="1"><FONT SIZE="+2">
<B>Field Detail</B></FONT></TH>
</TR>
</TABLE>

<A NAME="LEFT"><!-- --></A><H3>
LEFT</H3>
<PRE>
static final int <B>LEFT</B></PRE>
<DL>
<DD>Text alignment: left alignment.
<P>
<DL>
<DT><B>See Also:</B><DD><A HREF="../../../../constant-values.html#com.golden.gamedev.object.GameFont.LEFT">Constant Field Values</A></DL>
</DL>
<HR>

<A NAME="RIGHT"><!-- --></A><H3>
RIGHT</H3>
<PRE>
static final int <B>RIGHT</B></PRE>
<DL>
<DD>Text alignment: right alignment.
<P>
<DL>
<DT><B>See Also:</B><DD><A HREF="../../../../constant-values.html#com.golden.gamedev.object.GameFont.RIGHT">Constant Field Values</A></DL>
</DL>
<HR>

<A NAME="CENTER"><!-- --></A><H3>
CENTER</H3>
<PRE>
static final int <B>CENTER</B></PRE>
<DL>
<DD>Text alignment: center alignment.
<P>
<DL>
<DT><B>See Also:</B><DD><A HREF="../../../../constant-values.html#com.golden.gamedev.object.GameFont.CENTER">Constant Field Values</A></DL>
</DL>
<HR>

<A NAME="JUSTIFY"><!-- --></A><H3>
JUSTIFY</H3>
<PRE>
static final int <B>JUSTIFY</B></PRE>
<DL>
<DD>Text alignment: justify alignment.
<P>
<DL>
<DT><B>See Also:</B><DD><A HREF="../../../../constant-values.html#com.golden.gamedev.object.GameFont.JUSTIFY">Constant Field Values</A></DL>
</DL>

<!-- ============ METHOD DETAIL ========== -->

<A NAME="method_detail"><!-- --></A>
<TABLE BORDER="1" WIDTH="100%" CELLPADDING="3" CELLSPACING="0" SUMMARY="">
<TR BGCOLOR="#CCCCFF" CLASS="TableHeadingColor">
<TH ALIGN="left" COLSPAN="1"><FONT SIZE="+2">
<B>Method Detail</B></FONT></TH>
</TR>
</TABLE>

<A NAME="drawString(java.awt.Graphics2D, java.lang.String, int, int)"><!-- --></A><H3>
drawString</H3>
<PRE>
int <B>drawString</B>(<A HREF="http://java.sun.com/j2se/1.4/docs/api/java/awt/Graphics2D.html" title="class or interface in java.awt">Graphics2D</A>&nbsp;g,
               <A HREF="http://java.sun.com/j2se/1.4/docs/api/java/lang/String.html" title="class or interface in java.lang">String</A>&nbsp;s,
               int&nbsp;x,
               int&nbsp;y)</PRE>
<DL>
<DD>Draw a single line string into graphics context.
<P>
<DD><DL>
<DT><B>Parameters:</B><DD><CODE>g</CODE> - the graphics context<DD><CODE>s</CODE> - the string to be drawn<DD><CODE>x</CODE> - the <code>x</code> screen coordinate to draw the text<DD><CODE>y</CODE> - the <code>y</code> screen coordinate to draw the text
<DT><B>Returns:</B><DD>The right-edge of <code>x</code> coordinate to draw next text.</DL>
</DD>
</DL>
<HR>

<A NAME="drawString(java.awt.Graphics2D, java.lang.String, int, int, int, int)"><!-- --></A><H3>
drawString</H3>
<PRE>
int <B>drawString</B>(<A HREF="http://java.sun.com/j2se/1.4/docs/api/java/awt/Graphics2D.html" title="class or interface in java.awt">Graphics2D</A>&nbsp;g,
               <A HREF="http://java.sun.com/j2se/1.4/docs/api/java/lang/String.html" title="class or interface in java.lang">String</A>&nbsp;s,
               int&nbsp;alignment,
               int&nbsp;x,
               int&nbsp;y,
               int&nbsp;width)</PRE>
<DL>
<DD>Draw a single line string into graphics context with specified alignment.
<P>
<DD><DL>
<DT><B>Parameters:</B><DD><CODE>g</CODE> - the graphics context<DD><CODE>s</CODE> - the string to be drawn<DD><CODE>alignment</CODE> - text alignment: LEFT, RIGHT, CENTER, or JUSTIFY<DD><CODE>x</CODE> - the <code>x</code> screen coordinate to draw the text<DD><CODE>y</CODE> - the <code>y</code> screen coordinate to draw the text<DD><CODE>width</CODE> - width of the text
<DT><B>Returns:</B><DD>The right-edge of <code>x</code> coordinate to draw next text.</DL>
</DD>
</DL>
<HR>

<A NAME="drawText(java.awt.Graphics2D, java.lang.String, int, int, int, int, int, int)"><!-- --></A><H3>
drawText</H3>
<PRE>
int <B>drawText</B>(<A HREF="http://java.sun.com/j2se/1.4/docs/api/java/awt/Graphics2D.html" title="class or interface in java.awt">Graphics2D</A>&nbsp;g,
             <A HREF="http://java.sun.com/j2se/1.4/docs/api/java/lang/String.html" title="class or interface in java.lang">String</A>&nbsp;text,
             int&nbsp;alignment,
             int&nbsp;x,
             int&nbsp;y,
             int&nbsp;width,
             int&nbsp;vspace,
             int&nbsp;firstIndent)</PRE>
<DL>
<DD>Draw multiple line text into graphics context. <p>
 Example to write two paragraph text:
 <pre>
    // creates bounding box, to ensure the paragraph exactly in the box
    g.drawRect(10, 10, 620, 100);

    int nexty = GameFont.drawText(g,
        "Paragraph one, sample paragraph using GameFont drawText.",
        GameFont.LEFT, 10, 10, 620, 0, 50);

    GameFont.drawText(g,
        "Paragraph two, notice that each paragraph have 50 pixel indentation.",
        GameFont.LEFT,    // left alignment
        10,               // x
        nexty,            // y
        620,              // width
        0,                // no additional vertical spacing
        50);              // 50 pixel indentation
 </pre>
<P>
<DD><DL>
<DT><B>Parameters:</B><DD><CODE>g</CODE> - graphics context where the text will be drawn<DD><CODE>text</CODE> - text to be drawn<DD><CODE>alignment</CODE> - text alignment: LEFT, RIGHT, CENTER, or JUSTIFY<DD><CODE>x</CODE> - text <code>x</code> coordinate<DD><CODE>y</CODE> - text <code>y</code> coordinate<DD><CODE>width</CODE> - width per line<DD><CODE>vspace</CODE> - additional vertical spacing, in pixel<DD><CODE>firstIndent</CODE> - first line indentation, in pixel
<DT><B>Returns:</B><DD>The bottom-edge <code>y</code> coordinate to draw next paragraph.<DT><B>See Also:</B><DD><A HREF="../../../../com/golden/gamedev/object/GameFont.html#LEFT"><CODE>LEFT</CODE></A>, 
<A HREF="../../../../com/golden/gamedev/object/GameFont.html#RIGHT"><CODE>RIGHT</CODE></A>, 
<A HREF="../../../../com/golden/gamedev/object/GameFont.html#CENTER"><CODE>CENTER</CODE></A>, 
<A HREF="../../../../com/golden/gamedev/object/GameFont.html#JUSTIFY"><CODE>JUSTIFY</CODE></A></DL>
</DD>
</DL>
<HR>

<A NAME="getWidth(java.lang.String)"><!-- --></A><H3>
getWidth</H3>
<PRE>
int <B>getWidth</B>(<A HREF="http://java.sun.com/j2se/1.4/docs/api/java/lang/String.html" title="class or interface in java.lang">String</A>&nbsp;st)</PRE>
<DL>
<DD>Returns the width of <code>String st</code> in pixel.
<P>
<DD><DL>

<DT><B>Returns:</B><DD>String width, in pixel.</DL>
</DD>
</DL>
<HR>

<A NAME="getWidth(char)"><!-- --></A><H3>
getWidth</H3>
<PRE>
int <B>getWidth</B>(char&nbsp;c)</PRE>
<DL>
<DD>Returns the width of <code>char c</code> in pixel.
<P>
<DD><DL>

<DT><B>Returns:</B><DD>Char width, in pixel.</DL>
</DD>
</DL>
<HR>

<A NAME="getHeight()"><!-- --></A><H3>
getHeight</H3>
<PRE>
int <B>getHeight</B>()</PRE>
<DL>
<DD>Returns the height of this font in pixel.
<P>
<DD><DL>

<DT><B>Returns:</B><DD>Font height, in pixel.</DL>
</DD>
</DL>
<HR>

<A NAME="isAvailable(char)"><!-- --></A><H3>
isAvailable</H3>
<PRE>
boolean <B>isAvailable</B>(char&nbsp;c)</PRE>
<DL>
<DD>Returns whether the specified <code>char c</code> is available to draw
 by this game font.
<P>
<DD><DL>
</DL>
</DD>
</DL>
<!-- ========= END OF CLASS DATA ========= -->
<HR>


<!-- ======= START OF BOTTOM NAVBAR ====== -->
<A NAME="navbar_bottom"><!-- --></A>
<A HREF="#skip-navbar_bottom" title="Skip navigation links"></A>
<TABLE BORDER="0" WIDTH="100%" CELLPADDING="1" CELLSPACING="0" SUMMARY="">
<TR>
<TD COLSPAN=2 BGCOLOR="#EEEEFF" CLASS="NavBarCell1">
<A NAME="navbar_bottom_firstrow"><!-- --></A>
<TABLE BORDER="0" CELLPADDING="0" CELLSPACING="3" SUMMARY="">
  <TR ALIGN="center" VALIGN="top">
  <TD BGCOLOR="#EEEEFF" CLASS="NavBarCell1">    <A HREF="../../../../overview-summary.html"><FONT CLASS="NavBarFont1"><B>Overview</B></FONT></A>&nbsp;</TD>
  <TD BGCOLOR="#EEEEFF" CLASS="NavBarCell1">    <A HREF="package-summary.html"><FONT CLASS="NavBarFont1"><B>Package</B></FONT></A>&nbsp;</TD>
  <TD BGCOLOR="#FFFFFF" CLASS="NavBarCell1Rev"> &nbsp;<FONT CLASS="NavBarFont1Rev"><B>Class</B></FONT>&nbsp;</TD>
  <TD BGCOLOR="#EEEEFF" CLASS="NavBarCell1">    <A HREF="class-use/GameFont.html"><FONT CLASS="NavBarFont1"><B>Use</B></FONT></A>&nbsp;</TD>
  <TD BGCOLOR="#EEEEFF" CLASS="NavBarCell1">    <A HREF="package-tree.html"><FONT CLASS="NavBarFont1"><B>Tree</B></FONT></A>&nbsp;</TD>
  <TD BGCOLOR="#EEEEFF" CLASS="NavBarCell1">    <A HREF="../../../../index-all.html"><FONT CLASS="NavBarFont1"><B>Index</B></FONT></A>&nbsp;</TD>
  <TD BGCOLOR="#EEEEFF" CLASS="NavBarCell1">    <A HREF="../../../../help-doc.html"><FONT CLASS="NavBarFont1"><B>Help</B></FONT></A>&nbsp;</TD>
  </TR>
</TABLE>
</TD>
<TD ALIGN="right" VALIGN="top" ROWSPAN=3><EM>
<b>GTGE API</b></EM>
</TD>
</TR>

<TR>
<TD BGCOLOR="white" CLASS="NavBarCell2"><FONT SIZE="-2">
&nbsp;<A HREF="../../../../com/golden/gamedev/object/CollisionManager.html" title="class in com.golden.gamedev.object"><B>PREV CLASS</B></A>&nbsp;
&nbsp;<A HREF="../../../../com/golden/gamedev/object/GameFontManager.html" title="class in com.golden.gamedev.object"><B>NEXT CLASS</B></A></FONT></TD>
<TD BGCOLOR="white" CLASS="NavBarCell2"><FONT SIZE="-2">
  <A HREF="../../../../index.html?com/golden/gamedev/object/GameFont.html" target="_top"><B>FRAMES</B></A>  &nbsp;
&nbsp;<A HREF="GameFont.html" target="_top"><B>NO FRAMES</B></A>  &nbsp;
&nbsp;<SCRIPT type="text/javascript">
  <!--
  if(window==top) {
    document.writeln('<A HREF="../../../../allclasses-noframe.html"><B>All Classes</B></A>');
  }
  //-->
</SCRIPT>
<NOSCRIPT>
  <A HREF="../../../../allclasses-noframe.html"><B>All Classes</B></A>
</NOSCRIPT>


</FONT></TD>
</TR>
<TR>
<TD VALIGN="top" CLASS="NavBarCell3"><FONT SIZE="-2">
  SUMMARY:&nbsp;NESTED&nbsp;|&nbsp;<A HREF="#field_summary">FIELD</A>&nbsp;|&nbsp;CONSTR&nbsp;|&nbsp;<A HREF="#method_summary">METHOD</A></FONT></TD>
<TD VALIGN="top" CLASS="NavBarCell3"><FONT SIZE="-2">
DETAIL:&nbsp;<A HREF="#field_detail">FIELD</A>&nbsp;|&nbsp;CONSTR&nbsp;|&nbsp;<A HREF="#method_detail">METHOD</A></FONT></TD>
</TR>
</TABLE>
<A NAME="skip-navbar_bottom"></A>
<!-- ======== END OF BOTTOM NAVBAR ======= -->

<HR>
<i>Copyright &copy; 2003-2005 Golden T Studios. All rights reserved. Use is subject to <a href=http://creativecommons.org/licenses/by/2.0/>license terms<a/>.<br><a target=_blank href=http://www.goldenstudios.or.id/>GoldenStudios.or.id</a></i>
</BODY>
</HTML>
