<!DOCTYPE HTML PUBLIC "-//W3C//DTD HTML 4.01 Transitional//EN" "http://www.w3.org/TR/html4/loose.dtd">
<!--NewPage-->
<HTML>
<HEAD>
<!-- Generated by javadoc (build 1.5.0_01) on Sun Jul 03 07:12:37 ICT 2005 -->
<TITLE>
com.golden.gamedev.object (GTGE API v0.2.3)
</TITLE>

<META NAME="keywords" CONTENT="com.golden.gamedev.object package">

<LINK REL ="stylesheet" TYPE="text/css" HREF="../../../../stylesheet.css" TITLE="Style">


</HEAD>

<BODY BGCOLOR="white">
<FONT size="+1" CLASS="FrameTitleFont">
<A HREF="../../../../com/golden/gamedev/object/package-summary.html" target="classFrame">com.golden.gamedev.object</A></FONT>
<TABLE BORDER="0" WIDTH="100%" SUMMARY="">
<TR>
<TD NOWRAP><FONT size="+1" CLASS="FrameHeadingFont">
Interfaces</FONT>&nbsp;
<FONT CLASS="FrameItemFont">
<BR>
<A HREF="GameFont.html" title="interface in com.golden.gamedev.object" target="classFrame"><I>GameFont</I></A></FONT></TD>
</TR>
</TABLE>


<TABLE BORDER="0" WIDTH="100%" SUMMARY="">
<TR>
<TD NOWRAP><FONT size="+1" CLASS="FrameHeadingFont">
Classes</FONT>&nbsp;
<FONT CLASS="FrameItemFont">
<BR>
<A HREF="AdvanceSpriteGroup.html" title="class in com.golden.gamedev.object" target="classFrame">AdvanceSpriteGroup</A>
<BR>
<A HREF="AnimatedSprite.html" title="class in com.golden.gamedev.object" target="classFrame">AnimatedSprite</A>
<BR>
<A HREF="Background.html" title="class in com.golden.gamedev.object" target="classFrame">Background</A>
<BR>
<A HREF="CollisionManager.html" title="class in com.golden.gamedev.object" target="classFrame">CollisionManager</A>
<BR>
<A HREF="GameFontManager.html" title="class in com.golden.gamedev.object" target="classFrame">GameFontManager</A>
<BR>
<A HREF="PlayField.html" title="class in com.golden.gamedev.object" target="classFrame">PlayField</A>
<BR>
<A HREF="Sprite.html" title="class in com.golden.gamedev.object" target="classFrame">Sprite</A>
<BR>
<A HREF="SpriteGroup.html" title="class in com.golden.gamedev.object" target="classFrame">SpriteGroup</A>
<BR>
<A HREF="Timer.html" title="class in com.golden.gamedev.object" target="classFrame">Timer</A></FONT></TD>
</TR>
</TABLE>


</BODY>
</HTML>
