<!DOCTYPE HTML PUBLIC "-//W3C//DTD HTML 4.01 Transitional//EN" "http://www.w3.org/TR/html4/loose.dtd">
<!--NewPage-->
<HTML>
<HEAD>
<!-- Generated by javadoc (build 1.5.0_01) on Sun Jul 03 07:12:39 ICT 2005 -->
<TITLE>
Uses of Package com.golden.gamedev.object (GTGE API v0.2.3)
</TITLE>


<LINK REL ="stylesheet" TYPE="text/css" HREF="../../../../stylesheet.css" TITLE="Style">

<SCRIPT type="text/javascript">
function windowTitle()
{
    parent.document.title="Uses of Package com.golden.gamedev.object (GTGE API v0.2.3)";
}
</SCRIPT>
<NOSCRIPT>
</NOSCRIPT>

</HEAD>

<BODY BGCOLOR="white" onload="windowTitle();">


<!-- ========= START OF TOP NAVBAR ======= -->
<A NAME="navbar_top"><!-- --></A>
<A HREF="#skip-navbar_top" title="Skip navigation links"></A>
<TABLE BORDER="0" WIDTH="100%" CELLPADDING="1" CELLSPACING="0" SUMMARY="">
<TR>
<TD COLSPAN=2 BGCOLOR="#EEEEFF" CLASS="NavBarCell1">
<A NAME="navbar_top_firstrow"><!-- --></A>
<TABLE BORDER="0" CELLPADDING="0" CELLSPACING="3" SUMMARY="">
  <TR ALIGN="center" VALIGN="top">
  <TD BGCOLOR="#EEEEFF" CLASS="NavBarCell1">    <A HREF="../../../../overview-summary.html"><FONT CLASS="NavBarFont1"><B>Overview</B></FONT></A>&nbsp;</TD>
  <TD BGCOLOR="#EEEEFF" CLASS="NavBarCell1">    <A HREF="package-summary.html"><FONT CLASS="NavBarFont1"><B>Package</B></FONT></A>&nbsp;</TD>
  <TD BGCOLOR="#EEEEFF" CLASS="NavBarCell1">    <FONT CLASS="NavBarFont1">Class</FONT>&nbsp;</TD>
  <TD BGCOLOR="#FFFFFF" CLASS="NavBarCell1Rev"> &nbsp;<FONT CLASS="NavBarFont1Rev"><B>Use</B></FONT>&nbsp;</TD>
  <TD BGCOLOR="#EEEEFF" CLASS="NavBarCell1">    <A HREF="package-tree.html"><FONT CLASS="NavBarFont1"><B>Tree</B></FONT></A>&nbsp;</TD>
  <TD BGCOLOR="#EEEEFF" CLASS="NavBarCell1">    <A HREF="../../../../index-all.html"><FONT CLASS="NavBarFont1"><B>Index</B></FONT></A>&nbsp;</TD>
  <TD BGCOLOR="#EEEEFF" CLASS="NavBarCell1">    <A HREF="../../../../help-doc.html"><FONT CLASS="NavBarFont1"><B>Help</B></FONT></A>&nbsp;</TD>
  </TR>
</TABLE>
</TD>
<TD ALIGN="right" VALIGN="top" ROWSPAN=3><EM>
<b>GTGE API</b></EM>
</TD>
</TR>

<TR>
<TD BGCOLOR="white" CLASS="NavBarCell2"><FONT SIZE="-2">
&nbsp;PREV&nbsp;
&nbsp;NEXT</FONT></TD>
<TD BGCOLOR="white" CLASS="NavBarCell2"><FONT SIZE="-2">
  <A HREF="../../../../index.html?com/golden/gamedev/object/package-use.html" target="_top"><B>FRAMES</B></A>  &nbsp;
&nbsp;<A HREF="package-use.html" target="_top"><B>NO FRAMES</B></A>  &nbsp;
&nbsp;<SCRIPT type="text/javascript">
  <!--
  if(window==top) {
    document.writeln('<A HREF="../../../../allclasses-noframe.html"><B>All Classes</B></A>');
  }
  //-->
</SCRIPT>
<NOSCRIPT>
  <A HREF="../../../../allclasses-noframe.html"><B>All Classes</B></A>
</NOSCRIPT>


</FONT></TD>
</TR>
</TABLE>
<A NAME="skip-navbar_top"></A>
<!-- ========= END OF TOP NAVBAR ========= -->

<HR>
<CENTER>
<H2>
<B>Uses of Package<br>com.golden.gamedev.object</B></H2>
</CENTER>

<TABLE BORDER="1" WIDTH="100%" CELLPADDING="3" CELLSPACING="0" SUMMARY="">
<TR BGCOLOR="#CCCCFF" CLASS="TableHeadingColor">
<TH ALIGN="left" COLSPAN="2"><FONT SIZE="+2">
Packages that use <A HREF="../../../../com/golden/gamedev/object/package-summary.html">com.golden.gamedev.object</A></FONT></TH>
</TR>
<TR BGCOLOR="white" CLASS="TableRowColor">
<TD><A HREF="#com.golden.gamedev"><B>com.golden.gamedev</B></A></TD>
<TD>The core package of Golden T Game Engine (GTGE) Frame Work<br />
<b>(this package is where you should start first)</b>.&nbsp;</TD>
</TR>
<TR BGCOLOR="white" CLASS="TableRowColor">
<TD><A HREF="#com.golden.gamedev.object"><B>com.golden.gamedev.object</B></A></TD>
<TD>This package is the heart of the game, containing objects visible in the game, such as sprite class, background class, etc.&nbsp;</TD>
</TR>
<TR BGCOLOR="white" CLASS="TableRowColor">
<TD><A HREF="#com.golden.gamedev.object.background"><B>com.golden.gamedev.object.background</B></A></TD>
<TD>Background implementation.&nbsp;</TD>
</TR>
<TR BGCOLOR="white" CLASS="TableRowColor">
<TD><A HREF="#com.golden.gamedev.object.background.abstraction"><B>com.golden.gamedev.object.background.abstraction</B></A></TD>
<TD>Advanced background abstraction, this package gives a flexible way to create advanced background specific to your game.&nbsp;</TD>
</TR>
<TR BGCOLOR="white" CLASS="TableRowColor">
<TD><A HREF="#com.golden.gamedev.object.collision"><B>com.golden.gamedev.object.collision</B></A></TD>
<TD>Collision implementation.&nbsp;</TD>
</TR>
<TR BGCOLOR="white" CLASS="TableRowColor">
<TD><A HREF="#com.golden.gamedev.object.font"><B>com.golden.gamedev.object.font</B></A></TD>
<TD>Game font implementation.&nbsp;</TD>
</TR>
<TR BGCOLOR="white" CLASS="TableRowColor">
<TD><A HREF="#com.golden.gamedev.object.sprite"><B>com.golden.gamedev.object.sprite</B></A></TD>
<TD>Sprite implementation.&nbsp;</TD>
</TR>
</TABLE>
&nbsp;
<P>
<A NAME="com.golden.gamedev"><!-- --></A>
<TABLE BORDER="1" WIDTH="100%" CELLPADDING="3" CELLSPACING="0" SUMMARY="">
<TR BGCOLOR="#CCCCFF" CLASS="TableHeadingColor">
<TH ALIGN="left" COLSPAN="2"><FONT SIZE="+2">
Classes in <A HREF="../../../../com/golden/gamedev/object/package-summary.html">com.golden.gamedev.object</A> used by <A HREF="../../../../com/golden/gamedev/package-summary.html">com.golden.gamedev</A></FONT></TH>
</TR>
<TR BGCOLOR="white" CLASS="TableRowColor">
<TD><B><A HREF="../../../../com/golden/gamedev/object/class-use/GameFontManager.html#com.golden.gamedev"><B>GameFontManager</B></A></B>

<BR>
&nbsp;&nbsp;&nbsp;&nbsp;&nbsp;&nbsp;&nbsp;&nbsp;&nbsp;&nbsp;Simplify <code>GameFont</code> creation and also behave as the storage of
 loaded font.</TD>
</TR>
<TR BGCOLOR="white" CLASS="TableRowColor">
<TD><B><A HREF="../../../../com/golden/gamedev/object/class-use/Sprite.html#com.golden.gamedev"><B>Sprite</B></A></B>

<BR>
&nbsp;&nbsp;&nbsp;&nbsp;&nbsp;&nbsp;&nbsp;&nbsp;&nbsp;&nbsp;<code>Sprite</code> is the object in game that has graphical look and has its
 own behaviour.</TD>
</TR>
</TABLE>
&nbsp;
<P>
<A NAME="com.golden.gamedev.object"><!-- --></A>
<TABLE BORDER="1" WIDTH="100%" CELLPADDING="3" CELLSPACING="0" SUMMARY="">
<TR BGCOLOR="#CCCCFF" CLASS="TableHeadingColor">
<TH ALIGN="left" COLSPAN="2"><FONT SIZE="+2">
Classes in <A HREF="../../../../com/golden/gamedev/object/package-summary.html">com.golden.gamedev.object</A> used by <A HREF="../../../../com/golden/gamedev/object/package-summary.html">com.golden.gamedev.object</A></FONT></TH>
</TR>
<TR BGCOLOR="white" CLASS="TableRowColor">
<TD><B><A HREF="../../../../com/golden/gamedev/object/class-use/Background.html#com.golden.gamedev.object"><B>Background</B></A></B>

<BR>
&nbsp;&nbsp;&nbsp;&nbsp;&nbsp;&nbsp;&nbsp;&nbsp;&nbsp;&nbsp;<code>Background</code> is the area where every sprites lived.</TD>
</TR>
<TR BGCOLOR="white" CLASS="TableRowColor">
<TD><B><A HREF="../../../../com/golden/gamedev/object/class-use/CollisionManager.html#com.golden.gamedev.object"><B>CollisionManager</B></A></B>

<BR>
&nbsp;&nbsp;&nbsp;&nbsp;&nbsp;&nbsp;&nbsp;&nbsp;&nbsp;&nbsp;<code>CollisionManager</code> class is the base collision check abstract
 class that check collision between two <code>SpriteGroups</code>.</TD>
</TR>
<TR BGCOLOR="white" CLASS="TableRowColor">
<TD><B><A HREF="../../../../com/golden/gamedev/object/class-use/GameFont.html#com.golden.gamedev.object"><B>GameFont</B></A></B>

<BR>
&nbsp;&nbsp;&nbsp;&nbsp;&nbsp;&nbsp;&nbsp;&nbsp;&nbsp;&nbsp;<code>GameFont</code> interface is an interface to draw text with alignment.</TD>
</TR>
<TR BGCOLOR="white" CLASS="TableRowColor">
<TD><B><A HREF="../../../../com/golden/gamedev/object/class-use/Sprite.html#com.golden.gamedev.object"><B>Sprite</B></A></B>

<BR>
&nbsp;&nbsp;&nbsp;&nbsp;&nbsp;&nbsp;&nbsp;&nbsp;&nbsp;&nbsp;<code>Sprite</code> is the object in game that has graphical look and has its
 own behaviour.</TD>
</TR>
<TR BGCOLOR="white" CLASS="TableRowColor">
<TD><B><A HREF="../../../../com/golden/gamedev/object/class-use/SpriteGroup.html#com.golden.gamedev.object"><B>SpriteGroup</B></A></B>

<BR>
&nbsp;&nbsp;&nbsp;&nbsp;&nbsp;&nbsp;&nbsp;&nbsp;&nbsp;&nbsp;Group of sprites with common behaviour, for example PLAYER_GROUP, ENEMY_GROUP,
 etc.</TD>
</TR>
<TR BGCOLOR="white" CLASS="TableRowColor">
<TD><B><A HREF="../../../../com/golden/gamedev/object/class-use/Timer.html#com.golden.gamedev.object"><B>Timer</B></A></B>

<BR>
&nbsp;&nbsp;&nbsp;&nbsp;&nbsp;&nbsp;&nbsp;&nbsp;&nbsp;&nbsp;Class to manage timing in GTGE Frame Work to create game independent of frame
 rate.</TD>
</TR>
</TABLE>
&nbsp;
<P>
<A NAME="com.golden.gamedev.object.background"><!-- --></A>
<TABLE BORDER="1" WIDTH="100%" CELLPADDING="3" CELLSPACING="0" SUMMARY="">
<TR BGCOLOR="#CCCCFF" CLASS="TableHeadingColor">
<TH ALIGN="left" COLSPAN="2"><FONT SIZE="+2">
Classes in <A HREF="../../../../com/golden/gamedev/object/package-summary.html">com.golden.gamedev.object</A> used by <A HREF="../../../../com/golden/gamedev/object/background/package-summary.html">com.golden.gamedev.object.background</A></FONT></TH>
</TR>
<TR BGCOLOR="white" CLASS="TableRowColor">
<TD><B><A HREF="../../../../com/golden/gamedev/object/class-use/Background.html#com.golden.gamedev.object.background"><B>Background</B></A></B>

<BR>
&nbsp;&nbsp;&nbsp;&nbsp;&nbsp;&nbsp;&nbsp;&nbsp;&nbsp;&nbsp;<code>Background</code> is the area where every sprites lived.</TD>
</TR>
</TABLE>
&nbsp;
<P>
<A NAME="com.golden.gamedev.object.background.abstraction"><!-- --></A>
<TABLE BORDER="1" WIDTH="100%" CELLPADDING="3" CELLSPACING="0" SUMMARY="">
<TR BGCOLOR="#CCCCFF" CLASS="TableHeadingColor">
<TH ALIGN="left" COLSPAN="2"><FONT SIZE="+2">
Classes in <A HREF="../../../../com/golden/gamedev/object/package-summary.html">com.golden.gamedev.object</A> used by <A HREF="../../../../com/golden/gamedev/object/background/abstraction/package-summary.html">com.golden.gamedev.object.background.abstraction</A></FONT></TH>
</TR>
<TR BGCOLOR="white" CLASS="TableRowColor">
<TD><B><A HREF="../../../../com/golden/gamedev/object/class-use/Background.html#com.golden.gamedev.object.background.abstraction"><B>Background</B></A></B>

<BR>
&nbsp;&nbsp;&nbsp;&nbsp;&nbsp;&nbsp;&nbsp;&nbsp;&nbsp;&nbsp;<code>Background</code> is the area where every sprites lived.</TD>
</TR>
</TABLE>
&nbsp;
<P>
<A NAME="com.golden.gamedev.object.collision"><!-- --></A>
<TABLE BORDER="1" WIDTH="100%" CELLPADDING="3" CELLSPACING="0" SUMMARY="">
<TR BGCOLOR="#CCCCFF" CLASS="TableHeadingColor">
<TH ALIGN="left" COLSPAN="2"><FONT SIZE="+2">
Classes in <A HREF="../../../../com/golden/gamedev/object/package-summary.html">com.golden.gamedev.object</A> used by <A HREF="../../../../com/golden/gamedev/object/collision/package-summary.html">com.golden.gamedev.object.collision</A></FONT></TH>
</TR>
<TR BGCOLOR="white" CLASS="TableRowColor">
<TD><B><A HREF="../../../../com/golden/gamedev/object/class-use/Background.html#com.golden.gamedev.object.collision"><B>Background</B></A></B>

<BR>
&nbsp;&nbsp;&nbsp;&nbsp;&nbsp;&nbsp;&nbsp;&nbsp;&nbsp;&nbsp;<code>Background</code> is the area where every sprites lived.</TD>
</TR>
<TR BGCOLOR="white" CLASS="TableRowColor">
<TD><B><A HREF="../../../../com/golden/gamedev/object/class-use/CollisionManager.html#com.golden.gamedev.object.collision"><B>CollisionManager</B></A></B>

<BR>
&nbsp;&nbsp;&nbsp;&nbsp;&nbsp;&nbsp;&nbsp;&nbsp;&nbsp;&nbsp;<code>CollisionManager</code> class is the base collision check abstract
 class that check collision between two <code>SpriteGroups</code>.</TD>
</TR>
<TR BGCOLOR="white" CLASS="TableRowColor">
<TD><B><A HREF="../../../../com/golden/gamedev/object/class-use/Sprite.html#com.golden.gamedev.object.collision"><B>Sprite</B></A></B>

<BR>
&nbsp;&nbsp;&nbsp;&nbsp;&nbsp;&nbsp;&nbsp;&nbsp;&nbsp;&nbsp;<code>Sprite</code> is the object in game that has graphical look and has its
 own behaviour.</TD>
</TR>
<TR BGCOLOR="white" CLASS="TableRowColor">
<TD><B><A HREF="../../../../com/golden/gamedev/object/class-use/SpriteGroup.html#com.golden.gamedev.object.collision"><B>SpriteGroup</B></A></B>

<BR>
&nbsp;&nbsp;&nbsp;&nbsp;&nbsp;&nbsp;&nbsp;&nbsp;&nbsp;&nbsp;Group of sprites with common behaviour, for example PLAYER_GROUP, ENEMY_GROUP,
 etc.</TD>
</TR>
</TABLE>
&nbsp;
<P>
<A NAME="com.golden.gamedev.object.font"><!-- --></A>
<TABLE BORDER="1" WIDTH="100%" CELLPADDING="3" CELLSPACING="0" SUMMARY="">
<TR BGCOLOR="#CCCCFF" CLASS="TableHeadingColor">
<TH ALIGN="left" COLSPAN="2"><FONT SIZE="+2">
Classes in <A HREF="../../../../com/golden/gamedev/object/package-summary.html">com.golden.gamedev.object</A> used by <A HREF="../../../../com/golden/gamedev/object/font/package-summary.html">com.golden.gamedev.object.font</A></FONT></TH>
</TR>
<TR BGCOLOR="white" CLASS="TableRowColor">
<TD><B><A HREF="../../../../com/golden/gamedev/object/class-use/GameFont.html#com.golden.gamedev.object.font"><B>GameFont</B></A></B>

<BR>
&nbsp;&nbsp;&nbsp;&nbsp;&nbsp;&nbsp;&nbsp;&nbsp;&nbsp;&nbsp;<code>GameFont</code> interface is an interface to draw text with alignment.</TD>
</TR>
</TABLE>
&nbsp;
<P>
<A NAME="com.golden.gamedev.object.sprite"><!-- --></A>
<TABLE BORDER="1" WIDTH="100%" CELLPADDING="3" CELLSPACING="0" SUMMARY="">
<TR BGCOLOR="#CCCCFF" CLASS="TableHeadingColor">
<TH ALIGN="left" COLSPAN="2"><FONT SIZE="+2">
Classes in <A HREF="../../../../com/golden/gamedev/object/package-summary.html">com.golden.gamedev.object</A> used by <A HREF="../../../../com/golden/gamedev/object/sprite/package-summary.html">com.golden.gamedev.object.sprite</A></FONT></TH>
</TR>
<TR BGCOLOR="white" CLASS="TableRowColor">
<TD><B><A HREF="../../../../com/golden/gamedev/object/class-use/AnimatedSprite.html#com.golden.gamedev.object.sprite"><B>AnimatedSprite</B></A></B>

<BR>
&nbsp;&nbsp;&nbsp;&nbsp;&nbsp;&nbsp;&nbsp;&nbsp;&nbsp;&nbsp;<code>AnimatedSprite</code> class is sprite that use several images and can
 be animated.</TD>
</TR>
<TR BGCOLOR="white" CLASS="TableRowColor">
<TD><B><A HREF="../../../../com/golden/gamedev/object/class-use/Sprite.html#com.golden.gamedev.object.sprite"><B>Sprite</B></A></B>

<BR>
&nbsp;&nbsp;&nbsp;&nbsp;&nbsp;&nbsp;&nbsp;&nbsp;&nbsp;&nbsp;<code>Sprite</code> is the object in game that has graphical look and has its
 own behaviour.</TD>
</TR>
</TABLE>
&nbsp;
<P>
<HR>


<!-- ======= START OF BOTTOM NAVBAR ====== -->
<A NAME="navbar_bottom"><!-- --></A>
<A HREF="#skip-navbar_bottom" title="Skip navigation links"></A>
<TABLE BORDER="0" WIDTH="100%" CELLPADDING="1" CELLSPACING="0" SUMMARY="">
<TR>
<TD COLSPAN=2 BGCOLOR="#EEEEFF" CLASS="NavBarCell1">
<A NAME="navbar_bottom_firstrow"><!-- --></A>
<TABLE BORDER="0" CELLPADDING="0" CELLSPACING="3" SUMMARY="">
  <TR ALIGN="center" VALIGN="top">
  <TD BGCOLOR="#EEEEFF" CLASS="NavBarCell1">    <A HREF="../../../../overview-summary.html"><FONT CLASS="NavBarFont1"><B>Overview</B></FONT></A>&nbsp;</TD>
  <TD BGCOLOR="#EEEEFF" CLASS="NavBarCell1">    <A HREF="package-summary.html"><FONT CLASS="NavBarFont1"><B>Package</B></FONT></A>&nbsp;</TD>
  <TD BGCOLOR="#EEEEFF" CLASS="NavBarCell1">    <FONT CLASS="NavBarFont1">Class</FONT>&nbsp;</TD>
  <TD BGCOLOR="#FFFFFF" CLASS="NavBarCell1Rev"> &nbsp;<FONT CLASS="NavBarFont1Rev"><B>Use</B></FONT>&nbsp;</TD>
  <TD BGCOLOR="#EEEEFF" CLASS="NavBarCell1">    <A HREF="package-tree.html"><FONT CLASS="NavBarFont1"><B>Tree</B></FONT></A>&nbsp;</TD>
  <TD BGCOLOR="#EEEEFF" CLASS="NavBarCell1">    <A HREF="../../../../index-all.html"><FONT CLASS="NavBarFont1"><B>Index</B></FONT></A>&nbsp;</TD>
  <TD BGCOLOR="#EEEEFF" CLASS="NavBarCell1">    <A HREF="../../../../help-doc.html"><FONT CLASS="NavBarFont1"><B>Help</B></FONT></A>&nbsp;</TD>
  </TR>
</TABLE>
</TD>
<TD ALIGN="right" VALIGN="top" ROWSPAN=3><EM>
<b>GTGE API</b></EM>
</TD>
</TR>

<TR>
<TD BGCOLOR="white" CLASS="NavBarCell2"><FONT SIZE="-2">
&nbsp;PREV&nbsp;
&nbsp;NEXT</FONT></TD>
<TD BGCOLOR="white" CLASS="NavBarCell2"><FONT SIZE="-2">
  <A HREF="../../../../index.html?com/golden/gamedev/object/package-use.html" target="_top"><B>FRAMES</B></A>  &nbsp;
&nbsp;<A HREF="package-use.html" target="_top"><B>NO FRAMES</B></A>  &nbsp;
&nbsp;<SCRIPT type="text/javascript">
  <!--
  if(window==top) {
    document.writeln('<A HREF="../../../../allclasses-noframe.html"><B>All Classes</B></A>');
  }
  //-->
</SCRIPT>
<NOSCRIPT>
  <A HREF="../../../../allclasses-noframe.html"><B>All Classes</B></A>
</NOSCRIPT>


</FONT></TD>
</TR>
</TABLE>
<A NAME="skip-navbar_bottom"></A>
<!-- ======== END OF BOTTOM NAVBAR ======= -->

<HR>
<i>Copyright &copy; 2003-2005 Golden T Studios. All rights reserved. Use is subject to <a href=http://creativecommons.org/licenses/by/2.0/>license terms<a/>.<br><a target=_blank href=http://www.goldenstudios.or.id/>GoldenStudios.or.id</a></i>
</BODY>
</HTML>
