<!DOCTYPE HTML PUBLIC "-//W3C//DTD HTML 4.01 Transitional//EN" "http://www.w3.org/TR/html4/loose.dtd">
<!--NewPage-->
<HTML>
<HEAD>
<!-- Generated by javadoc (build 1.5.0_01) on Sun Jul 03 11:32:21 ICT 2005 -->
<TITLE>
LWJGLInput (GTGE Add-Ons)
</TITLE>

<META NAME="keywords" CONTENT="com.golden.gamedev.engine.lwjgl.LWJGLInput class">

<LINK REL ="stylesheet" TYPE="text/css" HREF="../../../../../stylesheet.css" TITLE="Style">

<SCRIPT type="text/javascript">
function windowTitle()
{
    parent.document.title="LWJGLInput (GTGE Add-Ons)";
}
</SCRIPT>
<NOSCRIPT>
</NOSCRIPT>

</HEAD>

<BODY BGCOLOR="white" onload="windowTitle();">


<!-- ========= START OF TOP NAVBAR ======= -->
<A NAME="navbar_top"><!-- --></A>
<A HREF="#skip-navbar_top" title="Skip navigation links"></A>
<TABLE BORDER="0" WIDTH="100%" CELLPADDING="1" CELLSPACING="0" SUMMARY="">
<TR>
<TD COLSPAN=2 BGCOLOR="#EEEEFF" CLASS="NavBarCell1">
<A NAME="navbar_top_firstrow"><!-- --></A>
<TABLE BORDER="0" CELLPADDING="0" CELLSPACING="3" SUMMARY="">
  <TR ALIGN="center" VALIGN="top">
  <TD BGCOLOR="#EEEEFF" CLASS="NavBarCell1">    <A HREF="../../../../../overview-summary.html"><FONT CLASS="NavBarFont1"><B>Overview</B></FONT></A>&nbsp;</TD>
  <TD BGCOLOR="#EEEEFF" CLASS="NavBarCell1">    <A HREF="package-summary.html"><FONT CLASS="NavBarFont1"><B>Package</B></FONT></A>&nbsp;</TD>
  <TD BGCOLOR="#FFFFFF" CLASS="NavBarCell1Rev"> &nbsp;<FONT CLASS="NavBarFont1Rev"><B>Class</B></FONT>&nbsp;</TD>
  <TD BGCOLOR="#EEEEFF" CLASS="NavBarCell1">    <A HREF="package-tree.html"><FONT CLASS="NavBarFont1"><B>Tree</B></FONT></A>&nbsp;</TD>
  <TD BGCOLOR="#EEEEFF" CLASS="NavBarCell1">    <A HREF="../../../../../index-all.html"><FONT CLASS="NavBarFont1"><B>Index</B></FONT></A>&nbsp;</TD>
  <TD BGCOLOR="#EEEEFF" CLASS="NavBarCell1">    <A HREF="../../../../../help-doc.html"><FONT CLASS="NavBarFont1"><B>Help</B></FONT></A>&nbsp;</TD>
  </TR>
</TABLE>
</TD>
<TD ALIGN="right" VALIGN="top" ROWSPAN=3><EM>
</EM>
</TD>
</TR>

<TR>
<TD BGCOLOR="white" CLASS="NavBarCell2"><FONT SIZE="-2">
&nbsp;<A HREF="../../../../../com/golden/gamedev/engine/lwjgl/LWJGLGraphics.html" title="class in com.golden.gamedev.engine.lwjgl"><B>PREV CLASS</B></A>&nbsp;
&nbsp;<A HREF="../../../../../com/golden/gamedev/engine/lwjgl/LWJGLMode.html" title="class in com.golden.gamedev.engine.lwjgl"><B>NEXT CLASS</B></A></FONT></TD>
<TD BGCOLOR="white" CLASS="NavBarCell2"><FONT SIZE="-2">
  <A HREF="../../../../../index.html?com/golden/gamedev/engine/lwjgl/LWJGLInput.html" target="_top"><B>FRAMES</B></A>  &nbsp;
&nbsp;<A HREF="LWJGLInput.html" target="_top"><B>NO FRAMES</B></A>  &nbsp;
&nbsp;<SCRIPT type="text/javascript">
  <!--
  if(window==top) {
    document.writeln('<A HREF="../../../../../allclasses-noframe.html"><B>All Classes</B></A>');
  }
  //-->
</SCRIPT>
<NOSCRIPT>
  <A HREF="../../../../../allclasses-noframe.html"><B>All Classes</B></A>
</NOSCRIPT>


</FONT></TD>
</TR>
<TR>
<TD VALIGN="top" CLASS="NavBarCell3"><FONT SIZE="-2">
  SUMMARY:&nbsp;NESTED&nbsp;|&nbsp;<A HREF="#field_summary">FIELD</A>&nbsp;|&nbsp;<A HREF="#constructor_summary">CONSTR</A>&nbsp;|&nbsp;<A HREF="#method_summary">METHOD</A></FONT></TD>
<TD VALIGN="top" CLASS="NavBarCell3"><FONT SIZE="-2">
DETAIL:&nbsp;<A HREF="#field_detail">FIELD</A>&nbsp;|&nbsp;<A HREF="#constructor_detail">CONSTR</A>&nbsp;|&nbsp;<A HREF="#method_detail">METHOD</A></FONT></TD>
</TR>
</TABLE>
<A NAME="skip-navbar_top"></A>
<!-- ========= END OF TOP NAVBAR ========= -->

<HR>
<!-- ======== START OF CLASS DATA ======== -->
<H2>
<FONT SIZE="-1">
com.golden.gamedev.engine.lwjgl</FONT>
<BR>
Class LWJGLInput</H2>
<PRE>
<A HREF="http://java.sun.com/j2se/1.4/docs/api/java/lang/Object.html" title="class or interface in java.lang">java.lang.Object</A>
  <IMG SRC="../../../../../resources/inherit.gif" ALT="extended by "><B>com.golden.gamedev.engine.lwjgl.LWJGLInput</B>
</PRE>
<DL>
<DT><B>All Implemented Interfaces:</B> <DD>com.golden.gamedev.engine.BaseInput</DD>
</DL>
<HR>
<DL>
<DT><PRE>public class <B>LWJGLInput</B><DT>extends <A HREF="http://java.sun.com/j2se/1.4/docs/api/java/lang/Object.html" title="class or interface in java.lang">Object</A><DT>implements com.golden.gamedev.engine.BaseInput</DL>
</PRE>

<P>
Input engine used in LWJGL graphics enviroment, <br>
 LWJGL is available to download at
 <a href="http://lwjgl.org/" target="_blank">http://lwjgl.org/</a>. <p>

 Make sure the downloaded library is included into your game classpath
 before using this input engine. <p>

 <b>Note: GTGE is not associated in any way with LWJGL,
 this class is only interfacing LWJGL to be used in GTGE. <br>
 This class is created and has been tested to be working properly
 using <em>LWJGL v0.95</em>.</b>
<P>

<P>
<HR>

<P>
<!-- =========== FIELD SUMMARY =========== -->

<A NAME="field_summary"><!-- --></A>
<TABLE BORDER="1" WIDTH="100%" CELLPADDING="3" CELLSPACING="0" SUMMARY="">
<TR BGCOLOR="#CCCCFF" CLASS="TableHeadingColor">
<TH ALIGN="left" COLSPAN="2"><FONT SIZE="+2">
<B>Field Summary</B></FONT></TH>
</TR>
<TR BGCOLOR="white" CLASS="TableRowColor">
<TD ALIGN="right" VALIGN="top" WIDTH="1%"><FONT SIZE="-1">
<CODE>protected static&nbsp;int[]</CODE></FONT></TD>
<TD><CODE><B><A HREF="../../../../../com/golden/gamedev/engine/lwjgl/LWJGLInput.html#AWT_KEY_CONVERSION">AWT_KEY_CONVERSION</A></B></CODE>

<BR>
&nbsp;&nbsp;&nbsp;&nbsp;&nbsp;&nbsp;&nbsp;&nbsp;&nbsp;&nbsp;LWJGL to AWT key constants conversion.</TD>
</TR>
<TR BGCOLOR="white" CLASS="TableRowColor">
<TD ALIGN="right" VALIGN="top" WIDTH="1%"><FONT SIZE="-1">
<CODE>protected static&nbsp;int[]</CODE></FONT></TD>
<TD><CODE><B><A HREF="../../../../../com/golden/gamedev/engine/lwjgl/LWJGLInput.html#LWJGL_KEY_CONVERSION">LWJGL_KEY_CONVERSION</A></B></CODE>

<BR>
&nbsp;&nbsp;&nbsp;&nbsp;&nbsp;&nbsp;&nbsp;&nbsp;&nbsp;&nbsp;AWT to LWJGL key constants conversion.</TD>
</TR>
</TABLE>
&nbsp;<A NAME="fields_inherited_from_class_com.golden.gamedev.engine.BaseInput"><!-- --></A>
<TABLE BORDER="1" WIDTH="100%" CELLPADDING="3" CELLSPACING="0" SUMMARY="">
<TR BGCOLOR="#EEEEFF" CLASS="TableSubHeadingColor">
<TH ALIGN="left"><B>Fields inherited from interface com.golden.gamedev.engine.BaseInput</B></TH>
</TR>
<TR BGCOLOR="white" CLASS="TableRowColor">
<TD><CODE>NO_BUTTON, NO_KEY</CODE></TD>
</TR>
</TABLE>
&nbsp;
<!-- ======== CONSTRUCTOR SUMMARY ======== -->

<A NAME="constructor_summary"><!-- --></A>
<TABLE BORDER="1" WIDTH="100%" CELLPADDING="3" CELLSPACING="0" SUMMARY="">
<TR BGCOLOR="#CCCCFF" CLASS="TableHeadingColor">
<TH ALIGN="left" COLSPAN="2"><FONT SIZE="+2">
<B>Constructor Summary</B></FONT></TH>
</TR>
<TR BGCOLOR="white" CLASS="TableRowColor">
<TD><CODE><B><A HREF="../../../../../com/golden/gamedev/engine/lwjgl/LWJGLInput.html#LWJGLInput()">LWJGLInput</A></B>()</CODE>

<BR>
&nbsp;&nbsp;&nbsp;&nbsp;&nbsp;&nbsp;&nbsp;&nbsp;&nbsp;&nbsp;Constructs new <code>LWJGLInput</code>.</TD>
</TR>
</TABLE>
&nbsp;
<!-- ========== METHOD SUMMARY =========== -->

<A NAME="method_summary"><!-- --></A>
<TABLE BORDER="1" WIDTH="100%" CELLPADDING="3" CELLSPACING="0" SUMMARY="">
<TR BGCOLOR="#CCCCFF" CLASS="TableHeadingColor">
<TH ALIGN="left" COLSPAN="2"><FONT SIZE="+2">
<B>Method Summary</B></FONT></TH>
</TR>
<TR BGCOLOR="white" CLASS="TableRowColor">
<TD ALIGN="right" VALIGN="top" WIDTH="1%"><FONT SIZE="-1">
<CODE>&nbsp;void</CODE></FONT></TD>
<TD><CODE><B><A HREF="../../../../../com/golden/gamedev/engine/lwjgl/LWJGLInput.html#cleanup()">cleanup</A></B>()</CODE>

<BR>
&nbsp;&nbsp;&nbsp;&nbsp;&nbsp;&nbsp;&nbsp;&nbsp;&nbsp;&nbsp;<i>Please refer to super class method documentation.</TD>
</TR>
<TR BGCOLOR="white" CLASS="TableRowColor">
<TD ALIGN="right" VALIGN="top" WIDTH="1%"><FONT SIZE="-1">
<CODE>static&nbsp;int</CODE></FONT></TD>
<TD><CODE><B><A HREF="../../../../../com/golden/gamedev/engine/lwjgl/LWJGLInput.html#convertToAWT(int)">convertToAWT</A></B>(int&nbsp;lwjglKeyCode)</CODE>

<BR>
&nbsp;&nbsp;&nbsp;&nbsp;&nbsp;&nbsp;&nbsp;&nbsp;&nbsp;&nbsp;Conversion LWJGL key code to AWT key code.</TD>
</TR>
<TR BGCOLOR="white" CLASS="TableRowColor">
<TD ALIGN="right" VALIGN="top" WIDTH="1%"><FONT SIZE="-1">
<CODE>static&nbsp;int</CODE></FONT></TD>
<TD><CODE><B><A HREF="../../../../../com/golden/gamedev/engine/lwjgl/LWJGLInput.html#convertToLWJGL(int)">convertToLWJGL</A></B>(int&nbsp;awtKeyCode)</CODE>

<BR>
&nbsp;&nbsp;&nbsp;&nbsp;&nbsp;&nbsp;&nbsp;&nbsp;&nbsp;&nbsp;Conversion AWT key code to LWJGL key code.</TD>
</TR>
<TR BGCOLOR="white" CLASS="TableRowColor">
<TD ALIGN="right" VALIGN="top" WIDTH="1%"><FONT SIZE="-1">
<CODE>&nbsp;int</CODE></FONT></TD>
<TD><CODE><B><A HREF="../../../../../com/golden/gamedev/engine/lwjgl/LWJGLInput.html#getKeyPressed()">getKeyPressed</A></B>()</CODE>

<BR>
&nbsp;&nbsp;&nbsp;&nbsp;&nbsp;&nbsp;&nbsp;&nbsp;&nbsp;&nbsp;<i>Please refer to super class method documentation.</TD>
</TR>
<TR BGCOLOR="white" CLASS="TableRowColor">
<TD ALIGN="right" VALIGN="top" WIDTH="1%"><FONT SIZE="-1">
<CODE>&nbsp;int</CODE></FONT></TD>
<TD><CODE><B><A HREF="../../../../../com/golden/gamedev/engine/lwjgl/LWJGLInput.html#getKeyReleased()">getKeyReleased</A></B>()</CODE>

<BR>
&nbsp;&nbsp;&nbsp;&nbsp;&nbsp;&nbsp;&nbsp;&nbsp;&nbsp;&nbsp;<i>Please refer to super class method documentation.</TD>
</TR>
<TR BGCOLOR="white" CLASS="TableRowColor">
<TD ALIGN="right" VALIGN="top" WIDTH="1%"><FONT SIZE="-1">
<CODE>&nbsp;int</CODE></FONT></TD>
<TD><CODE><B><A HREF="../../../../../com/golden/gamedev/engine/lwjgl/LWJGLInput.html#getMouseDX()">getMouseDX</A></B>()</CODE>

<BR>
&nbsp;&nbsp;&nbsp;&nbsp;&nbsp;&nbsp;&nbsp;&nbsp;&nbsp;&nbsp;<i>Please refer to super class method documentation.</TD>
</TR>
<TR BGCOLOR="white" CLASS="TableRowColor">
<TD ALIGN="right" VALIGN="top" WIDTH="1%"><FONT SIZE="-1">
<CODE>&nbsp;int</CODE></FONT></TD>
<TD><CODE><B><A HREF="../../../../../com/golden/gamedev/engine/lwjgl/LWJGLInput.html#getMouseDY()">getMouseDY</A></B>()</CODE>

<BR>
&nbsp;&nbsp;&nbsp;&nbsp;&nbsp;&nbsp;&nbsp;&nbsp;&nbsp;&nbsp;<i>Please refer to super class method documentation.</TD>
</TR>
<TR BGCOLOR="white" CLASS="TableRowColor">
<TD ALIGN="right" VALIGN="top" WIDTH="1%"><FONT SIZE="-1">
<CODE>&nbsp;int</CODE></FONT></TD>
<TD><CODE><B><A HREF="../../../../../com/golden/gamedev/engine/lwjgl/LWJGLInput.html#getMousePressed()">getMousePressed</A></B>()</CODE>

<BR>
&nbsp;&nbsp;&nbsp;&nbsp;&nbsp;&nbsp;&nbsp;&nbsp;&nbsp;&nbsp;<i>Please refer to super class method documentation.</TD>
</TR>
<TR BGCOLOR="white" CLASS="TableRowColor">
<TD ALIGN="right" VALIGN="top" WIDTH="1%"><FONT SIZE="-1">
<CODE>&nbsp;int</CODE></FONT></TD>
<TD><CODE><B><A HREF="../../../../../com/golden/gamedev/engine/lwjgl/LWJGLInput.html#getMouseReleased()">getMouseReleased</A></B>()</CODE>

<BR>
&nbsp;&nbsp;&nbsp;&nbsp;&nbsp;&nbsp;&nbsp;&nbsp;&nbsp;&nbsp;<i>Please refer to super class method documentation.</TD>
</TR>
<TR BGCOLOR="white" CLASS="TableRowColor">
<TD ALIGN="right" VALIGN="top" WIDTH="1%"><FONT SIZE="-1">
<CODE>&nbsp;int</CODE></FONT></TD>
<TD><CODE><B><A HREF="../../../../../com/golden/gamedev/engine/lwjgl/LWJGLInput.html#getMouseX()">getMouseX</A></B>()</CODE>

<BR>
&nbsp;&nbsp;&nbsp;&nbsp;&nbsp;&nbsp;&nbsp;&nbsp;&nbsp;&nbsp;<i>Please refer to super class method documentation.</TD>
</TR>
<TR BGCOLOR="white" CLASS="TableRowColor">
<TD ALIGN="right" VALIGN="top" WIDTH="1%"><FONT SIZE="-1">
<CODE>&nbsp;int</CODE></FONT></TD>
<TD><CODE><B><A HREF="../../../../../com/golden/gamedev/engine/lwjgl/LWJGLInput.html#getMouseY()">getMouseY</A></B>()</CODE>

<BR>
&nbsp;&nbsp;&nbsp;&nbsp;&nbsp;&nbsp;&nbsp;&nbsp;&nbsp;&nbsp;<i>Please refer to super class method documentation.</TD>
</TR>
<TR BGCOLOR="white" CLASS="TableRowColor">
<TD ALIGN="right" VALIGN="top" WIDTH="1%"><FONT SIZE="-1">
<CODE>&nbsp;boolean</CODE></FONT></TD>
<TD><CODE><B><A HREF="../../../../../com/golden/gamedev/engine/lwjgl/LWJGLInput.html#isKeyDown(int)">isKeyDown</A></B>(int&nbsp;keyCode)</CODE>

<BR>
&nbsp;&nbsp;&nbsp;&nbsp;&nbsp;&nbsp;&nbsp;&nbsp;&nbsp;&nbsp;<i>Please refer to super class method documentation.</TD>
</TR>
<TR BGCOLOR="white" CLASS="TableRowColor">
<TD ALIGN="right" VALIGN="top" WIDTH="1%"><FONT SIZE="-1">
<CODE>&nbsp;boolean</CODE></FONT></TD>
<TD><CODE><B><A HREF="../../../../../com/golden/gamedev/engine/lwjgl/LWJGLInput.html#isKeyPressed(int)">isKeyPressed</A></B>(int&nbsp;keyCode)</CODE>

<BR>
&nbsp;&nbsp;&nbsp;&nbsp;&nbsp;&nbsp;&nbsp;&nbsp;&nbsp;&nbsp;<i>Please refer to super class method documentation.</TD>
</TR>
<TR BGCOLOR="white" CLASS="TableRowColor">
<TD ALIGN="right" VALIGN="top" WIDTH="1%"><FONT SIZE="-1">
<CODE>&nbsp;boolean</CODE></FONT></TD>
<TD><CODE><B><A HREF="../../../../../com/golden/gamedev/engine/lwjgl/LWJGLInput.html#isKeyReleased(int)">isKeyReleased</A></B>(int&nbsp;keyCode)</CODE>

<BR>
&nbsp;&nbsp;&nbsp;&nbsp;&nbsp;&nbsp;&nbsp;&nbsp;&nbsp;&nbsp;<i>Please refer to super class method documentation.</TD>
</TR>
<TR BGCOLOR="white" CLASS="TableRowColor">
<TD ALIGN="right" VALIGN="top" WIDTH="1%"><FONT SIZE="-1">
<CODE>&nbsp;boolean</CODE></FONT></TD>
<TD><CODE><B><A HREF="../../../../../com/golden/gamedev/engine/lwjgl/LWJGLInput.html#isMouseDown(int)">isMouseDown</A></B>(int&nbsp;button)</CODE>

<BR>
&nbsp;&nbsp;&nbsp;&nbsp;&nbsp;&nbsp;&nbsp;&nbsp;&nbsp;&nbsp;<i>Please refer to super class method documentation.</TD>
</TR>
<TR BGCOLOR="white" CLASS="TableRowColor">
<TD ALIGN="right" VALIGN="top" WIDTH="1%"><FONT SIZE="-1">
<CODE>&nbsp;boolean</CODE></FONT></TD>
<TD><CODE><B><A HREF="../../../../../com/golden/gamedev/engine/lwjgl/LWJGLInput.html#isMouseExists()">isMouseExists</A></B>()</CODE>

<BR>
&nbsp;&nbsp;&nbsp;&nbsp;&nbsp;&nbsp;&nbsp;&nbsp;&nbsp;&nbsp;<i>Please refer to super class method documentation.</TD>
</TR>
<TR BGCOLOR="white" CLASS="TableRowColor">
<TD ALIGN="right" VALIGN="top" WIDTH="1%"><FONT SIZE="-1">
<CODE>&nbsp;boolean</CODE></FONT></TD>
<TD><CODE><B><A HREF="../../../../../com/golden/gamedev/engine/lwjgl/LWJGLInput.html#isMousePressed(int)">isMousePressed</A></B>(int&nbsp;button)</CODE>

<BR>
&nbsp;&nbsp;&nbsp;&nbsp;&nbsp;&nbsp;&nbsp;&nbsp;&nbsp;&nbsp;<i>Please refer to super class method documentation.</TD>
</TR>
<TR BGCOLOR="white" CLASS="TableRowColor">
<TD ALIGN="right" VALIGN="top" WIDTH="1%"><FONT SIZE="-1">
<CODE>&nbsp;boolean</CODE></FONT></TD>
<TD><CODE><B><A HREF="../../../../../com/golden/gamedev/engine/lwjgl/LWJGLInput.html#isMouseReleased(int)">isMouseReleased</A></B>(int&nbsp;button)</CODE>

<BR>
&nbsp;&nbsp;&nbsp;&nbsp;&nbsp;&nbsp;&nbsp;&nbsp;&nbsp;&nbsp;<i>Please refer to super class method documentation.</TD>
</TR>
<TR BGCOLOR="white" CLASS="TableRowColor">
<TD ALIGN="right" VALIGN="top" WIDTH="1%"><FONT SIZE="-1">
<CODE>&nbsp;boolean</CODE></FONT></TD>
<TD><CODE><B><A HREF="../../../../../com/golden/gamedev/engine/lwjgl/LWJGLInput.html#isMouseVisible()">isMouseVisible</A></B>()</CODE>

<BR>
&nbsp;&nbsp;&nbsp;&nbsp;&nbsp;&nbsp;&nbsp;&nbsp;&nbsp;&nbsp;<i>Please refer to super class method documentation.</TD>
</TR>
<TR BGCOLOR="white" CLASS="TableRowColor">
<TD ALIGN="right" VALIGN="top" WIDTH="1%"><FONT SIZE="-1">
<CODE>&nbsp;void</CODE></FONT></TD>
<TD><CODE><B><A HREF="../../../../../com/golden/gamedev/engine/lwjgl/LWJGLInput.html#mouseMove(int, int)">mouseMove</A></B>(int&nbsp;x,
          int&nbsp;y)</CODE>

<BR>
&nbsp;&nbsp;&nbsp;&nbsp;&nbsp;&nbsp;&nbsp;&nbsp;&nbsp;&nbsp;<i>Please refer to super class method documentation.</TD>
</TR>
<TR BGCOLOR="white" CLASS="TableRowColor">
<TD ALIGN="right" VALIGN="top" WIDTH="1%"><FONT SIZE="-1">
<CODE>&nbsp;void</CODE></FONT></TD>
<TD><CODE><B><A HREF="../../../../../com/golden/gamedev/engine/lwjgl/LWJGLInput.html#refresh()">refresh</A></B>()</CODE>

<BR>
&nbsp;&nbsp;&nbsp;&nbsp;&nbsp;&nbsp;&nbsp;&nbsp;&nbsp;&nbsp;<i>Please refer to super class method documentation.</TD>
</TR>
<TR BGCOLOR="white" CLASS="TableRowColor">
<TD ALIGN="right" VALIGN="top" WIDTH="1%"><FONT SIZE="-1">
<CODE>&nbsp;void</CODE></FONT></TD>
<TD><CODE><B><A HREF="../../../../../com/golden/gamedev/engine/lwjgl/LWJGLInput.html#setMouseVisible(boolean)">setMouseVisible</A></B>(boolean&nbsp;visible)</CODE>

<BR>
&nbsp;&nbsp;&nbsp;&nbsp;&nbsp;&nbsp;&nbsp;&nbsp;&nbsp;&nbsp;<i>Please refer to super class method documentation.</TD>
</TR>
<TR BGCOLOR="white" CLASS="TableRowColor">
<TD ALIGN="right" VALIGN="top" WIDTH="1%"><FONT SIZE="-1">
<CODE>&nbsp;void</CODE></FONT></TD>
<TD><CODE><B><A HREF="../../../../../com/golden/gamedev/engine/lwjgl/LWJGLInput.html#update(long)">update</A></B>(long&nbsp;elapsedTime)</CODE>

<BR>
&nbsp;&nbsp;&nbsp;&nbsp;&nbsp;&nbsp;&nbsp;&nbsp;&nbsp;&nbsp;<i>Please refer to super class method documentation.</TD>
</TR>
</TABLE>
&nbsp;<A NAME="methods_inherited_from_class_java.lang.Object"><!-- --></A>
<TABLE BORDER="1" WIDTH="100%" CELLPADDING="3" CELLSPACING="0" SUMMARY="">
<TR BGCOLOR="#EEEEFF" CLASS="TableSubHeadingColor">
<TH ALIGN="left"><B>Methods inherited from class java.lang.<A HREF="http://java.sun.com/j2se/1.4/docs/api/java/lang/Object.html" title="class or interface in java.lang">Object</A></B></TH>
</TR>
<TR BGCOLOR="white" CLASS="TableRowColor">
<TD><CODE><A HREF="http://java.sun.com/j2se/1.4/docs/api/java/lang/Object.html#clone()" title="class or interface in java.lang">clone</A>, <A HREF="http://java.sun.com/j2se/1.4/docs/api/java/lang/Object.html#equals(java.lang.Object)" title="class or interface in java.lang">equals</A>, <A HREF="http://java.sun.com/j2se/1.4/docs/api/java/lang/Object.html#finalize()" title="class or interface in java.lang">finalize</A>, <A HREF="http://java.sun.com/j2se/1.4/docs/api/java/lang/Object.html#getClass()" title="class or interface in java.lang">getClass</A>, <A HREF="http://java.sun.com/j2se/1.4/docs/api/java/lang/Object.html#hashCode()" title="class or interface in java.lang">hashCode</A>, <A HREF="http://java.sun.com/j2se/1.4/docs/api/java/lang/Object.html#notify()" title="class or interface in java.lang">notify</A>, <A HREF="http://java.sun.com/j2se/1.4/docs/api/java/lang/Object.html#notifyAll()" title="class or interface in java.lang">notifyAll</A>, <A HREF="http://java.sun.com/j2se/1.4/docs/api/java/lang/Object.html#toString()" title="class or interface in java.lang">toString</A>, <A HREF="http://java.sun.com/j2se/1.4/docs/api/java/lang/Object.html#wait()" title="class or interface in java.lang">wait</A>, <A HREF="http://java.sun.com/j2se/1.4/docs/api/java/lang/Object.html#wait(long)" title="class or interface in java.lang">wait</A>, <A HREF="http://java.sun.com/j2se/1.4/docs/api/java/lang/Object.html#wait(long, int)" title="class or interface in java.lang">wait</A></CODE></TD>
</TR>
</TABLE>
&nbsp;
<P>

<!-- ============ FIELD DETAIL =========== -->

<A NAME="field_detail"><!-- --></A>
<TABLE BORDER="1" WIDTH="100%" CELLPADDING="3" CELLSPACING="0" SUMMARY="">
<TR BGCOLOR="#CCCCFF" CLASS="TableHeadingColor">
<TH ALIGN="left" COLSPAN="1"><FONT SIZE="+2">
<B>Field Detail</B></FONT></TH>
</TR>
</TABLE>

<A NAME="LWJGL_KEY_CONVERSION"><!-- --></A><H3>
LWJGL_KEY_CONVERSION</H3>
<PRE>
protected static final int[] <B>LWJGL_KEY_CONVERSION</B></PRE>
<DL>
<DD>AWT to LWJGL key constants conversion.
<P>
<DL>
</DL>
</DL>
<HR>

<A NAME="AWT_KEY_CONVERSION"><!-- --></A><H3>
AWT_KEY_CONVERSION</H3>
<PRE>
protected static final int[] <B>AWT_KEY_CONVERSION</B></PRE>
<DL>
<DD>LWJGL to AWT key constants conversion.
<P>
<DL>
</DL>
</DL>

<!-- ========= CONSTRUCTOR DETAIL ======== -->

<A NAME="constructor_detail"><!-- --></A>
<TABLE BORDER="1" WIDTH="100%" CELLPADDING="3" CELLSPACING="0" SUMMARY="">
<TR BGCOLOR="#CCCCFF" CLASS="TableHeadingColor">
<TH ALIGN="left" COLSPAN="1"><FONT SIZE="+2">
<B>Constructor Detail</B></FONT></TH>
</TR>
</TABLE>

<A NAME="LWJGLInput()"><!-- --></A><H3>
LWJGLInput</H3>
<PRE>
public <B>LWJGLInput</B>()</PRE>
<DL>
<DD>Constructs new <code>LWJGLInput</code>.
<P>
</DL>

<!-- ============ METHOD DETAIL ========== -->

<A NAME="method_detail"><!-- --></A>
<TABLE BORDER="1" WIDTH="100%" CELLPADDING="3" CELLSPACING="0" SUMMARY="">
<TR BGCOLOR="#CCCCFF" CLASS="TableHeadingColor">
<TH ALIGN="left" COLSPAN="1"><FONT SIZE="+2">
<B>Method Detail</B></FONT></TH>
</TR>
</TABLE>

<A NAME="update(long)"><!-- --></A><H3>
update</H3>
<PRE>
public void <B>update</B>(long&nbsp;elapsedTime)</PRE>
<DL>
<DD><i>Please refer to super class method documentation.</i>
<P>
<DD><DL>
<DT><B>Specified by:</B><DD><CODE>update</CODE> in interface <CODE>com.golden.gamedev.engine.BaseInput</CODE></DL>
</DD>
<DD><DL>
</DL>
</DD>
</DL>
<HR>

<A NAME="refresh()"><!-- --></A><H3>
refresh</H3>
<PRE>
public void <B>refresh</B>()</PRE>
<DL>
<DD><i>Please refer to super class method documentation.</i>
<P>
<DD><DL>
<DT><B>Specified by:</B><DD><CODE>refresh</CODE> in interface <CODE>com.golden.gamedev.engine.BaseInput</CODE></DL>
</DD>
<DD><DL>
</DL>
</DD>
</DL>
<HR>

<A NAME="cleanup()"><!-- --></A><H3>
cleanup</H3>
<PRE>
public void <B>cleanup</B>()</PRE>
<DL>
<DD><i>Please refer to super class method documentation.</i>
<P>
<DD><DL>
<DT><B>Specified by:</B><DD><CODE>cleanup</CODE> in interface <CODE>com.golden.gamedev.engine.BaseInput</CODE></DL>
</DD>
<DD><DL>
</DL>
</DD>
</DL>
<HR>

<A NAME="mouseMove(int, int)"><!-- --></A><H3>
mouseMove</H3>
<PRE>
public void <B>mouseMove</B>(int&nbsp;x,
                      int&nbsp;y)</PRE>
<DL>
<DD><i>Please refer to super class method documentation.</i>
<P>
<DD><DL>
<DT><B>Specified by:</B><DD><CODE>mouseMove</CODE> in interface <CODE>com.golden.gamedev.engine.BaseInput</CODE></DL>
</DD>
<DD><DL>
</DL>
</DD>
</DL>
<HR>

<A NAME="isMouseExists()"><!-- --></A><H3>
isMouseExists</H3>
<PRE>
public boolean <B>isMouseExists</B>()</PRE>
<DL>
<DD><i>Please refer to super class method documentation.</i>
<P>
<DD><DL>
<DT><B>Specified by:</B><DD><CODE>isMouseExists</CODE> in interface <CODE>com.golden.gamedev.engine.BaseInput</CODE></DL>
</DD>
<DD><DL>
</DL>
</DD>
</DL>
<HR>

<A NAME="getMouseX()"><!-- --></A><H3>
getMouseX</H3>
<PRE>
public int <B>getMouseX</B>()</PRE>
<DL>
<DD><i>Please refer to super class method documentation.</i>
<P>
<DD><DL>
<DT><B>Specified by:</B><DD><CODE>getMouseX</CODE> in interface <CODE>com.golden.gamedev.engine.BaseInput</CODE></DL>
</DD>
<DD><DL>
</DL>
</DD>
</DL>
<HR>

<A NAME="getMouseY()"><!-- --></A><H3>
getMouseY</H3>
<PRE>
public int <B>getMouseY</B>()</PRE>
<DL>
<DD><i>Please refer to super class method documentation.</i>
<P>
<DD><DL>
<DT><B>Specified by:</B><DD><CODE>getMouseY</CODE> in interface <CODE>com.golden.gamedev.engine.BaseInput</CODE></DL>
</DD>
<DD><DL>
</DL>
</DD>
</DL>
<HR>

<A NAME="getMouseDX()"><!-- --></A><H3>
getMouseDX</H3>
<PRE>
public int <B>getMouseDX</B>()</PRE>
<DL>
<DD><i>Please refer to super class method documentation.</i>
<P>
<DD><DL>
<DT><B>Specified by:</B><DD><CODE>getMouseDX</CODE> in interface <CODE>com.golden.gamedev.engine.BaseInput</CODE></DL>
</DD>
<DD><DL>
</DL>
</DD>
</DL>
<HR>

<A NAME="getMouseDY()"><!-- --></A><H3>
getMouseDY</H3>
<PRE>
public int <B>getMouseDY</B>()</PRE>
<DL>
<DD><i>Please refer to super class method documentation.</i>
<P>
<DD><DL>
<DT><B>Specified by:</B><DD><CODE>getMouseDY</CODE> in interface <CODE>com.golden.gamedev.engine.BaseInput</CODE></DL>
</DD>
<DD><DL>
</DL>
</DD>
</DL>
<HR>

<A NAME="setMouseVisible(boolean)"><!-- --></A><H3>
setMouseVisible</H3>
<PRE>
public void <B>setMouseVisible</B>(boolean&nbsp;visible)</PRE>
<DL>
<DD><i>Please refer to super class method documentation.</i>
<P>
<DD><DL>
<DT><B>Specified by:</B><DD><CODE>setMouseVisible</CODE> in interface <CODE>com.golden.gamedev.engine.BaseInput</CODE></DL>
</DD>
<DD><DL>
</DL>
</DD>
</DL>
<HR>

<A NAME="isMouseVisible()"><!-- --></A><H3>
isMouseVisible</H3>
<PRE>
public boolean <B>isMouseVisible</B>()</PRE>
<DL>
<DD><i>Please refer to super class method documentation.</i>
<P>
<DD><DL>
<DT><B>Specified by:</B><DD><CODE>isMouseVisible</CODE> in interface <CODE>com.golden.gamedev.engine.BaseInput</CODE></DL>
</DD>
<DD><DL>
</DL>
</DD>
</DL>
<HR>

<A NAME="getMouseReleased()"><!-- --></A><H3>
getMouseReleased</H3>
<PRE>
public int <B>getMouseReleased</B>()</PRE>
<DL>
<DD><i>Please refer to super class method documentation.</i>
<P>
<DD><DL>
<DT><B>Specified by:</B><DD><CODE>getMouseReleased</CODE> in interface <CODE>com.golden.gamedev.engine.BaseInput</CODE></DL>
</DD>
<DD><DL>
</DL>
</DD>
</DL>
<HR>

<A NAME="isMouseReleased(int)"><!-- --></A><H3>
isMouseReleased</H3>
<PRE>
public boolean <B>isMouseReleased</B>(int&nbsp;button)</PRE>
<DL>
<DD><i>Please refer to super class method documentation.</i>
<P>
<DD><DL>
<DT><B>Specified by:</B><DD><CODE>isMouseReleased</CODE> in interface <CODE>com.golden.gamedev.engine.BaseInput</CODE></DL>
</DD>
<DD><DL>
</DL>
</DD>
</DL>
<HR>

<A NAME="getMousePressed()"><!-- --></A><H3>
getMousePressed</H3>
<PRE>
public int <B>getMousePressed</B>()</PRE>
<DL>
<DD><i>Please refer to super class method documentation.</i>
<P>
<DD><DL>
<DT><B>Specified by:</B><DD><CODE>getMousePressed</CODE> in interface <CODE>com.golden.gamedev.engine.BaseInput</CODE></DL>
</DD>
<DD><DL>
</DL>
</DD>
</DL>
<HR>

<A NAME="isMousePressed(int)"><!-- --></A><H3>
isMousePressed</H3>
<PRE>
public boolean <B>isMousePressed</B>(int&nbsp;button)</PRE>
<DL>
<DD><i>Please refer to super class method documentation.</i>
<P>
<DD><DL>
<DT><B>Specified by:</B><DD><CODE>isMousePressed</CODE> in interface <CODE>com.golden.gamedev.engine.BaseInput</CODE></DL>
</DD>
<DD><DL>
</DL>
</DD>
</DL>
<HR>

<A NAME="isMouseDown(int)"><!-- --></A><H3>
isMouseDown</H3>
<PRE>
public boolean <B>isMouseDown</B>(int&nbsp;button)</PRE>
<DL>
<DD><i>Please refer to super class method documentation.</i>
<P>
<DD><DL>
<DT><B>Specified by:</B><DD><CODE>isMouseDown</CODE> in interface <CODE>com.golden.gamedev.engine.BaseInput</CODE></DL>
</DD>
<DD><DL>
</DL>
</DD>
</DL>
<HR>

<A NAME="getKeyReleased()"><!-- --></A><H3>
getKeyReleased</H3>
<PRE>
public int <B>getKeyReleased</B>()</PRE>
<DL>
<DD><i>Please refer to super class method documentation.</i>
<P>
<DD><DL>
<DT><B>Specified by:</B><DD><CODE>getKeyReleased</CODE> in interface <CODE>com.golden.gamedev.engine.BaseInput</CODE></DL>
</DD>
<DD><DL>
</DL>
</DD>
</DL>
<HR>

<A NAME="isKeyReleased(int)"><!-- --></A><H3>
isKeyReleased</H3>
<PRE>
public boolean <B>isKeyReleased</B>(int&nbsp;keyCode)</PRE>
<DL>
<DD><i>Please refer to super class method documentation.</i>
<P>
<DD><DL>
<DT><B>Specified by:</B><DD><CODE>isKeyReleased</CODE> in interface <CODE>com.golden.gamedev.engine.BaseInput</CODE></DL>
</DD>
<DD><DL>
</DL>
</DD>
</DL>
<HR>

<A NAME="getKeyPressed()"><!-- --></A><H3>
getKeyPressed</H3>
<PRE>
public int <B>getKeyPressed</B>()</PRE>
<DL>
<DD><i>Please refer to super class method documentation.</i>
<P>
<DD><DL>
<DT><B>Specified by:</B><DD><CODE>getKeyPressed</CODE> in interface <CODE>com.golden.gamedev.engine.BaseInput</CODE></DL>
</DD>
<DD><DL>
</DL>
</DD>
</DL>
<HR>

<A NAME="isKeyPressed(int)"><!-- --></A><H3>
isKeyPressed</H3>
<PRE>
public boolean <B>isKeyPressed</B>(int&nbsp;keyCode)</PRE>
<DL>
<DD><i>Please refer to super class method documentation.</i>
<P>
<DD><DL>
<DT><B>Specified by:</B><DD><CODE>isKeyPressed</CODE> in interface <CODE>com.golden.gamedev.engine.BaseInput</CODE></DL>
</DD>
<DD><DL>
</DL>
</DD>
</DL>
<HR>

<A NAME="isKeyDown(int)"><!-- --></A><H3>
isKeyDown</H3>
<PRE>
public boolean <B>isKeyDown</B>(int&nbsp;keyCode)</PRE>
<DL>
<DD><i>Please refer to super class method documentation.</i>
<P>
<DD><DL>
<DT><B>Specified by:</B><DD><CODE>isKeyDown</CODE> in interface <CODE>com.golden.gamedev.engine.BaseInput</CODE></DL>
</DD>
<DD><DL>
</DL>
</DD>
</DL>
<HR>

<A NAME="convertToAWT(int)"><!-- --></A><H3>
convertToAWT</H3>
<PRE>
public static int <B>convertToAWT</B>(int&nbsp;lwjglKeyCode)</PRE>
<DL>
<DD>Conversion LWJGL key code to AWT key code. This is an O(1) complexity
 operation.
<P>
<DD><DL>
</DL>
</DD>
<DD><DL>
<DT><B>Parameters:</B><DD><CODE>lwjglKeyCode</CODE> - the LWJGL key code to convert
<DT><B>Returns:</B><DD>The AWT key code for the given LWJGL key code.</DL>
</DD>
</DL>
<HR>

<A NAME="convertToLWJGL(int)"><!-- --></A><H3>
convertToLWJGL</H3>
<PRE>
public static int <B>convertToLWJGL</B>(int&nbsp;awtKeyCode)</PRE>
<DL>
<DD>Conversion AWT key code to LWJGL key code. This is an O(1) complexity
 operation.
<P>
<DD><DL>
</DL>
</DD>
<DD><DL>
<DT><B>Parameters:</B><DD><CODE>awtKeyCode</CODE> - the AWT key code to convert
<DT><B>Returns:</B><DD>The LWJGL key code for the given AWT key code.</DL>
</DD>
</DL>
<!-- ========= END OF CLASS DATA ========= -->
<HR>


<!-- ======= START OF BOTTOM NAVBAR ====== -->
<A NAME="navbar_bottom"><!-- --></A>
<A HREF="#skip-navbar_bottom" title="Skip navigation links"></A>
<TABLE BORDER="0" WIDTH="100%" CELLPADDING="1" CELLSPACING="0" SUMMARY="">
<TR>
<TD COLSPAN=2 BGCOLOR="#EEEEFF" CLASS="NavBarCell1">
<A NAME="navbar_bottom_firstrow"><!-- --></A>
<TABLE BORDER="0" CELLPADDING="0" CELLSPACING="3" SUMMARY="">
  <TR ALIGN="center" VALIGN="top">
  <TD BGCOLOR="#EEEEFF" CLASS="NavBarCell1">    <A HREF="../../../../../overview-summary.html"><FONT CLASS="NavBarFont1"><B>Overview</B></FONT></A>&nbsp;</TD>
  <TD BGCOLOR="#EEEEFF" CLASS="NavBarCell1">    <A HREF="package-summary.html"><FONT CLASS="NavBarFont1"><B>Package</B></FONT></A>&nbsp;</TD>
  <TD BGCOLOR="#FFFFFF" CLASS="NavBarCell1Rev"> &nbsp;<FONT CLASS="NavBarFont1Rev"><B>Class</B></FONT>&nbsp;</TD>
  <TD BGCOLOR="#EEEEFF" CLASS="NavBarCell1">    <A HREF="package-tree.html"><FONT CLASS="NavBarFont1"><B>Tree</B></FONT></A>&nbsp;</TD>
  <TD BGCOLOR="#EEEEFF" CLASS="NavBarCell1">    <A HREF="../../../../../index-all.html"><FONT CLASS="NavBarFont1"><B>Index</B></FONT></A>&nbsp;</TD>
  <TD BGCOLOR="#EEEEFF" CLASS="NavBarCell1">    <A HREF="../../../../../help-doc.html"><FONT CLASS="NavBarFont1"><B>Help</B></FONT></A>&nbsp;</TD>
  </TR>
</TABLE>
</TD>
<TD ALIGN="right" VALIGN="top" ROWSPAN=3><EM>
</EM>
</TD>
</TR>

<TR>
<TD BGCOLOR="white" CLASS="NavBarCell2"><FONT SIZE="-2">
&nbsp;<A HREF="../../../../../com/golden/gamedev/engine/lwjgl/LWJGLGraphics.html" title="class in com.golden.gamedev.engine.lwjgl"><B>PREV CLASS</B></A>&nbsp;
&nbsp;<A HREF="../../../../../com/golden/gamedev/engine/lwjgl/LWJGLMode.html" title="class in com.golden.gamedev.engine.lwjgl"><B>NEXT CLASS</B></A></FONT></TD>
<TD BGCOLOR="white" CLASS="NavBarCell2"><FONT SIZE="-2">
  <A HREF="../../../../../index.html?com/golden/gamedev/engine/lwjgl/LWJGLInput.html" target="_top"><B>FRAMES</B></A>  &nbsp;
&nbsp;<A HREF="LWJGLInput.html" target="_top"><B>NO FRAMES</B></A>  &nbsp;
&nbsp;<SCRIPT type="text/javascript">
  <!--
  if(window==top) {
    document.writeln('<A HREF="../../../../../allclasses-noframe.html"><B>All Classes</B></A>');
  }
  //-->
</SCRIPT>
<NOSCRIPT>
  <A HREF="../../../../../allclasses-noframe.html"><B>All Classes</B></A>
</NOSCRIPT>


</FONT></TD>
</TR>
<TR>
<TD VALIGN="top" CLASS="NavBarCell3"><FONT SIZE="-2">
  SUMMARY:&nbsp;NESTED&nbsp;|&nbsp;<A HREF="#field_summary">FIELD</A>&nbsp;|&nbsp;<A HREF="#constructor_summary">CONSTR</A>&nbsp;|&nbsp;<A HREF="#method_summary">METHOD</A></FONT></TD>
<TD VALIGN="top" CLASS="NavBarCell3"><FONT SIZE="-2">
DETAIL:&nbsp;<A HREF="#field_detail">FIELD</A>&nbsp;|&nbsp;<A HREF="#constructor_detail">CONSTR</A>&nbsp;|&nbsp;<A HREF="#method_detail">METHOD</A></FONT></TD>
</TR>
</TABLE>
<A NAME="skip-navbar_bottom"></A>
<!-- ======== END OF BOTTOM NAVBAR ======= -->

<HR>
<i>Copyright &copy; 2003-2005 Golden T Studios. All rights reserved. Use is subject to <a href=http://creativecommons.org/licenses/by/2.0/>license terms<a/>.<br><a target=_blank href=http://www.goldenstudios.or.id/>GoldenStudios.or.id</a></i>
</BODY>
</HTML>
