<!DOCTYPE HTML PUBLIC "-//W3C//DTD HTML 4.01 Transitional//EN" "http://www.w3.org/TR/html4/loose.dtd">
<!--NewPage-->
<HTML>
<HEAD>
<!-- Generated by javadoc (build 1.5.0_01) on Sun Jul 03 07:12:30 ICT 2005 -->
<TITLE>
VolatileSprite (GTGE API v0.2.3)
</TITLE>

<META NAME="keywords" CONTENT="com.golden.gamedev.object.sprite.VolatileSprite class">

<LINK REL ="stylesheet" TYPE="text/css" HREF="../../../../../stylesheet.css" TITLE="Style">

<SCRIPT type="text/javascript">
function windowTitle()
{
    parent.document.title="VolatileSprite (GTGE API v0.2.3)";
}
</SCRIPT>
<NOSCRIPT>
</NOSCRIPT>

</HEAD>

<BODY BGCOLOR="white" onload="windowTitle();">


<!-- ========= START OF TOP NAVBAR ======= -->
<A NAME="navbar_top"><!-- --></A>
<A HREF="#skip-navbar_top" title="Skip navigation links"></A>
<TABLE BORDER="0" WIDTH="100%" CELLPADDING="1" CELLSPACING="0" SUMMARY="">
<TR>
<TD COLSPAN=2 BGCOLOR="#EEEEFF" CLASS="NavBarCell1">
<A NAME="navbar_top_firstrow"><!-- --></A>
<TABLE BORDER="0" CELLPADDING="0" CELLSPACING="3" SUMMARY="">
  <TR ALIGN="center" VALIGN="top">
  <TD BGCOLOR="#EEEEFF" CLASS="NavBarCell1">    <A HREF="../../../../../overview-summary.html"><FONT CLASS="NavBarFont1"><B>Overview</B></FONT></A>&nbsp;</TD>
  <TD BGCOLOR="#EEEEFF" CLASS="NavBarCell1">    <A HREF="package-summary.html"><FONT CLASS="NavBarFont1"><B>Package</B></FONT></A>&nbsp;</TD>
  <TD BGCOLOR="#FFFFFF" CLASS="NavBarCell1Rev"> &nbsp;<FONT CLASS="NavBarFont1Rev"><B>Class</B></FONT>&nbsp;</TD>
  <TD BGCOLOR="#EEEEFF" CLASS="NavBarCell1">    <A HREF="class-use/VolatileSprite.html"><FONT CLASS="NavBarFont1"><B>Use</B></FONT></A>&nbsp;</TD>
  <TD BGCOLOR="#EEEEFF" CLASS="NavBarCell1">    <A HREF="package-tree.html"><FONT CLASS="NavBarFont1"><B>Tree</B></FONT></A>&nbsp;</TD>
  <TD BGCOLOR="#EEEEFF" CLASS="NavBarCell1">    <A HREF="../../../../../index-all.html"><FONT CLASS="NavBarFont1"><B>Index</B></FONT></A>&nbsp;</TD>
  <TD BGCOLOR="#EEEEFF" CLASS="NavBarCell1">    <A HREF="../../../../../help-doc.html"><FONT CLASS="NavBarFont1"><B>Help</B></FONT></A>&nbsp;</TD>
  </TR>
</TABLE>
</TD>
<TD ALIGN="right" VALIGN="top" ROWSPAN=3><EM>
<b>GTGE API</b></EM>
</TD>
</TR>

<TR>
<TD BGCOLOR="white" CLASS="NavBarCell2"><FONT SIZE="-2">
&nbsp;<A HREF="../../../../../com/golden/gamedev/object/sprite/PatternSprite.html" title="class in com.golden.gamedev.object.sprite"><B>PREV CLASS</B></A>&nbsp;
&nbsp;NEXT CLASS</FONT></TD>
<TD BGCOLOR="white" CLASS="NavBarCell2"><FONT SIZE="-2">
  <A HREF="../../../../../index.html?com/golden/gamedev/object/sprite/VolatileSprite.html" target="_top"><B>FRAMES</B></A>  &nbsp;
&nbsp;<A HREF="VolatileSprite.html" target="_top"><B>NO FRAMES</B></A>  &nbsp;
&nbsp;<SCRIPT type="text/javascript">
  <!--
  if(window==top) {
    document.writeln('<A HREF="../../../../../allclasses-noframe.html"><B>All Classes</B></A>');
  }
  //-->
</SCRIPT>
<NOSCRIPT>
  <A HREF="../../../../../allclasses-noframe.html"><B>All Classes</B></A>
</NOSCRIPT>


</FONT></TD>
</TR>
<TR>
<TD VALIGN="top" CLASS="NavBarCell3"><FONT SIZE="-2">
  SUMMARY:&nbsp;NESTED&nbsp;|&nbsp;<A HREF="#fields_inherited_from_class_com.golden.gamedev.object.Sprite">FIELD</A>&nbsp;|&nbsp;<A HREF="#constructor_summary">CONSTR</A>&nbsp;|&nbsp;<A HREF="#method_summary">METHOD</A></FONT></TD>
<TD VALIGN="top" CLASS="NavBarCell3"><FONT SIZE="-2">
DETAIL:&nbsp;FIELD&nbsp;|&nbsp;<A HREF="#constructor_detail">CONSTR</A>&nbsp;|&nbsp;<A HREF="#method_detail">METHOD</A></FONT></TD>
</TR>
</TABLE>
<A NAME="skip-navbar_top"></A>
<!-- ========= END OF TOP NAVBAR ========= -->

<HR>
<!-- ======== START OF CLASS DATA ======== -->
<H2>
<FONT SIZE="-1">
com.golden.gamedev.object.sprite</FONT>
<BR>
Class VolatileSprite</H2>
<PRE>
<A HREF="http://java.sun.com/j2se/1.4/docs/api/java/lang/Object.html" title="class or interface in java.lang">java.lang.Object</A>
  <IMG SRC="../../../../../resources/inherit.gif" ALT="extended by "><A HREF="../../../../../com/golden/gamedev/object/Sprite.html" title="class in com.golden.gamedev.object">com.golden.gamedev.object.Sprite</A>
      <IMG SRC="../../../../../resources/inherit.gif" ALT="extended by "><A HREF="../../../../../com/golden/gamedev/object/AnimatedSprite.html" title="class in com.golden.gamedev.object">com.golden.gamedev.object.AnimatedSprite</A>
          <IMG SRC="../../../../../resources/inherit.gif" ALT="extended by "><A HREF="../../../../../com/golden/gamedev/object/sprite/AdvanceSprite.html" title="class in com.golden.gamedev.object.sprite">com.golden.gamedev.object.sprite.AdvanceSprite</A>
              <IMG SRC="../../../../../resources/inherit.gif" ALT="extended by "><B>com.golden.gamedev.object.sprite.VolatileSprite</B>
</PRE>
<DL>
<DT><B>All Implemented Interfaces:</B> <DD><A HREF="http://java.sun.com/j2se/1.4/docs/api/java/io/Serializable.html" title="class or interface in java.io">Serializable</A></DD>
</DL>
<HR>
<DL>
<DT><PRE>public class <B>VolatileSprite</B><DT>extends <A HREF="../../../../../com/golden/gamedev/object/sprite/AdvanceSprite.html" title="class in com.golden.gamedev.object.sprite">AdvanceSprite</A></DL>
</PRE>

<P>
One time animation sprite, the sprite is animated once, and then
 disappeared, suitable for explosion type sprite.
<P>

<P>
<DL>
<DT><B>See Also:</B><DD><A HREF="../../../../../serialized-form.html#com.golden.gamedev.object.sprite.VolatileSprite">Serialized Form</A></DL>
<HR>

<P>
<!-- =========== FIELD SUMMARY =========== -->

<A NAME="field_summary"><!-- --></A>
<TABLE BORDER="1" WIDTH="100%" CELLPADDING="3" CELLSPACING="0" SUMMARY="">
<TR BGCOLOR="#CCCCFF" CLASS="TableHeadingColor">
<TH ALIGN="left" COLSPAN="2"><FONT SIZE="+2">
<B>Field Summary</B></FONT></TH>
</TR>
</TABLE>
&nbsp;<A NAME="fields_inherited_from_class_com.golden.gamedev.object.Sprite"><!-- --></A>
<TABLE BORDER="1" WIDTH="100%" CELLPADDING="3" CELLSPACING="0" SUMMARY="">
<TR BGCOLOR="#EEEEFF" CLASS="TableSubHeadingColor">
<TH ALIGN="left"><B>Fields inherited from class com.golden.gamedev.object.<A HREF="../../../../../com/golden/gamedev/object/Sprite.html" title="class in com.golden.gamedev.object">Sprite</A></B></TH>
</TR>
<TR BGCOLOR="white" CLASS="TableRowColor">
<TD><CODE><A HREF="../../../../../com/golden/gamedev/object/Sprite.html#height">height</A>, <A HREF="../../../../../com/golden/gamedev/object/Sprite.html#width">width</A></CODE></TD>
</TR>
</TABLE>
&nbsp;
<!-- ======== CONSTRUCTOR SUMMARY ======== -->

<A NAME="constructor_summary"><!-- --></A>
<TABLE BORDER="1" WIDTH="100%" CELLPADDING="3" CELLSPACING="0" SUMMARY="">
<TR BGCOLOR="#CCCCFF" CLASS="TableHeadingColor">
<TH ALIGN="left" COLSPAN="2"><FONT SIZE="+2">
<B>Constructor Summary</B></FONT></TH>
</TR>
<TR BGCOLOR="white" CLASS="TableRowColor">
<TD><CODE><B><A HREF="../../../../../com/golden/gamedev/object/sprite/VolatileSprite.html#VolatileSprite(java.awt.image.BufferedImage[], double, double)">VolatileSprite</A></B>(<A HREF="http://java.sun.com/j2se/1.4/docs/api/java/awt/image/BufferedImage.html" title="class or interface in java.awt.image">BufferedImage</A>[]&nbsp;image,
               double&nbsp;x,
               double&nbsp;y)</CODE>

<BR>
&nbsp;&nbsp;&nbsp;&nbsp;&nbsp;&nbsp;&nbsp;&nbsp;&nbsp;&nbsp;Creates new <code>VolatileSprite</code>.</TD>
</TR>
</TABLE>
&nbsp;
<!-- ========== METHOD SUMMARY =========== -->

<A NAME="method_summary"><!-- --></A>
<TABLE BORDER="1" WIDTH="100%" CELLPADDING="3" CELLSPACING="0" SUMMARY="">
<TR BGCOLOR="#CCCCFF" CLASS="TableHeadingColor">
<TH ALIGN="left" COLSPAN="2"><FONT SIZE="+2">
<B>Method Summary</B></FONT></TH>
</TR>
<TR BGCOLOR="white" CLASS="TableRowColor">
<TD ALIGN="right" VALIGN="top" WIDTH="1%"><FONT SIZE="-1">
<CODE>&nbsp;void</CODE></FONT></TD>
<TD><CODE><B><A HREF="../../../../../com/golden/gamedev/object/sprite/VolatileSprite.html#update(long)">update</A></B>(long&nbsp;elapsedTime)</CODE>

<BR>
&nbsp;&nbsp;&nbsp;&nbsp;&nbsp;&nbsp;&nbsp;&nbsp;&nbsp;&nbsp;Updates this sprite.</TD>
</TR>
</TABLE>
&nbsp;<A NAME="methods_inherited_from_class_com.golden.gamedev.object.sprite.AdvanceSprite"><!-- --></A>
<TABLE BORDER="1" WIDTH="100%" CELLPADDING="3" CELLSPACING="0" SUMMARY="">
<TR BGCOLOR="#EEEEFF" CLASS="TableSubHeadingColor">
<TH ALIGN="left"><B>Methods inherited from class com.golden.gamedev.object.sprite.<A HREF="../../../../../com/golden/gamedev/object/sprite/AdvanceSprite.html" title="class in com.golden.gamedev.object.sprite">AdvanceSprite</A></B></TH>
</TR>
<TR BGCOLOR="white" CLASS="TableRowColor">
<TD><CODE><A HREF="../../../../../com/golden/gamedev/object/sprite/AdvanceSprite.html#animationChanged(int, int, int, int)">animationChanged</A>, <A HREF="../../../../../com/golden/gamedev/object/sprite/AdvanceSprite.html#getAnimationFrame()">getAnimationFrame</A>, <A HREF="../../../../../com/golden/gamedev/object/sprite/AdvanceSprite.html#getDirection()">getDirection</A>, <A HREF="../../../../../com/golden/gamedev/object/sprite/AdvanceSprite.html#getStatus()">getStatus</A>, <A HREF="../../../../../com/golden/gamedev/object/sprite/AdvanceSprite.html#render(java.awt.Graphics2D, int, int)">render</A>, <A HREF="../../../../../com/golden/gamedev/object/sprite/AdvanceSprite.html#setAnimation(int, int)">setAnimation</A>, <A HREF="../../../../../com/golden/gamedev/object/sprite/AdvanceSprite.html#setAnimationFrame(int[])">setAnimationFrame</A>, <A HREF="../../../../../com/golden/gamedev/object/sprite/AdvanceSprite.html#setDirection(int)">setDirection</A>, <A HREF="../../../../../com/golden/gamedev/object/sprite/AdvanceSprite.html#setStatus(int)">setStatus</A></CODE></TD>
</TR>
</TABLE>
&nbsp;<A NAME="methods_inherited_from_class_com.golden.gamedev.object.AnimatedSprite"><!-- --></A>
<TABLE BORDER="1" WIDTH="100%" CELLPADDING="3" CELLSPACING="0" SUMMARY="">
<TR BGCOLOR="#EEEEFF" CLASS="TableSubHeadingColor">
<TH ALIGN="left"><B>Methods inherited from class com.golden.gamedev.object.<A HREF="../../../../../com/golden/gamedev/object/AnimatedSprite.html" title="class in com.golden.gamedev.object">AnimatedSprite</A></B></TH>
</TR>
<TR BGCOLOR="white" CLASS="TableRowColor">
<TD><CODE><A HREF="../../../../../com/golden/gamedev/object/AnimatedSprite.html#getAnimationTimer()">getAnimationTimer</A>, <A HREF="../../../../../com/golden/gamedev/object/AnimatedSprite.html#getFinishAnimationFrame()">getFinishAnimationFrame</A>, <A HREF="../../../../../com/golden/gamedev/object/AnimatedSprite.html#getFrame()">getFrame</A>, <A HREF="../../../../../com/golden/gamedev/object/AnimatedSprite.html#getImage()">getImage</A>, <A HREF="../../../../../com/golden/gamedev/object/AnimatedSprite.html#getImage(int)">getImage</A>, <A HREF="../../../../../com/golden/gamedev/object/AnimatedSprite.html#getImages()">getImages</A>, <A HREF="../../../../../com/golden/gamedev/object/AnimatedSprite.html#getStartAnimationFrame()">getStartAnimationFrame</A>, <A HREF="../../../../../com/golden/gamedev/object/AnimatedSprite.html#isAnimate()">isAnimate</A>, <A HREF="../../../../../com/golden/gamedev/object/AnimatedSprite.html#isLoopAnim()">isLoopAnim</A>, <A HREF="../../../../../com/golden/gamedev/object/AnimatedSprite.html#setAnimate(boolean)">setAnimate</A>, <A HREF="../../../../../com/golden/gamedev/object/AnimatedSprite.html#setAnimationFrame(int, int)">setAnimationFrame</A>, <A HREF="../../../../../com/golden/gamedev/object/AnimatedSprite.html#setAnimationTimer(com.golden.gamedev.object.Timer)">setAnimationTimer</A>, <A HREF="../../../../../com/golden/gamedev/object/AnimatedSprite.html#setFrame(int)">setFrame</A>, <A HREF="../../../../../com/golden/gamedev/object/AnimatedSprite.html#setImage(java.awt.image.BufferedImage)">setImage</A>, <A HREF="../../../../../com/golden/gamedev/object/AnimatedSprite.html#setImages(java.awt.image.BufferedImage[])">setImages</A>, <A HREF="../../../../../com/golden/gamedev/object/AnimatedSprite.html#setLoopAnim(boolean)">setLoopAnim</A>, <A HREF="../../../../../com/golden/gamedev/object/AnimatedSprite.html#updateAnimation()">updateAnimation</A></CODE></TD>
</TR>
</TABLE>
&nbsp;<A NAME="methods_inherited_from_class_com.golden.gamedev.object.Sprite"><!-- --></A>
<TABLE BORDER="1" WIDTH="100%" CELLPADDING="3" CELLSPACING="0" SUMMARY="">
<TR BGCOLOR="#EEEEFF" CLASS="TableSubHeadingColor">
<TH ALIGN="left"><B>Methods inherited from class com.golden.gamedev.object.<A HREF="../../../../../com/golden/gamedev/object/Sprite.html" title="class in com.golden.gamedev.object">Sprite</A></B></TH>
</TR>
<TR BGCOLOR="white" CLASS="TableRowColor">
<TD><CODE><A HREF="../../../../../com/golden/gamedev/object/Sprite.html#addHorizontalSpeed(long, double, double)">addHorizontalSpeed</A>, <A HREF="../../../../../com/golden/gamedev/object/Sprite.html#addVerticalSpeed(long, double, double)">addVerticalSpeed</A>, <A HREF="../../../../../com/golden/gamedev/object/Sprite.html#forceX(double)">forceX</A>, <A HREF="../../../../../com/golden/gamedev/object/Sprite.html#forceY(double)">forceY</A>, <A HREF="../../../../../com/golden/gamedev/object/Sprite.html#getBackground()">getBackground</A>, <A HREF="../../../../../com/golden/gamedev/object/Sprite.html#getDataID()">getDataID</A>, <A HREF="../../../../../com/golden/gamedev/object/Sprite.html#getDistance(com.golden.gamedev.object.Sprite)">getDistance</A>, <A HREF="../../../../../com/golden/gamedev/object/Sprite.html#getHeight()">getHeight</A>, <A HREF="../../../../../com/golden/gamedev/object/Sprite.html#getHorizontalSpeed()">getHorizontalSpeed</A>, <A HREF="../../../../../com/golden/gamedev/object/Sprite.html#getID()">getID</A>, <A HREF="../../../../../com/golden/gamedev/object/Sprite.html#getLayer()">getLayer</A>, <A HREF="../../../../../com/golden/gamedev/object/Sprite.html#getOldX()">getOldX</A>, <A HREF="../../../../../com/golden/gamedev/object/Sprite.html#getOldY()">getOldY</A>, <A HREF="../../../../../com/golden/gamedev/object/Sprite.html#getScreenX()">getScreenX</A>, <A HREF="../../../../../com/golden/gamedev/object/Sprite.html#getScreenY()">getScreenY</A>, <A HREF="../../../../../com/golden/gamedev/object/Sprite.html#getVerticalSpeed()">getVerticalSpeed</A>, <A HREF="../../../../../com/golden/gamedev/object/Sprite.html#getWidth()">getWidth</A>, <A HREF="../../../../../com/golden/gamedev/object/Sprite.html#getX()">getX</A>, <A HREF="../../../../../com/golden/gamedev/object/Sprite.html#getY()">getY</A>, <A HREF="../../../../../com/golden/gamedev/object/Sprite.html#isActive()">isActive</A>, <A HREF="../../../../../com/golden/gamedev/object/Sprite.html#isImmutable()">isImmutable</A>, <A HREF="../../../../../com/golden/gamedev/object/Sprite.html#isOnScreen()">isOnScreen</A>, <A HREF="../../../../../com/golden/gamedev/object/Sprite.html#isOnScreen(int, int, int, int)">isOnScreen</A>, <A HREF="../../../../../com/golden/gamedev/object/Sprite.html#move(double, double)">move</A>, <A HREF="../../../../../com/golden/gamedev/object/Sprite.html#moveTo(long, double, double, double)">moveTo</A>, <A HREF="../../../../../com/golden/gamedev/object/Sprite.html#moveX(double)">moveX</A>, <A HREF="../../../../../com/golden/gamedev/object/Sprite.html#moveY(double)">moveY</A>, <A HREF="../../../../../com/golden/gamedev/object/Sprite.html#render(java.awt.Graphics2D)">render</A>, <A HREF="../../../../../com/golden/gamedev/object/Sprite.html#setActive(boolean)">setActive</A>, <A HREF="../../../../../com/golden/gamedev/object/Sprite.html#setBackground(com.golden.gamedev.object.Background)">setBackground</A>, <A HREF="../../../../../com/golden/gamedev/object/Sprite.html#setDataID(java.lang.Object)">setDataID</A>, <A HREF="../../../../../com/golden/gamedev/object/Sprite.html#setHorizontalSpeed(double)">setHorizontalSpeed</A>, <A HREF="../../../../../com/golden/gamedev/object/Sprite.html#setID(int)">setID</A>, <A HREF="../../../../../com/golden/gamedev/object/Sprite.html#setImmutable(boolean)">setImmutable</A>, <A HREF="../../../../../com/golden/gamedev/object/Sprite.html#setLayer(int)">setLayer</A>, <A HREF="../../../../../com/golden/gamedev/object/Sprite.html#setLocation(double, double)">setLocation</A>, <A HREF="../../../../../com/golden/gamedev/object/Sprite.html#setMovement(double, double)">setMovement</A>, <A HREF="../../../../../com/golden/gamedev/object/Sprite.html#setSpeed(double, double)">setSpeed</A>, <A HREF="../../../../../com/golden/gamedev/object/Sprite.html#setVerticalSpeed(double)">setVerticalSpeed</A>, <A HREF="../../../../../com/golden/gamedev/object/Sprite.html#setX(double)">setX</A>, <A HREF="../../../../../com/golden/gamedev/object/Sprite.html#setY(double)">setY</A>, <A HREF="../../../../../com/golden/gamedev/object/Sprite.html#updateMovement(long)">updateMovement</A></CODE></TD>
</TR>
</TABLE>
&nbsp;<A NAME="methods_inherited_from_class_java.lang.Object"><!-- --></A>
<TABLE BORDER="1" WIDTH="100%" CELLPADDING="3" CELLSPACING="0" SUMMARY="">
<TR BGCOLOR="#EEEEFF" CLASS="TableSubHeadingColor">
<TH ALIGN="left"><B>Methods inherited from class java.lang.<A HREF="http://java.sun.com/j2se/1.4/docs/api/java/lang/Object.html" title="class or interface in java.lang">Object</A></B></TH>
</TR>
<TR BGCOLOR="white" CLASS="TableRowColor">
<TD><CODE><A HREF="http://java.sun.com/j2se/1.4/docs/api/java/lang/Object.html#clone()" title="class or interface in java.lang">clone</A>, <A HREF="http://java.sun.com/j2se/1.4/docs/api/java/lang/Object.html#equals(java.lang.Object)" title="class or interface in java.lang">equals</A>, <A HREF="http://java.sun.com/j2se/1.4/docs/api/java/lang/Object.html#finalize()" title="class or interface in java.lang">finalize</A>, <A HREF="http://java.sun.com/j2se/1.4/docs/api/java/lang/Object.html#getClass()" title="class or interface in java.lang">getClass</A>, <A HREF="http://java.sun.com/j2se/1.4/docs/api/java/lang/Object.html#hashCode()" title="class or interface in java.lang">hashCode</A>, <A HREF="http://java.sun.com/j2se/1.4/docs/api/java/lang/Object.html#notify()" title="class or interface in java.lang">notify</A>, <A HREF="http://java.sun.com/j2se/1.4/docs/api/java/lang/Object.html#notifyAll()" title="class or interface in java.lang">notifyAll</A>, <A HREF="http://java.sun.com/j2se/1.4/docs/api/java/lang/Object.html#toString()" title="class or interface in java.lang">toString</A>, <A HREF="http://java.sun.com/j2se/1.4/docs/api/java/lang/Object.html#wait()" title="class or interface in java.lang">wait</A>, <A HREF="http://java.sun.com/j2se/1.4/docs/api/java/lang/Object.html#wait(long)" title="class or interface in java.lang">wait</A>, <A HREF="http://java.sun.com/j2se/1.4/docs/api/java/lang/Object.html#wait(long, int)" title="class or interface in java.lang">wait</A></CODE></TD>
</TR>
</TABLE>
&nbsp;
<P>

<!-- ========= CONSTRUCTOR DETAIL ======== -->

<A NAME="constructor_detail"><!-- --></A>
<TABLE BORDER="1" WIDTH="100%" CELLPADDING="3" CELLSPACING="0" SUMMARY="">
<TR BGCOLOR="#CCCCFF" CLASS="TableHeadingColor">
<TH ALIGN="left" COLSPAN="1"><FONT SIZE="+2">
<B>Constructor Detail</B></FONT></TH>
</TR>
</TABLE>

<A NAME="VolatileSprite(java.awt.image.BufferedImage[], double, double)"><!-- --></A><H3>
VolatileSprite</H3>
<PRE>
public <B>VolatileSprite</B>(<A HREF="http://java.sun.com/j2se/1.4/docs/api/java/awt/image/BufferedImage.html" title="class or interface in java.awt.image">BufferedImage</A>[]&nbsp;image,
                      double&nbsp;x,
                      double&nbsp;y)</PRE>
<DL>
<DD>Creates new <code>VolatileSprite</code>.
<P>
</DL>

<!-- ============ METHOD DETAIL ========== -->

<A NAME="method_detail"><!-- --></A>
<TABLE BORDER="1" WIDTH="100%" CELLPADDING="3" CELLSPACING="0" SUMMARY="">
<TR BGCOLOR="#CCCCFF" CLASS="TableHeadingColor">
<TH ALIGN="left" COLSPAN="1"><FONT SIZE="+2">
<B>Method Detail</B></FONT></TH>
</TR>
</TABLE>

<A NAME="update(long)"><!-- --></A><H3>
update</H3>
<PRE>
public void <B>update</B>(long&nbsp;elapsedTime)</PRE>
<DL>
<DD><B>Description copied from class: <CODE><A HREF="../../../../../com/golden/gamedev/object/Sprite.html#update(long)">Sprite</A></CODE></B></DD>
<DD>Updates this sprite.
<P>
<DD><DL>
<DT><B>Overrides:</B><DD><CODE><A HREF="../../../../../com/golden/gamedev/object/AnimatedSprite.html#update(long)">update</A></CODE> in class <CODE><A HREF="../../../../../com/golden/gamedev/object/AnimatedSprite.html" title="class in com.golden.gamedev.object">AnimatedSprite</A></CODE></DL>
</DD>
<DD><DL>
</DL>
</DD>
</DL>
<!-- ========= END OF CLASS DATA ========= -->
<HR>


<!-- ======= START OF BOTTOM NAVBAR ====== -->
<A NAME="navbar_bottom"><!-- --></A>
<A HREF="#skip-navbar_bottom" title="Skip navigation links"></A>
<TABLE BORDER="0" WIDTH="100%" CELLPADDING="1" CELLSPACING="0" SUMMARY="">
<TR>
<TD COLSPAN=2 BGCOLOR="#EEEEFF" CLASS="NavBarCell1">
<A NAME="navbar_bottom_firstrow"><!-- --></A>
<TABLE BORDER="0" CELLPADDING="0" CELLSPACING="3" SUMMARY="">
  <TR ALIGN="center" VALIGN="top">
  <TD BGCOLOR="#EEEEFF" CLASS="NavBarCell1">    <A HREF="../../../../../overview-summary.html"><FONT CLASS="NavBarFont1"><B>Overview</B></FONT></A>&nbsp;</TD>
  <TD BGCOLOR="#EEEEFF" CLASS="NavBarCell1">    <A HREF="package-summary.html"><FONT CLASS="NavBarFont1"><B>Package</B></FONT></A>&nbsp;</TD>
  <TD BGCOLOR="#FFFFFF" CLASS="NavBarCell1Rev"> &nbsp;<FONT CLASS="NavBarFont1Rev"><B>Class</B></FONT>&nbsp;</TD>
  <TD BGCOLOR="#EEEEFF" CLASS="NavBarCell1">    <A HREF="class-use/VolatileSprite.html"><FONT CLASS="NavBarFont1"><B>Use</B></FONT></A>&nbsp;</TD>
  <TD BGCOLOR="#EEEEFF" CLASS="NavBarCell1">    <A HREF="package-tree.html"><FONT CLASS="NavBarFont1"><B>Tree</B></FONT></A>&nbsp;</TD>
  <TD BGCOLOR="#EEEEFF" CLASS="NavBarCell1">    <A HREF="../../../../../index-all.html"><FONT CLASS="NavBarFont1"><B>Index</B></FONT></A>&nbsp;</TD>
  <TD BGCOLOR="#EEEEFF" CLASS="NavBarCell1">    <A HREF="../../../../../help-doc.html"><FONT CLASS="NavBarFont1"><B>Help</B></FONT></A>&nbsp;</TD>
  </TR>
</TABLE>
</TD>
<TD ALIGN="right" VALIGN="top" ROWSPAN=3><EM>
<b>GTGE API</b></EM>
</TD>
</TR>

<TR>
<TD BGCOLOR="white" CLASS="NavBarCell2"><FONT SIZE="-2">
&nbsp;<A HREF="../../../../../com/golden/gamedev/object/sprite/PatternSprite.html" title="class in com.golden.gamedev.object.sprite"><B>PREV CLASS</B></A>&nbsp;
&nbsp;NEXT CLASS</FONT></TD>
<TD BGCOLOR="white" CLASS="NavBarCell2"><FONT SIZE="-2">
  <A HREF="../../../../../index.html?com/golden/gamedev/object/sprite/VolatileSprite.html" target="_top"><B>FRAMES</B></A>  &nbsp;
&nbsp;<A HREF="VolatileSprite.html" target="_top"><B>NO FRAMES</B></A>  &nbsp;
&nbsp;<SCRIPT type="text/javascript">
  <!--
  if(window==top) {
    document.writeln('<A HREF="../../../../../allclasses-noframe.html"><B>All Classes</B></A>');
  }
  //-->
</SCRIPT>
<NOSCRIPT>
  <A HREF="../../../../../allclasses-noframe.html"><B>All Classes</B></A>
</NOSCRIPT>


</FONT></TD>
</TR>
<TR>
<TD VALIGN="top" CLASS="NavBarCell3"><FONT SIZE="-2">
  SUMMARY:&nbsp;NESTED&nbsp;|&nbsp;<A HREF="#fields_inherited_from_class_com.golden.gamedev.object.Sprite">FIELD</A>&nbsp;|&nbsp;<A HREF="#constructor_summary">CONSTR</A>&nbsp;|&nbsp;<A HREF="#method_summary">METHOD</A></FONT></TD>
<TD VALIGN="top" CLASS="NavBarCell3"><FONT SIZE="-2">
DETAIL:&nbsp;FIELD&nbsp;|&nbsp;<A HREF="#constructor_detail">CONSTR</A>&nbsp;|&nbsp;<A HREF="#method_detail">METHOD</A></FONT></TD>
</TR>
</TABLE>
<A NAME="skip-navbar_bottom"></A>
<!-- ======== END OF BOTTOM NAVBAR ======= -->

<HR>
<i>Copyright &copy; 2003-2005 Golden T Studios. All rights reserved. Use is subject to <a href=http://creativecommons.org/licenses/by/2.0/>license terms<a/>.<br><a target=_blank href=http://www.goldenstudios.or.id/>GoldenStudios.or.id</a></i>
</BODY>
</HTML>
