<!DOCTYPE HTML PUBLIC "-//W3C//DTD HTML 4.01 Transitional//EN" "http://www.w3.org/TR/html4/loose.dtd">
<!--NewPage-->
<HTML>
<HEAD>
<!-- Generated by javadoc (build 1.5.0_01) on Sun Jul 03 07:12:30 ICT 2005 -->
<TITLE>
KeyCapture (GTGE API v0.2.3)
</TITLE>

<META NAME="keywords" CONTENT="com.golden.gamedev.funbox.KeyCapture class">

<LINK REL ="stylesheet" TYPE="text/css" HREF="../../../../stylesheet.css" TITLE="Style">

<SCRIPT type="text/javascript">
function windowTitle()
{
    parent.document.title="KeyCapture (GTGE API v0.2.3)";
}
</SCRIPT>
<NOSCRIPT>
</NOSCRIPT>

</HEAD>

<BODY BGCOLOR="white" onload="windowTitle();">


<!-- ========= START OF TOP NAVBAR ======= -->
<A NAME="navbar_top"><!-- --></A>
<A HREF="#skip-navbar_top" title="Skip navigation links"></A>
<TABLE BORDER="0" WIDTH="100%" CELLPADDING="1" CELLSPACING="0" SUMMARY="">
<TR>
<TD COLSPAN=2 BGCOLOR="#EEEEFF" CLASS="NavBarCell1">
<A NAME="navbar_top_firstrow"><!-- --></A>
<TABLE BORDER="0" CELLPADDING="0" CELLSPACING="3" SUMMARY="">
  <TR ALIGN="center" VALIGN="top">
  <TD BGCOLOR="#EEEEFF" CLASS="NavBarCell1">    <A HREF="../../../../overview-summary.html"><FONT CLASS="NavBarFont1"><B>Overview</B></FONT></A>&nbsp;</TD>
  <TD BGCOLOR="#EEEEFF" CLASS="NavBarCell1">    <A HREF="package-summary.html"><FONT CLASS="NavBarFont1"><B>Package</B></FONT></A>&nbsp;</TD>
  <TD BGCOLOR="#FFFFFF" CLASS="NavBarCell1Rev"> &nbsp;<FONT CLASS="NavBarFont1Rev"><B>Class</B></FONT>&nbsp;</TD>
  <TD BGCOLOR="#EEEEFF" CLASS="NavBarCell1">    <A HREF="class-use/KeyCapture.html"><FONT CLASS="NavBarFont1"><B>Use</B></FONT></A>&nbsp;</TD>
  <TD BGCOLOR="#EEEEFF" CLASS="NavBarCell1">    <A HREF="package-tree.html"><FONT CLASS="NavBarFont1"><B>Tree</B></FONT></A>&nbsp;</TD>
  <TD BGCOLOR="#EEEEFF" CLASS="NavBarCell1">    <A HREF="../../../../index-all.html"><FONT CLASS="NavBarFont1"><B>Index</B></FONT></A>&nbsp;</TD>
  <TD BGCOLOR="#EEEEFF" CLASS="NavBarCell1">    <A HREF="../../../../help-doc.html"><FONT CLASS="NavBarFont1"><B>Help</B></FONT></A>&nbsp;</TD>
  </TR>
</TABLE>
</TD>
<TD ALIGN="right" VALIGN="top" ROWSPAN=3><EM>
<b>GTGE API</b></EM>
</TD>
</TR>

<TR>
<TD BGCOLOR="white" CLASS="NavBarCell2"><FONT SIZE="-2">
&nbsp;<A HREF="../../../../com/golden/gamedev/funbox/GameSettings.html" title="class in com.golden.gamedev.funbox"><B>PREV CLASS</B></A>&nbsp;
&nbsp;<A HREF="../../../../com/golden/gamedev/funbox/LibInfo.html" title="class in com.golden.gamedev.funbox"><B>NEXT CLASS</B></A></FONT></TD>
<TD BGCOLOR="white" CLASS="NavBarCell2"><FONT SIZE="-2">
  <A HREF="../../../../index.html?com/golden/gamedev/funbox/KeyCapture.html" target="_top"><B>FRAMES</B></A>  &nbsp;
&nbsp;<A HREF="KeyCapture.html" target="_top"><B>NO FRAMES</B></A>  &nbsp;
&nbsp;<SCRIPT type="text/javascript">
  <!--
  if(window==top) {
    document.writeln('<A HREF="../../../../allclasses-noframe.html"><B>All Classes</B></A>');
  }
  //-->
</SCRIPT>
<NOSCRIPT>
  <A HREF="../../../../allclasses-noframe.html"><B>All Classes</B></A>
</NOSCRIPT>


</FONT></TD>
</TR>
<TR>
<TD VALIGN="top" CLASS="NavBarCell3"><FONT SIZE="-2">
  SUMMARY:&nbsp;NESTED&nbsp;|&nbsp;<A HREF="#field_summary">FIELD</A>&nbsp;|&nbsp;<A HREF="#constructor_summary">CONSTR</A>&nbsp;|&nbsp;<A HREF="#method_summary">METHOD</A></FONT></TD>
<TD VALIGN="top" CLASS="NavBarCell3"><FONT SIZE="-2">
DETAIL:&nbsp;<A HREF="#field_detail">FIELD</A>&nbsp;|&nbsp;<A HREF="#constructor_detail">CONSTR</A>&nbsp;|&nbsp;<A HREF="#method_detail">METHOD</A></FONT></TD>
</TR>
</TABLE>
<A NAME="skip-navbar_top"></A>
<!-- ========= END OF TOP NAVBAR ========= -->

<HR>
<!-- ======== START OF CLASS DATA ======== -->
<H2>
<FONT SIZE="-1">
com.golden.gamedev.funbox</FONT>
<BR>
Class KeyCapture</H2>
<PRE>
<A HREF="http://java.sun.com/j2se/1.4/docs/api/java/lang/Object.html" title="class or interface in java.lang">java.lang.Object</A>
  <IMG SRC="../../../../resources/inherit.gif" ALT="extended by "><B>com.golden.gamedev.funbox.KeyCapture</B>
</PRE>
<HR>
<DL>
<DT><PRE>public abstract class <B>KeyCapture</B><DT>extends <A HREF="http://java.sun.com/j2se/1.4/docs/api/java/lang/Object.html" title="class or interface in java.lang">Object</A></DL>
</PRE>

<P>
<code>KeyCapture</code> is a utility to capture key sequence combination,
 usually used to turn on cheat mode. <p>

 Example how-to-use <code>KeyCapture</code> class :
 (print out a text whenever the user type 'HELLO' in right sequence)
 <pre>
    BaseInput input;
    String key = "HELLO";

    KeyCapture keycap = new KeyCapture(input, key, 1000) {
       public void keyCaptured() {
          // typing "HELLO" will print "hello world" to console
          System.out.println("hello world");
       }
    };

    public void update(long elapsedTime) {
       keycap.update(elapsedTime);
    }
 </pre>
<P>

<P>
<HR>

<P>
<!-- =========== FIELD SUMMARY =========== -->

<A NAME="field_summary"><!-- --></A>
<TABLE BORDER="1" WIDTH="100%" CELLPADDING="3" CELLSPACING="0" SUMMARY="">
<TR BGCOLOR="#CCCCFF" CLASS="TableHeadingColor">
<TH ALIGN="left" COLSPAN="2"><FONT SIZE="+2">
<B>Field Summary</B></FONT></TH>
</TR>
<TR BGCOLOR="white" CLASS="TableRowColor">
<TD ALIGN="right" VALIGN="top" WIDTH="1%"><FONT SIZE="-1">
<CODE>&nbsp;boolean</CODE></FONT></TD>
<TD><CODE><B><A HREF="../../../../com/golden/gamedev/funbox/KeyCapture.html#DEBUG">DEBUG</A></B></CODE>

<BR>
&nbsp;&nbsp;&nbsp;&nbsp;&nbsp;&nbsp;&nbsp;&nbsp;&nbsp;&nbsp;Turn on this DEBUG variable to debug player input by print it to console.</TD>
</TR>
<TR BGCOLOR="white" CLASS="TableRowColor">
<TD ALIGN="right" VALIGN="top" WIDTH="1%"><FONT SIZE="-1">
<CODE>&nbsp;<A HREF="../../../../com/golden/gamedev/engine/BaseInput.html" title="interface in com.golden.gamedev.engine">BaseInput</A></CODE></FONT></TD>
<TD><CODE><B><A HREF="../../../../com/golden/gamedev/funbox/KeyCapture.html#input">input</A></B></CODE>

<BR>
&nbsp;&nbsp;&nbsp;&nbsp;&nbsp;&nbsp;&nbsp;&nbsp;&nbsp;&nbsp;<code>BaseInput</code> associated with this key capture.</TD>
</TR>
</TABLE>
&nbsp;
<!-- ======== CONSTRUCTOR SUMMARY ======== -->

<A NAME="constructor_summary"><!-- --></A>
<TABLE BORDER="1" WIDTH="100%" CELLPADDING="3" CELLSPACING="0" SUMMARY="">
<TR BGCOLOR="#CCCCFF" CLASS="TableHeadingColor">
<TH ALIGN="left" COLSPAN="2"><FONT SIZE="+2">
<B>Constructor Summary</B></FONT></TH>
</TR>
<TR BGCOLOR="white" CLASS="TableRowColor">
<TD><CODE><B><A HREF="../../../../com/golden/gamedev/funbox/KeyCapture.html#KeyCapture(com.golden.gamedev.engine.BaseInput, int[], int)">KeyCapture</A></B>(<A HREF="../../../../com/golden/gamedev/engine/BaseInput.html" title="interface in com.golden.gamedev.engine">BaseInput</A>&nbsp;input,
           int[]&nbsp;key,
           int&nbsp;delay)</CODE>

<BR>
&nbsp;&nbsp;&nbsp;&nbsp;&nbsp;&nbsp;&nbsp;&nbsp;&nbsp;&nbsp;Creates new <code>KeyCapture</code> with specified input, key, delay,
 and listener.</TD>
</TR>
<TR BGCOLOR="white" CLASS="TableRowColor">
<TD><CODE><B><A HREF="../../../../com/golden/gamedev/funbox/KeyCapture.html#KeyCapture(com.golden.gamedev.engine.BaseInput, java.lang.String, int)">KeyCapture</A></B>(<A HREF="../../../../com/golden/gamedev/engine/BaseInput.html" title="interface in com.golden.gamedev.engine">BaseInput</A>&nbsp;input,
           <A HREF="http://java.sun.com/j2se/1.4/docs/api/java/lang/String.html" title="class or interface in java.lang">String</A>&nbsp;keyString,
           int&nbsp;delay)</CODE>

<BR>
&nbsp;&nbsp;&nbsp;&nbsp;&nbsp;&nbsp;&nbsp;&nbsp;&nbsp;&nbsp;Creates new <code>KeyCapture</code> with specified input, key sequence in
 string, delay, and listener.</TD>
</TR>
</TABLE>
&nbsp;
<!-- ========== METHOD SUMMARY =========== -->

<A NAME="method_summary"><!-- --></A>
<TABLE BORDER="1" WIDTH="100%" CELLPADDING="3" CELLSPACING="0" SUMMARY="">
<TR BGCOLOR="#CCCCFF" CLASS="TableHeadingColor">
<TH ALIGN="left" COLSPAN="2"><FONT SIZE="+2">
<B>Method Summary</B></FONT></TH>
</TR>
<TR BGCOLOR="white" CLASS="TableRowColor">
<TD ALIGN="right" VALIGN="top" WIDTH="1%"><FONT SIZE="-1">
<CODE>&nbsp;int</CODE></FONT></TD>
<TD><CODE><B><A HREF="../../../../com/golden/gamedev/funbox/KeyCapture.html#getDelayTime()">getDelayTime</A></B>()</CODE>

<BR>
&nbsp;&nbsp;&nbsp;&nbsp;&nbsp;&nbsp;&nbsp;&nbsp;&nbsp;&nbsp;Returns the delay time each key typing allowed in milliseconds.</TD>
</TR>
<TR BGCOLOR="white" CLASS="TableRowColor">
<TD ALIGN="right" VALIGN="top" WIDTH="1%"><FONT SIZE="-1">
<CODE>&nbsp;int[]</CODE></FONT></TD>
<TD><CODE><B><A HREF="../../../../com/golden/gamedev/funbox/KeyCapture.html#getKeySequence()">getKeySequence</A></B>()</CODE>

<BR>
&nbsp;&nbsp;&nbsp;&nbsp;&nbsp;&nbsp;&nbsp;&nbsp;&nbsp;&nbsp;Returns the key sequence key code that will be captured.</TD>
</TR>
<TR BGCOLOR="white" CLASS="TableRowColor">
<TD ALIGN="right" VALIGN="top" WIDTH="1%"><FONT SIZE="-1">
<CODE>&nbsp;<A HREF="http://java.sun.com/j2se/1.4/docs/api/java/lang/String.html" title="class or interface in java.lang">String</A></CODE></FONT></TD>
<TD><CODE><B><A HREF="../../../../com/golden/gamedev/funbox/KeyCapture.html#getKeyString()">getKeyString</A></B>()</CODE>

<BR>
&nbsp;&nbsp;&nbsp;&nbsp;&nbsp;&nbsp;&nbsp;&nbsp;&nbsp;&nbsp;Returns the key sequence in string.</TD>
</TR>
<TR BGCOLOR="white" CLASS="TableRowColor">
<TD ALIGN="right" VALIGN="top" WIDTH="1%"><FONT SIZE="-1">
<CODE>&nbsp;int[]</CODE></FONT></TD>
<TD><CODE><B><A HREF="../../../../com/golden/gamedev/funbox/KeyCapture.html#getModifiers()">getModifiers</A></B>()</CODE>

<BR>
&nbsp;&nbsp;&nbsp;&nbsp;&nbsp;&nbsp;&nbsp;&nbsp;&nbsp;&nbsp;The key modifiers associated with this key capture.</TD>
</TR>
<TR BGCOLOR="white" CLASS="TableRowColor">
<TD ALIGN="right" VALIGN="top" WIDTH="1%"><FONT SIZE="-1">
<CODE>&nbsp;boolean</CODE></FONT></TD>
<TD><CODE><B><A HREF="../../../../com/golden/gamedev/funbox/KeyCapture.html#isActive()">isActive</A></B>()</CODE>

<BR>
&nbsp;&nbsp;&nbsp;&nbsp;&nbsp;&nbsp;&nbsp;&nbsp;&nbsp;&nbsp;Returns this key capture is active or not.</TD>
</TR>
<TR BGCOLOR="white" CLASS="TableRowColor">
<TD ALIGN="right" VALIGN="top" WIDTH="1%"><FONT SIZE="-1">
<CODE>abstract &nbsp;void</CODE></FONT></TD>
<TD><CODE><B><A HREF="../../../../com/golden/gamedev/funbox/KeyCapture.html#keyCaptured()">keyCaptured</A></B>()</CODE>

<BR>
&nbsp;&nbsp;&nbsp;&nbsp;&nbsp;&nbsp;&nbsp;&nbsp;&nbsp;&nbsp;Received key captured event when the
 <A HREF="../../../../com/golden/gamedev/funbox/KeyCapture.html#getKeySequence()">key sequence combination</A> is successfully
 captured.</TD>
</TR>
<TR BGCOLOR="white" CLASS="TableRowColor">
<TD ALIGN="right" VALIGN="top" WIDTH="1%"><FONT SIZE="-1">
<CODE>&nbsp;void</CODE></FONT></TD>
<TD><CODE><B><A HREF="../../../../com/golden/gamedev/funbox/KeyCapture.html#refresh()">refresh</A></B>()</CODE>

<BR>
&nbsp;&nbsp;&nbsp;&nbsp;&nbsp;&nbsp;&nbsp;&nbsp;&nbsp;&nbsp;Refreshs captured key sequence.</TD>
</TR>
<TR BGCOLOR="white" CLASS="TableRowColor">
<TD ALIGN="right" VALIGN="top" WIDTH="1%"><FONT SIZE="-1">
<CODE>&nbsp;void</CODE></FONT></TD>
<TD><CODE><B><A HREF="../../../../com/golden/gamedev/funbox/KeyCapture.html#setActive(boolean)">setActive</A></B>(boolean&nbsp;b)</CODE>

<BR>
&nbsp;&nbsp;&nbsp;&nbsp;&nbsp;&nbsp;&nbsp;&nbsp;&nbsp;&nbsp;Sets active state of this key capture.</TD>
</TR>
<TR BGCOLOR="white" CLASS="TableRowColor">
<TD ALIGN="right" VALIGN="top" WIDTH="1%"><FONT SIZE="-1">
<CODE>&nbsp;void</CODE></FONT></TD>
<TD><CODE><B><A HREF="../../../../com/golden/gamedev/funbox/KeyCapture.html#setDelayTime(int)">setDelayTime</A></B>(int&nbsp;i)</CODE>

<BR>
&nbsp;&nbsp;&nbsp;&nbsp;&nbsp;&nbsp;&nbsp;&nbsp;&nbsp;&nbsp;Sets the delay time each key typing allowed in milliseconds.</TD>
</TR>
<TR BGCOLOR="white" CLASS="TableRowColor">
<TD ALIGN="right" VALIGN="top" WIDTH="1%"><FONT SIZE="-1">
<CODE>&nbsp;void</CODE></FONT></TD>
<TD><CODE><B><A HREF="../../../../com/golden/gamedev/funbox/KeyCapture.html#setKeySequence(int[])">setKeySequence</A></B>(int[]&nbsp;key)</CODE>

<BR>
&nbsp;&nbsp;&nbsp;&nbsp;&nbsp;&nbsp;&nbsp;&nbsp;&nbsp;&nbsp;Sets new key sequence key code.</TD>
</TR>
<TR BGCOLOR="white" CLASS="TableRowColor">
<TD ALIGN="right" VALIGN="top" WIDTH="1%"><FONT SIZE="-1">
<CODE>&nbsp;void</CODE></FONT></TD>
<TD><CODE><B><A HREF="../../../../com/golden/gamedev/funbox/KeyCapture.html#setKeySequence(java.lang.String)">setKeySequence</A></B>(<A HREF="http://java.sun.com/j2se/1.4/docs/api/java/lang/String.html" title="class or interface in java.lang">String</A>&nbsp;st)</CODE>

<BR>
&nbsp;&nbsp;&nbsp;&nbsp;&nbsp;&nbsp;&nbsp;&nbsp;&nbsp;&nbsp;Parse String <code>st</code> into key sequence.</TD>
</TR>
<TR BGCOLOR="white" CLASS="TableRowColor">
<TD ALIGN="right" VALIGN="top" WIDTH="1%"><FONT SIZE="-1">
<CODE>&nbsp;void</CODE></FONT></TD>
<TD><CODE><B><A HREF="../../../../com/golden/gamedev/funbox/KeyCapture.html#setModifiers(int)">setModifiers</A></B>(int&nbsp;i)</CODE>

<BR>
&nbsp;&nbsp;&nbsp;&nbsp;&nbsp;&nbsp;&nbsp;&nbsp;&nbsp;&nbsp;Sets key modifiers of this key capture.</TD>
</TR>
<TR BGCOLOR="white" CLASS="TableRowColor">
<TD ALIGN="right" VALIGN="top" WIDTH="1%"><FONT SIZE="-1">
<CODE>&nbsp;void</CODE></FONT></TD>
<TD><CODE><B><A HREF="../../../../com/golden/gamedev/funbox/KeyCapture.html#setModifiers(int[])">setModifiers</A></B>(int[]&nbsp;i)</CODE>

<BR>
&nbsp;&nbsp;&nbsp;&nbsp;&nbsp;&nbsp;&nbsp;&nbsp;&nbsp;&nbsp;Sets key modifiers of this key capture.</TD>
</TR>
<TR BGCOLOR="white" CLASS="TableRowColor">
<TD ALIGN="right" VALIGN="top" WIDTH="1%"><FONT SIZE="-1">
<CODE>&nbsp;<A HREF="http://java.sun.com/j2se/1.4/docs/api/java/lang/String.html" title="class or interface in java.lang">String</A></CODE></FONT></TD>
<TD><CODE><B><A HREF="../../../../com/golden/gamedev/funbox/KeyCapture.html#toString()">toString</A></B>()</CODE>

<BR>
&nbsp;&nbsp;&nbsp;&nbsp;&nbsp;&nbsp;&nbsp;&nbsp;&nbsp;&nbsp;&nbsp;</TD>
</TR>
<TR BGCOLOR="white" CLASS="TableRowColor">
<TD ALIGN="right" VALIGN="top" WIDTH="1%"><FONT SIZE="-1">
<CODE>&nbsp;void</CODE></FONT></TD>
<TD><CODE><B><A HREF="../../../../com/golden/gamedev/funbox/KeyCapture.html#update(long)">update</A></B>(long&nbsp;elapsedTime)</CODE>

<BR>
&nbsp;&nbsp;&nbsp;&nbsp;&nbsp;&nbsp;&nbsp;&nbsp;&nbsp;&nbsp;Updates key capture, this method need to be called in tight loop.</TD>
</TR>
</TABLE>
&nbsp;<A NAME="methods_inherited_from_class_java.lang.Object"><!-- --></A>
<TABLE BORDER="1" WIDTH="100%" CELLPADDING="3" CELLSPACING="0" SUMMARY="">
<TR BGCOLOR="#EEEEFF" CLASS="TableSubHeadingColor">
<TH ALIGN="left"><B>Methods inherited from class java.lang.<A HREF="http://java.sun.com/j2se/1.4/docs/api/java/lang/Object.html" title="class or interface in java.lang">Object</A></B></TH>
</TR>
<TR BGCOLOR="white" CLASS="TableRowColor">
<TD><CODE><A HREF="http://java.sun.com/j2se/1.4/docs/api/java/lang/Object.html#clone()" title="class or interface in java.lang">clone</A>, <A HREF="http://java.sun.com/j2se/1.4/docs/api/java/lang/Object.html#equals(java.lang.Object)" title="class or interface in java.lang">equals</A>, <A HREF="http://java.sun.com/j2se/1.4/docs/api/java/lang/Object.html#finalize()" title="class or interface in java.lang">finalize</A>, <A HREF="http://java.sun.com/j2se/1.4/docs/api/java/lang/Object.html#getClass()" title="class or interface in java.lang">getClass</A>, <A HREF="http://java.sun.com/j2se/1.4/docs/api/java/lang/Object.html#hashCode()" title="class or interface in java.lang">hashCode</A>, <A HREF="http://java.sun.com/j2se/1.4/docs/api/java/lang/Object.html#notify()" title="class or interface in java.lang">notify</A>, <A HREF="http://java.sun.com/j2se/1.4/docs/api/java/lang/Object.html#notifyAll()" title="class or interface in java.lang">notifyAll</A>, <A HREF="http://java.sun.com/j2se/1.4/docs/api/java/lang/Object.html#wait()" title="class or interface in java.lang">wait</A>, <A HREF="http://java.sun.com/j2se/1.4/docs/api/java/lang/Object.html#wait(long)" title="class or interface in java.lang">wait</A>, <A HREF="http://java.sun.com/j2se/1.4/docs/api/java/lang/Object.html#wait(long, int)" title="class or interface in java.lang">wait</A></CODE></TD>
</TR>
</TABLE>
&nbsp;
<P>

<!-- ============ FIELD DETAIL =========== -->

<A NAME="field_detail"><!-- --></A>
<TABLE BORDER="1" WIDTH="100%" CELLPADDING="3" CELLSPACING="0" SUMMARY="">
<TR BGCOLOR="#CCCCFF" CLASS="TableHeadingColor">
<TH ALIGN="left" COLSPAN="1"><FONT SIZE="+2">
<B>Field Detail</B></FONT></TH>
</TR>
</TABLE>

<A NAME="input"><!-- --></A><H3>
input</H3>
<PRE>
public <A HREF="../../../../com/golden/gamedev/engine/BaseInput.html" title="interface in com.golden.gamedev.engine">BaseInput</A> <B>input</B></PRE>
<DL>
<DD><code>BaseInput</code> associated with this key capture.
<P>
<DL>
</DL>
</DL>
<HR>

<A NAME="DEBUG"><!-- --></A><H3>
DEBUG</H3>
<PRE>
public boolean <B>DEBUG</B></PRE>
<DL>
<DD>Turn on this DEBUG variable to debug player input by print it to console.
<P>
<DL>
</DL>
</DL>

<!-- ========= CONSTRUCTOR DETAIL ======== -->

<A NAME="constructor_detail"><!-- --></A>
<TABLE BORDER="1" WIDTH="100%" CELLPADDING="3" CELLSPACING="0" SUMMARY="">
<TR BGCOLOR="#CCCCFF" CLASS="TableHeadingColor">
<TH ALIGN="left" COLSPAN="1"><FONT SIZE="+2">
<B>Constructor Detail</B></FONT></TH>
</TR>
</TABLE>

<A NAME="KeyCapture(com.golden.gamedev.engine.BaseInput, int[], int)"><!-- --></A><H3>
KeyCapture</H3>
<PRE>
public <B>KeyCapture</B>(<A HREF="../../../../com/golden/gamedev/engine/BaseInput.html" title="interface in com.golden.gamedev.engine">BaseInput</A>&nbsp;input,
                  int[]&nbsp;key,
                  int&nbsp;delay)</PRE>
<DL>
<DD>Creates new <code>KeyCapture</code> with specified input, key, delay,
 and listener.
<P>
<DL>
<DT><B>Parameters:</B><DD><CODE>input</CODE> - <code>BaseInput</code> associated with this key capture<DD><CODE>key</CODE> - array of key code (from <code>KeyEvent</code> class) to
                                        be captured<DD><CODE>delay</CODE> - delay for each typing in milliseconds</DL>
</DL>
<HR>

<A NAME="KeyCapture(com.golden.gamedev.engine.BaseInput, java.lang.String, int)"><!-- --></A><H3>
KeyCapture</H3>
<PRE>
public <B>KeyCapture</B>(<A HREF="../../../../com/golden/gamedev/engine/BaseInput.html" title="interface in com.golden.gamedev.engine">BaseInput</A>&nbsp;input,
                  <A HREF="http://java.sun.com/j2se/1.4/docs/api/java/lang/String.html" title="class or interface in java.lang">String</A>&nbsp;keyString,
                  int&nbsp;delay)</PRE>
<DL>
<DD>Creates new <code>KeyCapture</code> with specified input, key sequence in
 string, delay, and listener. The string will be parsed internally before
 used.
<P>
<DL>
<DT><B>Parameters:</B><DD><CODE>input</CODE> - <code>BaseInput</code> associated with this key capture<DD><CODE>keyString</CODE> - string to be captured<DD><CODE>delay</CODE> - delay for each typing in milliseconds</DL>
</DL>

<!-- ============ METHOD DETAIL ========== -->

<A NAME="method_detail"><!-- --></A>
<TABLE BORDER="1" WIDTH="100%" CELLPADDING="3" CELLSPACING="0" SUMMARY="">
<TR BGCOLOR="#CCCCFF" CLASS="TableHeadingColor">
<TH ALIGN="left" COLSPAN="1"><FONT SIZE="+2">
<B>Method Detail</B></FONT></TH>
</TR>
</TABLE>

<A NAME="getKeySequence()"><!-- --></A><H3>
getKeySequence</H3>
<PRE>
public int[] <B>getKeySequence</B>()</PRE>
<DL>
<DD>Returns the key sequence key code that will be captured.
<P>
<DD><DL>
<DT><B>See Also:</B><DD><A HREF="http://java.sun.com/j2se/1.4/docs/api/java/awt/KeyEvent.html#VK_1" title="class or interface in java.awt"><CODE>KeyEvent</CODE></A></DL>
</DD>
</DL>
<HR>

<A NAME="getKeyString()"><!-- --></A><H3>
getKeyString</H3>
<PRE>
public <A HREF="http://java.sun.com/j2se/1.4/docs/api/java/lang/String.html" title="class or interface in java.lang">String</A> <B>getKeyString</B>()</PRE>
<DL>
<DD>Returns the key sequence in string.
<P>
<DD><DL>
</DL>
</DD>
</DL>
<HR>

<A NAME="setKeySequence(int[])"><!-- --></A><H3>
setKeySequence</H3>
<PRE>
public void <B>setKeySequence</B>(int[]&nbsp;key)</PRE>
<DL>
<DD>Sets new key sequence key code.
<P>
<DD><DL>
<DT><B>Parameters:</B><DD><CODE>key</CODE> - key sequence code<DT><B>See Also:</B><DD><A HREF="http://java.sun.com/j2se/1.4/docs/api/java/awt/KeyEvent.html#VK_1" title="class or interface in java.awt"><CODE>KeyEvent</CODE></A></DL>
</DD>
</DL>
<HR>

<A NAME="setKeySequence(java.lang.String)"><!-- --></A><H3>
setKeySequence</H3>
<PRE>
public void <B>setKeySequence</B>(<A HREF="http://java.sun.com/j2se/1.4/docs/api/java/lang/String.html" title="class or interface in java.lang">String</A>&nbsp;st)</PRE>
<DL>
<DD>Parse String <code>st</code> into key sequence. <p>

 For example:
 <pre>
     String key = "HYPERSPEED";
     keyCapture.setKeySequence(key);
 </pre>
<P>
<DD><DL>
<DT><B>Parameters:</B><DD><CODE>st</CODE> - <code>String</code> to be parsed into key sequence
<DT><B>Throws:</B>
<DD><CODE><A HREF="http://java.sun.com/j2se/1.4/docs/api/java/lang/RuntimeException.html" title="class or interface in java.lang">RuntimeException</A></CODE> - if the <code>String st</code> can not be parsed.<DT><B>See Also:</B><DD><A HREF="../../../../com/golden/gamedev/funbox/KeyCapture.html#setKeySequence(int[])"><CODE>setKeySequence(int[])</CODE></A></DL>
</DD>
</DL>
<HR>

<A NAME="getModifiers()"><!-- --></A><H3>
getModifiers</H3>
<PRE>
public int[] <B>getModifiers</B>()</PRE>
<DL>
<DD>The key modifiers associated with this key capture. Key modifiers is the
 key that must be always pressed while typing the key sequence combination.
<P>
<DD><DL>
<DT><B>See Also:</B><DD><A HREF="../../../../com/golden/gamedev/funbox/KeyCapture.html#setModifiers(int)"><CODE>setModifiers(int)</CODE></A>, 
<A HREF="../../../../com/golden/gamedev/funbox/KeyCapture.html#setModifiers(int[])"><CODE>setModifiers(int[])</CODE></A></DL>
</DD>
</DL>
<HR>

<A NAME="setModifiers(int[])"><!-- --></A><H3>
setModifiers</H3>
<PRE>
public void <B>setModifiers</B>(int[]&nbsp;i)</PRE>
<DL>
<DD>Sets key modifiers of this key capture. Key modifiers is the key that
 must be always pressed while typing the key sequence combination.
<P>
<DD><DL>
<DT><B>Parameters:</B><DD><CODE>i</CODE> - the key modifiers<DT><B>See Also:</B><DD><A HREF="../../../../com/golden/gamedev/funbox/KeyCapture.html#getModifiers()"><CODE>getModifiers()</CODE></A></DL>
</DD>
</DL>
<HR>

<A NAME="setModifiers(int)"><!-- --></A><H3>
setModifiers</H3>
<PRE>
public void <B>setModifiers</B>(int&nbsp;i)</PRE>
<DL>
<DD>Sets key modifiers of this key capture. Key modifiers is the key that
 must be always pressed while typing the key sequence combination.
<P>
<DD><DL>
<DT><B>Parameters:</B><DD><CODE>i</CODE> - the key modifier<DT><B>See Also:</B><DD><A HREF="../../../../com/golden/gamedev/funbox/KeyCapture.html#getModifiers()"><CODE>getModifiers()</CODE></A></DL>
</DD>
</DL>
<HR>

<A NAME="keyCaptured()"><!-- --></A><H3>
keyCaptured</H3>
<PRE>
public abstract void <B>keyCaptured</B>()</PRE>
<DL>
<DD>Received key captured event when the
 <A HREF="../../../../com/golden/gamedev/funbox/KeyCapture.html#getKeySequence()">key sequence combination</A> is successfully
 captured.
<P>
<DD><DL>
</DL>
</DD>
</DL>
<HR>

<A NAME="refresh()"><!-- --></A><H3>
refresh</H3>
<PRE>
public void <B>refresh</B>()</PRE>
<DL>
<DD>Refreshs captured key sequence.
<P>
<DD><DL>
</DL>
</DD>
</DL>
<HR>

<A NAME="update(long)"><!-- --></A><H3>
update</H3>
<PRE>
public void <B>update</B>(long&nbsp;elapsedTime)</PRE>
<DL>
<DD>Updates key capture, this method need to be called in tight loop.
<P>
<DD><DL>
</DL>
</DD>
</DL>
<HR>

<A NAME="isActive()"><!-- --></A><H3>
isActive</H3>
<PRE>
public boolean <B>isActive</B>()</PRE>
<DL>
<DD>Returns this key capture is active or not.
<P>
<DD><DL>
</DL>
</DD>
</DL>
<HR>

<A NAME="setActive(boolean)"><!-- --></A><H3>
setActive</H3>
<PRE>
public void <B>setActive</B>(boolean&nbsp;b)</PRE>
<DL>
<DD>Sets active state of this key capture.
<P>
<DD><DL>
</DL>
</DD>
</DL>
<HR>

<A NAME="getDelayTime()"><!-- --></A><H3>
getDelayTime</H3>
<PRE>
public int <B>getDelayTime</B>()</PRE>
<DL>
<DD>Returns the delay time each key typing allowed in milliseconds.
<P>
<DD><DL>
</DL>
</DD>
</DL>
<HR>

<A NAME="setDelayTime(int)"><!-- --></A><H3>
setDelayTime</H3>
<PRE>
public void <B>setDelayTime</B>(int&nbsp;i)</PRE>
<DL>
<DD>Sets the delay time each key typing allowed in milliseconds.
<P>
<DD><DL>
</DL>
</DD>
</DL>
<HR>

<A NAME="toString()"><!-- --></A><H3>
toString</H3>
<PRE>
public <A HREF="http://java.sun.com/j2se/1.4/docs/api/java/lang/String.html" title="class or interface in java.lang">String</A> <B>toString</B>()</PRE>
<DL>
<DD><DL>
<DT><B>Overrides:</B><DD><CODE><A HREF="http://java.sun.com/j2se/1.4/docs/api/java/lang/Object.html#toString()" title="class or interface in java.lang">toString</A></CODE> in class <CODE><A HREF="http://java.sun.com/j2se/1.4/docs/api/java/lang/Object.html" title="class or interface in java.lang">Object</A></CODE></DL>
</DD>
<DD><DL>
</DL>
</DD>
</DL>
<!-- ========= END OF CLASS DATA ========= -->
<HR>


<!-- ======= START OF BOTTOM NAVBAR ====== -->
<A NAME="navbar_bottom"><!-- --></A>
<A HREF="#skip-navbar_bottom" title="Skip navigation links"></A>
<TABLE BORDER="0" WIDTH="100%" CELLPADDING="1" CELLSPACING="0" SUMMARY="">
<TR>
<TD COLSPAN=2 BGCOLOR="#EEEEFF" CLASS="NavBarCell1">
<A NAME="navbar_bottom_firstrow"><!-- --></A>
<TABLE BORDER="0" CELLPADDING="0" CELLSPACING="3" SUMMARY="">
  <TR ALIGN="center" VALIGN="top">
  <TD BGCOLOR="#EEEEFF" CLASS="NavBarCell1">    <A HREF="../../../../overview-summary.html"><FONT CLASS="NavBarFont1"><B>Overview</B></FONT></A>&nbsp;</TD>
  <TD BGCOLOR="#EEEEFF" CLASS="NavBarCell1">    <A HREF="package-summary.html"><FONT CLASS="NavBarFont1"><B>Package</B></FONT></A>&nbsp;</TD>
  <TD BGCOLOR="#FFFFFF" CLASS="NavBarCell1Rev"> &nbsp;<FONT CLASS="NavBarFont1Rev"><B>Class</B></FONT>&nbsp;</TD>
  <TD BGCOLOR="#EEEEFF" CLASS="NavBarCell1">    <A HREF="class-use/KeyCapture.html"><FONT CLASS="NavBarFont1"><B>Use</B></FONT></A>&nbsp;</TD>
  <TD BGCOLOR="#EEEEFF" CLASS="NavBarCell1">    <A HREF="package-tree.html"><FONT CLASS="NavBarFont1"><B>Tree</B></FONT></A>&nbsp;</TD>
  <TD BGCOLOR="#EEEEFF" CLASS="NavBarCell1">    <A HREF="../../../../index-all.html"><FONT CLASS="NavBarFont1"><B>Index</B></FONT></A>&nbsp;</TD>
  <TD BGCOLOR="#EEEEFF" CLASS="NavBarCell1">    <A HREF="../../../../help-doc.html"><FONT CLASS="NavBarFont1"><B>Help</B></FONT></A>&nbsp;</TD>
  </TR>
</TABLE>
</TD>
<TD ALIGN="right" VALIGN="top" ROWSPAN=3><EM>
<b>GTGE API</b></EM>
</TD>
</TR>

<TR>
<TD BGCOLOR="white" CLASS="NavBarCell2"><FONT SIZE="-2">
&nbsp;<A HREF="../../../../com/golden/gamedev/funbox/GameSettings.html" title="class in com.golden.gamedev.funbox"><B>PREV CLASS</B></A>&nbsp;
&nbsp;<A HREF="../../../../com/golden/gamedev/funbox/LibInfo.html" title="class in com.golden.gamedev.funbox"><B>NEXT CLASS</B></A></FONT></TD>
<TD BGCOLOR="white" CLASS="NavBarCell2"><FONT SIZE="-2">
  <A HREF="../../../../index.html?com/golden/gamedev/funbox/KeyCapture.html" target="_top"><B>FRAMES</B></A>  &nbsp;
&nbsp;<A HREF="KeyCapture.html" target="_top"><B>NO FRAMES</B></A>  &nbsp;
&nbsp;<SCRIPT type="text/javascript">
  <!--
  if(window==top) {
    document.writeln('<A HREF="../../../../allclasses-noframe.html"><B>All Classes</B></A>');
  }
  //-->
</SCRIPT>
<NOSCRIPT>
  <A HREF="../../../../allclasses-noframe.html"><B>All Classes</B></A>
</NOSCRIPT>


</FONT></TD>
</TR>
<TR>
<TD VALIGN="top" CLASS="NavBarCell3"><FONT SIZE="-2">
  SUMMARY:&nbsp;NESTED&nbsp;|&nbsp;<A HREF="#field_summary">FIELD</A>&nbsp;|&nbsp;<A HREF="#constructor_summary">CONSTR</A>&nbsp;|&nbsp;<A HREF="#method_summary">METHOD</A></FONT></TD>
<TD VALIGN="top" CLASS="NavBarCell3"><FONT SIZE="-2">
DETAIL:&nbsp;<A HREF="#field_detail">FIELD</A>&nbsp;|&nbsp;<A HREF="#constructor_detail">CONSTR</A>&nbsp;|&nbsp;<A HREF="#method_detail">METHOD</A></FONT></TD>
</TR>
</TABLE>
<A NAME="skip-navbar_bottom"></A>
<!-- ======== END OF BOTTOM NAVBAR ======= -->

<HR>
<i>Copyright &copy; 2003-2005 Golden T Studios. All rights reserved. Use is subject to <a href=http://creativecommons.org/licenses/by/2.0/>license terms<a/>.<br><a target=_blank href=http://www.goldenstudios.or.id/>GoldenStudios.or.id</a></i>
</BODY>
</HTML>
