<!DOCTYPE HTML PUBLIC "-//W3C//DTD HTML 4.01 Transitional//EN" "http://www.w3.org/TR/html4/loose.dtd">
<!--NewPage-->
<HTML>
<HEAD>
<!-- Generated by javadoc (build 1.5.0_01) on Sun Jul 03 07:12:30 ICT 2005 -->
<TITLE>
LibInfo (GTGE API v0.2.3)
</TITLE>

<META NAME="keywords" CONTENT="com.golden.gamedev.funbox.LibInfo class">

<LINK REL ="stylesheet" TYPE="text/css" HREF="../../../../stylesheet.css" TITLE="Style">

<SCRIPT type="text/javascript">
function windowTitle()
{
    parent.document.title="LibInfo (GTGE API v0.2.3)";
}
</SCRIPT>
<NOSCRIPT>
</NOSCRIPT>

</HEAD>

<BODY BGCOLOR="white" onload="windowTitle();">


<!-- ========= START OF TOP NAVBAR ======= -->
<A NAME="navbar_top"><!-- --></A>
<A HREF="#skip-navbar_top" title="Skip navigation links"></A>
<TABLE BORDER="0" WIDTH="100%" CELLPADDING="1" CELLSPACING="0" SUMMARY="">
<TR>
<TD COLSPAN=2 BGCOLOR="#EEEEFF" CLASS="NavBarCell1">
<A NAME="navbar_top_firstrow"><!-- --></A>
<TABLE BORDER="0" CELLPADDING="0" CELLSPACING="3" SUMMARY="">
  <TR ALIGN="center" VALIGN="top">
  <TD BGCOLOR="#EEEEFF" CLASS="NavBarCell1">    <A HREF="../../../../overview-summary.html"><FONT CLASS="NavBarFont1"><B>Overview</B></FONT></A>&nbsp;</TD>
  <TD BGCOLOR="#EEEEFF" CLASS="NavBarCell1">    <A HREF="package-summary.html"><FONT CLASS="NavBarFont1"><B>Package</B></FONT></A>&nbsp;</TD>
  <TD BGCOLOR="#FFFFFF" CLASS="NavBarCell1Rev"> &nbsp;<FONT CLASS="NavBarFont1Rev"><B>Class</B></FONT>&nbsp;</TD>
  <TD BGCOLOR="#EEEEFF" CLASS="NavBarCell1">    <A HREF="class-use/LibInfo.html"><FONT CLASS="NavBarFont1"><B>Use</B></FONT></A>&nbsp;</TD>
  <TD BGCOLOR="#EEEEFF" CLASS="NavBarCell1">    <A HREF="package-tree.html"><FONT CLASS="NavBarFont1"><B>Tree</B></FONT></A>&nbsp;</TD>
  <TD BGCOLOR="#EEEEFF" CLASS="NavBarCell1">    <A HREF="../../../../index-all.html"><FONT CLASS="NavBarFont1"><B>Index</B></FONT></A>&nbsp;</TD>
  <TD BGCOLOR="#EEEEFF" CLASS="NavBarCell1">    <A HREF="../../../../help-doc.html"><FONT CLASS="NavBarFont1"><B>Help</B></FONT></A>&nbsp;</TD>
  </TR>
</TABLE>
</TD>
<TD ALIGN="right" VALIGN="top" ROWSPAN=3><EM>
<b>GTGE API</b></EM>
</TD>
</TR>

<TR>
<TD BGCOLOR="white" CLASS="NavBarCell2"><FONT SIZE="-2">
&nbsp;<A HREF="../../../../com/golden/gamedev/funbox/KeyCapture.html" title="class in com.golden.gamedev.funbox"><B>PREV CLASS</B></A>&nbsp;
&nbsp;NEXT CLASS</FONT></TD>
<TD BGCOLOR="white" CLASS="NavBarCell2"><FONT SIZE="-2">
  <A HREF="../../../../index.html?com/golden/gamedev/funbox/LibInfo.html" target="_top"><B>FRAMES</B></A>  &nbsp;
&nbsp;<A HREF="LibInfo.html" target="_top"><B>NO FRAMES</B></A>  &nbsp;
&nbsp;<SCRIPT type="text/javascript">
  <!--
  if(window==top) {
    document.writeln('<A HREF="../../../../allclasses-noframe.html"><B>All Classes</B></A>');
  }
  //-->
</SCRIPT>
<NOSCRIPT>
  <A HREF="../../../../allclasses-noframe.html"><B>All Classes</B></A>
</NOSCRIPT>


</FONT></TD>
</TR>
<TR>
<TD VALIGN="top" CLASS="NavBarCell3"><FONT SIZE="-2">
  SUMMARY:&nbsp;NESTED&nbsp;|&nbsp;<A HREF="#fields_inherited_from_class_com.golden.gamedev.Game">FIELD</A>&nbsp;|&nbsp;<A HREF="#constructor_summary">CONSTR</A>&nbsp;|&nbsp;<A HREF="#method_summary">METHOD</A></FONT></TD>
<TD VALIGN="top" CLASS="NavBarCell3"><FONT SIZE="-2">
DETAIL:&nbsp;FIELD&nbsp;|&nbsp;<A HREF="#constructor_detail">CONSTR</A>&nbsp;|&nbsp;<A HREF="#method_detail">METHOD</A></FONT></TD>
</TR>
</TABLE>
<A NAME="skip-navbar_top"></A>
<!-- ========= END OF TOP NAVBAR ========= -->

<HR>
<!-- ======== START OF CLASS DATA ======== -->
<H2>
<FONT SIZE="-1">
com.golden.gamedev.funbox</FONT>
<BR>
Class LibInfo</H2>
<PRE>
<A HREF="http://java.sun.com/j2se/1.4/docs/api/java/lang/Object.html" title="class or interface in java.lang">java.lang.Object</A>
  <IMG SRC="../../../../resources/inherit.gif" ALT="extended by "><A HREF="../../../../com/golden/gamedev/Game.html" title="class in com.golden.gamedev">com.golden.gamedev.Game</A>
      <IMG SRC="../../../../resources/inherit.gif" ALT="extended by "><B>com.golden.gamedev.funbox.LibInfo</B>
</PRE>
<HR>
<DL>
<DT><PRE>public class <B>LibInfo</B><DT>extends <A HREF="../../../../com/golden/gamedev/Game.html" title="class in com.golden.gamedev">Game</A></DL>
</PRE>

<P>
Class to inform beginner GTGE users that GTGE is a library, thus it can't be
 run by double clicking it like a normal application, GTGE does not have
 any GUI/form/frame.
<P>

<P>
<HR>

<P>
<!-- =========== FIELD SUMMARY =========== -->

<A NAME="field_summary"><!-- --></A>
<TABLE BORDER="1" WIDTH="100%" CELLPADDING="3" CELLSPACING="0" SUMMARY="">
<TR BGCOLOR="#CCCCFF" CLASS="TableHeadingColor">
<TH ALIGN="left" COLSPAN="2"><FONT SIZE="+2">
<B>Field Summary</B></FONT></TH>
</TR>
</TABLE>
&nbsp;<A NAME="fields_inherited_from_class_com.golden.gamedev.Game"><!-- --></A>
<TABLE BORDER="1" WIDTH="100%" CELLPADDING="3" CELLSPACING="0" SUMMARY="">
<TR BGCOLOR="#EEEEFF" CLASS="TableSubHeadingColor">
<TH ALIGN="left"><B>Fields inherited from class com.golden.gamedev.<A HREF="../../../../com/golden/gamedev/Game.html" title="class in com.golden.gamedev">Game</A></B></TH>
</TR>
<TR BGCOLOR="white" CLASS="TableRowColor">
<TD><CODE><A HREF="../../../../com/golden/gamedev/Game.html#bsGraphics">bsGraphics</A>, <A HREF="../../../../com/golden/gamedev/Game.html#bsInput">bsInput</A>, <A HREF="../../../../com/golden/gamedev/Game.html#bsIO">bsIO</A>, <A HREF="../../../../com/golden/gamedev/Game.html#bsLoader">bsLoader</A>, <A HREF="../../../../com/golden/gamedev/Game.html#bsMusic">bsMusic</A>, <A HREF="../../../../com/golden/gamedev/Game.html#bsSound">bsSound</A>, <A HREF="../../../../com/golden/gamedev/Game.html#bsTimer">bsTimer</A>, <A HREF="../../../../com/golden/gamedev/Game.html#distribute">distribute</A>, <A HREF="../../../../com/golden/gamedev/Game.html#fontManager">fontManager</A>, <A HREF="../../../../com/golden/gamedev/Game.html#GTGE_VERSION">GTGE_VERSION</A></CODE></TD>
</TR>
</TABLE>
&nbsp;
<!-- ======== CONSTRUCTOR SUMMARY ======== -->

<A NAME="constructor_summary"><!-- --></A>
<TABLE BORDER="1" WIDTH="100%" CELLPADDING="3" CELLSPACING="0" SUMMARY="">
<TR BGCOLOR="#CCCCFF" CLASS="TableHeadingColor">
<TH ALIGN="left" COLSPAN="2"><FONT SIZE="+2">
<B>Constructor Summary</B></FONT></TH>
</TR>
<TR BGCOLOR="white" CLASS="TableRowColor">
<TD><CODE><B><A HREF="../../../../com/golden/gamedev/funbox/LibInfo.html#LibInfo()">LibInfo</A></B>()</CODE>

<BR>
&nbsp;&nbsp;&nbsp;&nbsp;&nbsp;&nbsp;&nbsp;&nbsp;&nbsp;&nbsp;<code>LibInfo</code> class constructor, do nothing.</TD>
</TR>
</TABLE>
&nbsp;
<!-- ========== METHOD SUMMARY =========== -->

<A NAME="method_summary"><!-- --></A>
<TABLE BORDER="1" WIDTH="100%" CELLPADDING="3" CELLSPACING="0" SUMMARY="">
<TR BGCOLOR="#CCCCFF" CLASS="TableHeadingColor">
<TH ALIGN="left" COLSPAN="2"><FONT SIZE="+2">
<B>Method Summary</B></FONT></TH>
</TR>
<TR BGCOLOR="white" CLASS="TableRowColor">
<TD ALIGN="right" VALIGN="top" WIDTH="1%"><FONT SIZE="-1">
<CODE>&nbsp;void</CODE></FONT></TD>
<TD><CODE><B><A HREF="../../../../com/golden/gamedev/funbox/LibInfo.html#initResources()">initResources</A></B>()</CODE>

<BR>
&nbsp;&nbsp;&nbsp;&nbsp;&nbsp;&nbsp;&nbsp;&nbsp;&nbsp;&nbsp;All game resources initialization, everything that usually goes to
 constructor should be put in here.</TD>
</TR>
<TR BGCOLOR="white" CLASS="TableRowColor">
<TD ALIGN="right" VALIGN="top" WIDTH="1%"><FONT SIZE="-1">
<CODE>static&nbsp;void</CODE></FONT></TD>
<TD><CODE><B><A HREF="../../../../com/golden/gamedev/funbox/LibInfo.html#main(java.lang.String[])">main</A></B>(<A HREF="http://java.sun.com/j2se/1.4/docs/api/java/lang/String.html" title="class or interface in java.lang">String</A>[]&nbsp;args)</CODE>

<BR>
&nbsp;&nbsp;&nbsp;&nbsp;&nbsp;&nbsp;&nbsp;&nbsp;&nbsp;&nbsp;Main method to run this info frame.</TD>
</TR>
<TR BGCOLOR="white" CLASS="TableRowColor">
<TD ALIGN="right" VALIGN="top" WIDTH="1%"><FONT SIZE="-1">
<CODE>&nbsp;void</CODE></FONT></TD>
<TD><CODE><B><A HREF="../../../../com/golden/gamedev/funbox/LibInfo.html#render(java.awt.Graphics2D)">render</A></B>(<A HREF="http://java.sun.com/j2se/1.4/docs/api/java/awt/Graphics2D.html" title="class or interface in java.awt">Graphics2D</A>&nbsp;g)</CODE>

<BR>
&nbsp;&nbsp;&nbsp;&nbsp;&nbsp;&nbsp;&nbsp;&nbsp;&nbsp;&nbsp;Renders game to the screen.</TD>
</TR>
<TR BGCOLOR="white" CLASS="TableRowColor">
<TD ALIGN="right" VALIGN="top" WIDTH="1%"><FONT SIZE="-1">
<CODE>&nbsp;void</CODE></FONT></TD>
<TD><CODE><B><A HREF="../../../../com/golden/gamedev/funbox/LibInfo.html#update(long)">update</A></B>(long&nbsp;elapsedTime)</CODE>

<BR>
&nbsp;&nbsp;&nbsp;&nbsp;&nbsp;&nbsp;&nbsp;&nbsp;&nbsp;&nbsp;Updates game variables.</TD>
</TR>
</TABLE>
&nbsp;<A NAME="methods_inherited_from_class_com.golden.gamedev.Game"><!-- --></A>
<TABLE BORDER="1" WIDTH="100%" CELLPADDING="3" CELLSPACING="0" SUMMARY="">
<TR BGCOLOR="#EEEEFF" CLASS="TableSubHeadingColor">
<TH ALIGN="left"><B>Methods inherited from class com.golden.gamedev.<A HREF="../../../../com/golden/gamedev/Game.html" title="class in com.golden.gamedev">Game</A></B></TH>
</TR>
<TR BGCOLOR="white" CLASS="TableRowColor">
<TD><CODE><A HREF="../../../../com/golden/gamedev/Game.html#checkPosMouse(int, int, int, int)">checkPosMouse</A>, <A HREF="../../../../com/golden/gamedev/Game.html#checkPosMouse(com.golden.gamedev.object.Sprite, boolean)">checkPosMouse</A>, <A HREF="../../../../com/golden/gamedev/Game.html#click()">click</A>, <A HREF="../../../../com/golden/gamedev/Game.html#drawFPS(java.awt.Graphics2D, int, int)">drawFPS</A>, <A HREF="../../../../com/golden/gamedev/Game.html#finish()">finish</A>, <A HREF="../../../../com/golden/gamedev/Game.html#getCurrentFPS()">getCurrentFPS</A>, <A HREF="../../../../com/golden/gamedev/Game.html#getFPS()">getFPS</A>, <A HREF="../../../../com/golden/gamedev/Game.html#getHeight()">getHeight</A>, <A HREF="../../../../com/golden/gamedev/Game.html#getImage(java.lang.String)">getImage</A>, <A HREF="../../../../com/golden/gamedev/Game.html#getImage(java.lang.String, boolean)">getImage</A>, <A HREF="../../../../com/golden/gamedev/Game.html#getImages(java.lang.String, int, int)">getImages</A>, <A HREF="../../../../com/golden/gamedev/Game.html#getImages(java.lang.String, int, int, boolean)">getImages</A>, <A HREF="../../../../com/golden/gamedev/Game.html#getImages(java.lang.String, int, int, boolean, int, int)">getImages</A>, <A HREF="../../../../com/golden/gamedev/Game.html#getImages(java.lang.String, int, int, boolean, java.lang.String, int)">getImages</A>, <A HREF="../../../../com/golden/gamedev/Game.html#getImages(java.lang.String, int, int, int, int)">getImages</A>, <A HREF="../../../../com/golden/gamedev/Game.html#getImages(java.lang.String, int, int, java.lang.String, int)">getImages</A>, <A HREF="../../../../com/golden/gamedev/Game.html#getMouseX()">getMouseX</A>, <A HREF="../../../../com/golden/gamedev/Game.html#getMouseY()">getMouseY</A>, <A HREF="../../../../com/golden/gamedev/Game.html#getRandom(int, int)">getRandom</A>, <A HREF="../../../../com/golden/gamedev/Game.html#getWidth()">getWidth</A>, <A HREF="../../../../com/golden/gamedev/Game.html#hideCursor()">hideCursor</A>, <A HREF="../../../../com/golden/gamedev/Game.html#initEngine()">initEngine</A>, <A HREF="../../../../com/golden/gamedev/Game.html#isDistribute()">isDistribute</A>, <A HREF="../../../../com/golden/gamedev/Game.html#isFinish()">isFinish</A>, <A HREF="../../../../com/golden/gamedev/Game.html#isRunning()">isRunning</A>, <A HREF="../../../../com/golden/gamedev/Game.html#keyDown(int)">keyDown</A>, <A HREF="../../../../com/golden/gamedev/Game.html#keyPressed(int)">keyPressed</A>, <A HREF="../../../../com/golden/gamedev/Game.html#notifyError(java.lang.Throwable)">notifyError</A>, <A HREF="../../../../com/golden/gamedev/Game.html#notifyExit()">notifyExit</A>, <A HREF="../../../../com/golden/gamedev/Game.html#playMusic(java.lang.String)">playMusic</A>, <A HREF="../../../../com/golden/gamedev/Game.html#playSound(java.lang.String)">playSound</A>, <A HREF="../../../../com/golden/gamedev/Game.html#rightClick()">rightClick</A>, <A HREF="../../../../com/golden/gamedev/Game.html#setFPS(int)">setFPS</A>, <A HREF="../../../../com/golden/gamedev/Game.html#setMaskColor(java.awt.Color)">setMaskColor</A>, <A HREF="../../../../com/golden/gamedev/Game.html#showCursor()">showCursor</A>, <A HREF="../../../../com/golden/gamedev/Game.html#showLogo()">showLogo</A>, <A HREF="../../../../com/golden/gamedev/Game.html#start()">start</A>, <A HREF="../../../../com/golden/gamedev/Game.html#stop()">stop</A>, <A HREF="../../../../com/golden/gamedev/Game.html#takeScreenShot()">takeScreenShot</A>, <A HREF="../../../../com/golden/gamedev/Game.html#takeScreenShot(java.io.File)">takeScreenShot</A></CODE></TD>
</TR>
</TABLE>
&nbsp;<A NAME="methods_inherited_from_class_java.lang.Object"><!-- --></A>
<TABLE BORDER="1" WIDTH="100%" CELLPADDING="3" CELLSPACING="0" SUMMARY="">
<TR BGCOLOR="#EEEEFF" CLASS="TableSubHeadingColor">
<TH ALIGN="left"><B>Methods inherited from class java.lang.<A HREF="http://java.sun.com/j2se/1.4/docs/api/java/lang/Object.html" title="class or interface in java.lang">Object</A></B></TH>
</TR>
<TR BGCOLOR="white" CLASS="TableRowColor">
<TD><CODE><A HREF="http://java.sun.com/j2se/1.4/docs/api/java/lang/Object.html#clone()" title="class or interface in java.lang">clone</A>, <A HREF="http://java.sun.com/j2se/1.4/docs/api/java/lang/Object.html#equals(java.lang.Object)" title="class or interface in java.lang">equals</A>, <A HREF="http://java.sun.com/j2se/1.4/docs/api/java/lang/Object.html#finalize()" title="class or interface in java.lang">finalize</A>, <A HREF="http://java.sun.com/j2se/1.4/docs/api/java/lang/Object.html#getClass()" title="class or interface in java.lang">getClass</A>, <A HREF="http://java.sun.com/j2se/1.4/docs/api/java/lang/Object.html#hashCode()" title="class or interface in java.lang">hashCode</A>, <A HREF="http://java.sun.com/j2se/1.4/docs/api/java/lang/Object.html#notify()" title="class or interface in java.lang">notify</A>, <A HREF="http://java.sun.com/j2se/1.4/docs/api/java/lang/Object.html#notifyAll()" title="class or interface in java.lang">notifyAll</A>, <A HREF="http://java.sun.com/j2se/1.4/docs/api/java/lang/Object.html#toString()" title="class or interface in java.lang">toString</A>, <A HREF="http://java.sun.com/j2se/1.4/docs/api/java/lang/Object.html#wait()" title="class or interface in java.lang">wait</A>, <A HREF="http://java.sun.com/j2se/1.4/docs/api/java/lang/Object.html#wait(long)" title="class or interface in java.lang">wait</A>, <A HREF="http://java.sun.com/j2se/1.4/docs/api/java/lang/Object.html#wait(long, int)" title="class or interface in java.lang">wait</A></CODE></TD>
</TR>
</TABLE>
&nbsp;
<P>

<!-- ========= CONSTRUCTOR DETAIL ======== -->

<A NAME="constructor_detail"><!-- --></A>
<TABLE BORDER="1" WIDTH="100%" CELLPADDING="3" CELLSPACING="0" SUMMARY="">
<TR BGCOLOR="#CCCCFF" CLASS="TableHeadingColor">
<TH ALIGN="left" COLSPAN="1"><FONT SIZE="+2">
<B>Constructor Detail</B></FONT></TH>
</TR>
</TABLE>

<A NAME="LibInfo()"><!-- --></A><H3>
LibInfo</H3>
<PRE>
public <B>LibInfo</B>()</PRE>
<DL>
<DD><code>LibInfo</code> class constructor, do nothing.
<P>
</DL>

<!-- ============ METHOD DETAIL ========== -->

<A NAME="method_detail"><!-- --></A>
<TABLE BORDER="1" WIDTH="100%" CELLPADDING="3" CELLSPACING="0" SUMMARY="">
<TR BGCOLOR="#CCCCFF" CLASS="TableHeadingColor">
<TH ALIGN="left" COLSPAN="1"><FONT SIZE="+2">
<B>Method Detail</B></FONT></TH>
</TR>
</TABLE>

<A NAME="initResources()"><!-- --></A><H3>
initResources</H3>
<PRE>
public void <B>initResources</B>()</PRE>
<DL>
<DD><B>Description copied from class: <CODE><A HREF="../../../../com/golden/gamedev/Game.html#initResources()">Game</A></CODE></B></DD>
<DD>All game resources initialization, everything that usually goes to
 constructor should be put in here. <p>

 This method is called only once for every newly created <code>Game</code>
 class.
<P>
<DD><DL>
<DT><B>Specified by:</B><DD><CODE><A HREF="../../../../com/golden/gamedev/Game.html#initResources()">initResources</A></CODE> in class <CODE><A HREF="../../../../com/golden/gamedev/Game.html" title="class in com.golden.gamedev">Game</A></CODE></DL>
</DD>
<DD><DL>
<DT><B>See Also:</B><DD><A HREF="../../../../com/golden/gamedev/Game.html#getImage(java.lang.String)"><CODE>Game.getImage(String)</CODE></A>, 
<A HREF="../../../../com/golden/gamedev/Game.html#getImages(java.lang.String, int, int)"><CODE>Game.getImages(String, int, int)</CODE></A>, 
<A HREF="../../../../com/golden/gamedev/Game.html#playMusic(java.lang.String)"><CODE>Game.playMusic(String)</CODE></A>, 
<A HREF="../../../../com/golden/gamedev/Game.html#setMaskColor(java.awt.Color)"><CODE>Game.setMaskColor(Color)</CODE></A>, 
<A HREF="../../../../com/golden/gamedev/object/package-summary.html"><CODE>com.golden.gamedev.object</CODE></A></DL>
</DD>
</DL>
<HR>

<A NAME="update(long)"><!-- --></A><H3>
update</H3>
<PRE>
public void <B>update</B>(long&nbsp;elapsedTime)</PRE>
<DL>
<DD><B>Description copied from class: <CODE><A HREF="../../../../com/golden/gamedev/Game.html#update(long)">Game</A></CODE></B></DD>
<DD>Updates game variables.
<P>
<DD><DL>
<DT><B>Specified by:</B><DD><CODE><A HREF="../../../../com/golden/gamedev/Game.html#update(long)">update</A></CODE> in class <CODE><A HREF="../../../../com/golden/gamedev/Game.html" title="class in com.golden.gamedev">Game</A></CODE></DL>
</DD>
<DD><DL>
<DT><B>See Also:</B><DD><A HREF="../../../../com/golden/gamedev/Game.html#keyDown(int)"><CODE>Game.keyDown(int)</CODE></A>, 
<A HREF="../../../../com/golden/gamedev/Game.html#keyPressed(int)"><CODE>Game.keyPressed(int)</CODE></A></DL>
</DD>
</DL>
<HR>

<A NAME="render(java.awt.Graphics2D)"><!-- --></A><H3>
render</H3>
<PRE>
public void <B>render</B>(<A HREF="http://java.sun.com/j2se/1.4/docs/api/java/awt/Graphics2D.html" title="class or interface in java.awt">Graphics2D</A>&nbsp;g)</PRE>
<DL>
<DD><B>Description copied from class: <CODE><A HREF="../../../../com/golden/gamedev/Game.html#render(java.awt.Graphics2D)">Game</A></CODE></B></DD>
<DD>Renders game to the screen.
<P>
<DD><DL>
<DT><B>Specified by:</B><DD><CODE><A HREF="../../../../com/golden/gamedev/Game.html#render(java.awt.Graphics2D)">render</A></CODE> in class <CODE><A HREF="../../../../com/golden/gamedev/Game.html" title="class in com.golden.gamedev">Game</A></CODE></DL>
</DD>
<DD><DL>
<DT><B>Parameters:</B><DD><CODE>g</CODE> - backbuffer graphics context</DL>
</DD>
</DL>
<HR>

<A NAME="main(java.lang.String[])"><!-- --></A><H3>
main</H3>
<PRE>
public static void <B>main</B>(<A HREF="http://java.sun.com/j2se/1.4/docs/api/java/lang/String.html" title="class or interface in java.lang">String</A>[]&nbsp;args)</PRE>
<DL>
<DD>Main method to run this info frame.
<P>
<DD><DL>
</DL>
</DD>
</DL>
<!-- ========= END OF CLASS DATA ========= -->
<HR>


<!-- ======= START OF BOTTOM NAVBAR ====== -->
<A NAME="navbar_bottom"><!-- --></A>
<A HREF="#skip-navbar_bottom" title="Skip navigation links"></A>
<TABLE BORDER="0" WIDTH="100%" CELLPADDING="1" CELLSPACING="0" SUMMARY="">
<TR>
<TD COLSPAN=2 BGCOLOR="#EEEEFF" CLASS="NavBarCell1">
<A NAME="navbar_bottom_firstrow"><!-- --></A>
<TABLE BORDER="0" CELLPADDING="0" CELLSPACING="3" SUMMARY="">
  <TR ALIGN="center" VALIGN="top">
  <TD BGCOLOR="#EEEEFF" CLASS="NavBarCell1">    <A HREF="../../../../overview-summary.html"><FONT CLASS="NavBarFont1"><B>Overview</B></FONT></A>&nbsp;</TD>
  <TD BGCOLOR="#EEEEFF" CLASS="NavBarCell1">    <A HREF="package-summary.html"><FONT CLASS="NavBarFont1"><B>Package</B></FONT></A>&nbsp;</TD>
  <TD BGCOLOR="#FFFFFF" CLASS="NavBarCell1Rev"> &nbsp;<FONT CLASS="NavBarFont1Rev"><B>Class</B></FONT>&nbsp;</TD>
  <TD BGCOLOR="#EEEEFF" CLASS="NavBarCell1">    <A HREF="class-use/LibInfo.html"><FONT CLASS="NavBarFont1"><B>Use</B></FONT></A>&nbsp;</TD>
  <TD BGCOLOR="#EEEEFF" CLASS="NavBarCell1">    <A HREF="package-tree.html"><FONT CLASS="NavBarFont1"><B>Tree</B></FONT></A>&nbsp;</TD>
  <TD BGCOLOR="#EEEEFF" CLASS="NavBarCell1">    <A HREF="../../../../index-all.html"><FONT CLASS="NavBarFont1"><B>Index</B></FONT></A>&nbsp;</TD>
  <TD BGCOLOR="#EEEEFF" CLASS="NavBarCell1">    <A HREF="../../../../help-doc.html"><FONT CLASS="NavBarFont1"><B>Help</B></FONT></A>&nbsp;</TD>
  </TR>
</TABLE>
</TD>
<TD ALIGN="right" VALIGN="top" ROWSPAN=3><EM>
<b>GTGE API</b></EM>
</TD>
</TR>

<TR>
<TD BGCOLOR="white" CLASS="NavBarCell2"><FONT SIZE="-2">
&nbsp;<A HREF="../../../../com/golden/gamedev/funbox/KeyCapture.html" title="class in com.golden.gamedev.funbox"><B>PREV CLASS</B></A>&nbsp;
&nbsp;NEXT CLASS</FONT></TD>
<TD BGCOLOR="white" CLASS="NavBarCell2"><FONT SIZE="-2">
  <A HREF="../../../../index.html?com/golden/gamedev/funbox/LibInfo.html" target="_top"><B>FRAMES</B></A>  &nbsp;
&nbsp;<A HREF="LibInfo.html" target="_top"><B>NO FRAMES</B></A>  &nbsp;
&nbsp;<SCRIPT type="text/javascript">
  <!--
  if(window==top) {
    document.writeln('<A HREF="../../../../allclasses-noframe.html"><B>All Classes</B></A>');
  }
  //-->
</SCRIPT>
<NOSCRIPT>
  <A HREF="../../../../allclasses-noframe.html"><B>All Classes</B></A>
</NOSCRIPT>


</FONT></TD>
</TR>
<TR>
<TD VALIGN="top" CLASS="NavBarCell3"><FONT SIZE="-2">
  SUMMARY:&nbsp;NESTED&nbsp;|&nbsp;<A HREF="#fields_inherited_from_class_com.golden.gamedev.Game">FIELD</A>&nbsp;|&nbsp;<A HREF="#constructor_summary">CONSTR</A>&nbsp;|&nbsp;<A HREF="#method_summary">METHOD</A></FONT></TD>
<TD VALIGN="top" CLASS="NavBarCell3"><FONT SIZE="-2">
DETAIL:&nbsp;FIELD&nbsp;|&nbsp;<A HREF="#constructor_detail">CONSTR</A>&nbsp;|&nbsp;<A HREF="#method_detail">METHOD</A></FONT></TD>
</TR>
</TABLE>
<A NAME="skip-navbar_bottom"></A>
<!-- ======== END OF BOTTOM NAVBAR ======= -->

<HR>
<i>Copyright &copy; 2003-2005 Golden T Studios. All rights reserved. Use is subject to <a href=http://creativecommons.org/licenses/by/2.0/>license terms<a/>.<br><a target=_blank href=http://www.goldenstudios.or.id/>GoldenStudios.or.id</a></i>
</BODY>
</HTML>
