<!DOCTYPE HTML PUBLIC "-//W3C//DTD HTML 4.01 Transitional//EN" "http://www.w3.org/TR/html4/loose.dtd">
<!--NewPage-->
<HTML>
<HEAD>
<!-- Generated by javadoc (build 1.5.0_01) on Sun Jul 03 07:12:31 ICT 2005 -->
<TITLE>
SystemFont (GTGE API v0.2.3)
</TITLE>

<META NAME="keywords" CONTENT="com.golden.gamedev.object.font.SystemFont class">

<LINK REL ="stylesheet" TYPE="text/css" HREF="../../../../../stylesheet.css" TITLE="Style">

<SCRIPT type="text/javascript">
function windowTitle()
{
    parent.document.title="SystemFont (GTGE API v0.2.3)";
}
</SCRIPT>
<NOSCRIPT>
</NOSCRIPT>

</HEAD>

<BODY BGCOLOR="white" onload="windowTitle();">


<!-- ========= START OF TOP NAVBAR ======= -->
<A NAME="navbar_top"><!-- --></A>
<A HREF="#skip-navbar_top" title="Skip navigation links"></A>
<TABLE BORDER="0" WIDTH="100%" CELLPADDING="1" CELLSPACING="0" SUMMARY="">
<TR>
<TD COLSPAN=2 BGCOLOR="#EEEEFF" CLASS="NavBarCell1">
<A NAME="navbar_top_firstrow"><!-- --></A>
<TABLE BORDER="0" CELLPADDING="0" CELLSPACING="3" SUMMARY="">
  <TR ALIGN="center" VALIGN="top">
  <TD BGCOLOR="#EEEEFF" CLASS="NavBarCell1">    <A HREF="../../../../../overview-summary.html"><FONT CLASS="NavBarFont1"><B>Overview</B></FONT></A>&nbsp;</TD>
  <TD BGCOLOR="#EEEEFF" CLASS="NavBarCell1">    <A HREF="package-summary.html"><FONT CLASS="NavBarFont1"><B>Package</B></FONT></A>&nbsp;</TD>
  <TD BGCOLOR="#FFFFFF" CLASS="NavBarCell1Rev"> &nbsp;<FONT CLASS="NavBarFont1Rev"><B>Class</B></FONT>&nbsp;</TD>
  <TD BGCOLOR="#EEEEFF" CLASS="NavBarCell1">    <A HREF="class-use/SystemFont.html"><FONT CLASS="NavBarFont1"><B>Use</B></FONT></A>&nbsp;</TD>
  <TD BGCOLOR="#EEEEFF" CLASS="NavBarCell1">    <A HREF="package-tree.html"><FONT CLASS="NavBarFont1"><B>Tree</B></FONT></A>&nbsp;</TD>
  <TD BGCOLOR="#EEEEFF" CLASS="NavBarCell1">    <A HREF="../../../../../index-all.html"><FONT CLASS="NavBarFont1"><B>Index</B></FONT></A>&nbsp;</TD>
  <TD BGCOLOR="#EEEEFF" CLASS="NavBarCell1">    <A HREF="../../../../../help-doc.html"><FONT CLASS="NavBarFont1"><B>Help</B></FONT></A>&nbsp;</TD>
  </TR>
</TABLE>
</TD>
<TD ALIGN="right" VALIGN="top" ROWSPAN=3><EM>
<b>GTGE API</b></EM>
</TD>
</TR>

<TR>
<TD BGCOLOR="white" CLASS="NavBarCell2"><FONT SIZE="-2">
&nbsp;<A HREF="../../../../../com/golden/gamedev/object/font/BitmapFont.html" title="class in com.golden.gamedev.object.font"><B>PREV CLASS</B></A>&nbsp;
&nbsp;NEXT CLASS</FONT></TD>
<TD BGCOLOR="white" CLASS="NavBarCell2"><FONT SIZE="-2">
  <A HREF="../../../../../index.html?com/golden/gamedev/object/font/SystemFont.html" target="_top"><B>FRAMES</B></A>  &nbsp;
&nbsp;<A HREF="SystemFont.html" target="_top"><B>NO FRAMES</B></A>  &nbsp;
&nbsp;<SCRIPT type="text/javascript">
  <!--
  if(window==top) {
    document.writeln('<A HREF="../../../../../allclasses-noframe.html"><B>All Classes</B></A>');
  }
  //-->
</SCRIPT>
<NOSCRIPT>
  <A HREF="../../../../../allclasses-noframe.html"><B>All Classes</B></A>
</NOSCRIPT>


</FONT></TD>
</TR>
<TR>
<TD VALIGN="top" CLASS="NavBarCell3"><FONT SIZE="-2">
  SUMMARY:&nbsp;NESTED&nbsp;|&nbsp;FIELD&nbsp;|&nbsp;<A HREF="#constructor_summary">CONSTR</A>&nbsp;|&nbsp;<A HREF="#method_summary">METHOD</A></FONT></TD>
<TD VALIGN="top" CLASS="NavBarCell3"><FONT SIZE="-2">
DETAIL:&nbsp;FIELD&nbsp;|&nbsp;<A HREF="#constructor_detail">CONSTR</A>&nbsp;|&nbsp;<A HREF="#method_detail">METHOD</A></FONT></TD>
</TR>
</TABLE>
<A NAME="skip-navbar_top"></A>
<!-- ========= END OF TOP NAVBAR ========= -->

<HR>
<!-- ======== START OF CLASS DATA ======== -->
<H2>
<FONT SIZE="-1">
com.golden.gamedev.object.font</FONT>
<BR>
Class SystemFont</H2>
<PRE>
<A HREF="http://java.sun.com/j2se/1.4/docs/api/java/lang/Object.html" title="class or interface in java.lang">java.lang.Object</A>
  <IMG SRC="../../../../../resources/inherit.gif" ALT="extended by "><B>com.golden.gamedev.object.font.SystemFont</B>
</PRE>
<DL>
<DT><B>All Implemented Interfaces:</B> <DD><A HREF="../../../../../com/golden/gamedev/object/GameFont.html" title="interface in com.golden.gamedev.object">GameFont</A></DD>
</DL>
<HR>
<DL>
<DT><PRE>public class <B>SystemFont</B><DT>extends <A HREF="http://java.sun.com/j2se/1.4/docs/api/java/lang/Object.html" title="class or interface in java.lang">Object</A><DT>implements <A HREF="../../../../../com/golden/gamedev/object/GameFont.html" title="interface in com.golden.gamedev.object">GameFont</A></DL>
</PRE>

<P>
<code>SystemFont</code> is standard AWT Font wrapped in game font interface
 to be able to draw AWT Font in alignment and other technique.
<P>

<P>
<HR>

<P>
<!-- =========== FIELD SUMMARY =========== -->

<A NAME="field_summary"><!-- --></A>
<TABLE BORDER="1" WIDTH="100%" CELLPADDING="3" CELLSPACING="0" SUMMARY="">
<TR BGCOLOR="#CCCCFF" CLASS="TableHeadingColor">
<TH ALIGN="left" COLSPAN="2"><FONT SIZE="+2">
<B>Field Summary</B></FONT></TH>
</TR>
</TABLE>
&nbsp;<A NAME="fields_inherited_from_class_com.golden.gamedev.object.GameFont"><!-- --></A>
<TABLE BORDER="1" WIDTH="100%" CELLPADDING="3" CELLSPACING="0" SUMMARY="">
<TR BGCOLOR="#EEEEFF" CLASS="TableSubHeadingColor">
<TH ALIGN="left"><B>Fields inherited from interface com.golden.gamedev.object.<A HREF="../../../../../com/golden/gamedev/object/GameFont.html" title="interface in com.golden.gamedev.object">GameFont</A></B></TH>
</TR>
<TR BGCOLOR="white" CLASS="TableRowColor">
<TD><CODE><A HREF="../../../../../com/golden/gamedev/object/GameFont.html#CENTER">CENTER</A>, <A HREF="../../../../../com/golden/gamedev/object/GameFont.html#JUSTIFY">JUSTIFY</A>, <A HREF="../../../../../com/golden/gamedev/object/GameFont.html#LEFT">LEFT</A>, <A HREF="../../../../../com/golden/gamedev/object/GameFont.html#RIGHT">RIGHT</A></CODE></TD>
</TR>
</TABLE>
&nbsp;
<!-- ======== CONSTRUCTOR SUMMARY ======== -->

<A NAME="constructor_summary"><!-- --></A>
<TABLE BORDER="1" WIDTH="100%" CELLPADDING="3" CELLSPACING="0" SUMMARY="">
<TR BGCOLOR="#CCCCFF" CLASS="TableHeadingColor">
<TH ALIGN="left" COLSPAN="2"><FONT SIZE="+2">
<B>Constructor Summary</B></FONT></TH>
</TR>
<TR BGCOLOR="white" CLASS="TableRowColor">
<TD><CODE><B><A HREF="../../../../../com/golden/gamedev/object/font/SystemFont.html#SystemFont(java.awt.Font)">SystemFont</A></B>(<A HREF="http://java.sun.com/j2se/1.4/docs/api/java/awt/Font.html" title="class or interface in java.awt">Font</A>&nbsp;font)</CODE>

<BR>
&nbsp;&nbsp;&nbsp;&nbsp;&nbsp;&nbsp;&nbsp;&nbsp;&nbsp;&nbsp;Creates new <code>SystemFont</code> with specified AWT Font,
 and the color is following graphics context active color.</TD>
</TR>
<TR BGCOLOR="white" CLASS="TableRowColor">
<TD><CODE><B><A HREF="../../../../../com/golden/gamedev/object/font/SystemFont.html#SystemFont(java.awt.Font, java.awt.Color)">SystemFont</A></B>(<A HREF="http://java.sun.com/j2se/1.4/docs/api/java/awt/Font.html" title="class or interface in java.awt">Font</A>&nbsp;font,
           <A HREF="http://java.sun.com/j2se/1.4/docs/api/java/awt/Color.html" title="class or interface in java.awt">Color</A>&nbsp;color)</CODE>

<BR>
&nbsp;&nbsp;&nbsp;&nbsp;&nbsp;&nbsp;&nbsp;&nbsp;&nbsp;&nbsp;Creates new <code>SystemFont</code> with specified AWT Font, and color.</TD>
</TR>
</TABLE>
&nbsp;
<!-- ========== METHOD SUMMARY =========== -->

<A NAME="method_summary"><!-- --></A>
<TABLE BORDER="1" WIDTH="100%" CELLPADDING="3" CELLSPACING="0" SUMMARY="">
<TR BGCOLOR="#CCCCFF" CLASS="TableHeadingColor">
<TH ALIGN="left" COLSPAN="2"><FONT SIZE="+2">
<B>Method Summary</B></FONT></TH>
</TR>
<TR BGCOLOR="white" CLASS="TableRowColor">
<TD ALIGN="right" VALIGN="top" WIDTH="1%"><FONT SIZE="-1">
<CODE>&nbsp;int</CODE></FONT></TD>
<TD><CODE><B><A HREF="../../../../../com/golden/gamedev/object/font/SystemFont.html#drawString(java.awt.Graphics2D, java.lang.String, int, int)">drawString</A></B>(<A HREF="http://java.sun.com/j2se/1.4/docs/api/java/awt/Graphics2D.html" title="class or interface in java.awt">Graphics2D</A>&nbsp;g,
           <A HREF="http://java.sun.com/j2se/1.4/docs/api/java/lang/String.html" title="class or interface in java.lang">String</A>&nbsp;s,
           int&nbsp;x,
           int&nbsp;y)</CODE>

<BR>
&nbsp;&nbsp;&nbsp;&nbsp;&nbsp;&nbsp;&nbsp;&nbsp;&nbsp;&nbsp;Draw a single line string into graphics context.</TD>
</TR>
<TR BGCOLOR="white" CLASS="TableRowColor">
<TD ALIGN="right" VALIGN="top" WIDTH="1%"><FONT SIZE="-1">
<CODE>&nbsp;int</CODE></FONT></TD>
<TD><CODE><B><A HREF="../../../../../com/golden/gamedev/object/font/SystemFont.html#drawString(java.awt.Graphics2D, java.lang.String, int, int, int, int)">drawString</A></B>(<A HREF="http://java.sun.com/j2se/1.4/docs/api/java/awt/Graphics2D.html" title="class or interface in java.awt">Graphics2D</A>&nbsp;g,
           <A HREF="http://java.sun.com/j2se/1.4/docs/api/java/lang/String.html" title="class or interface in java.lang">String</A>&nbsp;s,
           int&nbsp;alignment,
           int&nbsp;x,
           int&nbsp;y,
           int&nbsp;width)</CODE>

<BR>
&nbsp;&nbsp;&nbsp;&nbsp;&nbsp;&nbsp;&nbsp;&nbsp;&nbsp;&nbsp;Draw a single line string into graphics context with specified alignment.</TD>
</TR>
<TR BGCOLOR="white" CLASS="TableRowColor">
<TD ALIGN="right" VALIGN="top" WIDTH="1%"><FONT SIZE="-1">
<CODE>&nbsp;int</CODE></FONT></TD>
<TD><CODE><B><A HREF="../../../../../com/golden/gamedev/object/font/SystemFont.html#drawText(java.awt.Graphics2D, java.lang.String, int, int, int, int, int, int)">drawText</A></B>(<A HREF="http://java.sun.com/j2se/1.4/docs/api/java/awt/Graphics2D.html" title="class or interface in java.awt">Graphics2D</A>&nbsp;g,
         <A HREF="http://java.sun.com/j2se/1.4/docs/api/java/lang/String.html" title="class or interface in java.lang">String</A>&nbsp;text,
         int&nbsp;alignment,
         int&nbsp;x,
         int&nbsp;y,
         int&nbsp;width,
         int&nbsp;vspace,
         int&nbsp;firstIndent)</CODE>

<BR>
&nbsp;&nbsp;&nbsp;&nbsp;&nbsp;&nbsp;&nbsp;&nbsp;&nbsp;&nbsp;Draw multiple line text into graphics context.</TD>
</TR>
<TR BGCOLOR="white" CLASS="TableRowColor">
<TD ALIGN="right" VALIGN="top" WIDTH="1%"><FONT SIZE="-1">
<CODE>&nbsp;<A HREF="http://java.sun.com/j2se/1.4/docs/api/java/awt/Color.html" title="class or interface in java.awt">Color</A></CODE></FONT></TD>
<TD><CODE><B><A HREF="../../../../../com/golden/gamedev/object/font/SystemFont.html#getColor()">getColor</A></B>()</CODE>

<BR>
&nbsp;&nbsp;&nbsp;&nbsp;&nbsp;&nbsp;&nbsp;&nbsp;&nbsp;&nbsp;Returns the color of this font, or null if the font is drawn following
 the graphics context active color.</TD>
</TR>
<TR BGCOLOR="white" CLASS="TableRowColor">
<TD ALIGN="right" VALIGN="top" WIDTH="1%"><FONT SIZE="-1">
<CODE>&nbsp;<A HREF="http://java.sun.com/j2se/1.4/docs/api/java/awt/Font.html" title="class or interface in java.awt">Font</A></CODE></FONT></TD>
<TD><CODE><B><A HREF="../../../../../com/golden/gamedev/object/font/SystemFont.html#getFont()">getFont</A></B>()</CODE>

<BR>
&nbsp;&nbsp;&nbsp;&nbsp;&nbsp;&nbsp;&nbsp;&nbsp;&nbsp;&nbsp;Returns the AWT Font used to draw this <code>SystemFont</code>.</TD>
</TR>
<TR BGCOLOR="white" CLASS="TableRowColor">
<TD ALIGN="right" VALIGN="top" WIDTH="1%"><FONT SIZE="-1">
<CODE>&nbsp;<A HREF="http://java.sun.com/j2se/1.4/docs/api/java/awt/FontMetrics.html" title="class or interface in java.awt">FontMetrics</A></CODE></FONT></TD>
<TD><CODE><B><A HREF="../../../../../com/golden/gamedev/object/font/SystemFont.html#getFontMetrics()">getFontMetrics</A></B>()</CODE>

<BR>
&nbsp;&nbsp;&nbsp;&nbsp;&nbsp;&nbsp;&nbsp;&nbsp;&nbsp;&nbsp;Returns the font metrics used to measure this <code>SystemFont</code>.</TD>
</TR>
<TR BGCOLOR="white" CLASS="TableRowColor">
<TD ALIGN="right" VALIGN="top" WIDTH="1%"><FONT SIZE="-1">
<CODE>&nbsp;int</CODE></FONT></TD>
<TD><CODE><B><A HREF="../../../../../com/golden/gamedev/object/font/SystemFont.html#getHeight()">getHeight</A></B>()</CODE>

<BR>
&nbsp;&nbsp;&nbsp;&nbsp;&nbsp;&nbsp;&nbsp;&nbsp;&nbsp;&nbsp;Returns the height of this font in pixel.</TD>
</TR>
<TR BGCOLOR="white" CLASS="TableRowColor">
<TD ALIGN="right" VALIGN="top" WIDTH="1%"><FONT SIZE="-1">
<CODE>&nbsp;int</CODE></FONT></TD>
<TD><CODE><B><A HREF="../../../../../com/golden/gamedev/object/font/SystemFont.html#getWidth(char)">getWidth</A></B>(char&nbsp;c)</CODE>

<BR>
&nbsp;&nbsp;&nbsp;&nbsp;&nbsp;&nbsp;&nbsp;&nbsp;&nbsp;&nbsp;Returns the width of <code>char c</code> in pixel.</TD>
</TR>
<TR BGCOLOR="white" CLASS="TableRowColor">
<TD ALIGN="right" VALIGN="top" WIDTH="1%"><FONT SIZE="-1">
<CODE>&nbsp;int</CODE></FONT></TD>
<TD><CODE><B><A HREF="../../../../../com/golden/gamedev/object/font/SystemFont.html#getWidth(java.lang.String)">getWidth</A></B>(<A HREF="http://java.sun.com/j2se/1.4/docs/api/java/lang/String.html" title="class or interface in java.lang">String</A>&nbsp;st)</CODE>

<BR>
&nbsp;&nbsp;&nbsp;&nbsp;&nbsp;&nbsp;&nbsp;&nbsp;&nbsp;&nbsp;Returns the width of <code>String st</code> in pixel.</TD>
</TR>
<TR BGCOLOR="white" CLASS="TableRowColor">
<TD ALIGN="right" VALIGN="top" WIDTH="1%"><FONT SIZE="-1">
<CODE>&nbsp;boolean</CODE></FONT></TD>
<TD><CODE><B><A HREF="../../../../../com/golden/gamedev/object/font/SystemFont.html#isAvailable(char)">isAvailable</A></B>(char&nbsp;c)</CODE>

<BR>
&nbsp;&nbsp;&nbsp;&nbsp;&nbsp;&nbsp;&nbsp;&nbsp;&nbsp;&nbsp;Returns whether the specified <code>char c</code> is available to draw
 by this game font.</TD>
</TR>
<TR BGCOLOR="white" CLASS="TableRowColor">
<TD ALIGN="right" VALIGN="top" WIDTH="1%"><FONT SIZE="-1">
<CODE>&nbsp;void</CODE></FONT></TD>
<TD><CODE><B><A HREF="../../../../../com/golden/gamedev/object/font/SystemFont.html#setColor(java.awt.Color)">setColor</A></B>(<A HREF="http://java.sun.com/j2se/1.4/docs/api/java/awt/Color.html" title="class or interface in java.awt">Color</A>&nbsp;c)</CODE>

<BR>
&nbsp;&nbsp;&nbsp;&nbsp;&nbsp;&nbsp;&nbsp;&nbsp;&nbsp;&nbsp;Sets the color of this font, or null to draw the font following the
 graphics context active color.</TD>
</TR>
<TR BGCOLOR="white" CLASS="TableRowColor">
<TD ALIGN="right" VALIGN="top" WIDTH="1%"><FONT SIZE="-1">
<CODE>&nbsp;<A HREF="http://java.sun.com/j2se/1.4/docs/api/java/lang/String.html" title="class or interface in java.lang">String</A></CODE></FONT></TD>
<TD><CODE><B><A HREF="../../../../../com/golden/gamedev/object/font/SystemFont.html#toString()">toString</A></B>()</CODE>

<BR>
&nbsp;&nbsp;&nbsp;&nbsp;&nbsp;&nbsp;&nbsp;&nbsp;&nbsp;&nbsp;&nbsp;</TD>
</TR>
</TABLE>
&nbsp;<A NAME="methods_inherited_from_class_java.lang.Object"><!-- --></A>
<TABLE BORDER="1" WIDTH="100%" CELLPADDING="3" CELLSPACING="0" SUMMARY="">
<TR BGCOLOR="#EEEEFF" CLASS="TableSubHeadingColor">
<TH ALIGN="left"><B>Methods inherited from class java.lang.<A HREF="http://java.sun.com/j2se/1.4/docs/api/java/lang/Object.html" title="class or interface in java.lang">Object</A></B></TH>
</TR>
<TR BGCOLOR="white" CLASS="TableRowColor">
<TD><CODE><A HREF="http://java.sun.com/j2se/1.4/docs/api/java/lang/Object.html#clone()" title="class or interface in java.lang">clone</A>, <A HREF="http://java.sun.com/j2se/1.4/docs/api/java/lang/Object.html#equals(java.lang.Object)" title="class or interface in java.lang">equals</A>, <A HREF="http://java.sun.com/j2se/1.4/docs/api/java/lang/Object.html#finalize()" title="class or interface in java.lang">finalize</A>, <A HREF="http://java.sun.com/j2se/1.4/docs/api/java/lang/Object.html#getClass()" title="class or interface in java.lang">getClass</A>, <A HREF="http://java.sun.com/j2se/1.4/docs/api/java/lang/Object.html#hashCode()" title="class or interface in java.lang">hashCode</A>, <A HREF="http://java.sun.com/j2se/1.4/docs/api/java/lang/Object.html#notify()" title="class or interface in java.lang">notify</A>, <A HREF="http://java.sun.com/j2se/1.4/docs/api/java/lang/Object.html#notifyAll()" title="class or interface in java.lang">notifyAll</A>, <A HREF="http://java.sun.com/j2se/1.4/docs/api/java/lang/Object.html#wait()" title="class or interface in java.lang">wait</A>, <A HREF="http://java.sun.com/j2se/1.4/docs/api/java/lang/Object.html#wait(long)" title="class or interface in java.lang">wait</A>, <A HREF="http://java.sun.com/j2se/1.4/docs/api/java/lang/Object.html#wait(long, int)" title="class or interface in java.lang">wait</A></CODE></TD>
</TR>
</TABLE>
&nbsp;
<P>

<!-- ========= CONSTRUCTOR DETAIL ======== -->

<A NAME="constructor_detail"><!-- --></A>
<TABLE BORDER="1" WIDTH="100%" CELLPADDING="3" CELLSPACING="0" SUMMARY="">
<TR BGCOLOR="#CCCCFF" CLASS="TableHeadingColor">
<TH ALIGN="left" COLSPAN="1"><FONT SIZE="+2">
<B>Constructor Detail</B></FONT></TH>
</TR>
</TABLE>

<A NAME="SystemFont(java.awt.Font, java.awt.Color)"><!-- --></A><H3>
SystemFont</H3>
<PRE>
public <B>SystemFont</B>(<A HREF="http://java.sun.com/j2se/1.4/docs/api/java/awt/Font.html" title="class or interface in java.awt">Font</A>&nbsp;font,
                  <A HREF="http://java.sun.com/j2se/1.4/docs/api/java/awt/Color.html" title="class or interface in java.awt">Color</A>&nbsp;color)</PRE>
<DL>
<DD>Creates new <code>SystemFont</code> with specified AWT Font, and color.
<P>
<DL>
<DT><B>Parameters:</B><DD><CODE>font</CODE> - AWT Font that used to draw this game font<DD><CODE>color</CODE> - the color to draw the text, or null if the color should follow the graphics context active color</DL>
</DL>
<HR>

<A NAME="SystemFont(java.awt.Font)"><!-- --></A><H3>
SystemFont</H3>
<PRE>
public <B>SystemFont</B>(<A HREF="http://java.sun.com/j2se/1.4/docs/api/java/awt/Font.html" title="class or interface in java.awt">Font</A>&nbsp;font)</PRE>
<DL>
<DD>Creates new <code>SystemFont</code> with specified AWT Font,
 and the color is following graphics context active color.
<P>
<DL>
<DT><B>Parameters:</B><DD><CODE>font</CODE> - AWT Font that used to draw this game font</DL>
</DL>

<!-- ============ METHOD DETAIL ========== -->

<A NAME="method_detail"><!-- --></A>
<TABLE BORDER="1" WIDTH="100%" CELLPADDING="3" CELLSPACING="0" SUMMARY="">
<TR BGCOLOR="#CCCCFF" CLASS="TableHeadingColor">
<TH ALIGN="left" COLSPAN="1"><FONT SIZE="+2">
<B>Method Detail</B></FONT></TH>
</TR>
</TABLE>

<A NAME="drawString(java.awt.Graphics2D, java.lang.String, int, int)"><!-- --></A><H3>
drawString</H3>
<PRE>
public int <B>drawString</B>(<A HREF="http://java.sun.com/j2se/1.4/docs/api/java/awt/Graphics2D.html" title="class or interface in java.awt">Graphics2D</A>&nbsp;g,
                      <A HREF="http://java.sun.com/j2se/1.4/docs/api/java/lang/String.html" title="class or interface in java.lang">String</A>&nbsp;s,
                      int&nbsp;x,
                      int&nbsp;y)</PRE>
<DL>
<DD><B>Description copied from interface: <CODE><A HREF="../../../../../com/golden/gamedev/object/GameFont.html#drawString(java.awt.Graphics2D, java.lang.String, int, int)">GameFont</A></CODE></B></DD>
<DD>Draw a single line string into graphics context.
<P>
<DD><DL>
<DT><B>Specified by:</B><DD><CODE><A HREF="../../../../../com/golden/gamedev/object/GameFont.html#drawString(java.awt.Graphics2D, java.lang.String, int, int)">drawString</A></CODE> in interface <CODE><A HREF="../../../../../com/golden/gamedev/object/GameFont.html" title="interface in com.golden.gamedev.object">GameFont</A></CODE></DL>
</DD>
<DD><DL>
<DT><B>Parameters:</B><DD><CODE>g</CODE> - the graphics context<DD><CODE>s</CODE> - the string to be drawn<DD><CODE>x</CODE> - the <code>x</code> screen coordinate to draw the text<DD><CODE>y</CODE> - the <code>y</code> screen coordinate to draw the text
<DT><B>Returns:</B><DD>The right-edge of <code>x</code> coordinate to draw next text.</DL>
</DD>
</DL>
<HR>

<A NAME="drawString(java.awt.Graphics2D, java.lang.String, int, int, int, int)"><!-- --></A><H3>
drawString</H3>
<PRE>
public int <B>drawString</B>(<A HREF="http://java.sun.com/j2se/1.4/docs/api/java/awt/Graphics2D.html" title="class or interface in java.awt">Graphics2D</A>&nbsp;g,
                      <A HREF="http://java.sun.com/j2se/1.4/docs/api/java/lang/String.html" title="class or interface in java.lang">String</A>&nbsp;s,
                      int&nbsp;alignment,
                      int&nbsp;x,
                      int&nbsp;y,
                      int&nbsp;width)</PRE>
<DL>
<DD><B>Description copied from interface: <CODE><A HREF="../../../../../com/golden/gamedev/object/GameFont.html#drawString(java.awt.Graphics2D, java.lang.String, int, int, int, int)">GameFont</A></CODE></B></DD>
<DD>Draw a single line string into graphics context with specified alignment.
<P>
<DD><DL>
<DT><B>Specified by:</B><DD><CODE><A HREF="../../../../../com/golden/gamedev/object/GameFont.html#drawString(java.awt.Graphics2D, java.lang.String, int, int, int, int)">drawString</A></CODE> in interface <CODE><A HREF="../../../../../com/golden/gamedev/object/GameFont.html" title="interface in com.golden.gamedev.object">GameFont</A></CODE></DL>
</DD>
<DD><DL>
<DT><B>Parameters:</B><DD><CODE>g</CODE> - the graphics context<DD><CODE>s</CODE> - the string to be drawn<DD><CODE>alignment</CODE> - text alignment: LEFT, RIGHT, CENTER, or JUSTIFY<DD><CODE>x</CODE> - the <code>x</code> screen coordinate to draw the text<DD><CODE>y</CODE> - the <code>y</code> screen coordinate to draw the text<DD><CODE>width</CODE> - width of the text
<DT><B>Returns:</B><DD>The right-edge of <code>x</code> coordinate to draw next text.</DL>
</DD>
</DL>
<HR>

<A NAME="drawText(java.awt.Graphics2D, java.lang.String, int, int, int, int, int, int)"><!-- --></A><H3>
drawText</H3>
<PRE>
public int <B>drawText</B>(<A HREF="http://java.sun.com/j2se/1.4/docs/api/java/awt/Graphics2D.html" title="class or interface in java.awt">Graphics2D</A>&nbsp;g,
                    <A HREF="http://java.sun.com/j2se/1.4/docs/api/java/lang/String.html" title="class or interface in java.lang">String</A>&nbsp;text,
                    int&nbsp;alignment,
                    int&nbsp;x,
                    int&nbsp;y,
                    int&nbsp;width,
                    int&nbsp;vspace,
                    int&nbsp;firstIndent)</PRE>
<DL>
<DD><B>Description copied from interface: <CODE><A HREF="../../../../../com/golden/gamedev/object/GameFont.html#drawText(java.awt.Graphics2D, java.lang.String, int, int, int, int, int, int)">GameFont</A></CODE></B></DD>
<DD>Draw multiple line text into graphics context. <p>
 Example to write two paragraph text:
 <pre>
    // creates bounding box, to ensure the paragraph exactly in the box
    g.drawRect(10, 10, 620, 100);

    int nexty = GameFont.drawText(g,
        "Paragraph one, sample paragraph using GameFont drawText.",
        GameFont.LEFT, 10, 10, 620, 0, 50);

    GameFont.drawText(g,
        "Paragraph two, notice that each paragraph have 50 pixel indentation.",
        GameFont.LEFT,    // left alignment
        10,               // x
        nexty,            // y
        620,              // width
        0,                // no additional vertical spacing
        50);              // 50 pixel indentation
 </pre>
<P>
<DD><DL>
<DT><B>Specified by:</B><DD><CODE><A HREF="../../../../../com/golden/gamedev/object/GameFont.html#drawText(java.awt.Graphics2D, java.lang.String, int, int, int, int, int, int)">drawText</A></CODE> in interface <CODE><A HREF="../../../../../com/golden/gamedev/object/GameFont.html" title="interface in com.golden.gamedev.object">GameFont</A></CODE></DL>
</DD>
<DD><DL>
<DT><B>Parameters:</B><DD><CODE>g</CODE> - graphics context where the text will be drawn<DD><CODE>text</CODE> - text to be drawn<DD><CODE>alignment</CODE> - text alignment: LEFT, RIGHT, CENTER, or JUSTIFY<DD><CODE>x</CODE> - text <code>x</code> coordinate<DD><CODE>y</CODE> - text <code>y</code> coordinate<DD><CODE>width</CODE> - width per line<DD><CODE>vspace</CODE> - additional vertical spacing, in pixel<DD><CODE>firstIndent</CODE> - first line indentation, in pixel
<DT><B>Returns:</B><DD>The bottom-edge <code>y</code> coordinate to draw next paragraph.<DT><B>See Also:</B><DD><A HREF="../../../../../com/golden/gamedev/object/GameFont.html#LEFT"><CODE>GameFont.LEFT</CODE></A>, 
<A HREF="../../../../../com/golden/gamedev/object/GameFont.html#RIGHT"><CODE>GameFont.RIGHT</CODE></A>, 
<A HREF="../../../../../com/golden/gamedev/object/GameFont.html#CENTER"><CODE>GameFont.CENTER</CODE></A>, 
<A HREF="../../../../../com/golden/gamedev/object/GameFont.html#JUSTIFY"><CODE>GameFont.JUSTIFY</CODE></A></DL>
</DD>
</DL>
<HR>

<A NAME="getFont()"><!-- --></A><H3>
getFont</H3>
<PRE>
public <A HREF="http://java.sun.com/j2se/1.4/docs/api/java/awt/Font.html" title="class or interface in java.awt">Font</A> <B>getFont</B>()</PRE>
<DL>
<DD>Returns the AWT Font used to draw this <code>SystemFont</code>.
<P>
<DD><DL>
</DL>
</DD>
<DD><DL>
</DL>
</DD>
</DL>
<HR>

<A NAME="getFontMetrics()"><!-- --></A><H3>
getFontMetrics</H3>
<PRE>
public <A HREF="http://java.sun.com/j2se/1.4/docs/api/java/awt/FontMetrics.html" title="class or interface in java.awt">FontMetrics</A> <B>getFontMetrics</B>()</PRE>
<DL>
<DD>Returns the font metrics used to measure this <code>SystemFont</code>.
<P>
<DD><DL>
</DL>
</DD>
<DD><DL>
</DL>
</DD>
</DL>
<HR>

<A NAME="getColor()"><!-- --></A><H3>
getColor</H3>
<PRE>
public <A HREF="http://java.sun.com/j2se/1.4/docs/api/java/awt/Color.html" title="class or interface in java.awt">Color</A> <B>getColor</B>()</PRE>
<DL>
<DD>Returns the color of this font, or null if the font is drawn following
 the graphics context active color.
<P>
<DD><DL>
</DL>
</DD>
<DD><DL>
</DL>
</DD>
</DL>
<HR>

<A NAME="setColor(java.awt.Color)"><!-- --></A><H3>
setColor</H3>
<PRE>
public void <B>setColor</B>(<A HREF="http://java.sun.com/j2se/1.4/docs/api/java/awt/Color.html" title="class or interface in java.awt">Color</A>&nbsp;c)</PRE>
<DL>
<DD>Sets the color of this font, or null to draw the font following the
 graphics context active color.
<P>
<DD><DL>
</DL>
</DD>
<DD><DL>
</DL>
</DD>
</DL>
<HR>

<A NAME="getWidth(java.lang.String)"><!-- --></A><H3>
getWidth</H3>
<PRE>
public int <B>getWidth</B>(<A HREF="http://java.sun.com/j2se/1.4/docs/api/java/lang/String.html" title="class or interface in java.lang">String</A>&nbsp;st)</PRE>
<DL>
<DD><B>Description copied from interface: <CODE><A HREF="../../../../../com/golden/gamedev/object/GameFont.html#getWidth(java.lang.String)">GameFont</A></CODE></B></DD>
<DD>Returns the width of <code>String st</code> in pixel.
<P>
<DD><DL>
<DT><B>Specified by:</B><DD><CODE><A HREF="../../../../../com/golden/gamedev/object/GameFont.html#getWidth(java.lang.String)">getWidth</A></CODE> in interface <CODE><A HREF="../../../../../com/golden/gamedev/object/GameFont.html" title="interface in com.golden.gamedev.object">GameFont</A></CODE></DL>
</DD>
<DD><DL>

<DT><B>Returns:</B><DD>String width, in pixel.</DL>
</DD>
</DL>
<HR>

<A NAME="getWidth(char)"><!-- --></A><H3>
getWidth</H3>
<PRE>
public int <B>getWidth</B>(char&nbsp;c)</PRE>
<DL>
<DD><B>Description copied from interface: <CODE><A HREF="../../../../../com/golden/gamedev/object/GameFont.html#getWidth(char)">GameFont</A></CODE></B></DD>
<DD>Returns the width of <code>char c</code> in pixel.
<P>
<DD><DL>
<DT><B>Specified by:</B><DD><CODE><A HREF="../../../../../com/golden/gamedev/object/GameFont.html#getWidth(char)">getWidth</A></CODE> in interface <CODE><A HREF="../../../../../com/golden/gamedev/object/GameFont.html" title="interface in com.golden.gamedev.object">GameFont</A></CODE></DL>
</DD>
<DD><DL>

<DT><B>Returns:</B><DD>Char width, in pixel.</DL>
</DD>
</DL>
<HR>

<A NAME="getHeight()"><!-- --></A><H3>
getHeight</H3>
<PRE>
public int <B>getHeight</B>()</PRE>
<DL>
<DD><B>Description copied from interface: <CODE><A HREF="../../../../../com/golden/gamedev/object/GameFont.html#getHeight()">GameFont</A></CODE></B></DD>
<DD>Returns the height of this font in pixel.
<P>
<DD><DL>
<DT><B>Specified by:</B><DD><CODE><A HREF="../../../../../com/golden/gamedev/object/GameFont.html#getHeight()">getHeight</A></CODE> in interface <CODE><A HREF="../../../../../com/golden/gamedev/object/GameFont.html" title="interface in com.golden.gamedev.object">GameFont</A></CODE></DL>
</DD>
<DD><DL>

<DT><B>Returns:</B><DD>Font height, in pixel.</DL>
</DD>
</DL>
<HR>

<A NAME="toString()"><!-- --></A><H3>
toString</H3>
<PRE>
public <A HREF="http://java.sun.com/j2se/1.4/docs/api/java/lang/String.html" title="class or interface in java.lang">String</A> <B>toString</B>()</PRE>
<DL>
<DD><DL>
<DT><B>Overrides:</B><DD><CODE><A HREF="http://java.sun.com/j2se/1.4/docs/api/java/lang/Object.html#toString()" title="class or interface in java.lang">toString</A></CODE> in class <CODE><A HREF="http://java.sun.com/j2se/1.4/docs/api/java/lang/Object.html" title="class or interface in java.lang">Object</A></CODE></DL>
</DD>
<DD><DL>
</DL>
</DD>
</DL>
<HR>

<A NAME="isAvailable(char)"><!-- --></A><H3>
isAvailable</H3>
<PRE>
public boolean <B>isAvailable</B>(char&nbsp;c)</PRE>
<DL>
<DD><B>Description copied from interface: <CODE><A HREF="../../../../../com/golden/gamedev/object/GameFont.html#isAvailable(char)">GameFont</A></CODE></B></DD>
<DD>Returns whether the specified <code>char c</code> is available to draw
 by this game font.
<P>
<DD><DL>
<DT><B>Specified by:</B><DD><CODE><A HREF="../../../../../com/golden/gamedev/object/GameFont.html#isAvailable(char)">isAvailable</A></CODE> in interface <CODE><A HREF="../../../../../com/golden/gamedev/object/GameFont.html" title="interface in com.golden.gamedev.object">GameFont</A></CODE></DL>
</DD>
<DD><DL>
</DL>
</DD>
</DL>
<!-- ========= END OF CLASS DATA ========= -->
<HR>


<!-- ======= START OF BOTTOM NAVBAR ====== -->
<A NAME="navbar_bottom"><!-- --></A>
<A HREF="#skip-navbar_bottom" title="Skip navigation links"></A>
<TABLE BORDER="0" WIDTH="100%" CELLPADDING="1" CELLSPACING="0" SUMMARY="">
<TR>
<TD COLSPAN=2 BGCOLOR="#EEEEFF" CLASS="NavBarCell1">
<A NAME="navbar_bottom_firstrow"><!-- --></A>
<TABLE BORDER="0" CELLPADDING="0" CELLSPACING="3" SUMMARY="">
  <TR ALIGN="center" VALIGN="top">
  <TD BGCOLOR="#EEEEFF" CLASS="NavBarCell1">    <A HREF="../../../../../overview-summary.html"><FONT CLASS="NavBarFont1"><B>Overview</B></FONT></A>&nbsp;</TD>
  <TD BGCOLOR="#EEEEFF" CLASS="NavBarCell1">    <A HREF="package-summary.html"><FONT CLASS="NavBarFont1"><B>Package</B></FONT></A>&nbsp;</TD>
  <TD BGCOLOR="#FFFFFF" CLASS="NavBarCell1Rev"> &nbsp;<FONT CLASS="NavBarFont1Rev"><B>Class</B></FONT>&nbsp;</TD>
  <TD BGCOLOR="#EEEEFF" CLASS="NavBarCell1">    <A HREF="class-use/SystemFont.html"><FONT CLASS="NavBarFont1"><B>Use</B></FONT></A>&nbsp;</TD>
  <TD BGCOLOR="#EEEEFF" CLASS="NavBarCell1">    <A HREF="package-tree.html"><FONT CLASS="NavBarFont1"><B>Tree</B></FONT></A>&nbsp;</TD>
  <TD BGCOLOR="#EEEEFF" CLASS="NavBarCell1">    <A HREF="../../../../../index-all.html"><FONT CLASS="NavBarFont1"><B>Index</B></FONT></A>&nbsp;</TD>
  <TD BGCOLOR="#EEEEFF" CLASS="NavBarCell1">    <A HREF="../../../../../help-doc.html"><FONT CLASS="NavBarFont1"><B>Help</B></FONT></A>&nbsp;</TD>
  </TR>
</TABLE>
</TD>
<TD ALIGN="right" VALIGN="top" ROWSPAN=3><EM>
<b>GTGE API</b></EM>
</TD>
</TR>

<TR>
<TD BGCOLOR="white" CLASS="NavBarCell2"><FONT SIZE="-2">
&nbsp;<A HREF="../../../../../com/golden/gamedev/object/font/BitmapFont.html" title="class in com.golden.gamedev.object.font"><B>PREV CLASS</B></A>&nbsp;
&nbsp;NEXT CLASS</FONT></TD>
<TD BGCOLOR="white" CLASS="NavBarCell2"><FONT SIZE="-2">
  <A HREF="../../../../../index.html?com/golden/gamedev/object/font/SystemFont.html" target="_top"><B>FRAMES</B></A>  &nbsp;
&nbsp;<A HREF="SystemFont.html" target="_top"><B>NO FRAMES</B></A>  &nbsp;
&nbsp;<SCRIPT type="text/javascript">
  <!--
  if(window==top) {
    document.writeln('<A HREF="../../../../../allclasses-noframe.html"><B>All Classes</B></A>');
  }
  //-->
</SCRIPT>
<NOSCRIPT>
  <A HREF="../../../../../allclasses-noframe.html"><B>All Classes</B></A>
</NOSCRIPT>


</FONT></TD>
</TR>
<TR>
<TD VALIGN="top" CLASS="NavBarCell3"><FONT SIZE="-2">
  SUMMARY:&nbsp;NESTED&nbsp;|&nbsp;FIELD&nbsp;|&nbsp;<A HREF="#constructor_summary">CONSTR</A>&nbsp;|&nbsp;<A HREF="#method_summary">METHOD</A></FONT></TD>
<TD VALIGN="top" CLASS="NavBarCell3"><FONT SIZE="-2">
DETAIL:&nbsp;FIELD&nbsp;|&nbsp;<A HREF="#constructor_detail">CONSTR</A>&nbsp;|&nbsp;<A HREF="#method_detail">METHOD</A></FONT></TD>
</TR>
</TABLE>
<A NAME="skip-navbar_bottom"></A>
<!-- ======== END OF BOTTOM NAVBAR ======= -->

<HR>
<i>Copyright &copy; 2003-2005 Golden T Studios. All rights reserved. Use is subject to <a href=http://creativecommons.org/licenses/by/2.0/>license terms<a/>.<br><a target=_blank href=http://www.goldenstudios.or.id/>GoldenStudios.or.id</a></i>
</BODY>
</HTML>
