<!DOCTYPE HTML PUBLIC "-//W3C//DTD HTML 4.01 Transitional//EN" "http://www.w3.org/TR/html4/loose.dtd">
<!--NewPage-->
<HTML>
<HEAD>
<!-- Generated by javadoc (build 1.5.0_01) on Sun Jul 03 07:12:35 ICT 2005 -->
<TITLE>
BaseInput (GTGE API v0.2.3)
</TITLE>

<META NAME="keywords" CONTENT="com.golden.gamedev.engine.BaseInput interface">

<LINK REL ="stylesheet" TYPE="text/css" HREF="../../../../stylesheet.css" TITLE="Style">

<SCRIPT type="text/javascript">
function windowTitle()
{
    parent.document.title="BaseInput (GTGE API v0.2.3)";
}
</SCRIPT>
<NOSCRIPT>
</NOSCRIPT>

</HEAD>

<BODY BGCOLOR="white" onload="windowTitle();">


<!-- ========= START OF TOP NAVBAR ======= -->
<A NAME="navbar_top"><!-- --></A>
<A HREF="#skip-navbar_top" title="Skip navigation links"></A>
<TABLE BORDER="0" WIDTH="100%" CELLPADDING="1" CELLSPACING="0" SUMMARY="">
<TR>
<TD COLSPAN=2 BGCOLOR="#EEEEFF" CLASS="NavBarCell1">
<A NAME="navbar_top_firstrow"><!-- --></A>
<TABLE BORDER="0" CELLPADDING="0" CELLSPACING="3" SUMMARY="">
  <TR ALIGN="center" VALIGN="top">
  <TD BGCOLOR="#EEEEFF" CLASS="NavBarCell1">    <A HREF="../../../../overview-summary.html"><FONT CLASS="NavBarFont1"><B>Overview</B></FONT></A>&nbsp;</TD>
  <TD BGCOLOR="#EEEEFF" CLASS="NavBarCell1">    <A HREF="package-summary.html"><FONT CLASS="NavBarFont1"><B>Package</B></FONT></A>&nbsp;</TD>
  <TD BGCOLOR="#FFFFFF" CLASS="NavBarCell1Rev"> &nbsp;<FONT CLASS="NavBarFont1Rev"><B>Class</B></FONT>&nbsp;</TD>
  <TD BGCOLOR="#EEEEFF" CLASS="NavBarCell1">    <A HREF="class-use/BaseInput.html"><FONT CLASS="NavBarFont1"><B>Use</B></FONT></A>&nbsp;</TD>
  <TD BGCOLOR="#EEEEFF" CLASS="NavBarCell1">    <A HREF="package-tree.html"><FONT CLASS="NavBarFont1"><B>Tree</B></FONT></A>&nbsp;</TD>
  <TD BGCOLOR="#EEEEFF" CLASS="NavBarCell1">    <A HREF="../../../../index-all.html"><FONT CLASS="NavBarFont1"><B>Index</B></FONT></A>&nbsp;</TD>
  <TD BGCOLOR="#EEEEFF" CLASS="NavBarCell1">    <A HREF="../../../../help-doc.html"><FONT CLASS="NavBarFont1"><B>Help</B></FONT></A>&nbsp;</TD>
  </TR>
</TABLE>
</TD>
<TD ALIGN="right" VALIGN="top" ROWSPAN=3><EM>
<b>GTGE API</b></EM>
</TD>
</TR>

<TR>
<TD BGCOLOR="white" CLASS="NavBarCell2"><FONT SIZE="-2">
&nbsp;<A HREF="../../../../com/golden/gamedev/engine/BaseGraphics.html" title="interface in com.golden.gamedev.engine"><B>PREV CLASS</B></A>&nbsp;
&nbsp;<A HREF="../../../../com/golden/gamedev/engine/BaseIO.html" title="class in com.golden.gamedev.engine"><B>NEXT CLASS</B></A></FONT></TD>
<TD BGCOLOR="white" CLASS="NavBarCell2"><FONT SIZE="-2">
  <A HREF="../../../../index.html?com/golden/gamedev/engine/BaseInput.html" target="_top"><B>FRAMES</B></A>  &nbsp;
&nbsp;<A HREF="BaseInput.html" target="_top"><B>NO FRAMES</B></A>  &nbsp;
&nbsp;<SCRIPT type="text/javascript">
  <!--
  if(window==top) {
    document.writeln('<A HREF="../../../../allclasses-noframe.html"><B>All Classes</B></A>');
  }
  //-->
</SCRIPT>
<NOSCRIPT>
  <A HREF="../../../../allclasses-noframe.html"><B>All Classes</B></A>
</NOSCRIPT>


</FONT></TD>
</TR>
<TR>
<TD VALIGN="top" CLASS="NavBarCell3"><FONT SIZE="-2">
  SUMMARY:&nbsp;NESTED&nbsp;|&nbsp;<A HREF="#field_summary">FIELD</A>&nbsp;|&nbsp;CONSTR&nbsp;|&nbsp;<A HREF="#method_summary">METHOD</A></FONT></TD>
<TD VALIGN="top" CLASS="NavBarCell3"><FONT SIZE="-2">
DETAIL:&nbsp;<A HREF="#field_detail">FIELD</A>&nbsp;|&nbsp;CONSTR&nbsp;|&nbsp;<A HREF="#method_detail">METHOD</A></FONT></TD>
</TR>
</TABLE>
<A NAME="skip-navbar_top"></A>
<!-- ========= END OF TOP NAVBAR ========= -->

<HR>
<!-- ======== START OF CLASS DATA ======== -->
<H2>
<FONT SIZE="-1">
com.golden.gamedev.engine</FONT>
<BR>
Interface BaseInput</H2>
<DL>
<DT><B>All Known Implementing Classes:</B> <DD><A HREF="../../../../com/golden/gamedev/engine/input/AWTInput.html" title="class in com.golden.gamedev.engine.input">AWTInput</A></DD>
</DL>
<HR>
<DL>
<DT><PRE>public interface <B>BaseInput</B></DL>
</PRE>

<P>
<code>BaseInput</code> interface provides all needed functions for polling
 keyboard and mouse input. <p>

 Common methods of how-to-use <code>BaseInput</code>:
 <pre>
    public class InputEngine implements BaseInput {
       .....

       public static void main(String[] args) {
          BaseInput engine = new InputEngine(...);
          engine.refresh();

          // game loop
          long elapsedTime = 0;
          while (true) {
             // update input
             engine.update(elapsedTime);

             // poll input
             engine.isKeyXXX(KeyEvent.XXX);
             engine.isMouseXXX(MouseEvent.XXX);
          }

          // clean up input engine
          engine.cleanup();
       }
    }
 </pre>
<P>

<P>
<HR>

<P>
<!-- =========== FIELD SUMMARY =========== -->

<A NAME="field_summary"><!-- --></A>
<TABLE BORDER="1" WIDTH="100%" CELLPADDING="3" CELLSPACING="0" SUMMARY="">
<TR BGCOLOR="#CCCCFF" CLASS="TableHeadingColor">
<TH ALIGN="left" COLSPAN="2"><FONT SIZE="+2">
<B>Field Summary</B></FONT></TH>
</TR>
<TR BGCOLOR="white" CLASS="TableRowColor">
<TD ALIGN="right" VALIGN="top" WIDTH="1%"><FONT SIZE="-1">
<CODE>static&nbsp;int</CODE></FONT></TD>
<TD><CODE><B><A HREF="../../../../com/golden/gamedev/engine/BaseInput.html#NO_BUTTON">NO_BUTTON</A></B></CODE>

<BR>
&nbsp;&nbsp;&nbsp;&nbsp;&nbsp;&nbsp;&nbsp;&nbsp;&nbsp;&nbsp;Indicates no mouse button is being pressed.</TD>
</TR>
<TR BGCOLOR="white" CLASS="TableRowColor">
<TD ALIGN="right" VALIGN="top" WIDTH="1%"><FONT SIZE="-1">
<CODE>static&nbsp;int</CODE></FONT></TD>
<TD><CODE><B><A HREF="../../../../com/golden/gamedev/engine/BaseInput.html#NO_KEY">NO_KEY</A></B></CODE>

<BR>
&nbsp;&nbsp;&nbsp;&nbsp;&nbsp;&nbsp;&nbsp;&nbsp;&nbsp;&nbsp;Indicates no key is being pressed.</TD>
</TR>
</TABLE>
&nbsp;
<!-- ========== METHOD SUMMARY =========== -->

<A NAME="method_summary"><!-- --></A>
<TABLE BORDER="1" WIDTH="100%" CELLPADDING="3" CELLSPACING="0" SUMMARY="">
<TR BGCOLOR="#CCCCFF" CLASS="TableHeadingColor">
<TH ALIGN="left" COLSPAN="2"><FONT SIZE="+2">
<B>Method Summary</B></FONT></TH>
</TR>
<TR BGCOLOR="white" CLASS="TableRowColor">
<TD ALIGN="right" VALIGN="top" WIDTH="1%"><FONT SIZE="-1">
<CODE>&nbsp;void</CODE></FONT></TD>
<TD><CODE><B><A HREF="../../../../com/golden/gamedev/engine/BaseInput.html#cleanup()">cleanup</A></B>()</CODE>

<BR>
&nbsp;&nbsp;&nbsp;&nbsp;&nbsp;&nbsp;&nbsp;&nbsp;&nbsp;&nbsp;Releases any system resources hooked by this input engine.</TD>
</TR>
<TR BGCOLOR="white" CLASS="TableRowColor">
<TD ALIGN="right" VALIGN="top" WIDTH="1%"><FONT SIZE="-1">
<CODE>&nbsp;int</CODE></FONT></TD>
<TD><CODE><B><A HREF="../../../../com/golden/gamedev/engine/BaseInput.html#getKeyPressed()">getKeyPressed</A></B>()</CODE>

<BR>
&nbsp;&nbsp;&nbsp;&nbsp;&nbsp;&nbsp;&nbsp;&nbsp;&nbsp;&nbsp;Returns key pressed or <A HREF="../../../../com/golden/gamedev/engine/BaseInput.html#NO_KEY"><CODE>NO_KEY</CODE></A> if no key is being pressed.</TD>
</TR>
<TR BGCOLOR="white" CLASS="TableRowColor">
<TD ALIGN="right" VALIGN="top" WIDTH="1%"><FONT SIZE="-1">
<CODE>&nbsp;int</CODE></FONT></TD>
<TD><CODE><B><A HREF="../../../../com/golden/gamedev/engine/BaseInput.html#getKeyReleased()">getKeyReleased</A></B>()</CODE>

<BR>
&nbsp;&nbsp;&nbsp;&nbsp;&nbsp;&nbsp;&nbsp;&nbsp;&nbsp;&nbsp;Returns key released or <A HREF="../../../../com/golden/gamedev/engine/BaseInput.html#NO_KEY"><CODE>NO_KEY</CODE></A> if no key is being released.</TD>
</TR>
<TR BGCOLOR="white" CLASS="TableRowColor">
<TD ALIGN="right" VALIGN="top" WIDTH="1%"><FONT SIZE="-1">
<CODE>&nbsp;int</CODE></FONT></TD>
<TD><CODE><B><A HREF="../../../../com/golden/gamedev/engine/BaseInput.html#getMouseDX()">getMouseDX</A></B>()</CODE>

<BR>
&nbsp;&nbsp;&nbsp;&nbsp;&nbsp;&nbsp;&nbsp;&nbsp;&nbsp;&nbsp;Returns the delta of mouse <code>x</code>-coordinate.</TD>
</TR>
<TR BGCOLOR="white" CLASS="TableRowColor">
<TD ALIGN="right" VALIGN="top" WIDTH="1%"><FONT SIZE="-1">
<CODE>&nbsp;int</CODE></FONT></TD>
<TD><CODE><B><A HREF="../../../../com/golden/gamedev/engine/BaseInput.html#getMouseDY()">getMouseDY</A></B>()</CODE>

<BR>
&nbsp;&nbsp;&nbsp;&nbsp;&nbsp;&nbsp;&nbsp;&nbsp;&nbsp;&nbsp;Returns the delta of mouse <code>y</code>-coordinate.</TD>
</TR>
<TR BGCOLOR="white" CLASS="TableRowColor">
<TD ALIGN="right" VALIGN="top" WIDTH="1%"><FONT SIZE="-1">
<CODE>&nbsp;int</CODE></FONT></TD>
<TD><CODE><B><A HREF="../../../../com/golden/gamedev/engine/BaseInput.html#getMousePressed()">getMousePressed</A></B>()</CODE>

<BR>
&nbsp;&nbsp;&nbsp;&nbsp;&nbsp;&nbsp;&nbsp;&nbsp;&nbsp;&nbsp;Returns mouse button pressed or <A HREF="../../../../com/golden/gamedev/engine/BaseInput.html#NO_BUTTON"><CODE>NO_BUTTON</CODE></A> if no button is being
 pressed.</TD>
</TR>
<TR BGCOLOR="white" CLASS="TableRowColor">
<TD ALIGN="right" VALIGN="top" WIDTH="1%"><FONT SIZE="-1">
<CODE>&nbsp;int</CODE></FONT></TD>
<TD><CODE><B><A HREF="../../../../com/golden/gamedev/engine/BaseInput.html#getMouseReleased()">getMouseReleased</A></B>()</CODE>

<BR>
&nbsp;&nbsp;&nbsp;&nbsp;&nbsp;&nbsp;&nbsp;&nbsp;&nbsp;&nbsp;Returns mouse button released or <A HREF="../../../../com/golden/gamedev/engine/BaseInput.html#NO_BUTTON"><CODE>NO_BUTTON</CODE></A> if no button is being
 released.</TD>
</TR>
<TR BGCOLOR="white" CLASS="TableRowColor">
<TD ALIGN="right" VALIGN="top" WIDTH="1%"><FONT SIZE="-1">
<CODE>&nbsp;int</CODE></FONT></TD>
<TD><CODE><B><A HREF="../../../../com/golden/gamedev/engine/BaseInput.html#getMouseX()">getMouseX</A></B>()</CODE>

<BR>
&nbsp;&nbsp;&nbsp;&nbsp;&nbsp;&nbsp;&nbsp;&nbsp;&nbsp;&nbsp;Returns the mouse <code>x</code>-coordinate.</TD>
</TR>
<TR BGCOLOR="white" CLASS="TableRowColor">
<TD ALIGN="right" VALIGN="top" WIDTH="1%"><FONT SIZE="-1">
<CODE>&nbsp;int</CODE></FONT></TD>
<TD><CODE><B><A HREF="../../../../com/golden/gamedev/engine/BaseInput.html#getMouseY()">getMouseY</A></B>()</CODE>

<BR>
&nbsp;&nbsp;&nbsp;&nbsp;&nbsp;&nbsp;&nbsp;&nbsp;&nbsp;&nbsp;Returns the mouse <code>y</code>-coordinate.</TD>
</TR>
<TR BGCOLOR="white" CLASS="TableRowColor">
<TD ALIGN="right" VALIGN="top" WIDTH="1%"><FONT SIZE="-1">
<CODE>&nbsp;boolean</CODE></FONT></TD>
<TD><CODE><B><A HREF="../../../../com/golden/gamedev/engine/BaseInput.html#isKeyDown(int)">isKeyDown</A></B>(int&nbsp;keyCode)</CODE>

<BR>
&nbsp;&nbsp;&nbsp;&nbsp;&nbsp;&nbsp;&nbsp;&nbsp;&nbsp;&nbsp;Returns true if the specified key is being pressed.</TD>
</TR>
<TR BGCOLOR="white" CLASS="TableRowColor">
<TD ALIGN="right" VALIGN="top" WIDTH="1%"><FONT SIZE="-1">
<CODE>&nbsp;boolean</CODE></FONT></TD>
<TD><CODE><B><A HREF="../../../../com/golden/gamedev/engine/BaseInput.html#isKeyPressed(int)">isKeyPressed</A></B>(int&nbsp;keyCode)</CODE>

<BR>
&nbsp;&nbsp;&nbsp;&nbsp;&nbsp;&nbsp;&nbsp;&nbsp;&nbsp;&nbsp;Returns true if the specified key is being pressed.</TD>
</TR>
<TR BGCOLOR="white" CLASS="TableRowColor">
<TD ALIGN="right" VALIGN="top" WIDTH="1%"><FONT SIZE="-1">
<CODE>&nbsp;boolean</CODE></FONT></TD>
<TD><CODE><B><A HREF="../../../../com/golden/gamedev/engine/BaseInput.html#isKeyReleased(int)">isKeyReleased</A></B>(int&nbsp;keyCode)</CODE>

<BR>
&nbsp;&nbsp;&nbsp;&nbsp;&nbsp;&nbsp;&nbsp;&nbsp;&nbsp;&nbsp;Returns true if the specified key is being released.</TD>
</TR>
<TR BGCOLOR="white" CLASS="TableRowColor">
<TD ALIGN="right" VALIGN="top" WIDTH="1%"><FONT SIZE="-1">
<CODE>&nbsp;boolean</CODE></FONT></TD>
<TD><CODE><B><A HREF="../../../../com/golden/gamedev/engine/BaseInput.html#isMouseDown(int)">isMouseDown</A></B>(int&nbsp;button)</CODE>

<BR>
&nbsp;&nbsp;&nbsp;&nbsp;&nbsp;&nbsp;&nbsp;&nbsp;&nbsp;&nbsp;Returns true if the specified button is being pressed.</TD>
</TR>
<TR BGCOLOR="white" CLASS="TableRowColor">
<TD ALIGN="right" VALIGN="top" WIDTH="1%"><FONT SIZE="-1">
<CODE>&nbsp;boolean</CODE></FONT></TD>
<TD><CODE><B><A HREF="../../../../com/golden/gamedev/engine/BaseInput.html#isMouseExists()">isMouseExists</A></B>()</CODE>

<BR>
&nbsp;&nbsp;&nbsp;&nbsp;&nbsp;&nbsp;&nbsp;&nbsp;&nbsp;&nbsp;Returns true, if the mouse pointer is in input component area.</TD>
</TR>
<TR BGCOLOR="white" CLASS="TableRowColor">
<TD ALIGN="right" VALIGN="top" WIDTH="1%"><FONT SIZE="-1">
<CODE>&nbsp;boolean</CODE></FONT></TD>
<TD><CODE><B><A HREF="../../../../com/golden/gamedev/engine/BaseInput.html#isMousePressed(int)">isMousePressed</A></B>(int&nbsp;button)</CODE>

<BR>
&nbsp;&nbsp;&nbsp;&nbsp;&nbsp;&nbsp;&nbsp;&nbsp;&nbsp;&nbsp;Returns true if the specified button is being pressed.</TD>
</TR>
<TR BGCOLOR="white" CLASS="TableRowColor">
<TD ALIGN="right" VALIGN="top" WIDTH="1%"><FONT SIZE="-1">
<CODE>&nbsp;boolean</CODE></FONT></TD>
<TD><CODE><B><A HREF="../../../../com/golden/gamedev/engine/BaseInput.html#isMouseReleased(int)">isMouseReleased</A></B>(int&nbsp;button)</CODE>

<BR>
&nbsp;&nbsp;&nbsp;&nbsp;&nbsp;&nbsp;&nbsp;&nbsp;&nbsp;&nbsp;Returns true if the specified button is being released.</TD>
</TR>
<TR BGCOLOR="white" CLASS="TableRowColor">
<TD ALIGN="right" VALIGN="top" WIDTH="1%"><FONT SIZE="-1">
<CODE>&nbsp;boolean</CODE></FONT></TD>
<TD><CODE><B><A HREF="../../../../com/golden/gamedev/engine/BaseInput.html#isMouseVisible()">isMouseVisible</A></B>()</CODE>

<BR>
&nbsp;&nbsp;&nbsp;&nbsp;&nbsp;&nbsp;&nbsp;&nbsp;&nbsp;&nbsp;Returns mouse pointer visible status.</TD>
</TR>
<TR BGCOLOR="white" CLASS="TableRowColor">
<TD ALIGN="right" VALIGN="top" WIDTH="1%"><FONT SIZE="-1">
<CODE>&nbsp;void</CODE></FONT></TD>
<TD><CODE><B><A HREF="../../../../com/golden/gamedev/engine/BaseInput.html#mouseMove(int, int)">mouseMove</A></B>(int&nbsp;x,
          int&nbsp;y)</CODE>

<BR>
&nbsp;&nbsp;&nbsp;&nbsp;&nbsp;&nbsp;&nbsp;&nbsp;&nbsp;&nbsp;Move the mouse to <code>x</code>, <code>y</code> screen coordinate.</TD>
</TR>
<TR BGCOLOR="white" CLASS="TableRowColor">
<TD ALIGN="right" VALIGN="top" WIDTH="1%"><FONT SIZE="-1">
<CODE>&nbsp;void</CODE></FONT></TD>
<TD><CODE><B><A HREF="../../../../com/golden/gamedev/engine/BaseInput.html#refresh()">refresh</A></B>()</CODE>

<BR>
&nbsp;&nbsp;&nbsp;&nbsp;&nbsp;&nbsp;&nbsp;&nbsp;&nbsp;&nbsp;Refresh all input actions to empty.</TD>
</TR>
<TR BGCOLOR="white" CLASS="TableRowColor">
<TD ALIGN="right" VALIGN="top" WIDTH="1%"><FONT SIZE="-1">
<CODE>&nbsp;void</CODE></FONT></TD>
<TD><CODE><B><A HREF="../../../../com/golden/gamedev/engine/BaseInput.html#setMouseVisible(boolean)">setMouseVisible</A></B>(boolean&nbsp;visible)</CODE>

<BR>
&nbsp;&nbsp;&nbsp;&nbsp;&nbsp;&nbsp;&nbsp;&nbsp;&nbsp;&nbsp;Sets mouse pointer visible status.</TD>
</TR>
<TR BGCOLOR="white" CLASS="TableRowColor">
<TD ALIGN="right" VALIGN="top" WIDTH="1%"><FONT SIZE="-1">
<CODE>&nbsp;void</CODE></FONT></TD>
<TD><CODE><B><A HREF="../../../../com/golden/gamedev/engine/BaseInput.html#update(long)">update</A></B>(long&nbsp;elapsedTime)</CODE>

<BR>
&nbsp;&nbsp;&nbsp;&nbsp;&nbsp;&nbsp;&nbsp;&nbsp;&nbsp;&nbsp;Updates input engine actions, this method need to be called in tight loop.</TD>
</TR>
</TABLE>
&nbsp;
<P>

<!-- ============ FIELD DETAIL =========== -->

<A NAME="field_detail"><!-- --></A>
<TABLE BORDER="1" WIDTH="100%" CELLPADDING="3" CELLSPACING="0" SUMMARY="">
<TR BGCOLOR="#CCCCFF" CLASS="TableHeadingColor">
<TH ALIGN="left" COLSPAN="1"><FONT SIZE="+2">
<B>Field Detail</B></FONT></TH>
</TR>
</TABLE>

<A NAME="NO_BUTTON"><!-- --></A><H3>
NO_BUTTON</H3>
<PRE>
static final int <B>NO_BUTTON</B></PRE>
<DL>
<DD>Indicates no mouse button is being pressed.
<P>
<DL>
<DT><B>See Also:</B><DD><A HREF="../../../../constant-values.html#com.golden.gamedev.engine.BaseInput.NO_BUTTON">Constant Field Values</A></DL>
</DL>
<HR>

<A NAME="NO_KEY"><!-- --></A><H3>
NO_KEY</H3>
<PRE>
static final int <B>NO_KEY</B></PRE>
<DL>
<DD>Indicates no key is being pressed.
<P>
<DL>
<DT><B>See Also:</B><DD><A HREF="../../../../constant-values.html#com.golden.gamedev.engine.BaseInput.NO_KEY">Constant Field Values</A></DL>
</DL>

<!-- ============ METHOD DETAIL ========== -->

<A NAME="method_detail"><!-- --></A>
<TABLE BORDER="1" WIDTH="100%" CELLPADDING="3" CELLSPACING="0" SUMMARY="">
<TR BGCOLOR="#CCCCFF" CLASS="TableHeadingColor">
<TH ALIGN="left" COLSPAN="1"><FONT SIZE="+2">
<B>Method Detail</B></FONT></TH>
</TR>
</TABLE>

<A NAME="update(long)"><!-- --></A><H3>
update</H3>
<PRE>
void <B>update</B>(long&nbsp;elapsedTime)</PRE>
<DL>
<DD>Updates input engine actions, this method need to be called in tight loop.
<P>
<DD><DL>
</DL>
</DD>
</DL>
<HR>

<A NAME="refresh()"><!-- --></A><H3>
refresh</H3>
<PRE>
void <B>refresh</B>()</PRE>
<DL>
<DD>Refresh all input actions to empty.
<P>
<DD><DL>
</DL>
</DD>
</DL>
<HR>

<A NAME="cleanup()"><!-- --></A><H3>
cleanup</H3>
<PRE>
void <B>cleanup</B>()</PRE>
<DL>
<DD>Releases any system resources hooked by this input engine.
<P>
<DD><DL>
</DL>
</DD>
</DL>
<HR>

<A NAME="mouseMove(int, int)"><!-- --></A><H3>
mouseMove</H3>
<PRE>
void <B>mouseMove</B>(int&nbsp;x,
               int&nbsp;y)</PRE>
<DL>
<DD>Move the mouse to <code>x</code>, <code>y</code> screen coordinate.
<P>
<DD><DL>
<DT><B>Parameters:</B><DD><CODE>x</CODE> - the <code>x</code>-coordinate of the new mouse location<DD><CODE>y</CODE> - the <code>y</code>-coordinate of the new mouse location</DL>
</DD>
</DL>
<HR>

<A NAME="isMouseExists()"><!-- --></A><H3>
isMouseExists</H3>
<PRE>
boolean <B>isMouseExists</B>()</PRE>
<DL>
<DD>Returns true, if the mouse pointer is in input component area.
<P>
<DD><DL>
</DL>
</DD>
</DL>
<HR>

<A NAME="getMouseX()"><!-- --></A><H3>
getMouseX</H3>
<PRE>
int <B>getMouseX</B>()</PRE>
<DL>
<DD>Returns the mouse <code>x</code>-coordinate.
<P>
<DD><DL>
</DL>
</DD>
</DL>
<HR>

<A NAME="getMouseY()"><!-- --></A><H3>
getMouseY</H3>
<PRE>
int <B>getMouseY</B>()</PRE>
<DL>
<DD>Returns the mouse <code>y</code>-coordinate.
<P>
<DD><DL>
</DL>
</DD>
</DL>
<HR>

<A NAME="getMouseDX()"><!-- --></A><H3>
getMouseDX</H3>
<PRE>
int <B>getMouseDX</B>()</PRE>
<DL>
<DD>Returns the delta of mouse <code>x</code>-coordinate.
<P>
<DD><DL>
</DL>
</DD>
</DL>
<HR>

<A NAME="getMouseDY()"><!-- --></A><H3>
getMouseDY</H3>
<PRE>
int <B>getMouseDY</B>()</PRE>
<DL>
<DD>Returns the delta of mouse <code>y</code>-coordinate.
<P>
<DD><DL>
</DL>
</DD>
</DL>
<HR>

<A NAME="getMouseReleased()"><!-- --></A><H3>
getMouseReleased</H3>
<PRE>
int <B>getMouseReleased</B>()</PRE>
<DL>
<DD>Returns mouse button released or <A HREF="../../../../com/golden/gamedev/engine/BaseInput.html#NO_BUTTON"><CODE>NO_BUTTON</CODE></A> if no button is being
 released.
<P>
<DD><DL>
<DT><B>See Also:</B><DD><A HREF="http://java.sun.com/j2se/1.4/docs/api/java/awt/event/MouseEvent.html#BUTTON1" title="class or interface in java.awt.event"><CODE>MouseEvent.BUTTON1</CODE></A>, 
<A HREF="http://java.sun.com/j2se/1.4/docs/api/java/awt/event/MouseEvent.html#BUTTON2" title="class or interface in java.awt.event"><CODE>MouseEvent.BUTTON2</CODE></A>, 
<A HREF="http://java.sun.com/j2se/1.4/docs/api/java/awt/event/MouseEvent.html#BUTTON3" title="class or interface in java.awt.event"><CODE>MouseEvent.BUTTON3</CODE></A></DL>
</DD>
</DL>
<HR>

<A NAME="isMouseReleased(int)"><!-- --></A><H3>
isMouseReleased</H3>
<PRE>
boolean <B>isMouseReleased</B>(int&nbsp;button)</PRE>
<DL>
<DD>Returns true if the specified button is being released.
<P>
<DD><DL>
<DT><B>Parameters:</B><DD><CODE>button</CODE> - the mouse button to be checked
<DT><B>Returns:</B><DD>true, if the button is released.<DT><B>See Also:</B><DD><A HREF="http://java.sun.com/j2se/1.4/docs/api/java/awt/event/MouseEvent.html#BUTTON1" title="class or interface in java.awt.event"><CODE>MouseEvent.BUTTON1</CODE></A>, 
<A HREF="http://java.sun.com/j2se/1.4/docs/api/java/awt/event/MouseEvent.html#BUTTON2" title="class or interface in java.awt.event"><CODE>MouseEvent.BUTTON2</CODE></A>, 
<A HREF="http://java.sun.com/j2se/1.4/docs/api/java/awt/event/MouseEvent.html#BUTTON3" title="class or interface in java.awt.event"><CODE>MouseEvent.BUTTON3</CODE></A></DL>
</DD>
</DL>
<HR>

<A NAME="getMousePressed()"><!-- --></A><H3>
getMousePressed</H3>
<PRE>
int <B>getMousePressed</B>()</PRE>
<DL>
<DD>Returns mouse button pressed or <A HREF="../../../../com/golden/gamedev/engine/BaseInput.html#NO_BUTTON"><CODE>NO_BUTTON</CODE></A> if no button is being
 pressed.
<P>
<DD><DL>
<DT><B>See Also:</B><DD><A HREF="http://java.sun.com/j2se/1.4/docs/api/java/awt/event/MouseEvent.html#BUTTON1" title="class or interface in java.awt.event"><CODE>MouseEvent.BUTTON1</CODE></A>, 
<A HREF="http://java.sun.com/j2se/1.4/docs/api/java/awt/event/MouseEvent.html#BUTTON2" title="class or interface in java.awt.event"><CODE>MouseEvent.BUTTON2</CODE></A>, 
<A HREF="http://java.sun.com/j2se/1.4/docs/api/java/awt/event/MouseEvent.html#BUTTON3" title="class or interface in java.awt.event"><CODE>MouseEvent.BUTTON3</CODE></A></DL>
</DD>
</DL>
<HR>

<A NAME="isMousePressed(int)"><!-- --></A><H3>
isMousePressed</H3>
<PRE>
boolean <B>isMousePressed</B>(int&nbsp;button)</PRE>
<DL>
<DD>Returns true if the specified button is being pressed.
<P>
<DD><DL>
<DT><B>Parameters:</B><DD><CODE>button</CODE> - the mouse button to be checked
<DT><B>Returns:</B><DD>true, if the button is pressed.<DT><B>See Also:</B><DD><A HREF="http://java.sun.com/j2se/1.4/docs/api/java/awt/event/MouseEvent.html#BUTTON1" title="class or interface in java.awt.event"><CODE>MouseEvent.BUTTON1</CODE></A>, 
<A HREF="http://java.sun.com/j2se/1.4/docs/api/java/awt/event/MouseEvent.html#BUTTON2" title="class or interface in java.awt.event"><CODE>MouseEvent.BUTTON2</CODE></A>, 
<A HREF="http://java.sun.com/j2se/1.4/docs/api/java/awt/event/MouseEvent.html#BUTTON3" title="class or interface in java.awt.event"><CODE>MouseEvent.BUTTON3</CODE></A></DL>
</DD>
</DL>
<HR>

<A NAME="isMouseDown(int)"><!-- --></A><H3>
isMouseDown</H3>
<PRE>
boolean <B>isMouseDown</B>(int&nbsp;button)</PRE>
<DL>
<DD>Returns true if the specified button is being pressed.
<P>
<DD><DL>
<DT><B>Parameters:</B><DD><CODE>button</CODE> - the mouse button to be checked
<DT><B>Returns:</B><DD>true, if the button is being pressed.<DT><B>See Also:</B><DD><A HREF="http://java.sun.com/j2se/1.4/docs/api/java/awt/event/MouseEvent.html#BUTTON1" title="class or interface in java.awt.event"><CODE>MouseEvent.BUTTON1</CODE></A>, 
<A HREF="http://java.sun.com/j2se/1.4/docs/api/java/awt/event/MouseEvent.html#BUTTON2" title="class or interface in java.awt.event"><CODE>MouseEvent.BUTTON2</CODE></A>, 
<A HREF="http://java.sun.com/j2se/1.4/docs/api/java/awt/event/MouseEvent.html#BUTTON3" title="class or interface in java.awt.event"><CODE>MouseEvent.BUTTON3</CODE></A></DL>
</DD>
</DL>
<HR>

<A NAME="getKeyReleased()"><!-- --></A><H3>
getKeyReleased</H3>
<PRE>
int <B>getKeyReleased</B>()</PRE>
<DL>
<DD>Returns key released or <A HREF="../../../../com/golden/gamedev/engine/BaseInput.html#NO_KEY"><CODE>NO_KEY</CODE></A> if no key is being released.
<P>
<DD><DL>
<DT><B>See Also:</B><DD><A HREF="http://java.sun.com/j2se/1.4/docs/api/java/awt/event/KeyEvent.html#VK_1" title="class or interface in java.awt.event"><CODE>KeyEvent.VK_1</CODE></A></DL>
</DD>
</DL>
<HR>

<A NAME="isKeyReleased(int)"><!-- --></A><H3>
isKeyReleased</H3>
<PRE>
boolean <B>isKeyReleased</B>(int&nbsp;keyCode)</PRE>
<DL>
<DD>Returns true if the specified key is being released.
<P>
<DD><DL>
<DT><B>Parameters:</B><DD><CODE>keyCode</CODE> - the key to be checked
<DT><B>Returns:</B><DD>true, if the key is released.<DT><B>See Also:</B><DD><A HREF="http://java.sun.com/j2se/1.4/docs/api/java/awt/event/KeyEvent.html#VK_1" title="class or interface in java.awt.event"><CODE>KeyEvent.VK_1</CODE></A></DL>
</DD>
</DL>
<HR>

<A NAME="getKeyPressed()"><!-- --></A><H3>
getKeyPressed</H3>
<PRE>
int <B>getKeyPressed</B>()</PRE>
<DL>
<DD>Returns key pressed or <A HREF="../../../../com/golden/gamedev/engine/BaseInput.html#NO_KEY"><CODE>NO_KEY</CODE></A> if no key is being pressed.
<P>
<DD><DL>
<DT><B>See Also:</B><DD><A HREF="http://java.sun.com/j2se/1.4/docs/api/java/awt/event/KeyEvent.html#VK_1" title="class or interface in java.awt.event"><CODE>KeyEvent.VK_1</CODE></A></DL>
</DD>
</DL>
<HR>

<A NAME="isKeyPressed(int)"><!-- --></A><H3>
isKeyPressed</H3>
<PRE>
boolean <B>isKeyPressed</B>(int&nbsp;keyCode)</PRE>
<DL>
<DD>Returns true if the specified key is being pressed.
<P>
<DD><DL>
<DT><B>Parameters:</B><DD><CODE>keyCode</CODE> - the key to be checked
<DT><B>Returns:</B><DD>true, if the key is pressed.<DT><B>See Also:</B><DD><A HREF="http://java.sun.com/j2se/1.4/docs/api/java/awt/event/KeyEvent.html#VK_1" title="class or interface in java.awt.event"><CODE>KeyEvent.VK_1</CODE></A></DL>
</DD>
</DL>
<HR>

<A NAME="isKeyDown(int)"><!-- --></A><H3>
isKeyDown</H3>
<PRE>
boolean <B>isKeyDown</B>(int&nbsp;keyCode)</PRE>
<DL>
<DD>Returns true if the specified key is being pressed.
<P>
<DD><DL>
<DT><B>Parameters:</B><DD><CODE>keyCode</CODE> - the key to be checked
<DT><B>Returns:</B><DD>true, if the key is being pressed.<DT><B>See Also:</B><DD><A HREF="http://java.sun.com/j2se/1.4/docs/api/java/awt/event/KeyEvent.html#VK_1" title="class or interface in java.awt.event"><CODE>KeyEvent.VK_1</CODE></A></DL>
</DD>
</DL>
<HR>

<A NAME="setMouseVisible(boolean)"><!-- --></A><H3>
setMouseVisible</H3>
<PRE>
void <B>setMouseVisible</B>(boolean&nbsp;visible)</PRE>
<DL>
<DD>Sets mouse pointer visible status.
<P>
<DD><DL>
<DT><B>Parameters:</B><DD><CODE>visible</CODE> - mouse pointer visible status</DL>
</DD>
</DL>
<HR>

<A NAME="isMouseVisible()"><!-- --></A><H3>
isMouseVisible</H3>
<PRE>
boolean <B>isMouseVisible</B>()</PRE>
<DL>
<DD>Returns mouse pointer visible status.
<P>
<DD><DL>
</DL>
</DD>
</DL>
<!-- ========= END OF CLASS DATA ========= -->
<HR>


<!-- ======= START OF BOTTOM NAVBAR ====== -->
<A NAME="navbar_bottom"><!-- --></A>
<A HREF="#skip-navbar_bottom" title="Skip navigation links"></A>
<TABLE BORDER="0" WIDTH="100%" CELLPADDING="1" CELLSPACING="0" SUMMARY="">
<TR>
<TD COLSPAN=2 BGCOLOR="#EEEEFF" CLASS="NavBarCell1">
<A NAME="navbar_bottom_firstrow"><!-- --></A>
<TABLE BORDER="0" CELLPADDING="0" CELLSPACING="3" SUMMARY="">
  <TR ALIGN="center" VALIGN="top">
  <TD BGCOLOR="#EEEEFF" CLASS="NavBarCell1">    <A HREF="../../../../overview-summary.html"><FONT CLASS="NavBarFont1"><B>Overview</B></FONT></A>&nbsp;</TD>
  <TD BGCOLOR="#EEEEFF" CLASS="NavBarCell1">    <A HREF="package-summary.html"><FONT CLASS="NavBarFont1"><B>Package</B></FONT></A>&nbsp;</TD>
  <TD BGCOLOR="#FFFFFF" CLASS="NavBarCell1Rev"> &nbsp;<FONT CLASS="NavBarFont1Rev"><B>Class</B></FONT>&nbsp;</TD>
  <TD BGCOLOR="#EEEEFF" CLASS="NavBarCell1">    <A HREF="class-use/BaseInput.html"><FONT CLASS="NavBarFont1"><B>Use</B></FONT></A>&nbsp;</TD>
  <TD BGCOLOR="#EEEEFF" CLASS="NavBarCell1">    <A HREF="package-tree.html"><FONT CLASS="NavBarFont1"><B>Tree</B></FONT></A>&nbsp;</TD>
  <TD BGCOLOR="#EEEEFF" CLASS="NavBarCell1">    <A HREF="../../../../index-all.html"><FONT CLASS="NavBarFont1"><B>Index</B></FONT></A>&nbsp;</TD>
  <TD BGCOLOR="#EEEEFF" CLASS="NavBarCell1">    <A HREF="../../../../help-doc.html"><FONT CLASS="NavBarFont1"><B>Help</B></FONT></A>&nbsp;</TD>
  </TR>
</TABLE>
</TD>
<TD ALIGN="right" VALIGN="top" ROWSPAN=3><EM>
<b>GTGE API</b></EM>
</TD>
</TR>

<TR>
<TD BGCOLOR="white" CLASS="NavBarCell2"><FONT SIZE="-2">
&nbsp;<A HREF="../../../../com/golden/gamedev/engine/BaseGraphics.html" title="interface in com.golden.gamedev.engine"><B>PREV CLASS</B></A>&nbsp;
&nbsp;<A HREF="../../../../com/golden/gamedev/engine/BaseIO.html" title="class in com.golden.gamedev.engine"><B>NEXT CLASS</B></A></FONT></TD>
<TD BGCOLOR="white" CLASS="NavBarCell2"><FONT SIZE="-2">
  <A HREF="../../../../index.html?com/golden/gamedev/engine/BaseInput.html" target="_top"><B>FRAMES</B></A>  &nbsp;
&nbsp;<A HREF="BaseInput.html" target="_top"><B>NO FRAMES</B></A>  &nbsp;
&nbsp;<SCRIPT type="text/javascript">
  <!--
  if(window==top) {
    document.writeln('<A HREF="../../../../allclasses-noframe.html"><B>All Classes</B></A>');
  }
  //-->
</SCRIPT>
<NOSCRIPT>
  <A HREF="../../../../allclasses-noframe.html"><B>All Classes</B></A>
</NOSCRIPT>


</FONT></TD>
</TR>
<TR>
<TD VALIGN="top" CLASS="NavBarCell3"><FONT SIZE="-2">
  SUMMARY:&nbsp;NESTED&nbsp;|&nbsp;<A HREF="#field_summary">FIELD</A>&nbsp;|&nbsp;CONSTR&nbsp;|&nbsp;<A HREF="#method_summary">METHOD</A></FONT></TD>
<TD VALIGN="top" CLASS="NavBarCell3"><FONT SIZE="-2">
DETAIL:&nbsp;<A HREF="#field_detail">FIELD</A>&nbsp;|&nbsp;CONSTR&nbsp;|&nbsp;<A HREF="#method_detail">METHOD</A></FONT></TD>
</TR>
</TABLE>
<A NAME="skip-navbar_bottom"></A>
<!-- ======== END OF BOTTOM NAVBAR ======= -->

<HR>
<i>Copyright &copy; 2003-2005 Golden T Studios. All rights reserved. Use is subject to <a href=http://creativecommons.org/licenses/by/2.0/>license terms<a/>.<br><a target=_blank href=http://www.goldenstudios.or.id/>GoldenStudios.or.id</a></i>
</BODY>
</HTML>
