<!DOCTYPE HTML PUBLIC "-//W3C//DTD HTML 4.01 Transitional//EN" "http://www.w3.org/TR/html4/loose.dtd">
<!--NewPage-->
<HTML>
<HEAD>
<!-- Generated by javadoc (build 1.5.0_01) on Sun Jul 03 07:12:35 ICT 2005 -->
<TITLE>
BaseGraphics (GTGE API v0.2.3)
</TITLE>

<META NAME="keywords" CONTENT="com.golden.gamedev.engine.BaseGraphics interface">

<LINK REL ="stylesheet" TYPE="text/css" HREF="../../../../stylesheet.css" TITLE="Style">

<SCRIPT type="text/javascript">
function windowTitle()
{
    parent.document.title="BaseGraphics (GTGE API v0.2.3)";
}
</SCRIPT>
<NOSCRIPT>
</NOSCRIPT>

</HEAD>

<BODY BGCOLOR="white" onload="windowTitle();">


<!-- ========= START OF TOP NAVBAR ======= -->
<A NAME="navbar_top"><!-- --></A>
<A HREF="#skip-navbar_top" title="Skip navigation links"></A>
<TABLE BORDER="0" WIDTH="100%" CELLPADDING="1" CELLSPACING="0" SUMMARY="">
<TR>
<TD COLSPAN=2 BGCOLOR="#EEEEFF" CLASS="NavBarCell1">
<A NAME="navbar_top_firstrow"><!-- --></A>
<TABLE BORDER="0" CELLPADDING="0" CELLSPACING="3" SUMMARY="">
  <TR ALIGN="center" VALIGN="top">
  <TD BGCOLOR="#EEEEFF" CLASS="NavBarCell1">    <A HREF="../../../../overview-summary.html"><FONT CLASS="NavBarFont1"><B>Overview</B></FONT></A>&nbsp;</TD>
  <TD BGCOLOR="#EEEEFF" CLASS="NavBarCell1">    <A HREF="package-summary.html"><FONT CLASS="NavBarFont1"><B>Package</B></FONT></A>&nbsp;</TD>
  <TD BGCOLOR="#FFFFFF" CLASS="NavBarCell1Rev"> &nbsp;<FONT CLASS="NavBarFont1Rev"><B>Class</B></FONT>&nbsp;</TD>
  <TD BGCOLOR="#EEEEFF" CLASS="NavBarCell1">    <A HREF="class-use/BaseGraphics.html"><FONT CLASS="NavBarFont1"><B>Use</B></FONT></A>&nbsp;</TD>
  <TD BGCOLOR="#EEEEFF" CLASS="NavBarCell1">    <A HREF="package-tree.html"><FONT CLASS="NavBarFont1"><B>Tree</B></FONT></A>&nbsp;</TD>
  <TD BGCOLOR="#EEEEFF" CLASS="NavBarCell1">    <A HREF="../../../../index-all.html"><FONT CLASS="NavBarFont1"><B>Index</B></FONT></A>&nbsp;</TD>
  <TD BGCOLOR="#EEEEFF" CLASS="NavBarCell1">    <A HREF="../../../../help-doc.html"><FONT CLASS="NavBarFont1"><B>Help</B></FONT></A>&nbsp;</TD>
  </TR>
</TABLE>
</TD>
<TD ALIGN="right" VALIGN="top" ROWSPAN=3><EM>
<b>GTGE API</b></EM>
</TD>
</TR>

<TR>
<TD BGCOLOR="white" CLASS="NavBarCell2"><FONT SIZE="-2">
&nbsp;<A HREF="../../../../com/golden/gamedev/engine/BaseAudioRenderer.html" title="class in com.golden.gamedev.engine"><B>PREV CLASS</B></A>&nbsp;
&nbsp;<A HREF="../../../../com/golden/gamedev/engine/BaseInput.html" title="interface in com.golden.gamedev.engine"><B>NEXT CLASS</B></A></FONT></TD>
<TD BGCOLOR="white" CLASS="NavBarCell2"><FONT SIZE="-2">
  <A HREF="../../../../index.html?com/golden/gamedev/engine/BaseGraphics.html" target="_top"><B>FRAMES</B></A>  &nbsp;
&nbsp;<A HREF="BaseGraphics.html" target="_top"><B>NO FRAMES</B></A>  &nbsp;
&nbsp;<SCRIPT type="text/javascript">
  <!--
  if(window==top) {
    document.writeln('<A HREF="../../../../allclasses-noframe.html"><B>All Classes</B></A>');
  }
  //-->
</SCRIPT>
<NOSCRIPT>
  <A HREF="../../../../allclasses-noframe.html"><B>All Classes</B></A>
</NOSCRIPT>


</FONT></TD>
</TR>
<TR>
<TD VALIGN="top" CLASS="NavBarCell3"><FONT SIZE="-2">
  SUMMARY:&nbsp;NESTED&nbsp;|&nbsp;FIELD&nbsp;|&nbsp;CONSTR&nbsp;|&nbsp;<A HREF="#method_summary">METHOD</A></FONT></TD>
<TD VALIGN="top" CLASS="NavBarCell3"><FONT SIZE="-2">
DETAIL:&nbsp;FIELD&nbsp;|&nbsp;CONSTR&nbsp;|&nbsp;<A HREF="#method_detail">METHOD</A></FONT></TD>
</TR>
</TABLE>
<A NAME="skip-navbar_top"></A>
<!-- ========= END OF TOP NAVBAR ========= -->

<HR>
<!-- ======== START OF CLASS DATA ======== -->
<H2>
<FONT SIZE="-1">
com.golden.gamedev.engine</FONT>
<BR>
Interface BaseGraphics</H2>
<DL>
<DT><B>All Known Implementing Classes:</B> <DD><A HREF="../../../../com/golden/gamedev/engine/graphics/AppletMode.html" title="class in com.golden.gamedev.engine.graphics">AppletMode</A>, <A HREF="../../../../com/golden/gamedev/engine/graphics/FullScreenMode.html" title="class in com.golden.gamedev.engine.graphics">FullScreenMode</A>, <A HREF="../../../../com/golden/gamedev/GameLoader.html" title="class in com.golden.gamedev">GameLoader</A>, <A HREF="../../../../com/golden/gamedev/engine/graphics/WindowedMode.html" title="class in com.golden.gamedev.engine.graphics">WindowedMode</A></DD>
</DL>
<HR>
<DL>
<DT><PRE>public interface <B>BaseGraphics</B></DL>
</PRE>

<P>
<code>BaseGraphics</code> interface provides all needed graphics function
 for drawing unto screen. <p>

 Common methods of how-to-use <code>BaseGraphics</code>:
 <pre>
    public class GraphicsEngine implements BaseGraphics {
       .....

       public static void main(String[] args) {
          BaseGraphics engine = new GraphicsEngine(...);

          // game loop
          while (true) {
             do {
                // get backbuffer
                Graphics2D g = engine.getBackBuffer();

                // draw to backbuffer
                g.drawImage(...);

                // flip to screen
             } while (engine.flip() == false);
          }

          // dispose graphics engine
          engine.cleanup();
       }
    }
 </pre>
<P>

<P>
<HR>

<P>

<!-- ========== METHOD SUMMARY =========== -->

<A NAME="method_summary"><!-- --></A>
<TABLE BORDER="1" WIDTH="100%" CELLPADDING="3" CELLSPACING="0" SUMMARY="">
<TR BGCOLOR="#CCCCFF" CLASS="TableHeadingColor">
<TH ALIGN="left" COLSPAN="2"><FONT SIZE="+2">
<B>Method Summary</B></FONT></TH>
</TR>
<TR BGCOLOR="white" CLASS="TableRowColor">
<TD ALIGN="right" VALIGN="top" WIDTH="1%"><FONT SIZE="-1">
<CODE>&nbsp;void</CODE></FONT></TD>
<TD><CODE><B><A HREF="../../../../com/golden/gamedev/engine/BaseGraphics.html#cleanup()">cleanup</A></B>()</CODE>

<BR>
&nbsp;&nbsp;&nbsp;&nbsp;&nbsp;&nbsp;&nbsp;&nbsp;&nbsp;&nbsp;Releases any system graphics resources and do finalization.</TD>
</TR>
<TR BGCOLOR="white" CLASS="TableRowColor">
<TD ALIGN="right" VALIGN="top" WIDTH="1%"><FONT SIZE="-1">
<CODE>&nbsp;boolean</CODE></FONT></TD>
<TD><CODE><B><A HREF="../../../../com/golden/gamedev/engine/BaseGraphics.html#flip()">flip</A></B>()</CODE>

<BR>
&nbsp;&nbsp;&nbsp;&nbsp;&nbsp;&nbsp;&nbsp;&nbsp;&nbsp;&nbsp;Flips backbuffer to the screen (primary surface).</TD>
</TR>
<TR BGCOLOR="white" CLASS="TableRowColor">
<TD ALIGN="right" VALIGN="top" WIDTH="1%"><FONT SIZE="-1">
<CODE>&nbsp;<A HREF="http://java.sun.com/j2se/1.4/docs/api/java/awt/Graphics2D.html" title="class or interface in java.awt">Graphics2D</A></CODE></FONT></TD>
<TD><CODE><B><A HREF="../../../../com/golden/gamedev/engine/BaseGraphics.html#getBackBuffer()">getBackBuffer</A></B>()</CODE>

<BR>
&nbsp;&nbsp;&nbsp;&nbsp;&nbsp;&nbsp;&nbsp;&nbsp;&nbsp;&nbsp;Returns backbuffer where the rendering perform.</TD>
</TR>
<TR BGCOLOR="white" CLASS="TableRowColor">
<TD ALIGN="right" VALIGN="top" WIDTH="1%"><FONT SIZE="-1">
<CODE>&nbsp;<A HREF="http://java.sun.com/j2se/1.4/docs/api/java/awt/Component.html" title="class or interface in java.awt">Component</A></CODE></FONT></TD>
<TD><CODE><B><A HREF="../../../../com/golden/gamedev/engine/BaseGraphics.html#getComponent()">getComponent</A></B>()</CODE>

<BR>
&nbsp;&nbsp;&nbsp;&nbsp;&nbsp;&nbsp;&nbsp;&nbsp;&nbsp;&nbsp;Returns the component where the rendering perform.</TD>
</TR>
<TR BGCOLOR="white" CLASS="TableRowColor">
<TD ALIGN="right" VALIGN="top" WIDTH="1%"><FONT SIZE="-1">
<CODE>&nbsp;<A HREF="http://java.sun.com/j2se/1.4/docs/api/java/lang/String.html" title="class or interface in java.lang">String</A></CODE></FONT></TD>
<TD><CODE><B><A HREF="../../../../com/golden/gamedev/engine/BaseGraphics.html#getGraphicsDescription()">getGraphicsDescription</A></B>()</CODE>

<BR>
&nbsp;&nbsp;&nbsp;&nbsp;&nbsp;&nbsp;&nbsp;&nbsp;&nbsp;&nbsp;Returns graphics engine description, for example:
 fullscreen, windowed, applet, fullscreen with bufferstrategy, etc.</TD>
</TR>
<TR BGCOLOR="white" CLASS="TableRowColor">
<TD ALIGN="right" VALIGN="top" WIDTH="1%"><FONT SIZE="-1">
<CODE>&nbsp;<A HREF="http://java.sun.com/j2se/1.4/docs/api/java/awt/Dimension.html" title="class or interface in java.awt">Dimension</A></CODE></FONT></TD>
<TD><CODE><B><A HREF="../../../../com/golden/gamedev/engine/BaseGraphics.html#getSize()">getSize</A></B>()</CODE>

<BR>
&nbsp;&nbsp;&nbsp;&nbsp;&nbsp;&nbsp;&nbsp;&nbsp;&nbsp;&nbsp;Returns graphics engine dimension.</TD>
</TR>
<TR BGCOLOR="white" CLASS="TableRowColor">
<TD ALIGN="right" VALIGN="top" WIDTH="1%"><FONT SIZE="-1">
<CODE>&nbsp;<A HREF="http://java.sun.com/j2se/1.4/docs/api/java/awt/Image.html" title="class or interface in java.awt">Image</A></CODE></FONT></TD>
<TD><CODE><B><A HREF="../../../../com/golden/gamedev/engine/BaseGraphics.html#getWindowIcon()">getWindowIcon</A></B>()</CODE>

<BR>
&nbsp;&nbsp;&nbsp;&nbsp;&nbsp;&nbsp;&nbsp;&nbsp;&nbsp;&nbsp;Returns graphics engine window icon image or <code>null</code> if
 setting window icon image is not supported.</TD>
</TR>
<TR BGCOLOR="white" CLASS="TableRowColor">
<TD ALIGN="right" VALIGN="top" WIDTH="1%"><FONT SIZE="-1">
<CODE>&nbsp;<A HREF="http://java.sun.com/j2se/1.4/docs/api/java/lang/String.html" title="class or interface in java.lang">String</A></CODE></FONT></TD>
<TD><CODE><B><A HREF="../../../../com/golden/gamedev/engine/BaseGraphics.html#getWindowTitle()">getWindowTitle</A></B>()</CODE>

<BR>
&nbsp;&nbsp;&nbsp;&nbsp;&nbsp;&nbsp;&nbsp;&nbsp;&nbsp;&nbsp;Returns graphics engine window title or <code>String</code> "" if
 setting window title is not supported.</TD>
</TR>
<TR BGCOLOR="white" CLASS="TableRowColor">
<TD ALIGN="right" VALIGN="top" WIDTH="1%"><FONT SIZE="-1">
<CODE>&nbsp;void</CODE></FONT></TD>
<TD><CODE><B><A HREF="../../../../com/golden/gamedev/engine/BaseGraphics.html#setWindowIcon(java.awt.Image)">setWindowIcon</A></B>(<A HREF="http://java.sun.com/j2se/1.4/docs/api/java/awt/Image.html" title="class or interface in java.awt">Image</A>&nbsp;icon)</CODE>

<BR>
&nbsp;&nbsp;&nbsp;&nbsp;&nbsp;&nbsp;&nbsp;&nbsp;&nbsp;&nbsp;Sets graphics engine window icon image.</TD>
</TR>
<TR BGCOLOR="white" CLASS="TableRowColor">
<TD ALIGN="right" VALIGN="top" WIDTH="1%"><FONT SIZE="-1">
<CODE>&nbsp;void</CODE></FONT></TD>
<TD><CODE><B><A HREF="../../../../com/golden/gamedev/engine/BaseGraphics.html#setWindowTitle(java.lang.String)">setWindowTitle</A></B>(<A HREF="http://java.sun.com/j2se/1.4/docs/api/java/lang/String.html" title="class or interface in java.lang">String</A>&nbsp;st)</CODE>

<BR>
&nbsp;&nbsp;&nbsp;&nbsp;&nbsp;&nbsp;&nbsp;&nbsp;&nbsp;&nbsp;Sets graphics engine window title.</TD>
</TR>
</TABLE>
&nbsp;
<P>

<!-- ============ METHOD DETAIL ========== -->

<A NAME="method_detail"><!-- --></A>
<TABLE BORDER="1" WIDTH="100%" CELLPADDING="3" CELLSPACING="0" SUMMARY="">
<TR BGCOLOR="#CCCCFF" CLASS="TableHeadingColor">
<TH ALIGN="left" COLSPAN="1"><FONT SIZE="+2">
<B>Method Detail</B></FONT></TH>
</TR>
</TABLE>

<A NAME="getBackBuffer()"><!-- --></A><H3>
getBackBuffer</H3>
<PRE>
<A HREF="http://java.sun.com/j2se/1.4/docs/api/java/awt/Graphics2D.html" title="class or interface in java.awt">Graphics2D</A> <B>getBackBuffer</B>()</PRE>
<DL>
<DD>Returns backbuffer where the rendering perform.
<P>
<DD><DL>
</DL>
</DD>
</DL>
<HR>

<A NAME="flip()"><!-- --></A><H3>
flip</H3>
<PRE>
boolean <B>flip</B>()</PRE>
<DL>
<DD>Flips backbuffer to the screen (primary surface). Since most graphics
 engine backbuffer is VolatileImage type, thus the flipping data could be
 lost and need to be restored. Therefore, if this method return false,
 backbuffer need to be rerendered. <p>

 For example:
 <pre>
    do {
        Graphics2D g = BaseGraphics.getBackBuffer();
        //.... do graphics operation
    } while (BaseGraphics.flip() == false);
 </pre>
 See <A HREF="http://java.sun.com/j2se/1.4/docs/api/java/awt/image/VolatileImage.html" title="class or interface in java.awt.image"><CODE>VolatileImage</CODE></A> for detail information.
<P>
<DD><DL>

<DT><B>Returns:</B><DD>true, if the flipping is successfully proceed.<DT><B>See Also:</B><DD><A HREF="../../../../com/golden/gamedev/engine/BaseGraphics.html#getBackBuffer()"><CODE>getBackBuffer()</CODE></A></DL>
</DD>
</DL>
<HR>

<A NAME="cleanup()"><!-- --></A><H3>
cleanup</H3>
<PRE>
void <B>cleanup</B>()</PRE>
<DL>
<DD>Releases any system graphics resources and do finalization.
<P>
<DD><DL>
</DL>
</DD>
</DL>
<HR>

<A NAME="getSize()"><!-- --></A><H3>
getSize</H3>
<PRE>
<A HREF="http://java.sun.com/j2se/1.4/docs/api/java/awt/Dimension.html" title="class or interface in java.awt">Dimension</A> <B>getSize</B>()</PRE>
<DL>
<DD>Returns graphics engine dimension.
<P>
<DD><DL>
</DL>
</DD>
</DL>
<HR>

<A NAME="getComponent()"><!-- --></A><H3>
getComponent</H3>
<PRE>
<A HREF="http://java.sun.com/j2se/1.4/docs/api/java/awt/Component.html" title="class or interface in java.awt">Component</A> <B>getComponent</B>()</PRE>
<DL>
<DD>Returns the component where the rendering perform.
<P>
<DD><DL>
</DL>
</DD>
</DL>
<HR>

<A NAME="getGraphicsDescription()"><!-- --></A><H3>
getGraphicsDescription</H3>
<PRE>
<A HREF="http://java.sun.com/j2se/1.4/docs/api/java/lang/String.html" title="class or interface in java.lang">String</A> <B>getGraphicsDescription</B>()</PRE>
<DL>
<DD>Returns graphics engine description, for example:
 fullscreen, windowed, applet, fullscreen with bufferstrategy, etc.
<P>
<DD><DL>
</DL>
</DD>
</DL>
<HR>

<A NAME="setWindowTitle(java.lang.String)"><!-- --></A><H3>
setWindowTitle</H3>
<PRE>
void <B>setWindowTitle</B>(<A HREF="http://java.sun.com/j2se/1.4/docs/api/java/lang/String.html" title="class or interface in java.lang">String</A>&nbsp;st)</PRE>
<DL>
<DD>Sets graphics engine window title. <p>

 Note: Not all graphics engine support for setting window title, for
 example applet graphics engine.
<P>
<DD><DL>
</DL>
</DD>
</DL>
<HR>

<A NAME="getWindowTitle()"><!-- --></A><H3>
getWindowTitle</H3>
<PRE>
<A HREF="http://java.sun.com/j2se/1.4/docs/api/java/lang/String.html" title="class or interface in java.lang">String</A> <B>getWindowTitle</B>()</PRE>
<DL>
<DD>Returns graphics engine window title or <code>String</code> "" if
 setting window title is not supported.
<P>
<DD><DL>
</DL>
</DD>
</DL>
<HR>

<A NAME="setWindowIcon(java.awt.Image)"><!-- --></A><H3>
setWindowIcon</H3>
<PRE>
void <B>setWindowIcon</B>(<A HREF="http://java.sun.com/j2se/1.4/docs/api/java/awt/Image.html" title="class or interface in java.awt">Image</A>&nbsp;icon)</PRE>
<DL>
<DD>Sets graphics engine window icon image. <p>

 Note: Not all graphics engine support for setting window icon, for
 example applet graphics engine.
<P>
<DD><DL>
<DT><B>See Also:</B><DD><A HREF="../../../../com/golden/gamedev/util/ImageUtil.html#getImage(java.net.URL)"><CODE>ImageUtil.getImage(java.net.URL)</CODE></A></DL>
</DD>
</DL>
<HR>

<A NAME="getWindowIcon()"><!-- --></A><H3>
getWindowIcon</H3>
<PRE>
<A HREF="http://java.sun.com/j2se/1.4/docs/api/java/awt/Image.html" title="class or interface in java.awt">Image</A> <B>getWindowIcon</B>()</PRE>
<DL>
<DD>Returns graphics engine window icon image or <code>null</code> if
 setting window icon image is not supported.
<P>
<DD><DL>
</DL>
</DD>
</DL>
<!-- ========= END OF CLASS DATA ========= -->
<HR>


<!-- ======= START OF BOTTOM NAVBAR ====== -->
<A NAME="navbar_bottom"><!-- --></A>
<A HREF="#skip-navbar_bottom" title="Skip navigation links"></A>
<TABLE BORDER="0" WIDTH="100%" CELLPADDING="1" CELLSPACING="0" SUMMARY="">
<TR>
<TD COLSPAN=2 BGCOLOR="#EEEEFF" CLASS="NavBarCell1">
<A NAME="navbar_bottom_firstrow"><!-- --></A>
<TABLE BORDER="0" CELLPADDING="0" CELLSPACING="3" SUMMARY="">
  <TR ALIGN="center" VALIGN="top">
  <TD BGCOLOR="#EEEEFF" CLASS="NavBarCell1">    <A HREF="../../../../overview-summary.html"><FONT CLASS="NavBarFont1"><B>Overview</B></FONT></A>&nbsp;</TD>
  <TD BGCOLOR="#EEEEFF" CLASS="NavBarCell1">    <A HREF="package-summary.html"><FONT CLASS="NavBarFont1"><B>Package</B></FONT></A>&nbsp;</TD>
  <TD BGCOLOR="#FFFFFF" CLASS="NavBarCell1Rev"> &nbsp;<FONT CLASS="NavBarFont1Rev"><B>Class</B></FONT>&nbsp;</TD>
  <TD BGCOLOR="#EEEEFF" CLASS="NavBarCell1">    <A HREF="class-use/BaseGraphics.html"><FONT CLASS="NavBarFont1"><B>Use</B></FONT></A>&nbsp;</TD>
  <TD BGCOLOR="#EEEEFF" CLASS="NavBarCell1">    <A HREF="package-tree.html"><FONT CLASS="NavBarFont1"><B>Tree</B></FONT></A>&nbsp;</TD>
  <TD BGCOLOR="#EEEEFF" CLASS="NavBarCell1">    <A HREF="../../../../index-all.html"><FONT CLASS="NavBarFont1"><B>Index</B></FONT></A>&nbsp;</TD>
  <TD BGCOLOR="#EEEEFF" CLASS="NavBarCell1">    <A HREF="../../../../help-doc.html"><FONT CLASS="NavBarFont1"><B>Help</B></FONT></A>&nbsp;</TD>
  </TR>
</TABLE>
</TD>
<TD ALIGN="right" VALIGN="top" ROWSPAN=3><EM>
<b>GTGE API</b></EM>
</TD>
</TR>

<TR>
<TD BGCOLOR="white" CLASS="NavBarCell2"><FONT SIZE="-2">
&nbsp;<A HREF="../../../../com/golden/gamedev/engine/BaseAudioRenderer.html" title="class in com.golden.gamedev.engine"><B>PREV CLASS</B></A>&nbsp;
&nbsp;<A HREF="../../../../com/golden/gamedev/engine/BaseInput.html" title="interface in com.golden.gamedev.engine"><B>NEXT CLASS</B></A></FONT></TD>
<TD BGCOLOR="white" CLASS="NavBarCell2"><FONT SIZE="-2">
  <A HREF="../../../../index.html?com/golden/gamedev/engine/BaseGraphics.html" target="_top"><B>FRAMES</B></A>  &nbsp;
&nbsp;<A HREF="BaseGraphics.html" target="_top"><B>NO FRAMES</B></A>  &nbsp;
&nbsp;<SCRIPT type="text/javascript">
  <!--
  if(window==top) {
    document.writeln('<A HREF="../../../../allclasses-noframe.html"><B>All Classes</B></A>');
  }
  //-->
</SCRIPT>
<NOSCRIPT>
  <A HREF="../../../../allclasses-noframe.html"><B>All Classes</B></A>
</NOSCRIPT>


</FONT></TD>
</TR>
<TR>
<TD VALIGN="top" CLASS="NavBarCell3"><FONT SIZE="-2">
  SUMMARY:&nbsp;NESTED&nbsp;|&nbsp;FIELD&nbsp;|&nbsp;CONSTR&nbsp;|&nbsp;<A HREF="#method_summary">METHOD</A></FONT></TD>
<TD VALIGN="top" CLASS="NavBarCell3"><FONT SIZE="-2">
DETAIL:&nbsp;FIELD&nbsp;|&nbsp;CONSTR&nbsp;|&nbsp;<A HREF="#method_detail">METHOD</A></FONT></TD>
</TR>
</TABLE>
<A NAME="skip-navbar_bottom"></A>
<!-- ======== END OF BOTTOM NAVBAR ======= -->

<HR>
<i>Copyright &copy; 2003-2005 Golden T Studios. All rights reserved. Use is subject to <a href=http://creativecommons.org/licenses/by/2.0/>license terms<a/>.<br><a target=_blank href=http://www.goldenstudios.or.id/>GoldenStudios.or.id</a></i>
</BODY>
</HTML>
