<!DOCTYPE HTML PUBLIC "-//W3C//DTD HTML 4.01 Transitional//EN" "http://www.w3.org/TR/html4/loose.dtd">
<!--NewPage-->
<HTML>
<HEAD>
<!-- Generated by javadoc (build 1.5.0_01) on Sun Jul 03 07:12:35 ICT 2005 -->
<TITLE>
BaseLoader (GTGE API v0.2.3)
</TITLE>

<META NAME="keywords" CONTENT="com.golden.gamedev.engine.BaseLoader class">

<LINK REL ="stylesheet" TYPE="text/css" HREF="../../../../stylesheet.css" TITLE="Style">

<SCRIPT type="text/javascript">
function windowTitle()
{
    parent.document.title="BaseLoader (GTGE API v0.2.3)";
}
</SCRIPT>
<NOSCRIPT>
</NOSCRIPT>

</HEAD>

<BODY BGCOLOR="white" onload="windowTitle();">


<!-- ========= START OF TOP NAVBAR ======= -->
<A NAME="navbar_top"><!-- --></A>
<A HREF="#skip-navbar_top" title="Skip navigation links"></A>
<TABLE BORDER="0" WIDTH="100%" CELLPADDING="1" CELLSPACING="0" SUMMARY="">
<TR>
<TD COLSPAN=2 BGCOLOR="#EEEEFF" CLASS="NavBarCell1">
<A NAME="navbar_top_firstrow"><!-- --></A>
<TABLE BORDER="0" CELLPADDING="0" CELLSPACING="3" SUMMARY="">
  <TR ALIGN="center" VALIGN="top">
  <TD BGCOLOR="#EEEEFF" CLASS="NavBarCell1">    <A HREF="../../../../overview-summary.html"><FONT CLASS="NavBarFont1"><B>Overview</B></FONT></A>&nbsp;</TD>
  <TD BGCOLOR="#EEEEFF" CLASS="NavBarCell1">    <A HREF="package-summary.html"><FONT CLASS="NavBarFont1"><B>Package</B></FONT></A>&nbsp;</TD>
  <TD BGCOLOR="#FFFFFF" CLASS="NavBarCell1Rev"> &nbsp;<FONT CLASS="NavBarFont1Rev"><B>Class</B></FONT>&nbsp;</TD>
  <TD BGCOLOR="#EEEEFF" CLASS="NavBarCell1">    <A HREF="class-use/BaseLoader.html"><FONT CLASS="NavBarFont1"><B>Use</B></FONT></A>&nbsp;</TD>
  <TD BGCOLOR="#EEEEFF" CLASS="NavBarCell1">    <A HREF="package-tree.html"><FONT CLASS="NavBarFont1"><B>Tree</B></FONT></A>&nbsp;</TD>
  <TD BGCOLOR="#EEEEFF" CLASS="NavBarCell1">    <A HREF="../../../../index-all.html"><FONT CLASS="NavBarFont1"><B>Index</B></FONT></A>&nbsp;</TD>
  <TD BGCOLOR="#EEEEFF" CLASS="NavBarCell1">    <A HREF="../../../../help-doc.html"><FONT CLASS="NavBarFont1"><B>Help</B></FONT></A>&nbsp;</TD>
  </TR>
</TABLE>
</TD>
<TD ALIGN="right" VALIGN="top" ROWSPAN=3><EM>
<b>GTGE API</b></EM>
</TD>
</TR>

<TR>
<TD BGCOLOR="white" CLASS="NavBarCell2"><FONT SIZE="-2">
&nbsp;<A HREF="../../../../com/golden/gamedev/engine/BaseIO.html" title="class in com.golden.gamedev.engine"><B>PREV CLASS</B></A>&nbsp;
&nbsp;<A HREF="../../../../com/golden/gamedev/engine/BaseTimer.html" title="interface in com.golden.gamedev.engine"><B>NEXT CLASS</B></A></FONT></TD>
<TD BGCOLOR="white" CLASS="NavBarCell2"><FONT SIZE="-2">
  <A HREF="../../../../index.html?com/golden/gamedev/engine/BaseLoader.html" target="_top"><B>FRAMES</B></A>  &nbsp;
&nbsp;<A HREF="BaseLoader.html" target="_top"><B>NO FRAMES</B></A>  &nbsp;
&nbsp;<SCRIPT type="text/javascript">
  <!--
  if(window==top) {
    document.writeln('<A HREF="../../../../allclasses-noframe.html"><B>All Classes</B></A>');
  }
  //-->
</SCRIPT>
<NOSCRIPT>
  <A HREF="../../../../allclasses-noframe.html"><B>All Classes</B></A>
</NOSCRIPT>


</FONT></TD>
</TR>
<TR>
<TD VALIGN="top" CLASS="NavBarCell3"><FONT SIZE="-2">
  SUMMARY:&nbsp;NESTED&nbsp;|&nbsp;FIELD&nbsp;|&nbsp;<A HREF="#constructor_summary">CONSTR</A>&nbsp;|&nbsp;<A HREF="#method_summary">METHOD</A></FONT></TD>
<TD VALIGN="top" CLASS="NavBarCell3"><FONT SIZE="-2">
DETAIL:&nbsp;FIELD&nbsp;|&nbsp;<A HREF="#constructor_detail">CONSTR</A>&nbsp;|&nbsp;<A HREF="#method_detail">METHOD</A></FONT></TD>
</TR>
</TABLE>
<A NAME="skip-navbar_top"></A>
<!-- ========= END OF TOP NAVBAR ========= -->

<HR>
<!-- ======== START OF CLASS DATA ======== -->
<H2>
<FONT SIZE="-1">
com.golden.gamedev.engine</FONT>
<BR>
Class BaseLoader</H2>
<PRE>
<A HREF="http://java.sun.com/j2se/1.4/docs/api/java/lang/Object.html" title="class or interface in java.lang">java.lang.Object</A>
  <IMG SRC="../../../../resources/inherit.gif" ALT="extended by "><B>com.golden.gamedev.engine.BaseLoader</B>
</PRE>
<HR>
<DL>
<DT><PRE>public class <B>BaseLoader</B><DT>extends <A HREF="http://java.sun.com/j2se/1.4/docs/api/java/lang/Object.html" title="class or interface in java.lang">Object</A></DL>
</PRE>

<P>
Class for loading and masking images, and also behave as storage of the
 loaded images. <p>

 Supported image format: png (*.png), gif (*.gif), and jpeg (*.jpg). <p>

 <code>BaseLoader</code> class is using functions from
 <A HREF="../../../../com/golden/gamedev/util/ImageUtil.html" title="class in com.golden.gamedev.util"><CODE>ImageUtil</CODE></A> class for loading and masking
 images in convenient way. <p>

 This class is using <A HREF="../../../../com/golden/gamedev/engine/BaseIO.html" title="class in com.golden.gamedev.engine"><CODE>BaseIO</CODE></A> to get the external resources.
<P>

<P>
<DL>
<DT><B>See Also:</B><DD><A HREF="../../../../com/golden/gamedev/util/ImageUtil.html" title="class in com.golden.gamedev.util"><CODE>ImageUtil</CODE></A></DL>
<HR>

<P>

<!-- ======== CONSTRUCTOR SUMMARY ======== -->

<A NAME="constructor_summary"><!-- --></A>
<TABLE BORDER="1" WIDTH="100%" CELLPADDING="3" CELLSPACING="0" SUMMARY="">
<TR BGCOLOR="#CCCCFF" CLASS="TableHeadingColor">
<TH ALIGN="left" COLSPAN="2"><FONT SIZE="+2">
<B>Constructor Summary</B></FONT></TH>
</TR>
<TR BGCOLOR="white" CLASS="TableRowColor">
<TD><CODE><B><A HREF="../../../../com/golden/gamedev/engine/BaseLoader.html#BaseLoader(com.golden.gamedev.engine.BaseIO, java.awt.Color)">BaseLoader</A></B>(<A HREF="../../../../com/golden/gamedev/engine/BaseIO.html" title="class in com.golden.gamedev.engine">BaseIO</A>&nbsp;base,
           <A HREF="http://java.sun.com/j2se/1.4/docs/api/java/awt/Color.html" title="class or interface in java.awt">Color</A>&nbsp;maskColor)</CODE>

<BR>
&nbsp;&nbsp;&nbsp;&nbsp;&nbsp;&nbsp;&nbsp;&nbsp;&nbsp;&nbsp;Constructs new <code>BaseLoader</code> with specified I/O loader, and
 masking color.</TD>
</TR>
</TABLE>
&nbsp;
<!-- ========== METHOD SUMMARY =========== -->

<A NAME="method_summary"><!-- --></A>
<TABLE BORDER="1" WIDTH="100%" CELLPADDING="3" CELLSPACING="0" SUMMARY="">
<TR BGCOLOR="#CCCCFF" CLASS="TableHeadingColor">
<TH ALIGN="left" COLSPAN="2"><FONT SIZE="+2">
<B>Method Summary</B></FONT></TH>
</TR>
<TR BGCOLOR="white" CLASS="TableRowColor">
<TD ALIGN="right" VALIGN="top" WIDTH="1%"><FONT SIZE="-1">
<CODE>&nbsp;<A HREF="../../../../com/golden/gamedev/engine/BaseIO.html" title="class in com.golden.gamedev.engine">BaseIO</A></CODE></FONT></TD>
<TD><CODE><B><A HREF="../../../../com/golden/gamedev/engine/BaseLoader.html#getBaseIO()">getBaseIO</A></B>()</CODE>

<BR>
&nbsp;&nbsp;&nbsp;&nbsp;&nbsp;&nbsp;&nbsp;&nbsp;&nbsp;&nbsp;Returns <code>BaseIO</code> associated with this image loader.</TD>
</TR>
<TR BGCOLOR="white" CLASS="TableRowColor">
<TD ALIGN="right" VALIGN="top" WIDTH="1%"><FONT SIZE="-1">
<CODE>&nbsp;<A HREF="http://java.sun.com/j2se/1.4/docs/api/java/awt/image/BufferedImage.html" title="class or interface in java.awt.image">BufferedImage</A></CODE></FONT></TD>
<TD><CODE><B><A HREF="../../../../com/golden/gamedev/engine/BaseLoader.html#getImage(java.lang.String)">getImage</A></B>(<A HREF="http://java.sun.com/j2se/1.4/docs/api/java/lang/String.html" title="class or interface in java.lang">String</A>&nbsp;imagefile)</CODE>

<BR>
&nbsp;&nbsp;&nbsp;&nbsp;&nbsp;&nbsp;&nbsp;&nbsp;&nbsp;&nbsp;Loads and returns an image with specified file using masking color.</TD>
</TR>
<TR BGCOLOR="white" CLASS="TableRowColor">
<TD ALIGN="right" VALIGN="top" WIDTH="1%"><FONT SIZE="-1">
<CODE>&nbsp;<A HREF="http://java.sun.com/j2se/1.4/docs/api/java/awt/image/BufferedImage.html" title="class or interface in java.awt.image">BufferedImage</A></CODE></FONT></TD>
<TD><CODE><B><A HREF="../../../../com/golden/gamedev/engine/BaseLoader.html#getImage(java.lang.String, boolean)">getImage</A></B>(<A HREF="http://java.sun.com/j2se/1.4/docs/api/java/lang/String.html" title="class or interface in java.lang">String</A>&nbsp;imagefile,
         boolean&nbsp;useMask)</CODE>

<BR>
&nbsp;&nbsp;&nbsp;&nbsp;&nbsp;&nbsp;&nbsp;&nbsp;&nbsp;&nbsp;Loads and returns an image with specified file and whether using masking
 color or not.</TD>
</TR>
<TR BGCOLOR="white" CLASS="TableRowColor">
<TD ALIGN="right" VALIGN="top" WIDTH="1%"><FONT SIZE="-1">
<CODE>&nbsp;<A HREF="http://java.sun.com/j2se/1.4/docs/api/java/awt/image/BufferedImage.html" title="class or interface in java.awt.image">BufferedImage</A>[]</CODE></FONT></TD>
<TD><CODE><B><A HREF="../../../../com/golden/gamedev/engine/BaseLoader.html#getImages(java.lang.String, int, int)">getImages</A></B>(<A HREF="http://java.sun.com/j2se/1.4/docs/api/java/lang/String.html" title="class or interface in java.lang">String</A>&nbsp;imagefile,
          int&nbsp;col,
          int&nbsp;row)</CODE>

<BR>
&nbsp;&nbsp;&nbsp;&nbsp;&nbsp;&nbsp;&nbsp;&nbsp;&nbsp;&nbsp;Loads and returns image strip with specified file using  masking color.</TD>
</TR>
<TR BGCOLOR="white" CLASS="TableRowColor">
<TD ALIGN="right" VALIGN="top" WIDTH="1%"><FONT SIZE="-1">
<CODE>&nbsp;<A HREF="http://java.sun.com/j2se/1.4/docs/api/java/awt/image/BufferedImage.html" title="class or interface in java.awt.image">BufferedImage</A>[]</CODE></FONT></TD>
<TD><CODE><B><A HREF="../../../../com/golden/gamedev/engine/BaseLoader.html#getImages(java.lang.String, int, int, boolean)">getImages</A></B>(<A HREF="http://java.sun.com/j2se/1.4/docs/api/java/lang/String.html" title="class or interface in java.lang">String</A>&nbsp;imagefile,
          int&nbsp;col,
          int&nbsp;row,
          boolean&nbsp;useMask)</CODE>

<BR>
&nbsp;&nbsp;&nbsp;&nbsp;&nbsp;&nbsp;&nbsp;&nbsp;&nbsp;&nbsp;Loads and returns image strip with specified file and whether using
 masking color or not.</TD>
</TR>
<TR BGCOLOR="white" CLASS="TableRowColor">
<TD ALIGN="right" VALIGN="top" WIDTH="1%"><FONT SIZE="-1">
<CODE>&nbsp;<A HREF="http://java.sun.com/j2se/1.4/docs/api/java/awt/Color.html" title="class or interface in java.awt">Color</A></CODE></FONT></TD>
<TD><CODE><B><A HREF="../../../../com/golden/gamedev/engine/BaseLoader.html#getMaskColor()">getMaskColor</A></B>()</CODE>

<BR>
&nbsp;&nbsp;&nbsp;&nbsp;&nbsp;&nbsp;&nbsp;&nbsp;&nbsp;&nbsp;Returns image loader masking color.</TD>
</TR>
<TR BGCOLOR="white" CLASS="TableRowColor">
<TD ALIGN="right" VALIGN="top" WIDTH="1%"><FONT SIZE="-1">
<CODE>&nbsp;<A HREF="http://java.sun.com/j2se/1.4/docs/api/java/awt/image/BufferedImage.html" title="class or interface in java.awt.image">BufferedImage</A></CODE></FONT></TD>
<TD><CODE><B><A HREF="../../../../com/golden/gamedev/engine/BaseLoader.html#getStoredImage(java.lang.String)">getStoredImage</A></B>(<A HREF="http://java.sun.com/j2se/1.4/docs/api/java/lang/String.html" title="class or interface in java.lang">String</A>&nbsp;key)</CODE>

<BR>
&nbsp;&nbsp;&nbsp;&nbsp;&nbsp;&nbsp;&nbsp;&nbsp;&nbsp;&nbsp;Returns cache image with specified key.</TD>
</TR>
<TR BGCOLOR="white" CLASS="TableRowColor">
<TD ALIGN="right" VALIGN="top" WIDTH="1%"><FONT SIZE="-1">
<CODE>&nbsp;<A HREF="http://java.sun.com/j2se/1.4/docs/api/java/awt/image/BufferedImage.html" title="class or interface in java.awt.image">BufferedImage</A>[]</CODE></FONT></TD>
<TD><CODE><B><A HREF="../../../../com/golden/gamedev/engine/BaseLoader.html#getStoredImages(java.lang.String)">getStoredImages</A></B>(<A HREF="http://java.sun.com/j2se/1.4/docs/api/java/lang/String.html" title="class or interface in java.lang">String</A>&nbsp;key)</CODE>

<BR>
&nbsp;&nbsp;&nbsp;&nbsp;&nbsp;&nbsp;&nbsp;&nbsp;&nbsp;&nbsp;Returns cache images with specified key.</TD>
</TR>
<TR BGCOLOR="white" CLASS="TableRowColor">
<TD ALIGN="right" VALIGN="top" WIDTH="1%"><FONT SIZE="-1">
<CODE>&nbsp;boolean</CODE></FONT></TD>
<TD><CODE><B><A HREF="../../../../com/golden/gamedev/engine/BaseLoader.html#removeImage(java.awt.image.BufferedImage)">removeImage</A></B>(<A HREF="http://java.sun.com/j2se/1.4/docs/api/java/awt/image/BufferedImage.html" title="class or interface in java.awt.image">BufferedImage</A>&nbsp;image)</CODE>

<BR>
&nbsp;&nbsp;&nbsp;&nbsp;&nbsp;&nbsp;&nbsp;&nbsp;&nbsp;&nbsp;Removes specified image from cache.</TD>
</TR>
<TR BGCOLOR="white" CLASS="TableRowColor">
<TD ALIGN="right" VALIGN="top" WIDTH="1%"><FONT SIZE="-1">
<CODE>&nbsp;<A HREF="http://java.sun.com/j2se/1.4/docs/api/java/awt/image/BufferedImage.html" title="class or interface in java.awt.image">BufferedImage</A></CODE></FONT></TD>
<TD><CODE><B><A HREF="../../../../com/golden/gamedev/engine/BaseLoader.html#removeImage(java.lang.String)">removeImage</A></B>(<A HREF="http://java.sun.com/j2se/1.4/docs/api/java/lang/String.html" title="class or interface in java.lang">String</A>&nbsp;imagefile)</CODE>

<BR>
&nbsp;&nbsp;&nbsp;&nbsp;&nbsp;&nbsp;&nbsp;&nbsp;&nbsp;&nbsp;Removes image with specified image filename from cache.</TD>
</TR>
<TR BGCOLOR="white" CLASS="TableRowColor">
<TD ALIGN="right" VALIGN="top" WIDTH="1%"><FONT SIZE="-1">
<CODE>&nbsp;boolean</CODE></FONT></TD>
<TD><CODE><B><A HREF="../../../../com/golden/gamedev/engine/BaseLoader.html#removeImages(java.awt.image.BufferedImage[])">removeImages</A></B>(<A HREF="http://java.sun.com/j2se/1.4/docs/api/java/awt/image/BufferedImage.html" title="class or interface in java.awt.image">BufferedImage</A>[]&nbsp;images)</CODE>

<BR>
&nbsp;&nbsp;&nbsp;&nbsp;&nbsp;&nbsp;&nbsp;&nbsp;&nbsp;&nbsp;Removes specified images from cache.</TD>
</TR>
<TR BGCOLOR="white" CLASS="TableRowColor">
<TD ALIGN="right" VALIGN="top" WIDTH="1%"><FONT SIZE="-1">
<CODE>&nbsp;<A HREF="http://java.sun.com/j2se/1.4/docs/api/java/awt/image/BufferedImage.html" title="class or interface in java.awt.image">BufferedImage</A>[]</CODE></FONT></TD>
<TD><CODE><B><A HREF="../../../../com/golden/gamedev/engine/BaseLoader.html#removeImages(java.lang.String)">removeImages</A></B>(<A HREF="http://java.sun.com/j2se/1.4/docs/api/java/lang/String.html" title="class or interface in java.lang">String</A>&nbsp;imagefile)</CODE>

<BR>
&nbsp;&nbsp;&nbsp;&nbsp;&nbsp;&nbsp;&nbsp;&nbsp;&nbsp;&nbsp;Removes images with specified image filename from cache.</TD>
</TR>
<TR BGCOLOR="white" CLASS="TableRowColor">
<TD ALIGN="right" VALIGN="top" WIDTH="1%"><FONT SIZE="-1">
<CODE>&nbsp;void</CODE></FONT></TD>
<TD><CODE><B><A HREF="../../../../com/golden/gamedev/engine/BaseLoader.html#setBaseIO(com.golden.gamedev.engine.BaseIO)">setBaseIO</A></B>(<A HREF="../../../../com/golden/gamedev/engine/BaseIO.html" title="class in com.golden.gamedev.engine">BaseIO</A>&nbsp;base)</CODE>

<BR>
&nbsp;&nbsp;&nbsp;&nbsp;&nbsp;&nbsp;&nbsp;&nbsp;&nbsp;&nbsp;Sets <code>BaseIO</code> where the image resources is loaded from.</TD>
</TR>
<TR BGCOLOR="white" CLASS="TableRowColor">
<TD ALIGN="right" VALIGN="top" WIDTH="1%"><FONT SIZE="-1">
<CODE>&nbsp;void</CODE></FONT></TD>
<TD><CODE><B><A HREF="../../../../com/golden/gamedev/engine/BaseLoader.html#setMaskColor(java.awt.Color)">setMaskColor</A></B>(<A HREF="http://java.sun.com/j2se/1.4/docs/api/java/awt/Color.html" title="class or interface in java.awt">Color</A>&nbsp;c)</CODE>

<BR>
&nbsp;&nbsp;&nbsp;&nbsp;&nbsp;&nbsp;&nbsp;&nbsp;&nbsp;&nbsp;Sets image loader masking color.</TD>
</TR>
<TR BGCOLOR="white" CLASS="TableRowColor">
<TD ALIGN="right" VALIGN="top" WIDTH="1%"><FONT SIZE="-1">
<CODE>&nbsp;void</CODE></FONT></TD>
<TD><CODE><B><A HREF="../../../../com/golden/gamedev/engine/BaseLoader.html#storeImage(java.lang.String, java.awt.image.BufferedImage)">storeImage</A></B>(<A HREF="http://java.sun.com/j2se/1.4/docs/api/java/lang/String.html" title="class or interface in java.lang">String</A>&nbsp;key,
           <A HREF="http://java.sun.com/j2se/1.4/docs/api/java/awt/image/BufferedImage.html" title="class or interface in java.awt.image">BufferedImage</A>&nbsp;image)</CODE>

<BR>
&nbsp;&nbsp;&nbsp;&nbsp;&nbsp;&nbsp;&nbsp;&nbsp;&nbsp;&nbsp;Stores image into cache with specified key.</TD>
</TR>
<TR BGCOLOR="white" CLASS="TableRowColor">
<TD ALIGN="right" VALIGN="top" WIDTH="1%"><FONT SIZE="-1">
<CODE>&nbsp;void</CODE></FONT></TD>
<TD><CODE><B><A HREF="../../../../com/golden/gamedev/engine/BaseLoader.html#storeImages(java.lang.String, java.awt.image.BufferedImage[])">storeImages</A></B>(<A HREF="http://java.sun.com/j2se/1.4/docs/api/java/lang/String.html" title="class or interface in java.lang">String</A>&nbsp;key,
            <A HREF="http://java.sun.com/j2se/1.4/docs/api/java/awt/image/BufferedImage.html" title="class or interface in java.awt.image">BufferedImage</A>[]&nbsp;images)</CODE>

<BR>
&nbsp;&nbsp;&nbsp;&nbsp;&nbsp;&nbsp;&nbsp;&nbsp;&nbsp;&nbsp;Stores images into cache with specified key.</TD>
</TR>
<TR BGCOLOR="white" CLASS="TableRowColor">
<TD ALIGN="right" VALIGN="top" WIDTH="1%"><FONT SIZE="-1">
<CODE>&nbsp;<A HREF="http://java.sun.com/j2se/1.4/docs/api/java/lang/String.html" title="class or interface in java.lang">String</A></CODE></FONT></TD>
<TD><CODE><B><A HREF="../../../../com/golden/gamedev/engine/BaseLoader.html#toString()">toString</A></B>()</CODE>

<BR>
&nbsp;&nbsp;&nbsp;&nbsp;&nbsp;&nbsp;&nbsp;&nbsp;&nbsp;&nbsp;&nbsp;</TD>
</TR>
</TABLE>
&nbsp;<A NAME="methods_inherited_from_class_java.lang.Object"><!-- --></A>
<TABLE BORDER="1" WIDTH="100%" CELLPADDING="3" CELLSPACING="0" SUMMARY="">
<TR BGCOLOR="#EEEEFF" CLASS="TableSubHeadingColor">
<TH ALIGN="left"><B>Methods inherited from class java.lang.<A HREF="http://java.sun.com/j2se/1.4/docs/api/java/lang/Object.html" title="class or interface in java.lang">Object</A></B></TH>
</TR>
<TR BGCOLOR="white" CLASS="TableRowColor">
<TD><CODE><A HREF="http://java.sun.com/j2se/1.4/docs/api/java/lang/Object.html#clone()" title="class or interface in java.lang">clone</A>, <A HREF="http://java.sun.com/j2se/1.4/docs/api/java/lang/Object.html#equals(java.lang.Object)" title="class or interface in java.lang">equals</A>, <A HREF="http://java.sun.com/j2se/1.4/docs/api/java/lang/Object.html#finalize()" title="class or interface in java.lang">finalize</A>, <A HREF="http://java.sun.com/j2se/1.4/docs/api/java/lang/Object.html#getClass()" title="class or interface in java.lang">getClass</A>, <A HREF="http://java.sun.com/j2se/1.4/docs/api/java/lang/Object.html#hashCode()" title="class or interface in java.lang">hashCode</A>, <A HREF="http://java.sun.com/j2se/1.4/docs/api/java/lang/Object.html#notify()" title="class or interface in java.lang">notify</A>, <A HREF="http://java.sun.com/j2se/1.4/docs/api/java/lang/Object.html#notifyAll()" title="class or interface in java.lang">notifyAll</A>, <A HREF="http://java.sun.com/j2se/1.4/docs/api/java/lang/Object.html#wait()" title="class or interface in java.lang">wait</A>, <A HREF="http://java.sun.com/j2se/1.4/docs/api/java/lang/Object.html#wait(long)" title="class or interface in java.lang">wait</A>, <A HREF="http://java.sun.com/j2se/1.4/docs/api/java/lang/Object.html#wait(long, int)" title="class or interface in java.lang">wait</A></CODE></TD>
</TR>
</TABLE>
&nbsp;
<P>

<!-- ========= CONSTRUCTOR DETAIL ======== -->

<A NAME="constructor_detail"><!-- --></A>
<TABLE BORDER="1" WIDTH="100%" CELLPADDING="3" CELLSPACING="0" SUMMARY="">
<TR BGCOLOR="#CCCCFF" CLASS="TableHeadingColor">
<TH ALIGN="left" COLSPAN="1"><FONT SIZE="+2">
<B>Constructor Detail</B></FONT></TH>
</TR>
</TABLE>

<A NAME="BaseLoader(com.golden.gamedev.engine.BaseIO, java.awt.Color)"><!-- --></A><H3>
BaseLoader</H3>
<PRE>
public <B>BaseLoader</B>(<A HREF="../../../../com/golden/gamedev/engine/BaseIO.html" title="class in com.golden.gamedev.engine">BaseIO</A>&nbsp;base,
                  <A HREF="http://java.sun.com/j2se/1.4/docs/api/java/awt/Color.html" title="class or interface in java.awt">Color</A>&nbsp;maskColor)</PRE>
<DL>
<DD>Constructs new <code>BaseLoader</code> with specified I/O loader, and
 masking color. <p>

 Masking color is the color of the images that will be converted to
 transparent.
<P>
<DL>
<DT><B>Parameters:</B><DD><CODE>base</CODE> - I/O resource loader<DD><CODE>maskColor</CODE> - the mask color</DL>
</DL>

<!-- ============ METHOD DETAIL ========== -->

<A NAME="method_detail"><!-- --></A>
<TABLE BORDER="1" WIDTH="100%" CELLPADDING="3" CELLSPACING="0" SUMMARY="">
<TR BGCOLOR="#CCCCFF" CLASS="TableHeadingColor">
<TH ALIGN="left" COLSPAN="1"><FONT SIZE="+2">
<B>Method Detail</B></FONT></TH>
</TR>
</TABLE>

<A NAME="getImage(java.lang.String, boolean)"><!-- --></A><H3>
getImage</H3>
<PRE>
public <A HREF="http://java.sun.com/j2se/1.4/docs/api/java/awt/image/BufferedImage.html" title="class or interface in java.awt.image">BufferedImage</A> <B>getImage</B>(<A HREF="http://java.sun.com/j2se/1.4/docs/api/java/lang/String.html" title="class or interface in java.lang">String</A>&nbsp;imagefile,
                              boolean&nbsp;useMask)</PRE>
<DL>
<DD>Loads and returns an image with specified file and whether using masking
 color or not. Image that have been loaded before will return immediately
 from cache.
<P>
<DD><DL>
<DT><B>Parameters:</B><DD><CODE>imagefile</CODE> - the image filename to be loaded<DD><CODE>useMask</CODE> - true, the image is using transparent color
<DT><B>Returns:</B><DD>Requested image.</DL>
</DD>
</DL>
<HR>

<A NAME="getImage(java.lang.String)"><!-- --></A><H3>
getImage</H3>
<PRE>
public <A HREF="http://java.sun.com/j2se/1.4/docs/api/java/awt/image/BufferedImage.html" title="class or interface in java.awt.image">BufferedImage</A> <B>getImage</B>(<A HREF="http://java.sun.com/j2se/1.4/docs/api/java/lang/String.html" title="class or interface in java.lang">String</A>&nbsp;imagefile)</PRE>
<DL>
<DD>Loads and returns an image with specified file using masking color.
 Image that have been loaded before will return immediately from cache.
<P>
<DD><DL>
<DT><B>Parameters:</B><DD><CODE>imagefile</CODE> - the image filename to be loaded
<DT><B>Returns:</B><DD>Requested image.<DT><B>See Also:</B><DD><A HREF="../../../../com/golden/gamedev/engine/BaseLoader.html#getImage(java.lang.String, boolean)"><CODE>getImage(String, boolean)</CODE></A></DL>
</DD>
</DL>
<HR>

<A NAME="getImages(java.lang.String, int, int, boolean)"><!-- --></A><H3>
getImages</H3>
<PRE>
public <A HREF="http://java.sun.com/j2se/1.4/docs/api/java/awt/image/BufferedImage.html" title="class or interface in java.awt.image">BufferedImage</A>[] <B>getImages</B>(<A HREF="http://java.sun.com/j2se/1.4/docs/api/java/lang/String.html" title="class or interface in java.lang">String</A>&nbsp;imagefile,
                                 int&nbsp;col,
                                 int&nbsp;row,
                                 boolean&nbsp;useMask)</PRE>
<DL>
<DD>Loads and returns image strip with specified file and whether using
 masking color or not. Images that have been loaded before will return
 immediately from cache.
<P>
<DD><DL>
<DT><B>Parameters:</B><DD><CODE>imagefile</CODE> - the image filename to be loaded<DD><CODE>col</CODE> - image strip column<DD><CODE>row</CODE> - image strip row<DD><CODE>useMask</CODE> - true, the image is using transparent color
<DT><B>Returns:</B><DD>Requested image.</DL>
</DD>
</DL>
<HR>

<A NAME="getImages(java.lang.String, int, int)"><!-- --></A><H3>
getImages</H3>
<PRE>
public <A HREF="http://java.sun.com/j2se/1.4/docs/api/java/awt/image/BufferedImage.html" title="class or interface in java.awt.image">BufferedImage</A>[] <B>getImages</B>(<A HREF="http://java.sun.com/j2se/1.4/docs/api/java/lang/String.html" title="class or interface in java.lang">String</A>&nbsp;imagefile,
                                 int&nbsp;col,
                                 int&nbsp;row)</PRE>
<DL>
<DD>Loads and returns image strip with specified file using  masking color.
 Images that have been loaded before will return immediately from cache.
<P>
<DD><DL>
<DT><B>Parameters:</B><DD><CODE>imagefile</CODE> - the image filename to be loaded<DD><CODE>col</CODE> - image strip column<DD><CODE>row</CODE> - image strip row
<DT><B>Returns:</B><DD>Requested image.<DT><B>See Also:</B><DD><A HREF="../../../../com/golden/gamedev/engine/BaseLoader.html#getImages(java.lang.String, int, int, boolean)"><CODE>getImages(String, int, int, boolean)</CODE></A></DL>
</DD>
</DL>
<HR>

<A NAME="storeImage(java.lang.String, java.awt.image.BufferedImage)"><!-- --></A><H3>
storeImage</H3>
<PRE>
public void <B>storeImage</B>(<A HREF="http://java.sun.com/j2se/1.4/docs/api/java/lang/String.html" title="class or interface in java.lang">String</A>&nbsp;key,
                       <A HREF="http://java.sun.com/j2se/1.4/docs/api/java/awt/image/BufferedImage.html" title="class or interface in java.awt.image">BufferedImage</A>&nbsp;image)</PRE>
<DL>
<DD>Stores image into cache with specified key.
<P>
<DD><DL>
</DL>
</DD>
</DL>
<HR>

<A NAME="storeImages(java.lang.String, java.awt.image.BufferedImage[])"><!-- --></A><H3>
storeImages</H3>
<PRE>
public void <B>storeImages</B>(<A HREF="http://java.sun.com/j2se/1.4/docs/api/java/lang/String.html" title="class or interface in java.lang">String</A>&nbsp;key,
                        <A HREF="http://java.sun.com/j2se/1.4/docs/api/java/awt/image/BufferedImage.html" title="class or interface in java.awt.image">BufferedImage</A>[]&nbsp;images)</PRE>
<DL>
<DD>Stores images into cache with specified key.
<P>
<DD><DL>
</DL>
</DD>
</DL>
<HR>

<A NAME="getStoredImage(java.lang.String)"><!-- --></A><H3>
getStoredImage</H3>
<PRE>
public <A HREF="http://java.sun.com/j2se/1.4/docs/api/java/awt/image/BufferedImage.html" title="class or interface in java.awt.image">BufferedImage</A> <B>getStoredImage</B>(<A HREF="http://java.sun.com/j2se/1.4/docs/api/java/lang/String.html" title="class or interface in java.lang">String</A>&nbsp;key)</PRE>
<DL>
<DD>Returns cache image with specified key.
<P>
<DD><DL>
</DL>
</DD>
</DL>
<HR>

<A NAME="getStoredImages(java.lang.String)"><!-- --></A><H3>
getStoredImages</H3>
<PRE>
public <A HREF="http://java.sun.com/j2se/1.4/docs/api/java/awt/image/BufferedImage.html" title="class or interface in java.awt.image">BufferedImage</A>[] <B>getStoredImages</B>(<A HREF="http://java.sun.com/j2se/1.4/docs/api/java/lang/String.html" title="class or interface in java.lang">String</A>&nbsp;key)</PRE>
<DL>
<DD>Returns cache images with specified key.
<P>
<DD><DL>
</DL>
</DD>
</DL>
<HR>

<A NAME="removeImage(java.awt.image.BufferedImage)"><!-- --></A><H3>
removeImage</H3>
<PRE>
public boolean <B>removeImage</B>(<A HREF="http://java.sun.com/j2se/1.4/docs/api/java/awt/image/BufferedImage.html" title="class or interface in java.awt.image">BufferedImage</A>&nbsp;image)</PRE>
<DL>
<DD>Removes specified image from cache.
<P>
<DD><DL>
</DL>
</DD>
</DL>
<HR>

<A NAME="removeImages(java.awt.image.BufferedImage[])"><!-- --></A><H3>
removeImages</H3>
<PRE>
public boolean <B>removeImages</B>(<A HREF="http://java.sun.com/j2se/1.4/docs/api/java/awt/image/BufferedImage.html" title="class or interface in java.awt.image">BufferedImage</A>[]&nbsp;images)</PRE>
<DL>
<DD>Removes specified images from cache.
<P>
<DD><DL>
</DL>
</DD>
</DL>
<HR>

<A NAME="removeImage(java.lang.String)"><!-- --></A><H3>
removeImage</H3>
<PRE>
public <A HREF="http://java.sun.com/j2se/1.4/docs/api/java/awt/image/BufferedImage.html" title="class or interface in java.awt.image">BufferedImage</A> <B>removeImage</B>(<A HREF="http://java.sun.com/j2se/1.4/docs/api/java/lang/String.html" title="class or interface in java.lang">String</A>&nbsp;imagefile)</PRE>
<DL>
<DD>Removes image with specified image filename from cache.
<P>
<DD><DL>
</DL>
</DD>
</DL>
<HR>

<A NAME="removeImages(java.lang.String)"><!-- --></A><H3>
removeImages</H3>
<PRE>
public <A HREF="http://java.sun.com/j2se/1.4/docs/api/java/awt/image/BufferedImage.html" title="class or interface in java.awt.image">BufferedImage</A>[] <B>removeImages</B>(<A HREF="http://java.sun.com/j2se/1.4/docs/api/java/lang/String.html" title="class or interface in java.lang">String</A>&nbsp;imagefile)</PRE>
<DL>
<DD>Removes images with specified image filename from cache.
<P>
<DD><DL>
</DL>
</DD>
</DL>
<HR>

<A NAME="getBaseIO()"><!-- --></A><H3>
getBaseIO</H3>
<PRE>
public <A HREF="../../../../com/golden/gamedev/engine/BaseIO.html" title="class in com.golden.gamedev.engine">BaseIO</A> <B>getBaseIO</B>()</PRE>
<DL>
<DD>Returns <code>BaseIO</code> associated with this image loader.
<P>
<DD><DL>
<DT><B>See Also:</B><DD><A HREF="../../../../com/golden/gamedev/engine/BaseLoader.html#setBaseIO(com.golden.gamedev.engine.BaseIO)"><CODE>setBaseIO(BaseIO)</CODE></A></DL>
</DD>
</DL>
<HR>

<A NAME="setBaseIO(com.golden.gamedev.engine.BaseIO)"><!-- --></A><H3>
setBaseIO</H3>
<PRE>
public void <B>setBaseIO</B>(<A HREF="../../../../com/golden/gamedev/engine/BaseIO.html" title="class in com.golden.gamedev.engine">BaseIO</A>&nbsp;base)</PRE>
<DL>
<DD>Sets <code>BaseIO</code> where the image resources is loaded from.
<P>
<DD><DL>
</DL>
</DD>
</DL>
<HR>

<A NAME="getMaskColor()"><!-- --></A><H3>
getMaskColor</H3>
<PRE>
public <A HREF="http://java.sun.com/j2se/1.4/docs/api/java/awt/Color.html" title="class or interface in java.awt">Color</A> <B>getMaskColor</B>()</PRE>
<DL>
<DD>Returns image loader masking color.
<P>
<DD><DL>
<DT><B>See Also:</B><DD><A HREF="../../../../com/golden/gamedev/engine/BaseLoader.html#setMaskColor(java.awt.Color)"><CODE>setMaskColor(Color)</CODE></A></DL>
</DD>
</DL>
<HR>

<A NAME="setMaskColor(java.awt.Color)"><!-- --></A><H3>
setMaskColor</H3>
<PRE>
public void <B>setMaskColor</B>(<A HREF="http://java.sun.com/j2se/1.4/docs/api/java/awt/Color.html" title="class or interface in java.awt">Color</A>&nbsp;c)</PRE>
<DL>
<DD>Sets image loader masking color. <p>

 Masking color is the color of the images that will be converted to
 transparent.
<P>
<DD><DL>
<DT><B>See Also:</B><DD><A HREF="../../../../com/golden/gamedev/engine/BaseLoader.html#getMaskColor()"><CODE>getMaskColor()</CODE></A></DL>
</DD>
</DL>
<HR>

<A NAME="toString()"><!-- --></A><H3>
toString</H3>
<PRE>
public <A HREF="http://java.sun.com/j2se/1.4/docs/api/java/lang/String.html" title="class or interface in java.lang">String</A> <B>toString</B>()</PRE>
<DL>
<DD><DL>
<DT><B>Overrides:</B><DD><CODE><A HREF="http://java.sun.com/j2se/1.4/docs/api/java/lang/Object.html#toString()" title="class or interface in java.lang">toString</A></CODE> in class <CODE><A HREF="http://java.sun.com/j2se/1.4/docs/api/java/lang/Object.html" title="class or interface in java.lang">Object</A></CODE></DL>
</DD>
<DD><DL>
</DL>
</DD>
</DL>
<!-- ========= END OF CLASS DATA ========= -->
<HR>


<!-- ======= START OF BOTTOM NAVBAR ====== -->
<A NAME="navbar_bottom"><!-- --></A>
<A HREF="#skip-navbar_bottom" title="Skip navigation links"></A>
<TABLE BORDER="0" WIDTH="100%" CELLPADDING="1" CELLSPACING="0" SUMMARY="">
<TR>
<TD COLSPAN=2 BGCOLOR="#EEEEFF" CLASS="NavBarCell1">
<A NAME="navbar_bottom_firstrow"><!-- --></A>
<TABLE BORDER="0" CELLPADDING="0" CELLSPACING="3" SUMMARY="">
  <TR ALIGN="center" VALIGN="top">
  <TD BGCOLOR="#EEEEFF" CLASS="NavBarCell1">    <A HREF="../../../../overview-summary.html"><FONT CLASS="NavBarFont1"><B>Overview</B></FONT></A>&nbsp;</TD>
  <TD BGCOLOR="#EEEEFF" CLASS="NavBarCell1">    <A HREF="package-summary.html"><FONT CLASS="NavBarFont1"><B>Package</B></FONT></A>&nbsp;</TD>
  <TD BGCOLOR="#FFFFFF" CLASS="NavBarCell1Rev"> &nbsp;<FONT CLASS="NavBarFont1Rev"><B>Class</B></FONT>&nbsp;</TD>
  <TD BGCOLOR="#EEEEFF" CLASS="NavBarCell1">    <A HREF="class-use/BaseLoader.html"><FONT CLASS="NavBarFont1"><B>Use</B></FONT></A>&nbsp;</TD>
  <TD BGCOLOR="#EEEEFF" CLASS="NavBarCell1">    <A HREF="package-tree.html"><FONT CLASS="NavBarFont1"><B>Tree</B></FONT></A>&nbsp;</TD>
  <TD BGCOLOR="#EEEEFF" CLASS="NavBarCell1">    <A HREF="../../../../index-all.html"><FONT CLASS="NavBarFont1"><B>Index</B></FONT></A>&nbsp;</TD>
  <TD BGCOLOR="#EEEEFF" CLASS="NavBarCell1">    <A HREF="../../../../help-doc.html"><FONT CLASS="NavBarFont1"><B>Help</B></FONT></A>&nbsp;</TD>
  </TR>
</TABLE>
</TD>
<TD ALIGN="right" VALIGN="top" ROWSPAN=3><EM>
<b>GTGE API</b></EM>
</TD>
</TR>

<TR>
<TD BGCOLOR="white" CLASS="NavBarCell2"><FONT SIZE="-2">
&nbsp;<A HREF="../../../../com/golden/gamedev/engine/BaseIO.html" title="class in com.golden.gamedev.engine"><B>PREV CLASS</B></A>&nbsp;
&nbsp;<A HREF="../../../../com/golden/gamedev/engine/BaseTimer.html" title="interface in com.golden.gamedev.engine"><B>NEXT CLASS</B></A></FONT></TD>
<TD BGCOLOR="white" CLASS="NavBarCell2"><FONT SIZE="-2">
  <A HREF="../../../../index.html?com/golden/gamedev/engine/BaseLoader.html" target="_top"><B>FRAMES</B></A>  &nbsp;
&nbsp;<A HREF="BaseLoader.html" target="_top"><B>NO FRAMES</B></A>  &nbsp;
&nbsp;<SCRIPT type="text/javascript">
  <!--
  if(window==top) {
    document.writeln('<A HREF="../../../../allclasses-noframe.html"><B>All Classes</B></A>');
  }
  //-->
</SCRIPT>
<NOSCRIPT>
  <A HREF="../../../../allclasses-noframe.html"><B>All Classes</B></A>
</NOSCRIPT>


</FONT></TD>
</TR>
<TR>
<TD VALIGN="top" CLASS="NavBarCell3"><FONT SIZE="-2">
  SUMMARY:&nbsp;NESTED&nbsp;|&nbsp;FIELD&nbsp;|&nbsp;<A HREF="#constructor_summary">CONSTR</A>&nbsp;|&nbsp;<A HREF="#method_summary">METHOD</A></FONT></TD>
<TD VALIGN="top" CLASS="NavBarCell3"><FONT SIZE="-2">
DETAIL:&nbsp;FIELD&nbsp;|&nbsp;<A HREF="#constructor_detail">CONSTR</A>&nbsp;|&nbsp;<A HREF="#method_detail">METHOD</A></FONT></TD>
</TR>
</TABLE>
<A NAME="skip-navbar_bottom"></A>
<!-- ======== END OF BOTTOM NAVBAR ======= -->

<HR>
<i>Copyright &copy; 2003-2005 Golden T Studios. All rights reserved. Use is subject to <a href=http://creativecommons.org/licenses/by/2.0/>license terms<a/>.<br><a target=_blank href=http://www.goldenstudios.or.id/>GoldenStudios.or.id</a></i>
</BODY>
</HTML>
