<!DOCTYPE HTML PUBLIC "-//W3C//DTD HTML 4.01 Transitional//EN" "http://www.w3.org/TR/html4/loose.dtd">
<!--NewPage-->
<HTML>
<HEAD>
<!-- Generated by javadoc (build 1.5.0_01) on Sun Jul 03 07:12:35 ICT 2005 -->
<TITLE>
BaseAudioRenderer (GTGE API v0.2.3)
</TITLE>

<META NAME="keywords" CONTENT="com.golden.gamedev.engine.BaseAudioRenderer class">

<LINK REL ="stylesheet" TYPE="text/css" HREF="../../../../stylesheet.css" TITLE="Style">

<SCRIPT type="text/javascript">
function windowTitle()
{
    parent.document.title="BaseAudioRenderer (GTGE API v0.2.3)";
}
</SCRIPT>
<NOSCRIPT>
</NOSCRIPT>

</HEAD>

<BODY BGCOLOR="white" onload="windowTitle();">


<!-- ========= START OF TOP NAVBAR ======= -->
<A NAME="navbar_top"><!-- --></A>
<A HREF="#skip-navbar_top" title="Skip navigation links"></A>
<TABLE BORDER="0" WIDTH="100%" CELLPADDING="1" CELLSPACING="0" SUMMARY="">
<TR>
<TD COLSPAN=2 BGCOLOR="#EEEEFF" CLASS="NavBarCell1">
<A NAME="navbar_top_firstrow"><!-- --></A>
<TABLE BORDER="0" CELLPADDING="0" CELLSPACING="3" SUMMARY="">
  <TR ALIGN="center" VALIGN="top">
  <TD BGCOLOR="#EEEEFF" CLASS="NavBarCell1">    <A HREF="../../../../overview-summary.html"><FONT CLASS="NavBarFont1"><B>Overview</B></FONT></A>&nbsp;</TD>
  <TD BGCOLOR="#EEEEFF" CLASS="NavBarCell1">    <A HREF="package-summary.html"><FONT CLASS="NavBarFont1"><B>Package</B></FONT></A>&nbsp;</TD>
  <TD BGCOLOR="#FFFFFF" CLASS="NavBarCell1Rev"> &nbsp;<FONT CLASS="NavBarFont1Rev"><B>Class</B></FONT>&nbsp;</TD>
  <TD BGCOLOR="#EEEEFF" CLASS="NavBarCell1">    <A HREF="class-use/BaseAudioRenderer.html"><FONT CLASS="NavBarFont1"><B>Use</B></FONT></A>&nbsp;</TD>
  <TD BGCOLOR="#EEEEFF" CLASS="NavBarCell1">    <A HREF="package-tree.html"><FONT CLASS="NavBarFont1"><B>Tree</B></FONT></A>&nbsp;</TD>
  <TD BGCOLOR="#EEEEFF" CLASS="NavBarCell1">    <A HREF="../../../../index-all.html"><FONT CLASS="NavBarFont1"><B>Index</B></FONT></A>&nbsp;</TD>
  <TD BGCOLOR="#EEEEFF" CLASS="NavBarCell1">    <A HREF="../../../../help-doc.html"><FONT CLASS="NavBarFont1"><B>Help</B></FONT></A>&nbsp;</TD>
  </TR>
</TABLE>
</TD>
<TD ALIGN="right" VALIGN="top" ROWSPAN=3><EM>
<b>GTGE API</b></EM>
</TD>
</TR>

<TR>
<TD BGCOLOR="white" CLASS="NavBarCell2"><FONT SIZE="-2">
&nbsp;<A HREF="../../../../com/golden/gamedev/engine/BaseAudio.html" title="class in com.golden.gamedev.engine"><B>PREV CLASS</B></A>&nbsp;
&nbsp;<A HREF="../../../../com/golden/gamedev/engine/BaseGraphics.html" title="interface in com.golden.gamedev.engine"><B>NEXT CLASS</B></A></FONT></TD>
<TD BGCOLOR="white" CLASS="NavBarCell2"><FONT SIZE="-2">
  <A HREF="../../../../index.html?com/golden/gamedev/engine/BaseAudioRenderer.html" target="_top"><B>FRAMES</B></A>  &nbsp;
&nbsp;<A HREF="BaseAudioRenderer.html" target="_top"><B>NO FRAMES</B></A>  &nbsp;
&nbsp;<SCRIPT type="text/javascript">
  <!--
  if(window==top) {
    document.writeln('<A HREF="../../../../allclasses-noframe.html"><B>All Classes</B></A>');
  }
  //-->
</SCRIPT>
<NOSCRIPT>
  <A HREF="../../../../allclasses-noframe.html"><B>All Classes</B></A>
</NOSCRIPT>


</FONT></TD>
</TR>
<TR>
<TD VALIGN="top" CLASS="NavBarCell3"><FONT SIZE="-2">
  SUMMARY:&nbsp;NESTED&nbsp;|&nbsp;<A HREF="#field_summary">FIELD</A>&nbsp;|&nbsp;<A HREF="#constructor_summary">CONSTR</A>&nbsp;|&nbsp;<A HREF="#method_summary">METHOD</A></FONT></TD>
<TD VALIGN="top" CLASS="NavBarCell3"><FONT SIZE="-2">
DETAIL:&nbsp;<A HREF="#field_detail">FIELD</A>&nbsp;|&nbsp;<A HREF="#constructor_detail">CONSTR</A>&nbsp;|&nbsp;<A HREF="#method_detail">METHOD</A></FONT></TD>
</TR>
</TABLE>
<A NAME="skip-navbar_top"></A>
<!-- ========= END OF TOP NAVBAR ========= -->

<HR>
<!-- ======== START OF CLASS DATA ======== -->
<H2>
<FONT SIZE="-1">
com.golden.gamedev.engine</FONT>
<BR>
Class BaseAudioRenderer</H2>
<PRE>
<A HREF="http://java.sun.com/j2se/1.4/docs/api/java/lang/Object.html" title="class or interface in java.lang">java.lang.Object</A>
  <IMG SRC="../../../../resources/inherit.gif" ALT="extended by "><B>com.golden.gamedev.engine.BaseAudioRenderer</B>
</PRE>
<DL>
<DT><B>Direct Known Subclasses:</B> <DD><A HREF="../../../../com/golden/gamedev/engine/audio/MidiRenderer.html" title="class in com.golden.gamedev.engine.audio">MidiRenderer</A>, <A HREF="../../../../com/golden/gamedev/engine/audio/WaveRenderer.html" title="class in com.golden.gamedev.engine.audio">WaveRenderer</A></DD>
</DL>
<HR>
<DL>
<DT><PRE>public abstract class <B>BaseAudioRenderer</B><DT>extends <A HREF="http://java.sun.com/j2se/1.4/docs/api/java/lang/Object.html" title="class or interface in java.lang">Object</A></DL>
</PRE>

<P>
A simple abstraction for playing audio sound. <p>

 <code>BaseAudioRenderer</code> <b>must</b> have one empty constructor. <br>
 For example :
 <pre>
    public class MP3AudioRenderer extends BaseAudioRenderer {

       public MP3Renderer() { // you should provide an empty constructor
          // init the class here
       }

    }
 </pre>
 <p>

 The empty constructor is used by <code>BaseAudio</code> to create a new
 renderer instance to play new sound using <code>Class.newInstance()</code>.
<P>

<P>
<HR>

<P>
<!-- =========== FIELD SUMMARY =========== -->

<A NAME="field_summary"><!-- --></A>
<TABLE BORDER="1" WIDTH="100%" CELLPADDING="3" CELLSPACING="0" SUMMARY="">
<TR BGCOLOR="#CCCCFF" CLASS="TableHeadingColor">
<TH ALIGN="left" COLSPAN="2"><FONT SIZE="+2">
<B>Field Summary</B></FONT></TH>
</TR>
<TR BGCOLOR="white" CLASS="TableRowColor">
<TD ALIGN="right" VALIGN="top" WIDTH="1%"><FONT SIZE="-1">
<CODE>static&nbsp;int</CODE></FONT></TD>
<TD><CODE><B><A HREF="../../../../com/golden/gamedev/engine/BaseAudioRenderer.html#END_OF_SOUND">END_OF_SOUND</A></B></CODE>

<BR>
&nbsp;&nbsp;&nbsp;&nbsp;&nbsp;&nbsp;&nbsp;&nbsp;&nbsp;&nbsp;Audio renderer status indicates that the audio has finished played.</TD>
</TR>
<TR BGCOLOR="white" CLASS="TableRowColor">
<TD ALIGN="right" VALIGN="top" WIDTH="1%"><FONT SIZE="-1">
<CODE>static&nbsp;int</CODE></FONT></TD>
<TD><CODE><B><A HREF="../../../../com/golden/gamedev/engine/BaseAudioRenderer.html#ERROR">ERROR</A></B></CODE>

<BR>
&nbsp;&nbsp;&nbsp;&nbsp;&nbsp;&nbsp;&nbsp;&nbsp;&nbsp;&nbsp;Audio renderer status indicates that the audio is failed to play.</TD>
</TR>
<TR BGCOLOR="white" CLASS="TableRowColor">
<TD ALIGN="right" VALIGN="top" WIDTH="1%"><FONT SIZE="-1">
<CODE>static&nbsp;int</CODE></FONT></TD>
<TD><CODE><B><A HREF="../../../../com/golden/gamedev/engine/BaseAudioRenderer.html#PLAYING">PLAYING</A></B></CODE>

<BR>
&nbsp;&nbsp;&nbsp;&nbsp;&nbsp;&nbsp;&nbsp;&nbsp;&nbsp;&nbsp;Audio renderer status indicates that the audio is currently playing.</TD>
</TR>
<TR BGCOLOR="white" CLASS="TableRowColor">
<TD ALIGN="right" VALIGN="top" WIDTH="1%"><FONT SIZE="-1">
<CODE>protected &nbsp;int</CODE></FONT></TD>
<TD><CODE><B><A HREF="../../../../com/golden/gamedev/engine/BaseAudioRenderer.html#status">status</A></B></CODE>

<BR>
&nbsp;&nbsp;&nbsp;&nbsp;&nbsp;&nbsp;&nbsp;&nbsp;&nbsp;&nbsp;The audio renderer status.</TD>
</TR>
<TR BGCOLOR="white" CLASS="TableRowColor">
<TD ALIGN="right" VALIGN="top" WIDTH="1%"><FONT SIZE="-1">
<CODE>static&nbsp;int</CODE></FONT></TD>
<TD><CODE><B><A HREF="../../../../com/golden/gamedev/engine/BaseAudioRenderer.html#STOPPED">STOPPED</A></B></CODE>

<BR>
&nbsp;&nbsp;&nbsp;&nbsp;&nbsp;&nbsp;&nbsp;&nbsp;&nbsp;&nbsp;Audio renderer status indicates that the audio is currently stopped.</TD>
</TR>
<TR BGCOLOR="white" CLASS="TableRowColor">
<TD ALIGN="right" VALIGN="top" WIDTH="1%"><FONT SIZE="-1">
<CODE>protected &nbsp;float</CODE></FONT></TD>
<TD><CODE><B><A HREF="../../../../com/golden/gamedev/engine/BaseAudioRenderer.html#volume">volume</A></B></CODE>

<BR>
&nbsp;&nbsp;&nbsp;&nbsp;&nbsp;&nbsp;&nbsp;&nbsp;&nbsp;&nbsp;The audio sound volume.</TD>
</TR>
</TABLE>
&nbsp;
<!-- ======== CONSTRUCTOR SUMMARY ======== -->

<A NAME="constructor_summary"><!-- --></A>
<TABLE BORDER="1" WIDTH="100%" CELLPADDING="3" CELLSPACING="0" SUMMARY="">
<TR BGCOLOR="#CCCCFF" CLASS="TableHeadingColor">
<TH ALIGN="left" COLSPAN="2"><FONT SIZE="+2">
<B>Constructor Summary</B></FONT></TH>
</TR>
<TR BGCOLOR="white" CLASS="TableRowColor">
<TD><CODE><B><A HREF="../../../../com/golden/gamedev/engine/BaseAudioRenderer.html#BaseAudioRenderer()">BaseAudioRenderer</A></B>()</CODE>

<BR>
&nbsp;&nbsp;&nbsp;&nbsp;&nbsp;&nbsp;&nbsp;&nbsp;&nbsp;&nbsp;Creates new audio renderer.</TD>
</TR>
</TABLE>
&nbsp;
<!-- ========== METHOD SUMMARY =========== -->

<A NAME="method_summary"><!-- --></A>
<TABLE BORDER="1" WIDTH="100%" CELLPADDING="3" CELLSPACING="0" SUMMARY="">
<TR BGCOLOR="#CCCCFF" CLASS="TableHeadingColor">
<TH ALIGN="left" COLSPAN="2"><FONT SIZE="+2">
<B>Method Summary</B></FONT></TH>
</TR>
<TR BGCOLOR="white" CLASS="TableRowColor">
<TD ALIGN="right" VALIGN="top" WIDTH="1%"><FONT SIZE="-1">
<CODE>&nbsp;<A HREF="http://java.sun.com/j2se/1.4/docs/api/java/net/URL.html" title="class or interface in java.net">URL</A></CODE></FONT></TD>
<TD><CODE><B><A HREF="../../../../com/golden/gamedev/engine/BaseAudioRenderer.html#getAudioFile()">getAudioFile</A></B>()</CODE>

<BR>
&nbsp;&nbsp;&nbsp;&nbsp;&nbsp;&nbsp;&nbsp;&nbsp;&nbsp;&nbsp;Returns the audio resource URL associated with this audio renderer.</TD>
</TR>
<TR BGCOLOR="white" CLASS="TableRowColor">
<TD ALIGN="right" VALIGN="top" WIDTH="1%"><FONT SIZE="-1">
<CODE>&nbsp;int</CODE></FONT></TD>
<TD><CODE><B><A HREF="../../../../com/golden/gamedev/engine/BaseAudioRenderer.html#getStatus()">getStatus</A></B>()</CODE>

<BR>
&nbsp;&nbsp;&nbsp;&nbsp;&nbsp;&nbsp;&nbsp;&nbsp;&nbsp;&nbsp;Returns the audio renderer status.</TD>
</TR>
<TR BGCOLOR="white" CLASS="TableRowColor">
<TD ALIGN="right" VALIGN="top" WIDTH="1%"><FONT SIZE="-1">
<CODE>&nbsp;float</CODE></FONT></TD>
<TD><CODE><B><A HREF="../../../../com/golden/gamedev/engine/BaseAudioRenderer.html#getVolume()">getVolume</A></B>()</CODE>

<BR>
&nbsp;&nbsp;&nbsp;&nbsp;&nbsp;&nbsp;&nbsp;&nbsp;&nbsp;&nbsp;Returns audio volume.</TD>
</TR>
<TR BGCOLOR="white" CLASS="TableRowColor">
<TD ALIGN="right" VALIGN="top" WIDTH="1%"><FONT SIZE="-1">
<CODE>abstract &nbsp;boolean</CODE></FONT></TD>
<TD><CODE><B><A HREF="../../../../com/golden/gamedev/engine/BaseAudioRenderer.html#isAvailable()">isAvailable</A></B>()</CODE>

<BR>
&nbsp;&nbsp;&nbsp;&nbsp;&nbsp;&nbsp;&nbsp;&nbsp;&nbsp;&nbsp;Returns true, if this audio renderer is available to use or false if this
 renderer is not available to use (failed to initialized).</TD>
</TR>
<TR BGCOLOR="white" CLASS="TableRowColor">
<TD ALIGN="right" VALIGN="top" WIDTH="1%"><FONT SIZE="-1">
<CODE>&nbsp;boolean</CODE></FONT></TD>
<TD><CODE><B><A HREF="../../../../com/golden/gamedev/engine/BaseAudioRenderer.html#isLoop()">isLoop</A></B>()</CODE>

<BR>
&nbsp;&nbsp;&nbsp;&nbsp;&nbsp;&nbsp;&nbsp;&nbsp;&nbsp;&nbsp;Returns whether the audio is playing continuosly or not.</TD>
</TR>
<TR BGCOLOR="white" CLASS="TableRowColor">
<TD ALIGN="right" VALIGN="top" WIDTH="1%"><FONT SIZE="-1">
<CODE>&nbsp;boolean</CODE></FONT></TD>
<TD><CODE><B><A HREF="../../../../com/golden/gamedev/engine/BaseAudioRenderer.html#isVolumeSupported()">isVolumeSupported</A></B>()</CODE>

<BR>
&nbsp;&nbsp;&nbsp;&nbsp;&nbsp;&nbsp;&nbsp;&nbsp;&nbsp;&nbsp;Returns whether setting audio volume is supported or not.</TD>
</TR>
<TR BGCOLOR="white" CLASS="TableRowColor">
<TD ALIGN="right" VALIGN="top" WIDTH="1%"><FONT SIZE="-1">
<CODE>&nbsp;void</CODE></FONT></TD>
<TD><CODE><B><A HREF="../../../../com/golden/gamedev/engine/BaseAudioRenderer.html#play()">play</A></B>()</CODE>

<BR>
&nbsp;&nbsp;&nbsp;&nbsp;&nbsp;&nbsp;&nbsp;&nbsp;&nbsp;&nbsp;Restarts last or currently played audio.</TD>
</TR>
<TR BGCOLOR="white" CLASS="TableRowColor">
<TD ALIGN="right" VALIGN="top" WIDTH="1%"><FONT SIZE="-1">
<CODE>&nbsp;void</CODE></FONT></TD>
<TD><CODE><B><A HREF="../../../../com/golden/gamedev/engine/BaseAudioRenderer.html#play(java.net.URL)">play</A></B>(<A HREF="http://java.sun.com/j2se/1.4/docs/api/java/net/URL.html" title="class or interface in java.net">URL</A>&nbsp;audiofile)</CODE>

<BR>
&nbsp;&nbsp;&nbsp;&nbsp;&nbsp;&nbsp;&nbsp;&nbsp;&nbsp;&nbsp;Stops currently played audio and begins playback of specified audio file.</TD>
</TR>
<TR BGCOLOR="white" CLASS="TableRowColor">
<TD ALIGN="right" VALIGN="top" WIDTH="1%"><FONT SIZE="-1">
<CODE>protected abstract &nbsp;void</CODE></FONT></TD>
<TD><CODE><B><A HREF="../../../../com/golden/gamedev/engine/BaseAudioRenderer.html#playSound(java.net.URL)">playSound</A></B>(<A HREF="http://java.sun.com/j2se/1.4/docs/api/java/net/URL.html" title="class or interface in java.net">URL</A>&nbsp;audiofile)</CODE>

<BR>
&nbsp;&nbsp;&nbsp;&nbsp;&nbsp;&nbsp;&nbsp;&nbsp;&nbsp;&nbsp;Plays sound with specified audio file.</TD>
</TR>
<TR BGCOLOR="white" CLASS="TableRowColor">
<TD ALIGN="right" VALIGN="top" WIDTH="1%"><FONT SIZE="-1">
<CODE>protected abstract &nbsp;void</CODE></FONT></TD>
<TD><CODE><B><A HREF="../../../../com/golden/gamedev/engine/BaseAudioRenderer.html#replaySound(java.net.URL)">replaySound</A></B>(<A HREF="http://java.sun.com/j2se/1.4/docs/api/java/net/URL.html" title="class or interface in java.net">URL</A>&nbsp;audiofile)</CODE>

<BR>
&nbsp;&nbsp;&nbsp;&nbsp;&nbsp;&nbsp;&nbsp;&nbsp;&nbsp;&nbsp;Replays last played sound.</TD>
</TR>
<TR BGCOLOR="white" CLASS="TableRowColor">
<TD ALIGN="right" VALIGN="top" WIDTH="1%"><FONT SIZE="-1">
<CODE>&nbsp;void</CODE></FONT></TD>
<TD><CODE><B><A HREF="../../../../com/golden/gamedev/engine/BaseAudioRenderer.html#setLoop(boolean)">setLoop</A></B>(boolean&nbsp;loop)</CODE>

<BR>
&nbsp;&nbsp;&nbsp;&nbsp;&nbsp;&nbsp;&nbsp;&nbsp;&nbsp;&nbsp;Sets whether the sound should be playing continuously until stop method
 is called or not.</TD>
</TR>
<TR BGCOLOR="white" CLASS="TableRowColor">
<TD ALIGN="right" VALIGN="top" WIDTH="1%"><FONT SIZE="-1">
<CODE>protected &nbsp;void</CODE></FONT></TD>
<TD><CODE><B><A HREF="../../../../com/golden/gamedev/engine/BaseAudioRenderer.html#setSoundVolume(float)">setSoundVolume</A></B>(float&nbsp;volume)</CODE>

<BR>
&nbsp;&nbsp;&nbsp;&nbsp;&nbsp;&nbsp;&nbsp;&nbsp;&nbsp;&nbsp;Sets audio sound volume.</TD>
</TR>
<TR BGCOLOR="white" CLASS="TableRowColor">
<TD ALIGN="right" VALIGN="top" WIDTH="1%"><FONT SIZE="-1">
<CODE>&nbsp;void</CODE></FONT></TD>
<TD><CODE><B><A HREF="../../../../com/golden/gamedev/engine/BaseAudioRenderer.html#setVolume(float)">setVolume</A></B>(float&nbsp;volume)</CODE>

<BR>
&nbsp;&nbsp;&nbsp;&nbsp;&nbsp;&nbsp;&nbsp;&nbsp;&nbsp;&nbsp;Sets audio volume in [0.0f - 1.0f].</TD>
</TR>
<TR BGCOLOR="white" CLASS="TableRowColor">
<TD ALIGN="right" VALIGN="top" WIDTH="1%"><FONT SIZE="-1">
<CODE>&nbsp;void</CODE></FONT></TD>
<TD><CODE><B><A HREF="../../../../com/golden/gamedev/engine/BaseAudioRenderer.html#stop()">stop</A></B>()</CODE>

<BR>
&nbsp;&nbsp;&nbsp;&nbsp;&nbsp;&nbsp;&nbsp;&nbsp;&nbsp;&nbsp;Stops currently played audio.</TD>
</TR>
<TR BGCOLOR="white" CLASS="TableRowColor">
<TD ALIGN="right" VALIGN="top" WIDTH="1%"><FONT SIZE="-1">
<CODE>protected abstract &nbsp;void</CODE></FONT></TD>
<TD><CODE><B><A HREF="../../../../com/golden/gamedev/engine/BaseAudioRenderer.html#stopSound()">stopSound</A></B>()</CODE>

<BR>
&nbsp;&nbsp;&nbsp;&nbsp;&nbsp;&nbsp;&nbsp;&nbsp;&nbsp;&nbsp;Stops any playing sound.</TD>
</TR>
</TABLE>
&nbsp;<A NAME="methods_inherited_from_class_java.lang.Object"><!-- --></A>
<TABLE BORDER="1" WIDTH="100%" CELLPADDING="3" CELLSPACING="0" SUMMARY="">
<TR BGCOLOR="#EEEEFF" CLASS="TableSubHeadingColor">
<TH ALIGN="left"><B>Methods inherited from class java.lang.<A HREF="http://java.sun.com/j2se/1.4/docs/api/java/lang/Object.html" title="class or interface in java.lang">Object</A></B></TH>
</TR>
<TR BGCOLOR="white" CLASS="TableRowColor">
<TD><CODE><A HREF="http://java.sun.com/j2se/1.4/docs/api/java/lang/Object.html#clone()" title="class or interface in java.lang">clone</A>, <A HREF="http://java.sun.com/j2se/1.4/docs/api/java/lang/Object.html#equals(java.lang.Object)" title="class or interface in java.lang">equals</A>, <A HREF="http://java.sun.com/j2se/1.4/docs/api/java/lang/Object.html#finalize()" title="class or interface in java.lang">finalize</A>, <A HREF="http://java.sun.com/j2se/1.4/docs/api/java/lang/Object.html#getClass()" title="class or interface in java.lang">getClass</A>, <A HREF="http://java.sun.com/j2se/1.4/docs/api/java/lang/Object.html#hashCode()" title="class or interface in java.lang">hashCode</A>, <A HREF="http://java.sun.com/j2se/1.4/docs/api/java/lang/Object.html#notify()" title="class or interface in java.lang">notify</A>, <A HREF="http://java.sun.com/j2se/1.4/docs/api/java/lang/Object.html#notifyAll()" title="class or interface in java.lang">notifyAll</A>, <A HREF="http://java.sun.com/j2se/1.4/docs/api/java/lang/Object.html#toString()" title="class or interface in java.lang">toString</A>, <A HREF="http://java.sun.com/j2se/1.4/docs/api/java/lang/Object.html#wait()" title="class or interface in java.lang">wait</A>, <A HREF="http://java.sun.com/j2se/1.4/docs/api/java/lang/Object.html#wait(long)" title="class or interface in java.lang">wait</A>, <A HREF="http://java.sun.com/j2se/1.4/docs/api/java/lang/Object.html#wait(long, int)" title="class or interface in java.lang">wait</A></CODE></TD>
</TR>
</TABLE>
&nbsp;
<P>

<!-- ============ FIELD DETAIL =========== -->

<A NAME="field_detail"><!-- --></A>
<TABLE BORDER="1" WIDTH="100%" CELLPADDING="3" CELLSPACING="0" SUMMARY="">
<TR BGCOLOR="#CCCCFF" CLASS="TableHeadingColor">
<TH ALIGN="left" COLSPAN="1"><FONT SIZE="+2">
<B>Field Detail</B></FONT></TH>
</TR>
</TABLE>

<A NAME="PLAYING"><!-- --></A><H3>
PLAYING</H3>
<PRE>
public static final int <B>PLAYING</B></PRE>
<DL>
<DD>Audio renderer status indicates that the audio is currently playing.
<P>
<DL>
<DT><B>See Also:</B><DD><A HREF="../../../../constant-values.html#com.golden.gamedev.engine.BaseAudioRenderer.PLAYING">Constant Field Values</A></DL>
</DL>
<HR>

<A NAME="STOPPED"><!-- --></A><H3>
STOPPED</H3>
<PRE>
public static final int <B>STOPPED</B></PRE>
<DL>
<DD>Audio renderer status indicates that the audio is currently stopped.
<P>
<DL>
<DT><B>See Also:</B><DD><A HREF="../../../../constant-values.html#com.golden.gamedev.engine.BaseAudioRenderer.STOPPED">Constant Field Values</A></DL>
</DL>
<HR>

<A NAME="END_OF_SOUND"><!-- --></A><H3>
END_OF_SOUND</H3>
<PRE>
public static final int <B>END_OF_SOUND</B></PRE>
<DL>
<DD>Audio renderer status indicates that the audio has finished played.
<P>
<DL>
<DT><B>See Also:</B><DD><A HREF="../../../../constant-values.html#com.golden.gamedev.engine.BaseAudioRenderer.END_OF_SOUND">Constant Field Values</A></DL>
</DL>
<HR>

<A NAME="ERROR"><!-- --></A><H3>
ERROR</H3>
<PRE>
public static final int <B>ERROR</B></PRE>
<DL>
<DD>Audio renderer status indicates that the audio is failed to play.
<P>
<DL>
<DT><B>See Also:</B><DD><A HREF="../../../../constant-values.html#com.golden.gamedev.engine.BaseAudioRenderer.ERROR">Constant Field Values</A></DL>
</DL>
<HR>

<A NAME="status"><!-- --></A><H3>
status</H3>
<PRE>
protected int <B>status</B></PRE>
<DL>
<DD>The audio renderer status. <p>

 Use this to manage renderer's <A HREF="../../../../com/golden/gamedev/engine/BaseAudioRenderer.html#END_OF_SOUND"><CODE>END_OF_SOUND</CODE></A> status when the audio
 has finished played or <A HREF="../../../../com/golden/gamedev/engine/BaseAudioRenderer.html#ERROR"><CODE>ERROR</CODE></A> status if the audio is failed to
 play in <A HREF="../../../../com/golden/gamedev/engine/BaseAudioRenderer.html#playSound(java.net.URL)"><CODE>playSound(URL)</CODE></A> method.
<P>
<DL>
</DL>
</DL>
<HR>

<A NAME="volume"><!-- --></A><H3>
volume</H3>
<PRE>
protected float <B>volume</B></PRE>
<DL>
<DD>The audio sound volume.
<P>
<DL>
</DL>
</DL>

<!-- ========= CONSTRUCTOR DETAIL ======== -->

<A NAME="constructor_detail"><!-- --></A>
<TABLE BORDER="1" WIDTH="100%" CELLPADDING="3" CELLSPACING="0" SUMMARY="">
<TR BGCOLOR="#CCCCFF" CLASS="TableHeadingColor">
<TH ALIGN="left" COLSPAN="1"><FONT SIZE="+2">
<B>Constructor Detail</B></FONT></TH>
</TR>
</TABLE>

<A NAME="BaseAudioRenderer()"><!-- --></A><H3>
BaseAudioRenderer</H3>
<PRE>
public <B>BaseAudioRenderer</B>()</PRE>
<DL>
<DD>Creates new audio renderer.
<P>
<DL>
<DT><B>See Also:</B><DD><A HREF="../../../../com/golden/gamedev/engine/BaseAudioRenderer.html#play(java.net.URL)"><CODE>play(URL)</CODE></A>, 
<A HREF="../../../../com/golden/gamedev/engine/BaseAudioRenderer.html#setLoop(boolean)"><CODE>setLoop(boolean)</CODE></A></DL>
</DL>

<!-- ============ METHOD DETAIL ========== -->

<A NAME="method_detail"><!-- --></A>
<TABLE BORDER="1" WIDTH="100%" CELLPADDING="3" CELLSPACING="0" SUMMARY="">
<TR BGCOLOR="#CCCCFF" CLASS="TableHeadingColor">
<TH ALIGN="left" COLSPAN="1"><FONT SIZE="+2">
<B>Method Detail</B></FONT></TH>
</TR>
</TABLE>

<A NAME="playSound(java.net.URL)"><!-- --></A><H3>
playSound</H3>
<PRE>
protected abstract void <B>playSound</B>(<A HREF="http://java.sun.com/j2se/1.4/docs/api/java/net/URL.html" title="class or interface in java.net">URL</A>&nbsp;audiofile)</PRE>
<DL>
<DD>Plays sound with specified audio file.
<P>
<DD><DL>
</DL>
</DD>
</DL>
<HR>

<A NAME="replaySound(java.net.URL)"><!-- --></A><H3>
replaySound</H3>
<PRE>
protected abstract void <B>replaySound</B>(<A HREF="http://java.sun.com/j2se/1.4/docs/api/java/net/URL.html" title="class or interface in java.net">URL</A>&nbsp;audiofile)</PRE>
<DL>
<DD>Replays last played sound.
<P>
<DD><DL>
</DL>
</DD>
</DL>
<HR>

<A NAME="stopSound()"><!-- --></A><H3>
stopSound</H3>
<PRE>
protected abstract void <B>stopSound</B>()</PRE>
<DL>
<DD>Stops any playing sound.
<P>
<DD><DL>
</DL>
</DD>
</DL>
<HR>

<A NAME="setSoundVolume(float)"><!-- --></A><H3>
setSoundVolume</H3>
<PRE>
protected void <B>setSoundVolume</B>(float&nbsp;volume)</PRE>
<DL>
<DD>Sets audio sound volume.
<P>
<DD><DL>
</DL>
</DD>
</DL>
<HR>

<A NAME="play(java.net.URL)"><!-- --></A><H3>
play</H3>
<PRE>
public void <B>play</B>(<A HREF="http://java.sun.com/j2se/1.4/docs/api/java/net/URL.html" title="class or interface in java.net">URL</A>&nbsp;audiofile)</PRE>
<DL>
<DD>Stops currently played audio and begins playback of specified audio file.
<P>
<DD><DL>
<DT><B>Parameters:</B><DD><CODE>audiofile</CODE> - the audio file to be played by this renderer.</DL>
</DD>
</DL>
<HR>

<A NAME="play()"><!-- --></A><H3>
play</H3>
<PRE>
public void <B>play</B>()</PRE>
<DL>
<DD>Restarts last or currently played audio.
<P>
<DD><DL>
</DL>
</DD>
</DL>
<HR>

<A NAME="stop()"><!-- --></A><H3>
stop</H3>
<PRE>
public void <B>stop</B>()</PRE>
<DL>
<DD>Stops currently played audio.
<P>
<DD><DL>
</DL>
</DD>
</DL>
<HR>

<A NAME="setLoop(boolean)"><!-- --></A><H3>
setLoop</H3>
<PRE>
public void <B>setLoop</B>(boolean&nbsp;loop)</PRE>
<DL>
<DD>Sets whether the sound should be playing continuously until stop method
 is called or not. <p>

 Note: <A HREF="../../../../com/golden/gamedev/engine/BaseAudio.html" title="class in com.golden.gamedev.engine">the sound manager</A>
 is the one that taking care the audio loop.
<P>
<DD><DL>
<DT><B>Parameters:</B><DD><CODE>loop</CODE> - true, the audio will be playing continously</DL>
</DD>
</DL>
<HR>

<A NAME="isLoop()"><!-- --></A><H3>
isLoop</H3>
<PRE>
public boolean <B>isLoop</B>()</PRE>
<DL>
<DD>Returns whether the audio is playing continuosly or not.
<P>
<DD><DL>
</DL>
</DD>
</DL>
<HR>

<A NAME="setVolume(float)"><!-- --></A><H3>
setVolume</H3>
<PRE>
public void <B>setVolume</B>(float&nbsp;volume)</PRE>
<DL>
<DD>Sets audio volume in [0.0f - 1.0f].
<P>
<DD><DL>
</DL>
</DD>
</DL>
<HR>

<A NAME="getVolume()"><!-- --></A><H3>
getVolume</H3>
<PRE>
public float <B>getVolume</B>()</PRE>
<DL>
<DD>Returns audio volume.
<P>
<DD><DL>
</DL>
</DD>
</DL>
<HR>

<A NAME="isVolumeSupported()"><!-- --></A><H3>
isVolumeSupported</H3>
<PRE>
public boolean <B>isVolumeSupported</B>()</PRE>
<DL>
<DD>Returns whether setting audio volume is supported or not.
<P>
<DD><DL>
</DL>
</DD>
</DL>
<HR>

<A NAME="getAudioFile()"><!-- --></A><H3>
getAudioFile</H3>
<PRE>
public <A HREF="http://java.sun.com/j2se/1.4/docs/api/java/net/URL.html" title="class or interface in java.net">URL</A> <B>getAudioFile</B>()</PRE>
<DL>
<DD>Returns the audio resource URL associated with this audio renderer.
<P>
<DD><DL>
</DL>
</DD>
</DL>
<HR>

<A NAME="getStatus()"><!-- --></A><H3>
getStatus</H3>
<PRE>
public int <B>getStatus</B>()</PRE>
<DL>
<DD>Returns the audio renderer status.
<P>
<DD><DL>
</DL>
</DD>
</DL>
<HR>

<A NAME="isAvailable()"><!-- --></A><H3>
isAvailable</H3>
<PRE>
public abstract boolean <B>isAvailable</B>()</PRE>
<DL>
<DD>Returns true, if this audio renderer is available to use or false if this
 renderer is not available to use (failed to initialized).
<P>
<DD><DL>
</DL>
</DD>
</DL>
<!-- ========= END OF CLASS DATA ========= -->
<HR>


<!-- ======= START OF BOTTOM NAVBAR ====== -->
<A NAME="navbar_bottom"><!-- --></A>
<A HREF="#skip-navbar_bottom" title="Skip navigation links"></A>
<TABLE BORDER="0" WIDTH="100%" CELLPADDING="1" CELLSPACING="0" SUMMARY="">
<TR>
<TD COLSPAN=2 BGCOLOR="#EEEEFF" CLASS="NavBarCell1">
<A NAME="navbar_bottom_firstrow"><!-- --></A>
<TABLE BORDER="0" CELLPADDING="0" CELLSPACING="3" SUMMARY="">
  <TR ALIGN="center" VALIGN="top">
  <TD BGCOLOR="#EEEEFF" CLASS="NavBarCell1">    <A HREF="../../../../overview-summary.html"><FONT CLASS="NavBarFont1"><B>Overview</B></FONT></A>&nbsp;</TD>
  <TD BGCOLOR="#EEEEFF" CLASS="NavBarCell1">    <A HREF="package-summary.html"><FONT CLASS="NavBarFont1"><B>Package</B></FONT></A>&nbsp;</TD>
  <TD BGCOLOR="#FFFFFF" CLASS="NavBarCell1Rev"> &nbsp;<FONT CLASS="NavBarFont1Rev"><B>Class</B></FONT>&nbsp;</TD>
  <TD BGCOLOR="#EEEEFF" CLASS="NavBarCell1">    <A HREF="class-use/BaseAudioRenderer.html"><FONT CLASS="NavBarFont1"><B>Use</B></FONT></A>&nbsp;</TD>
  <TD BGCOLOR="#EEEEFF" CLASS="NavBarCell1">    <A HREF="package-tree.html"><FONT CLASS="NavBarFont1"><B>Tree</B></FONT></A>&nbsp;</TD>
  <TD BGCOLOR="#EEEEFF" CLASS="NavBarCell1">    <A HREF="../../../../index-all.html"><FONT CLASS="NavBarFont1"><B>Index</B></FONT></A>&nbsp;</TD>
  <TD BGCOLOR="#EEEEFF" CLASS="NavBarCell1">    <A HREF="../../../../help-doc.html"><FONT CLASS="NavBarFont1"><B>Help</B></FONT></A>&nbsp;</TD>
  </TR>
</TABLE>
</TD>
<TD ALIGN="right" VALIGN="top" ROWSPAN=3><EM>
<b>GTGE API</b></EM>
</TD>
</TR>

<TR>
<TD BGCOLOR="white" CLASS="NavBarCell2"><FONT SIZE="-2">
&nbsp;<A HREF="../../../../com/golden/gamedev/engine/BaseAudio.html" title="class in com.golden.gamedev.engine"><B>PREV CLASS</B></A>&nbsp;
&nbsp;<A HREF="../../../../com/golden/gamedev/engine/BaseGraphics.html" title="interface in com.golden.gamedev.engine"><B>NEXT CLASS</B></A></FONT></TD>
<TD BGCOLOR="white" CLASS="NavBarCell2"><FONT SIZE="-2">
  <A HREF="../../../../index.html?com/golden/gamedev/engine/BaseAudioRenderer.html" target="_top"><B>FRAMES</B></A>  &nbsp;
&nbsp;<A HREF="BaseAudioRenderer.html" target="_top"><B>NO FRAMES</B></A>  &nbsp;
&nbsp;<SCRIPT type="text/javascript">
  <!--
  if(window==top) {
    document.writeln('<A HREF="../../../../allclasses-noframe.html"><B>All Classes</B></A>');
  }
  //-->
</SCRIPT>
<NOSCRIPT>
  <A HREF="../../../../allclasses-noframe.html"><B>All Classes</B></A>
</NOSCRIPT>


</FONT></TD>
</TR>
<TR>
<TD VALIGN="top" CLASS="NavBarCell3"><FONT SIZE="-2">
  SUMMARY:&nbsp;NESTED&nbsp;|&nbsp;<A HREF="#field_summary">FIELD</A>&nbsp;|&nbsp;<A HREF="#constructor_summary">CONSTR</A>&nbsp;|&nbsp;<A HREF="#method_summary">METHOD</A></FONT></TD>
<TD VALIGN="top" CLASS="NavBarCell3"><FONT SIZE="-2">
DETAIL:&nbsp;<A HREF="#field_detail">FIELD</A>&nbsp;|&nbsp;<A HREF="#constructor_detail">CONSTR</A>&nbsp;|&nbsp;<A HREF="#method_detail">METHOD</A></FONT></TD>
</TR>
</TABLE>
<A NAME="skip-navbar_bottom"></A>
<!-- ======== END OF BOTTOM NAVBAR ======= -->

<HR>
<i>Copyright &copy; 2003-2005 Golden T Studios. All rights reserved. Use is subject to <a href=http://creativecommons.org/licenses/by/2.0/>license terms<a/>.<br><a target=_blank href=http://www.goldenstudios.or.id/>GoldenStudios.or.id</a></i>
</BODY>
</HTML>
