<!DOCTYPE HTML PUBLIC "-//W3C//DTD HTML 4.01 Transitional//EN" "http://www.w3.org/TR/html4/loose.dtd">
<!--NewPage-->
<HTML>
<HEAD>
<!-- Generated by javadoc (build 1.5.0_01) on Sun Jul 03 07:12:39 ICT 2005 -->
<TITLE>
Uses of Package com.golden.gamedev.engine (GTGE API v0.2.3)
</TITLE>


<LINK REL ="stylesheet" TYPE="text/css" HREF="../../../../stylesheet.css" TITLE="Style">

<SCRIPT type="text/javascript">
function windowTitle()
{
    parent.document.title="Uses of Package com.golden.gamedev.engine (GTGE API v0.2.3)";
}
</SCRIPT>
<NOSCRIPT>
</NOSCRIPT>

</HEAD>

<BODY BGCOLOR="white" onload="windowTitle();">


<!-- ========= START OF TOP NAVBAR ======= -->
<A NAME="navbar_top"><!-- --></A>
<A HREF="#skip-navbar_top" title="Skip navigation links"></A>
<TABLE BORDER="0" WIDTH="100%" CELLPADDING="1" CELLSPACING="0" SUMMARY="">
<TR>
<TD COLSPAN=2 BGCOLOR="#EEEEFF" CLASS="NavBarCell1">
<A NAME="navbar_top_firstrow"><!-- --></A>
<TABLE BORDER="0" CELLPADDING="0" CELLSPACING="3" SUMMARY="">
  <TR ALIGN="center" VALIGN="top">
  <TD BGCOLOR="#EEEEFF" CLASS="NavBarCell1">    <A HREF="../../../../overview-summary.html"><FONT CLASS="NavBarFont1"><B>Overview</B></FONT></A>&nbsp;</TD>
  <TD BGCOLOR="#EEEEFF" CLASS="NavBarCell1">    <A HREF="package-summary.html"><FONT CLASS="NavBarFont1"><B>Package</B></FONT></A>&nbsp;</TD>
  <TD BGCOLOR="#EEEEFF" CLASS="NavBarCell1">    <FONT CLASS="NavBarFont1">Class</FONT>&nbsp;</TD>
  <TD BGCOLOR="#FFFFFF" CLASS="NavBarCell1Rev"> &nbsp;<FONT CLASS="NavBarFont1Rev"><B>Use</B></FONT>&nbsp;</TD>
  <TD BGCOLOR="#EEEEFF" CLASS="NavBarCell1">    <A HREF="package-tree.html"><FONT CLASS="NavBarFont1"><B>Tree</B></FONT></A>&nbsp;</TD>
  <TD BGCOLOR="#EEEEFF" CLASS="NavBarCell1">    <A HREF="../../../../index-all.html"><FONT CLASS="NavBarFont1"><B>Index</B></FONT></A>&nbsp;</TD>
  <TD BGCOLOR="#EEEEFF" CLASS="NavBarCell1">    <A HREF="../../../../help-doc.html"><FONT CLASS="NavBarFont1"><B>Help</B></FONT></A>&nbsp;</TD>
  </TR>
</TABLE>
</TD>
<TD ALIGN="right" VALIGN="top" ROWSPAN=3><EM>
<b>GTGE API</b></EM>
</TD>
</TR>

<TR>
<TD BGCOLOR="white" CLASS="NavBarCell2"><FONT SIZE="-2">
&nbsp;PREV&nbsp;
&nbsp;NEXT</FONT></TD>
<TD BGCOLOR="white" CLASS="NavBarCell2"><FONT SIZE="-2">
  <A HREF="../../../../index.html?com/golden/gamedev/engine/package-use.html" target="_top"><B>FRAMES</B></A>  &nbsp;
&nbsp;<A HREF="package-use.html" target="_top"><B>NO FRAMES</B></A>  &nbsp;
&nbsp;<SCRIPT type="text/javascript">
  <!--
  if(window==top) {
    document.writeln('<A HREF="../../../../allclasses-noframe.html"><B>All Classes</B></A>');
  }
  //-->
</SCRIPT>
<NOSCRIPT>
  <A HREF="../../../../allclasses-noframe.html"><B>All Classes</B></A>
</NOSCRIPT>


</FONT></TD>
</TR>
</TABLE>
<A NAME="skip-navbar_top"></A>
<!-- ========= END OF TOP NAVBAR ========= -->

<HR>
<CENTER>
<H2>
<B>Uses of Package<br>com.golden.gamedev.engine</B></H2>
</CENTER>

<TABLE BORDER="1" WIDTH="100%" CELLPADDING="3" CELLSPACING="0" SUMMARY="">
<TR BGCOLOR="#CCCCFF" CLASS="TableHeadingColor">
<TH ALIGN="left" COLSPAN="2"><FONT SIZE="+2">
Packages that use <A HREF="../../../../com/golden/gamedev/engine/package-summary.html">com.golden.gamedev.engine</A></FONT></TH>
</TR>
<TR BGCOLOR="white" CLASS="TableRowColor">
<TD><A HREF="#com.golden.gamedev"><B>com.golden.gamedev</B></A></TD>
<TD>The core package of Golden T Game Engine (GTGE) Frame Work<br />
<b>(this package is where you should start first)</b>.&nbsp;</TD>
</TR>
<TR BGCOLOR="white" CLASS="TableRowColor">
<TD><A HREF="#com.golden.gamedev.engine"><B>com.golden.gamedev.engine</B></A></TD>
<TD>Provides the base engines that interfacing GTGE users to hardware level abstraction.&nbsp;</TD>
</TR>
<TR BGCOLOR="white" CLASS="TableRowColor">
<TD><A HREF="#com.golden.gamedev.engine.audio"><B>com.golden.gamedev.engine.audio</B></A></TD>
<TD>Audio engine implementation.&nbsp;</TD>
</TR>
<TR BGCOLOR="white" CLASS="TableRowColor">
<TD><A HREF="#com.golden.gamedev.engine.graphics"><B>com.golden.gamedev.engine.graphics</B></A></TD>
<TD>Graphics engine implementation.&nbsp;</TD>
</TR>
<TR BGCOLOR="white" CLASS="TableRowColor">
<TD><A HREF="#com.golden.gamedev.engine.input"><B>com.golden.gamedev.engine.input</B></A></TD>
<TD>Input engine implementation.&nbsp;</TD>
</TR>
<TR BGCOLOR="white" CLASS="TableRowColor">
<TD><A HREF="#com.golden.gamedev.engine.timer"><B>com.golden.gamedev.engine.timer</B></A></TD>
<TD>Timer engine implementation.&nbsp;</TD>
</TR>
<TR BGCOLOR="white" CLASS="TableRowColor">
<TD><A HREF="#com.golden.gamedev.funbox"><B>com.golden.gamedev.funbox</B></A></TD>
<TD>Provides miscellanous classes to enhance the game creation.&nbsp;</TD>
</TR>
</TABLE>
&nbsp;
<P>
<A NAME="com.golden.gamedev"><!-- --></A>
<TABLE BORDER="1" WIDTH="100%" CELLPADDING="3" CELLSPACING="0" SUMMARY="">
<TR BGCOLOR="#CCCCFF" CLASS="TableHeadingColor">
<TH ALIGN="left" COLSPAN="2"><FONT SIZE="+2">
Classes in <A HREF="../../../../com/golden/gamedev/engine/package-summary.html">com.golden.gamedev.engine</A> used by <A HREF="../../../../com/golden/gamedev/package-summary.html">com.golden.gamedev</A></FONT></TH>
</TR>
<TR BGCOLOR="white" CLASS="TableRowColor">
<TD><B><A HREF="../../../../com/golden/gamedev/engine/class-use/BaseAudio.html#com.golden.gamedev"><B>BaseAudio</B></A></B>

<BR>
&nbsp;&nbsp;&nbsp;&nbsp;&nbsp;&nbsp;&nbsp;&nbsp;&nbsp;&nbsp;Audio manager that manages playing, stopping, looping of multiple audio
 sounds (<code>BaseAudioRenderer</code>s).</TD>
</TR>
<TR BGCOLOR="white" CLASS="TableRowColor">
<TD><B><A HREF="../../../../com/golden/gamedev/engine/class-use/BaseGraphics.html#com.golden.gamedev"><B>BaseGraphics</B></A></B>

<BR>
&nbsp;&nbsp;&nbsp;&nbsp;&nbsp;&nbsp;&nbsp;&nbsp;&nbsp;&nbsp;<code>BaseGraphics</code> interface provides all needed graphics function
 for drawing unto screen.</TD>
</TR>
<TR BGCOLOR="white" CLASS="TableRowColor">
<TD><B><A HREF="../../../../com/golden/gamedev/engine/class-use/BaseInput.html#com.golden.gamedev"><B>BaseInput</B></A></B>

<BR>
&nbsp;&nbsp;&nbsp;&nbsp;&nbsp;&nbsp;&nbsp;&nbsp;&nbsp;&nbsp;<code>BaseInput</code> interface provides all needed functions for polling
 keyboard and mouse input.</TD>
</TR>
<TR BGCOLOR="white" CLASS="TableRowColor">
<TD><B><A HREF="../../../../com/golden/gamedev/engine/class-use/BaseIO.html#com.golden.gamedev"><B>BaseIO</B></A></B>

<BR>
&nbsp;&nbsp;&nbsp;&nbsp;&nbsp;&nbsp;&nbsp;&nbsp;&nbsp;&nbsp;Class to get external resources object, such as <code>java.io.File</code>,
 <code>java.io.InputStream</code>, and <code>java.net.URL</code>.</TD>
</TR>
<TR BGCOLOR="white" CLASS="TableRowColor">
<TD><B><A HREF="../../../../com/golden/gamedev/engine/class-use/BaseLoader.html#com.golden.gamedev"><B>BaseLoader</B></A></B>

<BR>
&nbsp;&nbsp;&nbsp;&nbsp;&nbsp;&nbsp;&nbsp;&nbsp;&nbsp;&nbsp;Class for loading and masking images, and also behave as storage of the
 loaded images.</TD>
</TR>
<TR BGCOLOR="white" CLASS="TableRowColor">
<TD><B><A HREF="../../../../com/golden/gamedev/engine/class-use/BaseTimer.html#com.golden.gamedev"><B>BaseTimer</B></A></B>

<BR>
&nbsp;&nbsp;&nbsp;&nbsp;&nbsp;&nbsp;&nbsp;&nbsp;&nbsp;&nbsp;<code>BaseTimer</code> interface is an interface for running a loop
 constantly in a requested frame per second.</TD>
</TR>
</TABLE>
&nbsp;
<P>
<A NAME="com.golden.gamedev.engine"><!-- --></A>
<TABLE BORDER="1" WIDTH="100%" CELLPADDING="3" CELLSPACING="0" SUMMARY="">
<TR BGCOLOR="#CCCCFF" CLASS="TableHeadingColor">
<TH ALIGN="left" COLSPAN="2"><FONT SIZE="+2">
Classes in <A HREF="../../../../com/golden/gamedev/engine/package-summary.html">com.golden.gamedev.engine</A> used by <A HREF="../../../../com/golden/gamedev/engine/package-summary.html">com.golden.gamedev.engine</A></FONT></TH>
</TR>
<TR BGCOLOR="white" CLASS="TableRowColor">
<TD><B><A HREF="../../../../com/golden/gamedev/engine/class-use/BaseAudioRenderer.html#com.golden.gamedev.engine"><B>BaseAudioRenderer</B></A></B>

<BR>
&nbsp;&nbsp;&nbsp;&nbsp;&nbsp;&nbsp;&nbsp;&nbsp;&nbsp;&nbsp;A simple abstraction for playing audio sound.</TD>
</TR>
<TR BGCOLOR="white" CLASS="TableRowColor">
<TD><B><A HREF="../../../../com/golden/gamedev/engine/class-use/BaseIO.html#com.golden.gamedev.engine"><B>BaseIO</B></A></B>

<BR>
&nbsp;&nbsp;&nbsp;&nbsp;&nbsp;&nbsp;&nbsp;&nbsp;&nbsp;&nbsp;Class to get external resources object, such as <code>java.io.File</code>,
 <code>java.io.InputStream</code>, and <code>java.net.URL</code>.</TD>
</TR>
</TABLE>
&nbsp;
<P>
<A NAME="com.golden.gamedev.engine.audio"><!-- --></A>
<TABLE BORDER="1" WIDTH="100%" CELLPADDING="3" CELLSPACING="0" SUMMARY="">
<TR BGCOLOR="#CCCCFF" CLASS="TableHeadingColor">
<TH ALIGN="left" COLSPAN="2"><FONT SIZE="+2">
Classes in <A HREF="../../../../com/golden/gamedev/engine/package-summary.html">com.golden.gamedev.engine</A> used by <A HREF="../../../../com/golden/gamedev/engine/audio/package-summary.html">com.golden.gamedev.engine.audio</A></FONT></TH>
</TR>
<TR BGCOLOR="white" CLASS="TableRowColor">
<TD><B><A HREF="../../../../com/golden/gamedev/engine/class-use/BaseAudioRenderer.html#com.golden.gamedev.engine.audio"><B>BaseAudioRenderer</B></A></B>

<BR>
&nbsp;&nbsp;&nbsp;&nbsp;&nbsp;&nbsp;&nbsp;&nbsp;&nbsp;&nbsp;A simple abstraction for playing audio sound.</TD>
</TR>
</TABLE>
&nbsp;
<P>
<A NAME="com.golden.gamedev.engine.graphics"><!-- --></A>
<TABLE BORDER="1" WIDTH="100%" CELLPADDING="3" CELLSPACING="0" SUMMARY="">
<TR BGCOLOR="#CCCCFF" CLASS="TableHeadingColor">
<TH ALIGN="left" COLSPAN="2"><FONT SIZE="+2">
Classes in <A HREF="../../../../com/golden/gamedev/engine/package-summary.html">com.golden.gamedev.engine</A> used by <A HREF="../../../../com/golden/gamedev/engine/graphics/package-summary.html">com.golden.gamedev.engine.graphics</A></FONT></TH>
</TR>
<TR BGCOLOR="white" CLASS="TableRowColor">
<TD><B><A HREF="../../../../com/golden/gamedev/engine/class-use/BaseGraphics.html#com.golden.gamedev.engine.graphics"><B>BaseGraphics</B></A></B>

<BR>
&nbsp;&nbsp;&nbsp;&nbsp;&nbsp;&nbsp;&nbsp;&nbsp;&nbsp;&nbsp;<code>BaseGraphics</code> interface provides all needed graphics function
 for drawing unto screen.</TD>
</TR>
</TABLE>
&nbsp;
<P>
<A NAME="com.golden.gamedev.engine.input"><!-- --></A>
<TABLE BORDER="1" WIDTH="100%" CELLPADDING="3" CELLSPACING="0" SUMMARY="">
<TR BGCOLOR="#CCCCFF" CLASS="TableHeadingColor">
<TH ALIGN="left" COLSPAN="2"><FONT SIZE="+2">
Classes in <A HREF="../../../../com/golden/gamedev/engine/package-summary.html">com.golden.gamedev.engine</A> used by <A HREF="../../../../com/golden/gamedev/engine/input/package-summary.html">com.golden.gamedev.engine.input</A></FONT></TH>
</TR>
<TR BGCOLOR="white" CLASS="TableRowColor">
<TD><B><A HREF="../../../../com/golden/gamedev/engine/class-use/BaseInput.html#com.golden.gamedev.engine.input"><B>BaseInput</B></A></B>

<BR>
&nbsp;&nbsp;&nbsp;&nbsp;&nbsp;&nbsp;&nbsp;&nbsp;&nbsp;&nbsp;<code>BaseInput</code> interface provides all needed functions for polling
 keyboard and mouse input.</TD>
</TR>
</TABLE>
&nbsp;
<P>
<A NAME="com.golden.gamedev.engine.timer"><!-- --></A>
<TABLE BORDER="1" WIDTH="100%" CELLPADDING="3" CELLSPACING="0" SUMMARY="">
<TR BGCOLOR="#CCCCFF" CLASS="TableHeadingColor">
<TH ALIGN="left" COLSPAN="2"><FONT SIZE="+2">
Classes in <A HREF="../../../../com/golden/gamedev/engine/package-summary.html">com.golden.gamedev.engine</A> used by <A HREF="../../../../com/golden/gamedev/engine/timer/package-summary.html">com.golden.gamedev.engine.timer</A></FONT></TH>
</TR>
<TR BGCOLOR="white" CLASS="TableRowColor">
<TD><B><A HREF="../../../../com/golden/gamedev/engine/class-use/BaseTimer.html#com.golden.gamedev.engine.timer"><B>BaseTimer</B></A></B>

<BR>
&nbsp;&nbsp;&nbsp;&nbsp;&nbsp;&nbsp;&nbsp;&nbsp;&nbsp;&nbsp;<code>BaseTimer</code> interface is an interface for running a loop
 constantly in a requested frame per second.</TD>
</TR>
</TABLE>
&nbsp;
<P>
<A NAME="com.golden.gamedev.funbox"><!-- --></A>
<TABLE BORDER="1" WIDTH="100%" CELLPADDING="3" CELLSPACING="0" SUMMARY="">
<TR BGCOLOR="#CCCCFF" CLASS="TableHeadingColor">
<TH ALIGN="left" COLSPAN="2"><FONT SIZE="+2">
Classes in <A HREF="../../../../com/golden/gamedev/engine/package-summary.html">com.golden.gamedev.engine</A> used by <A HREF="../../../../com/golden/gamedev/funbox/package-summary.html">com.golden.gamedev.funbox</A></FONT></TH>
</TR>
<TR BGCOLOR="white" CLASS="TableRowColor">
<TD><B><A HREF="../../../../com/golden/gamedev/engine/class-use/BaseGraphics.html#com.golden.gamedev.funbox"><B>BaseGraphics</B></A></B>

<BR>
&nbsp;&nbsp;&nbsp;&nbsp;&nbsp;&nbsp;&nbsp;&nbsp;&nbsp;&nbsp;<code>BaseGraphics</code> interface provides all needed graphics function
 for drawing unto screen.</TD>
</TR>
<TR BGCOLOR="white" CLASS="TableRowColor">
<TD><B><A HREF="../../../../com/golden/gamedev/engine/class-use/BaseInput.html#com.golden.gamedev.funbox"><B>BaseInput</B></A></B>

<BR>
&nbsp;&nbsp;&nbsp;&nbsp;&nbsp;&nbsp;&nbsp;&nbsp;&nbsp;&nbsp;<code>BaseInput</code> interface provides all needed functions for polling
 keyboard and mouse input.</TD>
</TR>
</TABLE>
&nbsp;
<P>
<HR>


<!-- ======= START OF BOTTOM NAVBAR ====== -->
<A NAME="navbar_bottom"><!-- --></A>
<A HREF="#skip-navbar_bottom" title="Skip navigation links"></A>
<TABLE BORDER="0" WIDTH="100%" CELLPADDING="1" CELLSPACING="0" SUMMARY="">
<TR>
<TD COLSPAN=2 BGCOLOR="#EEEEFF" CLASS="NavBarCell1">
<A NAME="navbar_bottom_firstrow"><!-- --></A>
<TABLE BORDER="0" CELLPADDING="0" CELLSPACING="3" SUMMARY="">
  <TR ALIGN="center" VALIGN="top">
  <TD BGCOLOR="#EEEEFF" CLASS="NavBarCell1">    <A HREF="../../../../overview-summary.html"><FONT CLASS="NavBarFont1"><B>Overview</B></FONT></A>&nbsp;</TD>
  <TD BGCOLOR="#EEEEFF" CLASS="NavBarCell1">    <A HREF="package-summary.html"><FONT CLASS="NavBarFont1"><B>Package</B></FONT></A>&nbsp;</TD>
  <TD BGCOLOR="#EEEEFF" CLASS="NavBarCell1">    <FONT CLASS="NavBarFont1">Class</FONT>&nbsp;</TD>
  <TD BGCOLOR="#FFFFFF" CLASS="NavBarCell1Rev"> &nbsp;<FONT CLASS="NavBarFont1Rev"><B>Use</B></FONT>&nbsp;</TD>
  <TD BGCOLOR="#EEEEFF" CLASS="NavBarCell1">    <A HREF="package-tree.html"><FONT CLASS="NavBarFont1"><B>Tree</B></FONT></A>&nbsp;</TD>
  <TD BGCOLOR="#EEEEFF" CLASS="NavBarCell1">    <A HREF="../../../../index-all.html"><FONT CLASS="NavBarFont1"><B>Index</B></FONT></A>&nbsp;</TD>
  <TD BGCOLOR="#EEEEFF" CLASS="NavBarCell1">    <A HREF="../../../../help-doc.html"><FONT CLASS="NavBarFont1"><B>Help</B></FONT></A>&nbsp;</TD>
  </TR>
</TABLE>
</TD>
<TD ALIGN="right" VALIGN="top" ROWSPAN=3><EM>
<b>GTGE API</b></EM>
</TD>
</TR>

<TR>
<TD BGCOLOR="white" CLASS="NavBarCell2"><FONT SIZE="-2">
&nbsp;PREV&nbsp;
&nbsp;NEXT</FONT></TD>
<TD BGCOLOR="white" CLASS="NavBarCell2"><FONT SIZE="-2">
  <A HREF="../../../../index.html?com/golden/gamedev/engine/package-use.html" target="_top"><B>FRAMES</B></A>  &nbsp;
&nbsp;<A HREF="package-use.html" target="_top"><B>NO FRAMES</B></A>  &nbsp;
&nbsp;<SCRIPT type="text/javascript">
  <!--
  if(window==top) {
    document.writeln('<A HREF="../../../../allclasses-noframe.html"><B>All Classes</B></A>');
  }
  //-->
</SCRIPT>
<NOSCRIPT>
  <A HREF="../../../../allclasses-noframe.html"><B>All Classes</B></A>
</NOSCRIPT>


</FONT></TD>
</TR>
</TABLE>
<A NAME="skip-navbar_bottom"></A>
<!-- ======== END OF BOTTOM NAVBAR ======= -->

<HR>
<i>Copyright &copy; 2003-2005 Golden T Studios. All rights reserved. Use is subject to <a href=http://creativecommons.org/licenses/by/2.0/>license terms<a/>.<br><a target=_blank href=http://www.goldenstudios.or.id/>GoldenStudios.or.id</a></i>
</BODY>
</HTML>
