<!DOCTYPE HTML PUBLIC "-//W3C//DTD HTML 4.01 Transitional//EN" "http://www.w3.org/TR/html4/loose.dtd">
<!--NewPage-->
<HTML>
<HEAD>
<!-- Generated by javadoc (build 1.5.0_01) on Sun Jul 03 07:12:34 ICT 2005 -->
<TITLE>
WindowExitListener (GTGE API v0.2.3)
</TITLE>

<META NAME="keywords" CONTENT="com.golden.gamedev.engine.graphics.WindowExitListener class">

<LINK REL ="stylesheet" TYPE="text/css" HREF="../../../../../stylesheet.css" TITLE="Style">

<SCRIPT type="text/javascript">
function windowTitle()
{
    parent.document.title="WindowExitListener (GTGE API v0.2.3)";
}
</SCRIPT>
<NOSCRIPT>
</NOSCRIPT>

</HEAD>

<BODY BGCOLOR="white" onload="windowTitle();">


<!-- ========= START OF TOP NAVBAR ======= -->
<A NAME="navbar_top"><!-- --></A>
<A HREF="#skip-navbar_top" title="Skip navigation links"></A>
<TABLE BORDER="0" WIDTH="100%" CELLPADDING="1" CELLSPACING="0" SUMMARY="">
<TR>
<TD COLSPAN=2 BGCOLOR="#EEEEFF" CLASS="NavBarCell1">
<A NAME="navbar_top_firstrow"><!-- --></A>
<TABLE BORDER="0" CELLPADDING="0" CELLSPACING="3" SUMMARY="">
  <TR ALIGN="center" VALIGN="top">
  <TD BGCOLOR="#EEEEFF" CLASS="NavBarCell1">    <A HREF="../../../../../overview-summary.html"><FONT CLASS="NavBarFont1"><B>Overview</B></FONT></A>&nbsp;</TD>
  <TD BGCOLOR="#EEEEFF" CLASS="NavBarCell1">    <A HREF="package-summary.html"><FONT CLASS="NavBarFont1"><B>Package</B></FONT></A>&nbsp;</TD>
  <TD BGCOLOR="#FFFFFF" CLASS="NavBarCell1Rev"> &nbsp;<FONT CLASS="NavBarFont1Rev"><B>Class</B></FONT>&nbsp;</TD>
  <TD BGCOLOR="#EEEEFF" CLASS="NavBarCell1">    <A HREF="class-use/WindowExitListener.html"><FONT CLASS="NavBarFont1"><B>Use</B></FONT></A>&nbsp;</TD>
  <TD BGCOLOR="#EEEEFF" CLASS="NavBarCell1">    <A HREF="package-tree.html"><FONT CLASS="NavBarFont1"><B>Tree</B></FONT></A>&nbsp;</TD>
  <TD BGCOLOR="#EEEEFF" CLASS="NavBarCell1">    <A HREF="../../../../../index-all.html"><FONT CLASS="NavBarFont1"><B>Index</B></FONT></A>&nbsp;</TD>
  <TD BGCOLOR="#EEEEFF" CLASS="NavBarCell1">    <A HREF="../../../../../help-doc.html"><FONT CLASS="NavBarFont1"><B>Help</B></FONT></A>&nbsp;</TD>
  </TR>
</TABLE>
</TD>
<TD ALIGN="right" VALIGN="top" ROWSPAN=3><EM>
<b>GTGE API</b></EM>
</TD>
</TR>

<TR>
<TD BGCOLOR="white" CLASS="NavBarCell2"><FONT SIZE="-2">
&nbsp;<A HREF="../../../../../com/golden/gamedev/engine/graphics/WindowedMode.html" title="class in com.golden.gamedev.engine.graphics"><B>PREV CLASS</B></A>&nbsp;
&nbsp;NEXT CLASS</FONT></TD>
<TD BGCOLOR="white" CLASS="NavBarCell2"><FONT SIZE="-2">
  <A HREF="../../../../../index.html?com/golden/gamedev/engine/graphics/WindowExitListener.html" target="_top"><B>FRAMES</B></A>  &nbsp;
&nbsp;<A HREF="WindowExitListener.html" target="_top"><B>NO FRAMES</B></A>  &nbsp;
&nbsp;<SCRIPT type="text/javascript">
  <!--
  if(window==top) {
    document.writeln('<A HREF="../../../../../allclasses-noframe.html"><B>All Classes</B></A>');
  }
  //-->
</SCRIPT>
<NOSCRIPT>
  <A HREF="../../../../../allclasses-noframe.html"><B>All Classes</B></A>
</NOSCRIPT>


</FONT></TD>
</TR>
<TR>
<TD VALIGN="top" CLASS="NavBarCell3"><FONT SIZE="-2">
  SUMMARY:&nbsp;NESTED&nbsp;|&nbsp;FIELD&nbsp;|&nbsp;CONSTR&nbsp;|&nbsp;<A HREF="#method_summary">METHOD</A></FONT></TD>
<TD VALIGN="top" CLASS="NavBarCell3"><FONT SIZE="-2">
DETAIL:&nbsp;FIELD&nbsp;|&nbsp;CONSTR&nbsp;|&nbsp;<A HREF="#method_detail">METHOD</A></FONT></TD>
</TR>
</TABLE>
<A NAME="skip-navbar_top"></A>
<!-- ========= END OF TOP NAVBAR ========= -->

<HR>
<!-- ======== START OF CLASS DATA ======== -->
<H2>
<FONT SIZE="-1">
com.golden.gamedev.engine.graphics</FONT>
<BR>
Class WindowExitListener</H2>
<PRE>
<A HREF="http://java.sun.com/j2se/1.4/docs/api/java/lang/Object.html" title="class or interface in java.lang">java.lang.Object</A>
  <IMG SRC="../../../../../resources/inherit.gif" ALT="extended by "><B>com.golden.gamedev.engine.graphics.WindowExitListener</B>
</PRE>
<DL>
<DT><B>All Implemented Interfaces:</B> <DD><A HREF="http://java.sun.com/j2se/1.4/docs/api/java/awt/event/WindowListener.html" title="class or interface in java.awt.event">WindowListener</A>, <A HREF="http://java.sun.com/j2se/1.4/docs/api/java/util/EventListener.html" title="class or interface in java.util">EventListener</A></DD>
</DL>
<HR>
<DL>
<DT><PRE>public final class <B>WindowExitListener</B><DT>extends <A HREF="http://java.sun.com/j2se/1.4/docs/api/java/lang/Object.html" title="class or interface in java.lang">Object</A><DT>implements <A HREF="http://java.sun.com/j2se/1.4/docs/api/java/awt/event/WindowListener.html" title="class or interface in java.awt.event">WindowListener</A></DL>
</PRE>

<P>
<code>WindowExitListener</code> class is a dummy window listener class that
 that forcing Java Virtual Machine to quit by calling
 <code>System.exit()</code>. <p>

 This window listener is used by all <code>java.awt.Frame</code> class in this
 graphics engine package.
<P>

<P>
<HR>

<P>

<!-- ========== METHOD SUMMARY =========== -->

<A NAME="method_summary"><!-- --></A>
<TABLE BORDER="1" WIDTH="100%" CELLPADDING="3" CELLSPACING="0" SUMMARY="">
<TR BGCOLOR="#CCCCFF" CLASS="TableHeadingColor">
<TH ALIGN="left" COLSPAN="2"><FONT SIZE="+2">
<B>Method Summary</B></FONT></TH>
</TR>
<TR BGCOLOR="white" CLASS="TableRowColor">
<TD ALIGN="right" VALIGN="top" WIDTH="1%"><FONT SIZE="-1">
<CODE>static&nbsp;<A HREF="http://java.sun.com/j2se/1.4/docs/api/java/awt/event/WindowListener.html" title="class or interface in java.awt.event">WindowListener</A></CODE></FONT></TD>
<TD><CODE><B><A HREF="../../../../../com/golden/gamedev/engine/graphics/WindowExitListener.html#getInstance()">getInstance</A></B>()</CODE>

<BR>
&nbsp;&nbsp;&nbsp;&nbsp;&nbsp;&nbsp;&nbsp;&nbsp;&nbsp;&nbsp;Returns <code>WindowExitListener</code> singleton instance.</TD>
</TR>
<TR BGCOLOR="white" CLASS="TableRowColor">
<TD ALIGN="right" VALIGN="top" WIDTH="1%"><FONT SIZE="-1">
<CODE>&nbsp;void</CODE></FONT></TD>
<TD><CODE><B><A HREF="../../../../../com/golden/gamedev/engine/graphics/WindowExitListener.html#windowActivated(java.awt.event.WindowEvent)">windowActivated</A></B>(<A HREF="http://java.sun.com/j2se/1.4/docs/api/java/awt/event/WindowEvent.html" title="class or interface in java.awt.event">WindowEvent</A>&nbsp;e)</CODE>

<BR>
&nbsp;&nbsp;&nbsp;&nbsp;&nbsp;&nbsp;&nbsp;&nbsp;&nbsp;&nbsp;Do nothing.</TD>
</TR>
<TR BGCOLOR="white" CLASS="TableRowColor">
<TD ALIGN="right" VALIGN="top" WIDTH="1%"><FONT SIZE="-1">
<CODE>&nbsp;void</CODE></FONT></TD>
<TD><CODE><B><A HREF="../../../../../com/golden/gamedev/engine/graphics/WindowExitListener.html#windowClosed(java.awt.event.WindowEvent)">windowClosed</A></B>(<A HREF="http://java.sun.com/j2se/1.4/docs/api/java/awt/event/WindowEvent.html" title="class or interface in java.awt.event">WindowEvent</A>&nbsp;e)</CODE>

<BR>
&nbsp;&nbsp;&nbsp;&nbsp;&nbsp;&nbsp;&nbsp;&nbsp;&nbsp;&nbsp;Do nothing.</TD>
</TR>
<TR BGCOLOR="white" CLASS="TableRowColor">
<TD ALIGN="right" VALIGN="top" WIDTH="1%"><FONT SIZE="-1">
<CODE>&nbsp;void</CODE></FONT></TD>
<TD><CODE><B><A HREF="../../../../../com/golden/gamedev/engine/graphics/WindowExitListener.html#windowClosing(java.awt.event.WindowEvent)">windowClosing</A></B>(<A HREF="http://java.sun.com/j2se/1.4/docs/api/java/awt/event/WindowEvent.html" title="class or interface in java.awt.event">WindowEvent</A>&nbsp;e)</CODE>

<BR>
&nbsp;&nbsp;&nbsp;&nbsp;&nbsp;&nbsp;&nbsp;&nbsp;&nbsp;&nbsp;Calls <code>System.exit(0)</code> to force Java Virtual Machine to quit
 when the close button of the parent object is pressed.</TD>
</TR>
<TR BGCOLOR="white" CLASS="TableRowColor">
<TD ALIGN="right" VALIGN="top" WIDTH="1%"><FONT SIZE="-1">
<CODE>&nbsp;void</CODE></FONT></TD>
<TD><CODE><B><A HREF="../../../../../com/golden/gamedev/engine/graphics/WindowExitListener.html#windowDeactivated(java.awt.event.WindowEvent)">windowDeactivated</A></B>(<A HREF="http://java.sun.com/j2se/1.4/docs/api/java/awt/event/WindowEvent.html" title="class or interface in java.awt.event">WindowEvent</A>&nbsp;e)</CODE>

<BR>
&nbsp;&nbsp;&nbsp;&nbsp;&nbsp;&nbsp;&nbsp;&nbsp;&nbsp;&nbsp;Do nothing.</TD>
</TR>
<TR BGCOLOR="white" CLASS="TableRowColor">
<TD ALIGN="right" VALIGN="top" WIDTH="1%"><FONT SIZE="-1">
<CODE>&nbsp;void</CODE></FONT></TD>
<TD><CODE><B><A HREF="../../../../../com/golden/gamedev/engine/graphics/WindowExitListener.html#windowDeiconified(java.awt.event.WindowEvent)">windowDeiconified</A></B>(<A HREF="http://java.sun.com/j2se/1.4/docs/api/java/awt/event/WindowEvent.html" title="class or interface in java.awt.event">WindowEvent</A>&nbsp;e)</CODE>

<BR>
&nbsp;&nbsp;&nbsp;&nbsp;&nbsp;&nbsp;&nbsp;&nbsp;&nbsp;&nbsp;Do nothing.</TD>
</TR>
<TR BGCOLOR="white" CLASS="TableRowColor">
<TD ALIGN="right" VALIGN="top" WIDTH="1%"><FONT SIZE="-1">
<CODE>&nbsp;void</CODE></FONT></TD>
<TD><CODE><B><A HREF="../../../../../com/golden/gamedev/engine/graphics/WindowExitListener.html#windowIconified(java.awt.event.WindowEvent)">windowIconified</A></B>(<A HREF="http://java.sun.com/j2se/1.4/docs/api/java/awt/event/WindowEvent.html" title="class or interface in java.awt.event">WindowEvent</A>&nbsp;e)</CODE>

<BR>
&nbsp;&nbsp;&nbsp;&nbsp;&nbsp;&nbsp;&nbsp;&nbsp;&nbsp;&nbsp;Do nothing.</TD>
</TR>
<TR BGCOLOR="white" CLASS="TableRowColor">
<TD ALIGN="right" VALIGN="top" WIDTH="1%"><FONT SIZE="-1">
<CODE>&nbsp;void</CODE></FONT></TD>
<TD><CODE><B><A HREF="../../../../../com/golden/gamedev/engine/graphics/WindowExitListener.html#windowOpened(java.awt.event.WindowEvent)">windowOpened</A></B>(<A HREF="http://java.sun.com/j2se/1.4/docs/api/java/awt/event/WindowEvent.html" title="class or interface in java.awt.event">WindowEvent</A>&nbsp;e)</CODE>

<BR>
&nbsp;&nbsp;&nbsp;&nbsp;&nbsp;&nbsp;&nbsp;&nbsp;&nbsp;&nbsp;Do nothing.</TD>
</TR>
</TABLE>
&nbsp;<A NAME="methods_inherited_from_class_java.lang.Object"><!-- --></A>
<TABLE BORDER="1" WIDTH="100%" CELLPADDING="3" CELLSPACING="0" SUMMARY="">
<TR BGCOLOR="#EEEEFF" CLASS="TableSubHeadingColor">
<TH ALIGN="left"><B>Methods inherited from class java.lang.<A HREF="http://java.sun.com/j2se/1.4/docs/api/java/lang/Object.html" title="class or interface in java.lang">Object</A></B></TH>
</TR>
<TR BGCOLOR="white" CLASS="TableRowColor">
<TD><CODE><A HREF="http://java.sun.com/j2se/1.4/docs/api/java/lang/Object.html#clone()" title="class or interface in java.lang">clone</A>, <A HREF="http://java.sun.com/j2se/1.4/docs/api/java/lang/Object.html#equals(java.lang.Object)" title="class or interface in java.lang">equals</A>, <A HREF="http://java.sun.com/j2se/1.4/docs/api/java/lang/Object.html#finalize()" title="class or interface in java.lang">finalize</A>, <A HREF="http://java.sun.com/j2se/1.4/docs/api/java/lang/Object.html#getClass()" title="class or interface in java.lang">getClass</A>, <A HREF="http://java.sun.com/j2se/1.4/docs/api/java/lang/Object.html#hashCode()" title="class or interface in java.lang">hashCode</A>, <A HREF="http://java.sun.com/j2se/1.4/docs/api/java/lang/Object.html#notify()" title="class or interface in java.lang">notify</A>, <A HREF="http://java.sun.com/j2se/1.4/docs/api/java/lang/Object.html#notifyAll()" title="class or interface in java.lang">notifyAll</A>, <A HREF="http://java.sun.com/j2se/1.4/docs/api/java/lang/Object.html#toString()" title="class or interface in java.lang">toString</A>, <A HREF="http://java.sun.com/j2se/1.4/docs/api/java/lang/Object.html#wait()" title="class or interface in java.lang">wait</A>, <A HREF="http://java.sun.com/j2se/1.4/docs/api/java/lang/Object.html#wait(long)" title="class or interface in java.lang">wait</A>, <A HREF="http://java.sun.com/j2se/1.4/docs/api/java/lang/Object.html#wait(long, int)" title="class or interface in java.lang">wait</A></CODE></TD>
</TR>
</TABLE>
&nbsp;
<P>

<!-- ============ METHOD DETAIL ========== -->

<A NAME="method_detail"><!-- --></A>
<TABLE BORDER="1" WIDTH="100%" CELLPADDING="3" CELLSPACING="0" SUMMARY="">
<TR BGCOLOR="#CCCCFF" CLASS="TableHeadingColor">
<TH ALIGN="left" COLSPAN="1"><FONT SIZE="+2">
<B>Method Detail</B></FONT></TH>
</TR>
</TABLE>

<A NAME="getInstance()"><!-- --></A><H3>
getInstance</H3>
<PRE>
public static <A HREF="http://java.sun.com/j2se/1.4/docs/api/java/awt/event/WindowListener.html" title="class or interface in java.awt.event">WindowListener</A> <B>getInstance</B>()</PRE>
<DL>
<DD>Returns <code>WindowExitListener</code> singleton instance.
<P>
<DD><DL>
</DL>
</DD>
<DD><DL>
</DL>
</DD>
</DL>
<HR>

<A NAME="windowClosing(java.awt.event.WindowEvent)"><!-- --></A><H3>
windowClosing</H3>
<PRE>
public void <B>windowClosing</B>(<A HREF="http://java.sun.com/j2se/1.4/docs/api/java/awt/event/WindowEvent.html" title="class or interface in java.awt.event">WindowEvent</A>&nbsp;e)</PRE>
<DL>
<DD>Calls <code>System.exit(0)</code> to force Java Virtual Machine to quit
 when the close button of the parent object is pressed.
<P>
<DD><DL>
<DT><B>Specified by:</B><DD><CODE><A HREF="http://java.sun.com/j2se/1.4/docs/api/java/awt/event/WindowListener.html#windowClosing(java.awt.event.WindowEvent)" title="class or interface in java.awt.event">windowClosing</A></CODE> in interface <CODE><A HREF="http://java.sun.com/j2se/1.4/docs/api/java/awt/event/WindowListener.html" title="class or interface in java.awt.event">WindowListener</A></CODE></DL>
</DD>
<DD><DL>
</DL>
</DD>
</DL>
<HR>

<A NAME="windowOpened(java.awt.event.WindowEvent)"><!-- --></A><H3>
windowOpened</H3>
<PRE>
public void <B>windowOpened</B>(<A HREF="http://java.sun.com/j2se/1.4/docs/api/java/awt/event/WindowEvent.html" title="class or interface in java.awt.event">WindowEvent</A>&nbsp;e)</PRE>
<DL>
<DD>Do nothing.
<P>
<DD><DL>
<DT><B>Specified by:</B><DD><CODE><A HREF="http://java.sun.com/j2se/1.4/docs/api/java/awt/event/WindowListener.html#windowOpened(java.awt.event.WindowEvent)" title="class or interface in java.awt.event">windowOpened</A></CODE> in interface <CODE><A HREF="http://java.sun.com/j2se/1.4/docs/api/java/awt/event/WindowListener.html" title="class or interface in java.awt.event">WindowListener</A></CODE></DL>
</DD>
<DD><DL>
</DL>
</DD>
</DL>
<HR>

<A NAME="windowClosed(java.awt.event.WindowEvent)"><!-- --></A><H3>
windowClosed</H3>
<PRE>
public void <B>windowClosed</B>(<A HREF="http://java.sun.com/j2se/1.4/docs/api/java/awt/event/WindowEvent.html" title="class or interface in java.awt.event">WindowEvent</A>&nbsp;e)</PRE>
<DL>
<DD>Do nothing.
<P>
<DD><DL>
<DT><B>Specified by:</B><DD><CODE><A HREF="http://java.sun.com/j2se/1.4/docs/api/java/awt/event/WindowListener.html#windowClosed(java.awt.event.WindowEvent)" title="class or interface in java.awt.event">windowClosed</A></CODE> in interface <CODE><A HREF="http://java.sun.com/j2se/1.4/docs/api/java/awt/event/WindowListener.html" title="class or interface in java.awt.event">WindowListener</A></CODE></DL>
</DD>
<DD><DL>
</DL>
</DD>
</DL>
<HR>

<A NAME="windowIconified(java.awt.event.WindowEvent)"><!-- --></A><H3>
windowIconified</H3>
<PRE>
public void <B>windowIconified</B>(<A HREF="http://java.sun.com/j2se/1.4/docs/api/java/awt/event/WindowEvent.html" title="class or interface in java.awt.event">WindowEvent</A>&nbsp;e)</PRE>
<DL>
<DD>Do nothing.
<P>
<DD><DL>
<DT><B>Specified by:</B><DD><CODE><A HREF="http://java.sun.com/j2se/1.4/docs/api/java/awt/event/WindowListener.html#windowIconified(java.awt.event.WindowEvent)" title="class or interface in java.awt.event">windowIconified</A></CODE> in interface <CODE><A HREF="http://java.sun.com/j2se/1.4/docs/api/java/awt/event/WindowListener.html" title="class or interface in java.awt.event">WindowListener</A></CODE></DL>
</DD>
<DD><DL>
</DL>
</DD>
</DL>
<HR>

<A NAME="windowDeiconified(java.awt.event.WindowEvent)"><!-- --></A><H3>
windowDeiconified</H3>
<PRE>
public void <B>windowDeiconified</B>(<A HREF="http://java.sun.com/j2se/1.4/docs/api/java/awt/event/WindowEvent.html" title="class or interface in java.awt.event">WindowEvent</A>&nbsp;e)</PRE>
<DL>
<DD>Do nothing.
<P>
<DD><DL>
<DT><B>Specified by:</B><DD><CODE><A HREF="http://java.sun.com/j2se/1.4/docs/api/java/awt/event/WindowListener.html#windowDeiconified(java.awt.event.WindowEvent)" title="class or interface in java.awt.event">windowDeiconified</A></CODE> in interface <CODE><A HREF="http://java.sun.com/j2se/1.4/docs/api/java/awt/event/WindowListener.html" title="class or interface in java.awt.event">WindowListener</A></CODE></DL>
</DD>
<DD><DL>
</DL>
</DD>
</DL>
<HR>

<A NAME="windowActivated(java.awt.event.WindowEvent)"><!-- --></A><H3>
windowActivated</H3>
<PRE>
public void <B>windowActivated</B>(<A HREF="http://java.sun.com/j2se/1.4/docs/api/java/awt/event/WindowEvent.html" title="class or interface in java.awt.event">WindowEvent</A>&nbsp;e)</PRE>
<DL>
<DD>Do nothing.
<P>
<DD><DL>
<DT><B>Specified by:</B><DD><CODE><A HREF="http://java.sun.com/j2se/1.4/docs/api/java/awt/event/WindowListener.html#windowActivated(java.awt.event.WindowEvent)" title="class or interface in java.awt.event">windowActivated</A></CODE> in interface <CODE><A HREF="http://java.sun.com/j2se/1.4/docs/api/java/awt/event/WindowListener.html" title="class or interface in java.awt.event">WindowListener</A></CODE></DL>
</DD>
<DD><DL>
</DL>
</DD>
</DL>
<HR>

<A NAME="windowDeactivated(java.awt.event.WindowEvent)"><!-- --></A><H3>
windowDeactivated</H3>
<PRE>
public void <B>windowDeactivated</B>(<A HREF="http://java.sun.com/j2se/1.4/docs/api/java/awt/event/WindowEvent.html" title="class or interface in java.awt.event">WindowEvent</A>&nbsp;e)</PRE>
<DL>
<DD>Do nothing.
<P>
<DD><DL>
<DT><B>Specified by:</B><DD><CODE><A HREF="http://java.sun.com/j2se/1.4/docs/api/java/awt/event/WindowListener.html#windowDeactivated(java.awt.event.WindowEvent)" title="class or interface in java.awt.event">windowDeactivated</A></CODE> in interface <CODE><A HREF="http://java.sun.com/j2se/1.4/docs/api/java/awt/event/WindowListener.html" title="class or interface in java.awt.event">WindowListener</A></CODE></DL>
</DD>
<DD><DL>
</DL>
</DD>
</DL>
<!-- ========= END OF CLASS DATA ========= -->
<HR>


<!-- ======= START OF BOTTOM NAVBAR ====== -->
<A NAME="navbar_bottom"><!-- --></A>
<A HREF="#skip-navbar_bottom" title="Skip navigation links"></A>
<TABLE BORDER="0" WIDTH="100%" CELLPADDING="1" CELLSPACING="0" SUMMARY="">
<TR>
<TD COLSPAN=2 BGCOLOR="#EEEEFF" CLASS="NavBarCell1">
<A NAME="navbar_bottom_firstrow"><!-- --></A>
<TABLE BORDER="0" CELLPADDING="0" CELLSPACING="3" SUMMARY="">
  <TR ALIGN="center" VALIGN="top">
  <TD BGCOLOR="#EEEEFF" CLASS="NavBarCell1">    <A HREF="../../../../../overview-summary.html"><FONT CLASS="NavBarFont1"><B>Overview</B></FONT></A>&nbsp;</TD>
  <TD BGCOLOR="#EEEEFF" CLASS="NavBarCell1">    <A HREF="package-summary.html"><FONT CLASS="NavBarFont1"><B>Package</B></FONT></A>&nbsp;</TD>
  <TD BGCOLOR="#FFFFFF" CLASS="NavBarCell1Rev"> &nbsp;<FONT CLASS="NavBarFont1Rev"><B>Class</B></FONT>&nbsp;</TD>
  <TD BGCOLOR="#EEEEFF" CLASS="NavBarCell1">    <A HREF="class-use/WindowExitListener.html"><FONT CLASS="NavBarFont1"><B>Use</B></FONT></A>&nbsp;</TD>
  <TD BGCOLOR="#EEEEFF" CLASS="NavBarCell1">    <A HREF="package-tree.html"><FONT CLASS="NavBarFont1"><B>Tree</B></FONT></A>&nbsp;</TD>
  <TD BGCOLOR="#EEEEFF" CLASS="NavBarCell1">    <A HREF="../../../../../index-all.html"><FONT CLASS="NavBarFont1"><B>Index</B></FONT></A>&nbsp;</TD>
  <TD BGCOLOR="#EEEEFF" CLASS="NavBarCell1">    <A HREF="../../../../../help-doc.html"><FONT CLASS="NavBarFont1"><B>Help</B></FONT></A>&nbsp;</TD>
  </TR>
</TABLE>
</TD>
<TD ALIGN="right" VALIGN="top" ROWSPAN=3><EM>
<b>GTGE API</b></EM>
</TD>
</TR>

<TR>
<TD BGCOLOR="white" CLASS="NavBarCell2"><FONT SIZE="-2">
&nbsp;<A HREF="../../../../../com/golden/gamedev/engine/graphics/WindowedMode.html" title="class in com.golden.gamedev.engine.graphics"><B>PREV CLASS</B></A>&nbsp;
&nbsp;NEXT CLASS</FONT></TD>
<TD BGCOLOR="white" CLASS="NavBarCell2"><FONT SIZE="-2">
  <A HREF="../../../../../index.html?com/golden/gamedev/engine/graphics/WindowExitListener.html" target="_top"><B>FRAMES</B></A>  &nbsp;
&nbsp;<A HREF="WindowExitListener.html" target="_top"><B>NO FRAMES</B></A>  &nbsp;
&nbsp;<SCRIPT type="text/javascript">
  <!--
  if(window==top) {
    document.writeln('<A HREF="../../../../../allclasses-noframe.html"><B>All Classes</B></A>');
  }
  //-->
</SCRIPT>
<NOSCRIPT>
  <A HREF="../../../../../allclasses-noframe.html"><B>All Classes</B></A>
</NOSCRIPT>


</FONT></TD>
</TR>
<TR>
<TD VALIGN="top" CLASS="NavBarCell3"><FONT SIZE="-2">
  SUMMARY:&nbsp;NESTED&nbsp;|&nbsp;FIELD&nbsp;|&nbsp;CONSTR&nbsp;|&nbsp;<A HREF="#method_summary">METHOD</A></FONT></TD>
<TD VALIGN="top" CLASS="NavBarCell3"><FONT SIZE="-2">
DETAIL:&nbsp;FIELD&nbsp;|&nbsp;CONSTR&nbsp;|&nbsp;<A HREF="#method_detail">METHOD</A></FONT></TD>
</TR>
</TABLE>
<A NAME="skip-navbar_bottom"></A>
<!-- ======== END OF BOTTOM NAVBAR ======= -->

<HR>
<i>Copyright &copy; 2003-2005 Golden T Studios. All rights reserved. Use is subject to <a href=http://creativecommons.org/licenses/by/2.0/>license terms<a/>.<br><a target=_blank href=http://www.goldenstudios.or.id/>GoldenStudios.or.id</a></i>
</BODY>
</HTML>
